2025-07-21 05:56:17 [INFO] Scheduled backup completed successfully
2025-07-21 22:46:17 [INFO] User login successful for user: charlie
2025-07-21 17:51:02 [INFO] File uploaded: config.yml
2025-07-21 16:37:53 [INFO] Scheduled backup completed successfully
2025-07-21 20:18:19 [INFO] Service payment started
2025-07-21 20:36:18 [INFO] Service notification started
2025-07-21 04:28:40 [WARNING] High memory usage detected
2025-07-21 08:35:02 [WARNING] Disk space low: 1332 remaining
2025-07-21 02:52:45 [ERROR] Unhandled exception: NullPointerException
2025-07-21 18:12:02 [ERROR] Service auth crashed
2025-07-21 10:59:47 [ERROR] Email sending failed to recipient: admin@google.com
2025-07-21 14:08:07 [INFO] User login successful for user: diana
2025-07-21 11:53:12 [INFO] User login successful for user: charlie
2025-07-21 03:31:39 [INFO] Scheduled backup completed successfully
2025-07-21 06:56:05 [INFO] Service inventory started
2025-07-21 01:41:13 [INFO] Database connection established
2025-07-21 23:48:22 [INFO] Service notification started
2025-07-21 08:38:50 [INFO] File uploaded: config.yml
2025-07-21 19:13:16 [DEBUG] Entering function send_email with arguments: 10
2025-07-21 09:24:19 [INFO] Database connection established
2025-07-21 11:58:36 [DEBUG] Entering function generate_report with arguments: 2
2025-07-21 18:21:46 [INFO] Database connection established
2025-07-21 14:17:04 [ERROR] Database connection lost
2025-07-21 13:30:22 [INFO] Cache cleared successfully
2025-07-21 22:46:08 [INFO] Cache cleared successfully
2025-07-21 04:55:37 [INFO] Database connection established
2025-07-21 02:34:25 [INFO] Scheduled backup completed successfully
2025-07-21 10:35:32 [ERROR] Email sending failed to recipient: support@amazon.com
2025-07-21 11:49:02 [ERROR] File write failed: report.pdf
2025-07-21 00:12:17 [INFO] User login successful for user: charlie
2025-07-21 12:15:45 [INFO] Database connection established
2025-07-21 07:23:13 [INFO] File uploaded: backup.zip
2025-07-21 16:19:54 [INFO] File uploaded: data.csv
2025-07-21 17:02:33 [WARNING] Disk space low: 3460 remaining
2025-07-21 09:51:00 [INFO] User login successful for user: bob
2025-07-21 14:17:35 [WARNING] Disk space low: 4751 remaining
2025-07-21 02:52:58 [ERROR] File write failed: data.csv
2025-07-21 14:24:42 [INFO] Service payment started
2025-07-21 05:53:00 [ERROR] Deadlock detected in transaction ID 30
2025-07-21 08:43:16 [INFO] Scheduled backup completed successfully
2025-07-21 08:42:15 [INFO] Service payment started
2025-07-21 22:38:17 [INFO] Database connection established
2025-07-21 14:54:05 [INFO] Cache cleared successfully
2025-07-21 18:29:57 [ERROR] File write failed: config.yml
2025-07-21 11:41:39 [INFO] Cache cleared successfully
2025-07-21 11:25:55 [INFO] Scheduled backup completed successfully
2025-07-21 02:25:32 [WARNING] Slow query detected: execution time 3232ms
2025-07-21 08:00:48 [INFO] User login successful for user: bob
2025-07-21 00:15:28 [ERROR] Service auth crashed
2025-07-21 12:53:12 [ERROR] Unhandled exception: FileNotFoundError
2025-07-21 06:05:12 [INFO] User login successful for user: eve
2025-07-21 11:29:17 [INFO] Scheduled backup completed successfully
2025-07-21 18:03:50 [INFO] File uploaded: config.yml
2025-07-21 23:13:38 [INFO] User login successful for user: diana
2025-07-21 07:29:42 [ERROR] Email sending failed to recipient: support@amazon.com
2025-07-21 05:39:00 [INFO] Service notification started
2025-07-21 06:44:04 [DEBUG] Temporary file created at: backup.zip
2025-07-21 13:25:10 [ERROR] Service notification crashed
2025-07-21 01:06:46 [WARNING] High memory usage detected
2025-07-21 03:08:05 [WARNING] Disk space low: 3497 remaining
2025-07-21 01:13:25 [INFO] File uploaded: report.pdf
2025-07-21 10:06:51 [DEBUG] Entering function process_payment with arguments: 10
2025-07-21 02:49:18 [INFO] Database connection established
2025-07-21 00:03:03 [INFO] Service inventory started
2025-07-21 21:02:11 [INFO] Service notification started
2025-07-21 23:36:59 [ERROR] Service payment crashed
2025-07-21 16:46:19 [INFO] Service payment started
2025-07-21 11:59:39 [INFO] Service auth started
2025-07-21 07:16:43 [ERROR] Service notification crashed
2025-07-21 15:09:28 [WARNING] Slow query detected: execution time 1868ms
2025-07-21 08:04:21 [ERROR] Unhandled exception: NullPointerException
2025-07-21 18:51:03 [INFO] Database connection established
2025-07-21 13:13:12 [WARNING] High memory usage detected
2025-07-21 04:32:24 [INFO] Service payment started
2025-07-21 14:36:07 [INFO] Scheduled backup completed successfully
2025-07-21 04:28:53 [WARNING] API response time exceeded threshold
2025-07-21 04:33:06 [INFO] Cache cleared successfully
2025-07-21 01:03:47 [INFO] Database connection established
2025-07-21 06:27:15 [WARNING] Failed login attempt for user: diana. Retrying...
2025-07-21 08:05:40 [ERROR] Deadlock detected in transaction ID 2459
2025-07-21 09:08:28 [INFO] Cache cleared successfully
2025-07-21 23:55:59 [INFO] Cache cleared successfully
2025-07-21 09:26:46 [ERROR] Unhandled exception: TimeoutError
2025-07-21 11:30:02 [WARNING] Failed login attempt for user: alice. Retrying...
2025-07-21 01:18:21 [INFO] User login successful for user: eve
2025-07-21 05:23:38 [ERROR] Service notification crashed
2025-07-21 03:33:12 [INFO] Service payment started
2025-07-21 05:17:18 [WARNING] Configuration file deprecated: backup.zip
2025-07-21 08:47:45 [WARNING] Disk space low: 4482 remaining
2025-07-21 11:56:02 [ERROR] File write failed: backup.zip
2025-07-21 03:49:10 [INFO] Service inventory started
2025-07-21 14:27:46 [WARNING] Slow query detected: execution time 3656ms
2025-07-21 22:33:24 [INFO] Scheduled backup completed successfully
2025-07-21 18:27:06 [ERROR] File write failed: config.yml
2025-07-21 07:32:31 [INFO] File uploaded: data.csv
2025-07-21 06:32:41 [ERROR] File write failed: data.csv
2025-07-21 18:30:43 [WARNING] Disk space low: 3760 remaining
2025-07-21 18:42:12 [WARNING] Configuration file deprecated: backup.zip
2025-07-21 20:07:55 [INFO] Service auth started
2025-07-21 06:18:40 [DEBUG] Temporary file created at: config.yml
2025-07-21 22:18:38 [WARNING] Configuration file deprecated: data.csv
2025-07-21 09:02:10 [INFO] User login successful for user: bob
2025-07-21 12:56:45 [WARNING] Disk space low: 471 remaining
2025-07-21 00:51:13 [INFO] Scheduled backup completed successfully
2025-07-21 22:26:30 [WARNING] Failed login attempt for user: bob. Retrying...
2025-07-21 12:07:26 [INFO] Scheduled backup completed successfully
2025-07-21 08:39:45 [ERROR] Unhandled exception: NullPointerException
2025-07-21 16:09:58 [WARNING] Failed login attempt for user: bob. Retrying...
2025-07-21 15:40:42 [INFO] User login successful for user: diana
2025-07-21 01:34:31 [INFO] Database connection established
2025-07-21 14:18:45 [DEBUG] Variable x has value: 921
2025-07-21 06:04:50 [WARNING] API response time exceeded threshold
2025-07-21 10:25:53 [WARNING] API response time exceeded threshold
2025-07-21 10:36:21 [INFO] Cache cleared successfully
2025-07-21 12:07:57 [INFO] Service payment started
2025-07-21 20:25:02 [WARNING] Configuration file deprecated: config.yml
2025-07-21 02:36:58 [WARNING] Failed login attempt for user: charlie. Retrying...
2025-07-21 00:37:22 [WARNING] Second failed login attempt for user: eve. Next attempt will ERROR. Retrying...
2025-07-21 20:18:48 [INFO] File uploaded: data.csv
2025-07-21 17:55:06 [DEBUG] Variable x has value: 178
2025-07-21 04:50:18 [INFO] Database connection established
2025-07-21 05:59:08 [ERROR] File write failed: data.csv
2025-07-21 23:22:26 [WARNING] Configuration file deprecated: data.csv
2025-07-21 00:44:19 [INFO] User login successful for user: diana
2025-07-21 03:49:29 [INFO] User login successful for user: diana
2025-07-21 00:49:21 [WARNING] Slow query detected: execution time 1376ms
2025-07-21 15:09:50 [ERROR] File write failed: data.csv
2025-07-21 13:04:03 [ERROR] Service auth crashed
2025-07-21 20:20:47 [INFO] Scheduled backup completed successfully
2025-07-21 03:42:24 [INFO] Database connection established
2025-07-21 02:02:39 [INFO] Scheduled backup completed successfully
2025-07-21 15:11:26 [INFO] Service notification started
2025-07-21 00:01:02 [WARNING] Disk space low: 270 remaining
2025-07-21 21:31:18 [DEBUG] Entering function process_payment with arguments: 1
2025-07-21 05:27:31 [INFO] Database connection established
2025-07-21 12:58:44 [INFO] Scheduled backup completed successfully
2025-07-21 16:56:49 [ERROR] File write failed: report.pdf
2025-07-21 07:35:07 [INFO] Scheduled backup completed successfully
2025-07-21 23:26:07 [INFO] Scheduled backup completed successfully
2025-07-21 13:05:54 [INFO] Scheduled backup completed successfully
2025-07-21 07:31:32 [INFO] Service inventory started
2025-07-21 18:13:01 [INFO] Database connection established
2025-07-21 03:26:05 [WARNING] Second failed login attempt for user: diana. Next attempt will ERROR. Retrying...
2025-07-21 03:10:37 [INFO] Scheduled backup completed successfully
2025-07-21 04:09:54 [ERROR] Database connection lost
2025-07-21 18:29:50 [WARNING] API response time exceeded threshold
2025-07-21 05:01:32 [INFO] User login successful for user: alice
2025-07-21 05:14:12 [ERROR] Service notification crashed
2025-07-21 01:05:19 [INFO] File uploaded: config.yml
2025-07-21 17:48:38 [ERROR] Database connection lost
2025-07-21 13:51:15 [INFO] Database connection established
2025-07-21 08:55:04 [INFO] File uploaded: config.yml
2025-07-21 16:57:28 [INFO] User login successful for user: bob
2025-07-21 23:29:51 [INFO] Cache cleared successfully
2025-07-21 00:25:03 [ERROR] Database connection lost
2025-07-21 07:36:53 [INFO] Database connection established
2025-07-21 03:43:51 [ERROR] Deadlock detected in transaction ID 2985
2025-07-21 04:02:40 [INFO] Database connection established
2025-07-21 16:21:57 [INFO] Scheduled backup completed successfully
2025-07-21 08:36:59 [INFO] Cache cleared successfully
2025-07-21 18:31:04 [ERROR] Unhandled exception: TimeoutError
2025-07-21 03:03:45 [WARNING] Configuration file deprecated: config.yml
2025-07-21 11:23:12 [WARNING] High memory usage detected
2025-07-21 01:52:51 [INFO] Service notification started
2025-07-21 16:10:48 [ERROR] Database connection lost
2025-07-21 10:43:15 [WARNING] Slow query detected: execution time 2706ms
2025-07-21 21:47:39 [INFO] Service payment started
2025-07-21 14:13:07 [INFO] File uploaded: data.csv
2025-07-21 01:35:25 [INFO] Database connection established
2025-07-21 09:51:43 [INFO] Service auth started
2025-07-21 13:25:39 [WARNING] Disk space low: 3056 remaining
2025-07-21 16:01:22 [INFO] File uploaded: backup.zip
2025-07-21 14:16:26 [WARNING] Failed login attempt for user: charlie. Retrying...
2025-07-21 17:40:54 [INFO] User login successful for user: eve
2025-07-21 06:41:01 [DEBUG] Query executed: SELECT * FROM users
2025-07-21 15:08:58 [INFO] File uploaded: config.yml
2025-07-21 10:14:52 [ERROR] Unhandled exception: NullPointerException
2025-07-21 19:17:35 [WARNING] Slow query detected: execution time 513ms
2025-07-21 23:05:00 [INFO] File uploaded: report.pdf
2025-07-21 10:10:53 [ERROR] Service inventory crashed
2025-07-21 18:07:30 [INFO] File uploaded: report.pdf
2025-07-21 15:30:22 [INFO] User login successful for user: charlie
2025-07-21 12:26:42 [INFO] User login successful for user: charlie
2025-07-21 13:30:10 [ERROR] Unhandled exception: FileNotFoundError
2025-07-21 06:36:31 [ERROR] Service payment crashed
2025-07-21 05:28:37 [INFO] Scheduled backup completed successfully
2025-07-21 03:20:22 [INFO] User login successful for user: diana
2025-07-21 18:44:03 [WARNING] Configuration file deprecated: data.csv
2025-07-21 15:03:06 [ERROR] Email sending failed to recipient: support@amazon.com
2025-07-21 14:55:38 [INFO] User login successful for user: charlie
2025-07-21 10:39:02 [INFO] Scheduled backup completed successfully
2025-07-21 15:24:37 [WARNING] Configuration file deprecated: config.yml
2025-07-21 04:15:46 [WARNING] Disk space low: 3205 remaining
2025-07-21 14:47:41 [INFO] Service payment started
2025-07-21 05:42:31 [DEBUG] Temporary file created at: config.yml
2025-07-21 12:12:40 [ERROR] Deadlock detected in transaction ID 3548
2025-07-21 06:46:45 [INFO] User login successful for user: eve
2025-07-21 10:35:07 [INFO] Scheduled backup completed successfully
2025-07-21 21:22:38 [INFO] File uploaded: report.pdf
2025-07-21 03:42:16 [ERROR] Database connection lost
2025-07-21 18:59:10 [ERROR] Database connection lost
2025-07-21 06:05:10 [ERROR] Deadlock detected in transaction ID 1307
2025-07-21 10:47:00 [WARNING] Failed login attempt for user: eve. Retrying...
2025-07-21 12:55:13 [INFO] File uploaded: report.pdf
2025-07-21 18:35:05 [WARNING] API response time exceeded threshold
2025-07-21 07:04:47 [INFO] File uploaded: config.yml
2025-07-21 02:37:33 [INFO] User login successful for user: alice
2025-07-21 05:50:11 [INFO] File uploaded: config.yml
2025-07-21 09:54:47 [INFO] Database connection established
2025-07-21 17:45:47 [INFO] User login successful for user: diana
2025-07-21 18:39:42 [WARNING] Slow query detected: execution time 283ms
2025-07-21 23:13:07 [INFO] File uploaded: backup.zip
2025-07-21 18:00:40 [WARNING] Slow query detected: execution time 3258ms
2025-07-21 10:14:43 [WARNING] Disk space low: 3138 remaining
2025-07-21 12:36:58 [INFO] User login successful for user: charlie
2025-07-21 12:11:14 [INFO] Cache cleared successfully
2025-07-21 09:07:31 [WARNING] Configuration file deprecated: report.pdf
2025-07-21 22:50:43 [INFO] Service payment started
2025-07-21 18:33:37 [ERROR] Database connection lost
2025-07-21 12:35:39 [INFO] Service inventory started
2025-07-21 02:19:55 [INFO] User login successful for user: eve
2025-07-21 05:09:02 [INFO] File uploaded: report.pdf
2025-07-21 13:38:43 [DEBUG] Variable x has value: 4974
2025-07-21 20:54:17 [INFO] Service notification started
2025-07-21 18:28:31 [INFO] Cache cleared successfully
2025-07-21 02:23:30 [INFO] Database connection established
2025-07-21 09:47:56 [INFO] User login successful for user: alice
2025-07-21 14:41:48 [WARNING] API response time exceeded threshold
2025-07-21 10:43:14 [ERROR] Unhandled exception: TimeoutError
2025-07-21 23:30:35 [INFO] Cache cleared successfully
2025-07-21 22:00:18 [INFO] File uploaded: data.csv
2025-07-21 05:53:16 [INFO] Service payment started
2025-07-21 01:00:37 [INFO] User login successful for user: diana
2025-07-21 07:04:32 [ERROR] Database connection lost
2025-07-21 14:07:49 [INFO] Scheduled backup completed successfully
2025-07-21 02:54:46 [ERROR] Deadlock detected in transaction ID 2150
2025-07-21 18:07:49 [DEBUG] Entering function generate_report with arguments: 6
2025-07-21 04:02:58 [WARNING] High memory usage detected
2025-07-21 18:33:58 [INFO] File uploaded: config.yml
2025-07-21 19:55:14 [INFO] Cache cleared successfully
2025-07-21 02:58:01 [ERROR] Service payment crashed
2025-07-21 22:56:14 [INFO] File uploaded: config.yml
2025-07-21 08:08:59 [INFO] User login successful for user: bob
2025-07-21 19:37:07 [INFO] Database connection established
2025-07-21 02:44:28 [WARNING] API response time exceeded threshold
2025-07-21 03:15:19 [INFO] User login successful for user: eve
2025-07-21 06:23:03 [WARNING] High memory usage detected
2025-07-21 11:57:44 [ERROR] Unhandled exception: NullPointerException
2025-07-21 09:07:21 [WARNING] Configuration file deprecated: backup.zip
2025-07-21 09:07:41 [ERROR] File write failed: config.yml
2025-07-21 13:01:40 [INFO] File uploaded: data.csv
2025-07-21 22:35:36 [INFO] Database connection established
2025-07-21 19:11:32 [INFO] Scheduled backup completed successfully
2025-07-21 06:26:45 [INFO] Service auth started
