2025-07-07 01:13:45 [INFO] Cache cleared successfully
2025-07-07 22:50:49 [INFO] File uploaded: config.yml
2025-07-07 20:27:32 [WARNING] Disk space low: 3567 remaining
2025-07-07 02:42:53 [INFO] Cache cleared successfully
2025-07-07 23:17:07 [DEBUG] Temporary file created at: config.yml
2025-07-07 00:55:24 [INFO] File uploaded: data.csv
2025-07-07 16:01:55 [INFO] Service auth started
2025-07-07 07:10:18 [WARNING] Failed login attempt for user: diana. Retrying...
2025-07-07 21:18:33 [INFO] Cache cleared successfully
2025-07-07 17:05:20 [ERROR] Deadlock detected in transaction ID 4319
2025-07-07 05:06:43 [INFO] Cache cleared successfully
2025-07-07 23:38:23 [WARNING] API response time exceeded threshold
2025-07-07 11:54:03 [ERROR] Email sending failed to recipient: admin@google.com
2025-07-07 03:18:37 [INFO] Cache cleared successfully
2025-07-07 16:23:40 [INFO] User login successful for user: diana
2025-07-07 20:06:39 [INFO] User login successful for user: alice
2025-07-07 14:03:34 [ERROR] Email sending failed to recipient: admin@google.com
2025-07-07 13:48:46 [DEBUG] Temporary file created at: data.csv
2025-07-07 00:07:19 [ERROR] Deadlock detected in transaction ID 4577
2025-07-07 00:51:32 [WARNING] Second failed login attempt for user: bob. Next attempt will ERROR. Retrying...
2025-07-07 10:59:16 [INFO] Scheduled backup completed successfully
2025-07-07 04:07:33 [INFO] Service auth started
2025-07-07 14:36:36 [WARNING] API response time exceeded threshold
2025-07-07 07:45:00 [ERROR] Database connection lost
2025-07-07 11:13:45 [ERROR] Service inventory crashed
2025-07-07 08:48:30 [INFO] Cache cleared successfully
2025-07-07 13:54:44 [INFO] File uploaded: report.pdf
2025-07-07 14:38:48 [WARNING] Disk space low: 4135 remaining
2025-07-07 18:50:45 [DEBUG] Session token generated for user: alice
2025-07-07 14:09:50 [INFO] User login successful for user: bob
2025-07-07 18:40:26 [WARNING] Second failed login attempt for user: eve. Next attempt will ERROR. Retrying...
2025-07-07 13:53:04 [WARNING] Second failed login attempt for user: eve. Next attempt will ERROR. Retrying...
2025-07-07 02:33:15 [DEBUG] Query executed: SELECT * FROM users
2025-07-07 10:18:27 [WARNING] API response time exceeded threshold
2025-07-07 09:57:17 [INFO] Cache cleared successfully
2025-07-07 16:07:39 [WARNING] Disk space low: 2281 remaining
2025-07-07 22:55:21 [INFO] Scheduled backup completed successfully
2025-07-07 03:32:49 [INFO] File uploaded: report.pdf
2025-07-07 17:47:53 [WARNING] API response time exceeded threshold
2025-07-07 01:10:22 [INFO] Service payment started
2025-07-07 12:07:38 [INFO] Service payment started
2025-07-07 21:54:39 [WARNING] Configuration file deprecated: backup.zip
2025-07-07 06:35:57 [ERROR] Unhandled exception: NullPointerException
2025-07-07 06:31:55 [DEBUG] Session token generated for user: alice
2025-07-07 11:06:21 [INFO] Scheduled backup completed successfully
2025-07-07 10:44:02 [INFO] User login successful for user: eve
2025-07-07 22:05:33 [WARNING] Disk space low: 1262 remaining
2025-07-07 08:16:53 [DEBUG] Query executed: SELECT * FROM users
2025-07-07 20:49:45 [INFO] Scheduled backup completed successfully
2025-07-07 19:33:54 [INFO] File uploaded: data.csv
2025-07-07 21:50:35 [INFO] Scheduled backup completed successfully
2025-07-07 15:54:33 [INFO] User login successful for user: bob
2025-07-07 01:54:15 [INFO] Scheduled backup completed successfully
2025-07-07 13:10:29 [WARNING] Configuration file deprecated: config.yml
2025-07-07 05:49:08 [ERROR] Deadlock detected in transaction ID 607
2025-07-07 15:23:06 [INFO] Service auth started
2025-07-07 16:37:15 [ERROR] Email sending failed to recipient: support@amazon.com
2025-07-07 17:46:16 [INFO] Database connection established
2025-07-07 10:01:11 [ERROR] Unhandled exception: TimeoutError
2025-07-07 12:15:56 [DEBUG] Session token generated for user: alice
2025-07-07 20:02:18 [INFO] User login successful for user: charlie
2025-07-07 21:41:10 [WARNING] High memory usage detected
2025-07-07 18:34:42 [ERROR] Email sending failed to recipient: user@gmail.com
2025-07-07 19:41:29 [INFO] Service inventory started
2025-07-07 15:49:48 [ERROR] Database connection lost
2025-07-07 15:38:00 [INFO] Service notification started
2025-07-07 17:35:22 [INFO] File uploaded: backup.zip
2025-07-07 21:04:18 [INFO] File uploaded: config.yml
2025-07-07 08:52:45 [INFO] Database connection established
2025-07-07 12:32:43 [WARNING] Configuration file deprecated: config.yml
2025-07-07 12:10:42 [INFO] Service inventory started
2025-07-07 01:59:46 [ERROR] File write failed: report.pdf
2025-07-07 03:51:13 [DEBUG] Temporary file created at: data.csv
2025-07-07 16:01:19 [WARNING] Disk space low: 3924 remaining
2025-07-07 15:25:17 [INFO] Database connection established
2025-07-07 05:10:13 [INFO] User login successful for user: bob
2025-07-07 18:06:35 [WARNING] Failed login attempt for user: alice. Retrying...
2025-07-07 08:32:20 [INFO] Cache cleared successfully
2025-07-07 19:38:54 [INFO] User login successful for user: eve
2025-07-07 09:54:05 [WARNING] Slow query detected: execution time 3579ms
2025-07-07 08:35:54 [INFO] File uploaded: backup.zip
2025-07-07 05:12:08 [ERROR] File write failed: data.csv
2025-07-07 07:19:11 [INFO] Cache cleared successfully
2025-07-07 23:29:06 [DEBUG] Temporary file created at: config.yml
2025-07-07 04:59:48 [INFO] File uploaded: backup.zip
2025-07-07 07:12:22 [INFO] User login successful for user: diana
2025-07-07 14:57:29 [INFO] Scheduled backup completed successfully
2025-07-07 16:43:14 [DEBUG] Entering function send_email with arguments: 4
2025-07-07 11:42:48 [DEBUG] Session token generated for user: diana
2025-07-07 02:02:31 [INFO] Scheduled backup completed successfully
2025-07-07 14:17:06 [WARNING] Disk space low: 4959 remaining
2025-07-07 11:38:13 [INFO] File uploaded: data.csv
2025-07-07 02:40:13 [INFO] Cache cleared successfully
2025-07-07 13:21:39 [DEBUG] Variable x has value: 4815
2025-07-07 10:32:53 [INFO] Database connection established
2025-07-07 06:50:47 [ERROR] Unhandled exception: TimeoutError
2025-07-07 20:17:07 [WARNING] Configuration file deprecated: config.yml
2025-07-07 00:02:03 [WARNING] Slow query detected: execution time 3187ms
2025-07-07 03:49:13 [INFO] File uploaded: backup.zip
2025-07-07 20:16:49 [INFO] File uploaded: backup.zip
2025-07-07 16:10:11 [INFO] Cache cleared successfully
2025-07-07 07:32:18 [INFO] File uploaded: backup.zip
2025-07-07 09:46:55 [INFO] User login successful for user: bob
2025-07-07 17:51:34 [ERROR] Deadlock detected in transaction ID 448
2025-07-07 15:07:41 [INFO] Cache cleared successfully
2025-07-07 20:45:03 [INFO] File uploaded: backup.zip
2025-07-07 16:38:14 [ERROR] Email sending failed to recipient: admin@google.com
2025-07-07 04:15:42 [WARNING] Slow query detected: execution time 2142ms
2025-07-07 18:24:10 [ERROR] Deadlock detected in transaction ID 991
2025-07-07 16:50:55 [INFO] Cache cleared successfully
2025-07-07 08:30:19 [WARNING] API response time exceeded threshold
2025-07-07 05:12:18 [INFO] Database connection established
2025-07-07 18:47:29 [INFO] Service inventory started
2025-07-07 10:50:05 [INFO] Service payment started
2025-07-07 02:29:09 [INFO] File uploaded: data.csv
2025-07-07 22:12:09 [INFO] User login successful for user: alice
2025-07-07 00:10:51 [WARNING] High memory usage detected
2025-07-07 11:51:19 [INFO] Cache cleared successfully
2025-07-07 00:49:04 [INFO] Service auth started
2025-07-07 23:12:40 [WARNING] Slow query detected: execution time 4950ms
2025-07-07 04:29:43 [WARNING] Disk space low: 1232 remaining
2025-07-07 07:49:02 [WARNING] Second failed login attempt for user: bob. Next attempt will ERROR. Retrying...
2025-07-07 02:41:11 [INFO] Cache cleared successfully
2025-07-07 21:31:45 [ERROR] File write failed: report.pdf
2025-07-07 05:22:32 [INFO] User login successful for user: charlie
2025-07-07 15:42:24 [ERROR] Unhandled exception: FileNotFoundError
2025-07-07 03:40:16 [INFO] Database connection established
2025-07-07 04:18:35 [INFO] Service inventory started
2025-07-07 07:11:50 [ERROR] Deadlock detected in transaction ID 1469
2025-07-07 02:21:55 [INFO] Database connection established
2025-07-07 05:42:13 [INFO] Service payment started
2025-07-07 23:37:04 [INFO] Service payment started
2025-07-07 14:47:03 [WARNING] High memory usage detected
2025-07-07 18:33:15 [INFO] User login successful for user: bob
2025-07-07 01:42:49 [INFO] Database connection established
2025-07-07 16:09:52 [DEBUG] Session token generated for user: eve
2025-07-07 07:32:34 [INFO] Database connection established
2025-07-07 18:01:37 [WARNING] Slow query detected: execution time 4241ms
2025-07-07 02:23:08 [INFO] File uploaded: report.pdf
2025-07-07 08:25:55 [INFO] Database connection established
2025-07-07 01:48:32 [INFO] Cache cleared successfully
2025-07-07 02:50:20 [WARNING] Disk space low: 4282 remaining
2025-07-07 01:40:41 [ERROR] Email sending failed to recipient: support@amazon.com
2025-07-07 23:30:49 [INFO] File uploaded: backup.zip
2025-07-07 15:21:42 [ERROR] File write failed: backup.zip
2025-07-07 18:08:14 [WARNING] API response time exceeded threshold
2025-07-07 07:46:31 [ERROR] Unhandled exception: FileNotFoundError
2025-07-07 11:09:02 [INFO] User login successful for user: bob
2025-07-07 00:58:54 [ERROR] Database connection lost
2025-07-07 07:46:48 [INFO] Scheduled backup completed successfully
2025-07-07 22:17:42 [INFO] Cache cleared successfully
2025-07-07 21:13:10 [INFO] Cache cleared successfully
2025-07-07 15:27:17 [WARNING] Slow query detected: execution time 80ms
2025-07-07 01:40:42 [ERROR] Service notification crashed
2025-07-07 12:00:25 [ERROR] Email sending failed to recipient: user@gmail.com
2025-07-07 07:16:24 [WARNING] API response time exceeded threshold
2025-07-07 21:58:46 [ERROR] Database connection lost
2025-07-07 08:55:11 [INFO] File uploaded: config.yml
2025-07-07 17:18:41 [INFO] File uploaded: config.yml
2025-07-07 06:56:05 [WARNING] Failed login attempt for user: bob. Retrying...
2025-07-07 21:13:11 [WARNING] API response time exceeded threshold
2025-07-07 14:11:42 [INFO] Service payment started
2025-07-07 05:09:38 [INFO] File uploaded: backup.zip
2025-07-07 04:26:25 [ERROR] Deadlock detected in transaction ID 522
2025-07-07 15:11:16 [INFO] Database connection established
2025-07-07 10:13:20 [INFO] Cache cleared successfully
2025-07-07 16:07:05 [INFO] User login successful for user: diana
2025-07-07 15:11:36 [INFO] User login successful for user: charlie
2025-07-07 11:52:15 [WARNING] Slow query detected: execution time 4495ms
2025-07-07 14:36:05 [INFO] User login successful for user: charlie
2025-07-07 11:18:49 [INFO] File uploaded: backup.zip
2025-07-07 21:28:34 [ERROR] Deadlock detected in transaction ID 1746
2025-07-07 12:48:51 [INFO] Scheduled backup completed successfully
2025-07-07 22:20:03 [INFO] Cache cleared successfully
2025-07-07 02:59:18 [INFO] Scheduled backup completed successfully
2025-07-07 13:25:01 [INFO] File uploaded: backup.zip
2025-07-07 06:02:37 [INFO] File uploaded: backup.zip
2025-07-07 12:36:20 [INFO] Cache cleared successfully
2025-07-07 07:38:55 [INFO] User login successful for user: bob
2025-07-07 08:23:17 [INFO] File uploaded: data.csv
2025-07-07 09:15:19 [WARNING] Configuration file deprecated: data.csv
2025-07-07 22:21:38 [INFO] Cache cleared successfully
2025-07-07 03:07:46 [INFO] Service inventory started
2025-07-07 01:41:15 [WARNING] Failed login attempt for user: charlie. Retrying...
2025-07-07 18:37:30 [INFO] Service notification started
2025-07-07 10:56:15 [INFO] File uploaded: data.csv
2025-07-07 01:47:11 [WARNING] High memory usage detected
2025-07-07 21:13:50 [WARNING] Second failed login attempt for user: eve. Next attempt will ERROR. Retrying...
2025-07-07 05:07:21 [INFO] File uploaded: data.csv
2025-07-07 23:05:27 [INFO] User login successful for user: charlie
2025-07-07 17:51:14 [INFO] Cache cleared successfully
2025-07-07 03:26:38 [ERROR] Service inventory crashed
2025-07-07 19:58:57 [INFO] Cache cleared successfully
2025-07-07 03:06:45 [INFO] Database connection established
2025-07-07 10:33:47 [WARNING] Configuration file deprecated: backup.zip
2025-07-07 05:47:07 [INFO] Service auth started
2025-07-07 15:12:41 [INFO] File uploaded: backup.zip
2025-07-07 17:24:11 [ERROR] Service payment crashed
2025-07-07 02:51:31 [INFO] Service payment started
2025-07-07 14:28:47 [INFO] File uploaded: config.yml
2025-07-07 16:50:45 [ERROR] Email sending failed to recipient: support@amazon.com
2025-07-07 16:26:43 [ERROR] Email sending failed to recipient: user@gmail.com
2025-07-07 08:00:29 [INFO] Scheduled backup completed successfully
2025-07-07 19:20:53 [INFO] Database connection established
2025-07-07 18:15:57 [INFO] File uploaded: data.csv
2025-07-07 10:09:35 [WARNING] Slow query detected: execution time 2417ms
2025-07-07 10:40:26 [INFO] User login successful for user: bob
2025-07-07 22:57:00 [ERROR] Database connection lost
2025-07-07 22:19:54 [INFO] Service auth started
2025-07-07 11:21:48 [INFO] Service inventory started
2025-07-07 03:27:53 [INFO] Database connection established
2025-07-07 13:05:41 [ERROR] Deadlock detected in transaction ID 685
2025-07-07 04:40:42 [INFO] Database connection established
2025-07-07 17:56:19 [ERROR] Service auth crashed
2025-07-07 17:19:45 [INFO] Service inventory started
2025-07-07 00:52:06 [ERROR] Database connection lost
2025-07-07 05:32:12 [INFO] Cache cleared successfully
2025-07-07 21:25:48 [INFO] Service notification started
2025-07-07 13:59:05 [ERROR] Database connection lost
2025-07-07 02:10:48 [WARNING] Disk space low: 708 remaining
2025-07-07 08:03:17 [WARNING] Second failed login attempt for user: eve. Next attempt will ERROR. Retrying...
2025-07-07 20:39:56 [ERROR] Email sending failed to recipient: admin@google.com
2025-07-07 21:45:42 [ERROR] Deadlock detected in transaction ID 1606
2025-07-07 13:54:50 [INFO] Cache cleared successfully
2025-07-07 15:58:16 [DEBUG] Variable x has value: 3541
2025-07-07 18:35:42 [INFO] Service auth started
2025-07-07 08:19:28 [INFO] Scheduled backup completed successfully
2025-07-07 08:47:01 [INFO] Cache cleared successfully
2025-07-07 06:00:21 [INFO] Service auth started
2025-07-07 18:12:43 [INFO] File uploaded: data.csv
2025-07-07 08:13:36 [INFO] File uploaded: data.csv
2025-07-07 00:29:23 [WARNING] Failed login attempt for user: alice. Retrying...
2025-07-07 01:18:15 [ERROR] Service auth crashed
2025-07-07 06:49:07 [ERROR] Deadlock detected in transaction ID 2467
2025-07-07 16:34:55 [INFO] Scheduled backup completed successfully
2025-07-07 08:32:43 [INFO] Cache cleared successfully
2025-07-07 05:45:54 [INFO] Database connection established
2025-07-07 04:26:50 [INFO] Scheduled backup completed successfully
2025-07-07 13:10:47 [INFO] Scheduled backup completed successfully
2025-07-07 13:46:14 [INFO] Cache cleared successfully
2025-07-07 11:31:39 [INFO] File uploaded: report.pdf
2025-07-07 23:15:23 [INFO] Database connection established
2025-07-07 01:33:50 [WARNING] Disk space low: 3102 remaining
2025-07-07 16:01:35 [WARNING] High memory usage detected
2025-07-07 20:10:45 [WARNING] Second failed login attempt for user: diana. Next attempt will ERROR. Retrying...
2025-07-07 23:28:57 [ERROR] Service auth crashed
2025-07-07 13:58:01 [ERROR] Database connection lost
2025-07-07 03:20:01 [INFO] Cache cleared successfully
2025-07-07 10:58:32 [ERROR] Database connection lost
2025-07-07 14:26:05 [INFO] Database connection established
2025-07-07 16:15:04 [INFO] Scheduled backup completed successfully
2025-07-07 17:10:02 [INFO] Service payment started
2025-07-07 17:46:37 [WARNING] High memory usage detected
2025-07-07 05:33:40 [INFO] Scheduled backup completed successfully
2025-07-07 02:25:05 [WARNING] API response time exceeded threshold
2025-07-07 08:50:51 [INFO] Scheduled backup completed successfully
2025-07-07 06:15:36 [INFO] Cache cleared successfully
2025-07-07 07:01:21 [WARNING] Disk space low: 3204 remaining
2025-07-07 13:10:50 [INFO] Service inventory started
2025-07-07 20:17:35 [WARNING] Configuration file deprecated: config.yml
2025-07-07 19:09:28 [INFO] Database connection established
2025-07-07 18:32:30 [DEBUG] Query executed: UPDATE orders SET status='shipped' WHERE id=42
2025-07-07 21:18:33 [ERROR] Email sending failed to recipient: admin@google.com
2025-07-07 21:30:25 [WARNING] Configuration file deprecated: config.yml
2025-07-07 21:52:25 [ERROR] Service auth crashed
2025-07-07 12:38:30 [INFO] Cache cleared successfully
2025-07-07 06:03:39 [INFO] Service inventory started
2025-07-07 05:13:28 [INFO] File uploaded: data.csv
2025-07-07 13:02:49 [INFO] Database connection established
2025-07-07 05:05:30 [INFO] Cache cleared successfully
2025-07-07 01:29:41 [ERROR] Unhandled exception: NullPointerException
2025-07-07 02:10:00 [INFO] File uploaded: report.pdf
2025-07-07 08:16:18 [INFO] Scheduled backup completed successfully
2025-07-07 15:55:21 [INFO] File uploaded: data.csv
2025-07-07 04:03:01 [INFO] Scheduled backup completed successfully
2025-07-07 10:19:51 [INFO] Cache cleared successfully
2025-07-07 02:48:05 [INFO] Database connection established
2025-07-07 09:39:36 [ERROR] Deadlock detected in transaction ID 4092
2025-07-07 17:52:04 [INFO] User login successful for user: charlie
2025-07-07 18:00:44 [INFO] Database connection established
2025-07-07 17:46:20 [WARNING] Slow query detected: execution time 2600ms
2025-07-07 05:33:41 [WARNING] Second failed login attempt for user: charlie. Next attempt will ERROR. Retrying...
2025-07-07 01:35:21 [ERROR] Deadlock detected in transaction ID 3528
2025-07-07 14:05:07 [INFO] Scheduled backup completed successfully
2025-07-07 23:19:37 [INFO] Scheduled backup completed successfully
2025-07-07 02:04:21 [WARNING] Second failed login attempt for user: diana. Next attempt will ERROR. Retrying...
2025-07-07 05:50:23 [WARNING] API response time exceeded threshold
2025-07-07 08:04:51 [INFO] Scheduled backup completed successfully
2025-07-07 07:09:05 [ERROR] Database connection lost
2025-07-07 16:59:49 [DEBUG] Query executed: SELECT * FROM users
2025-07-07 11:37:12 [INFO] Database connection established
2025-07-07 14:05:38 [INFO] User login successful for user: charlie
2025-07-07 19:30:54 [INFO] User login successful for user: eve
2025-07-07 07:14:25 [ERROR] File write failed: report.pdf
2025-07-07 05:00:20 [DEBUG] Variable x has value: 1207
2025-07-07 00:47:28 [INFO] User login successful for user: eve
2025-07-07 12:44:10 [INFO] Service payment started
2025-07-07 11:14:15 [INFO] Database connection established
2025-07-07 09:08:22 [INFO] Cache cleared successfully
2025-07-07 22:42:10 [INFO] File uploaded: config.yml
2025-07-07 02:51:38 [INFO] Database connection established
2025-07-07 19:56:15 [INFO] Scheduled backup completed successfully
2025-07-07 23:08:41 [INFO] Service auth started
2025-07-07 00:04:57 [DEBUG] Query executed: SELECT * FROM users
2025-07-07 06:36:17 [INFO] Scheduled backup completed successfully
2025-07-07 09:44:33 [INFO] Cache cleared successfully
2025-07-07 17:38:50 [INFO] User login successful for user: bob
2025-07-07 12:39:31 [WARNING] Configuration file deprecated: report.pdf
2025-07-07 14:06:54 [INFO] Service notification started
2025-07-07 12:13:48 [INFO] Scheduled backup completed successfully
2025-07-07 04:55:34 [INFO] Cache cleared successfully
2025-07-07 17:48:38 [INFO] Database connection established
2025-07-07 13:25:13 [WARNING] Slow query detected: execution time 1153ms
2025-07-07 01:37:51 [WARNING] Second failed login attempt for user: charlie. Next attempt will ERROR. Retrying...
2025-07-07 15:47:02 [WARNING] Configuration file deprecated: config.yml
2025-07-07 04:16:21 [INFO] Service auth started
2025-07-07 04:53:28 [ERROR] Service inventory crashed
2025-07-07 02:28:44 [INFO] Service payment started
2025-07-07 12:43:45 [INFO] Service auth started
2025-07-07 08:03:40 [DEBUG] Query executed: SELECT * FROM users
2025-07-07 08:42:02 [INFO] File uploaded: data.csv
2025-07-07 05:03:37 [DEBUG] Entering function generate_report with arguments: 5
2025-07-07 15:53:29 [WARNING] Slow query detected: execution time 977ms
2025-07-07 05:36:26 [INFO] Cache cleared successfully
2025-07-07 12:05:01 [WARNING] Slow query detected: execution time 4470ms
2025-07-07 19:38:43 [WARNING] Failed login attempt for user: alice. Retrying...
2025-07-07 08:44:29 [ERROR] File write failed: backup.zip
2025-07-07 07:20:59 [INFO] User login successful for user: eve
2025-07-07 19:57:57 [INFO] File uploaded: config.yml
2025-07-07 17:38:57 [WARNING] Failed login attempt for user: eve. Retrying...
2025-07-07 05:55:34 [INFO] Database connection established
2025-07-07 08:03:15 [INFO] File uploaded: config.yml
2025-07-07 13:29:30 [INFO] Cache cleared successfully
2025-07-07 08:22:28 [INFO] File uploaded: report.pdf
2025-07-07 21:52:13 [ERROR] File write failed: backup.zip
2025-07-07 04:12:51 [WARNING] High memory usage detected
2025-07-07 02:41:52 [INFO] Scheduled backup completed successfully
2025-07-07 07:14:46 [ERROR] File write failed: backup.zip
2025-07-07 05:53:03 [INFO] Database connection established
2025-07-07 15:16:27 [INFO] User login successful for user: bob
2025-07-07 07:05:17 [INFO] Service auth started
2025-07-07 21:19:37 [INFO] Database connection established
2025-07-07 20:12:25 [WARNING] Failed login attempt for user: diana. Retrying...
2025-07-07 13:19:25 [WARNING] Failed login attempt for user: eve. Retrying...
2025-07-07 05:07:44 [INFO] Database connection established
2025-07-07 10:59:27 [ERROR] Service payment crashed
2025-07-07 04:56:46 [WARNING] High memory usage detected
2025-07-07 05:50:00 [INFO] Scheduled backup completed successfully
2025-07-07 00:34:04 [INFO] File uploaded: report.pdf
2025-07-07 04:17:33 [DEBUG] Temporary file created at: data.csv
2025-07-07 01:00:10 [WARNING] Second failed login attempt for user: diana. Next attempt will ERROR. Retrying...
2025-07-07 16:24:17 [INFO] Database connection established
2025-07-07 10:57:03 [DEBUG] Variable x has value: 3957
2025-07-07 21:12:41 [INFO] User login successful for user: alice
2025-07-07 13:11:14 [INFO] File uploaded: backup.zip
2025-07-07 01:24:34 [INFO] File uploaded: config.yml
2025-07-07 13:28:02 [WARNING] High memory usage detected
2025-07-07 01:45:18 [INFO] Database connection established
2025-07-07 10:16:20 [WARNING] Slow query detected: execution time 3583ms
2025-07-07 12:32:41 [INFO] Scheduled backup completed successfully
2025-07-07 06:25:12 [INFO] User login successful for user: diana
2025-07-07 20:43:58 [WARNING] Second failed login attempt for user: eve. Next attempt will ERROR. Retrying...
2025-07-07 02:00:42 [ERROR] File write failed: backup.zip
2025-07-07 21:51:29 [ERROR] Unhandled exception: NullPointerException
2025-07-07 05:04:42 [INFO] User login successful for user: alice
2025-07-07 20:43:55 [INFO] Service auth started
2025-07-07 18:01:59 [INFO] Service notification started
2025-07-07 11:01:17 [INFO] File uploaded: backup.zip
2025-07-07 11:36:10 [WARNING] Second failed login attempt for user: bob. Next attempt will ERROR. Retrying...
2025-07-07 00:20:01 [INFO] Cache cleared successfully
2025-07-07 19:03:12 [INFO] Database connection established
2025-07-07 06:41:17 [WARNING] Configuration file deprecated: config.yml
2025-07-07 10:40:44 [INFO] Service payment started
2025-07-07 01:07:19 [INFO] Database connection established
2025-07-07 20:34:19 [INFO] Cache cleared successfully
2025-07-07 01:20:16 [ERROR] Unhandled exception: FileNotFoundError
2025-07-07 01:47:30 [INFO] User login successful for user: charlie
2025-07-07 01:49:01 [INFO] Database connection established
2025-07-07 17:05:32 [WARNING] Second failed login attempt for user: alice. Next attempt will ERROR. Retrying...
2025-07-07 01:59:17 [ERROR] Service notification crashed
2025-07-07 23:57:09 [INFO] File uploaded: report.pdf
2025-07-07 18:04:59 [INFO] Database connection established
2025-07-07 05:24:24 [INFO] User login successful for user: bob
2025-07-07 10:53:11 [INFO] Database connection established
2025-07-07 16:50:09 [INFO] Cache cleared successfully
2025-07-07 11:23:37 [WARNING] Disk space low: 3324 remaining
2025-07-07 21:57:28 [INFO] Scheduled backup completed successfully
2025-07-07 03:39:00 [INFO] Service inventory started
2025-07-07 05:53:14 [WARNING] Failed login attempt for user: eve. Retrying...
2025-07-07 15:34:22 [ERROR] Deadlock detected in transaction ID 296
2025-07-07 01:57:20 [ERROR] Unhandled exception: FileNotFoundError
2025-07-07 05:42:57 [DEBUG] Session token generated for user: alice
2025-07-07 13:57:43 [INFO] File uploaded: report.pdf
2025-07-07 07:52:19 [INFO] Database connection established
2025-07-07 04:34:18 [ERROR] File write failed: backup.zip
2025-07-07 05:21:27 [INFO] Database connection established
2025-07-07 19:11:10 [INFO] Database connection established
2025-07-07 09:05:57 [WARNING] Slow query detected: execution time 2445ms
2025-07-07 18:55:15 [INFO] Scheduled backup completed successfully
2025-07-07 09:05:33 [DEBUG] Session token generated for user: alice
2025-07-07 17:35:38 [INFO] Scheduled backup completed successfully
2025-07-07 14:16:44 [INFO] Scheduled backup completed successfully
2025-07-07 05:49:23 [INFO] Scheduled backup completed successfully
2025-07-07 21:38:25 [INFO] User login successful for user: bob
2025-07-07 18:59:16 [WARNING] Slow query detected: execution time 4051ms
2025-07-07 08:20:00 [INFO] Service auth started
2025-07-07 01:53:03 [ERROR] Database connection lost
2025-07-07 01:56:42 [INFO] Cache cleared successfully
2025-07-07 01:20:06 [INFO] Service auth started
2025-07-07 07:17:50 [WARNING] Failed login attempt for user: bob. Retrying...
2025-07-07 02:46:41 [INFO] Service auth started
2025-07-07 21:44:11 [INFO] File uploaded: backup.zip
2025-07-07 02:32:15 [INFO] File uploaded: backup.zip
2025-07-07 12:34:38 [WARNING] Second failed login attempt for user: alice. Next attempt will ERROR. Retrying...
2025-07-07 13:27:36 [INFO] Database connection established
2025-07-07 23:30:26 [INFO] User login successful for user: charlie
2025-07-07 17:25:12 [DEBUG] Session token generated for user: diana
2025-07-07 14:03:40 [INFO] User login successful for user: bob
2025-07-07 23:37:22 [INFO] Cache cleared successfully
2025-07-07 05:43:51 [INFO] Scheduled backup completed successfully
2025-07-07 23:52:42 [INFO] Scheduled backup completed successfully
2025-07-07 17:13:23 [INFO] Service payment started
2025-07-07 21:02:16 [INFO] Cache cleared successfully
2025-07-07 23:43:03 [INFO] Database connection established
2025-07-07 11:20:32 [INFO] Database connection established
2025-07-07 04:10:44 [INFO] Database connection established
2025-07-07 06:04:50 [ERROR] Email sending failed to recipient: admin@google.com
2025-07-07 17:35:04 [WARNING] Failed login attempt for user: diana. Retrying...
2025-07-07 16:39:47 [ERROR] File write failed: config.yml
2025-07-07 08:44:25 [INFO] Service payment started
2025-07-07 08:15:56 [DEBUG] Session token generated for user: alice
2025-07-07 14:35:47 [ERROR] Service auth crashed
2025-07-07 10:50:58 [INFO] File uploaded: report.pdf
2025-07-07 10:17:00 [INFO] Scheduled backup completed successfully
2025-07-07 03:45:28 [INFO] Database connection established
2025-07-07 14:20:13 [WARNING] API response time exceeded threshold
2025-07-07 21:51:20 [ERROR] Unhandled exception: FileNotFoundError
2025-07-07 17:16:31 [INFO] User login successful for user: charlie
2025-07-07 04:22:23 [INFO] User login successful for user: bob
2025-07-07 03:20:54 [WARNING] Second failed login attempt for user: charlie. Next attempt will ERROR. Retrying...
2025-07-07 10:16:02 [INFO] User login successful for user: eve
2025-07-07 22:53:53 [INFO] Service inventory started
2025-07-07 13:52:44 [INFO] Database connection established
2025-07-07 05:05:27 [ERROR] Unhandled exception: TimeoutError
2025-07-07 12:34:31 [INFO] User login successful for user: alice
2025-07-07 10:05:59 [DEBUG] Entering function process_payment with arguments: 2
2025-07-07 14:20:35 [INFO] Cache cleared successfully
2025-07-07 07:18:44 [INFO] Database connection established
2025-07-07 08:55:44 [INFO] File uploaded: data.csv
2025-07-07 04:10:12 [INFO] Service payment started
2025-07-07 01:16:42 [WARNING] Second failed login attempt for user: diana. Next attempt will ERROR. Retrying...
2025-07-07 06:16:40 [INFO] Service auth started
2025-07-07 19:18:41 [INFO] Database connection established
2025-07-07 10:17:19 [WARNING] Slow query detected: execution time 4251ms
2025-07-07 07:56:36 [DEBUG] Entering function send_email with arguments: 6
2025-07-07 11:32:25 [ERROR] Unhandled exception: TimeoutError
2025-07-07 08:32:02 [INFO] User login successful for user: eve
2025-07-07 13:16:55 [WARNING] Second failed login attempt for user: bob. Next attempt will ERROR. Retrying...
2025-07-07 22:13:10 [INFO] File uploaded: report.pdf
2025-07-07 18:27:36 [INFO] Cache cleared successfully
2025-07-07 22:25:42 [INFO] Service notification started
2025-07-07 06:07:14 [ERROR] File write failed: config.yml
2025-07-07 15:26:58 [ERROR] Email sending failed to recipient: support@amazon.com
2025-07-07 17:06:37 [WARNING] Disk space low: 2061 remaining
2025-07-07 12:20:36 [INFO] User login successful for user: charlie
2025-07-07 20:49:09 [INFO] Database connection established
2025-07-07 21:20:37 [INFO] Cache cleared successfully
2025-07-07 10:23:04 [WARNING] Disk space low: 2607 remaining
2025-07-07 20:38:35 [INFO] Scheduled backup completed successfully
2025-07-07 14:07:48 [INFO] User login successful for user: alice
2025-07-07 09:46:57 [INFO] Cache cleared successfully
2025-07-07 14:07:54 [DEBUG] Query executed: UPDATE orders SET status='shipped' WHERE id=42
2025-07-07 01:24:38 [WARNING] Failed login attempt for user: alice. Retrying...
2025-07-07 13:47:42 [WARNING] API response time exceeded threshold
2025-07-07 00:55:24 [ERROR] Deadlock detected in transaction ID 3643
2025-07-07 02:18:29 [INFO] User login successful for user: diana
2025-07-07 15:25:42 [INFO] Scheduled backup completed successfully
2025-07-07 03:38:38 [WARNING] Slow query detected: execution time 4230ms
2025-07-07 15:00:33 [INFO] File uploaded: config.yml
2025-07-07 16:21:46 [INFO] User login successful for user: bob
2025-07-07 16:11:02 [INFO] Database connection established
2025-07-07 11:32:12 [WARNING] Failed login attempt for user: bob. Retrying...
2025-07-07 01:02:39 [WARNING] Disk space low: 1793 remaining
2025-07-07 15:16:51 [INFO] Service payment started
2025-07-07 18:47:17 [ERROR] Unhandled exception: TimeoutError
2025-07-07 13:20:10 [INFO] Scheduled backup completed successfully
2025-07-07 06:14:48 [WARNING] Configuration file deprecated: backup.zip
2025-07-07 09:07:36 [INFO] File uploaded: config.yml
2025-07-07 14:33:01 [INFO] Service payment started
2025-07-07 04:46:19 [WARNING] Slow query detected: execution time 3873ms
2025-07-07 20:48:45 [INFO] Database connection established
2025-07-07 18:43:57 [INFO] File uploaded: report.pdf
2025-07-07 19:13:24 [INFO] File uploaded: report.pdf
2025-07-07 01:20:14 [WARNING] High memory usage detected
2025-07-07 07:11:30 [INFO] Database connection established
2025-07-07 11:16:51 [ERROR] Deadlock detected in transaction ID 29
2025-07-07 23:27:13 [ERROR] Service auth crashed
2025-07-07 06:33:09 [WARNING] Disk space low: 3640 remaining
2025-07-07 14:06:00 [INFO] Database connection established
2025-07-07 19:58:30 [WARNING] API response time exceeded threshold
2025-07-07 02:12:45 [ERROR] File write failed: backup.zip
2025-07-07 13:41:04 [WARNING] Disk space low: 3210 remaining
2025-07-07 01:32:54 [ERROR] Email sending failed to recipient: user@gmail.com
2025-07-07 02:47:04 [INFO] User login successful for user: bob
2025-07-07 00:00:48 [ERROR] Service auth crashed
2025-07-07 01:52:11 [INFO] User login successful for user: diana
2025-07-07 03:29:48 [DEBUG] Temporary file created at: report.pdf
2025-07-07 23:06:07 [WARNING] Configuration file deprecated: config.yml
2025-07-07 04:39:19 [INFO] User login successful for user: eve
2025-07-07 05:55:13 [WARNING] Slow query detected: execution time 4279ms
2025-07-07 14:42:46 [WARNING] Configuration file deprecated: backup.zip
2025-07-07 22:47:56 [DEBUG] Variable x has value: 1491
2025-07-07 11:03:34 [INFO] Cache cleared successfully
2025-07-07 01:49:17 [INFO] Service inventory started
2025-07-07 08:40:37 [INFO] Service notification started
2025-07-07 08:34:16 [INFO] File uploaded: config.yml
2025-07-07 11:12:31 [INFO] User login successful for user: eve
2025-07-07 09:02:13 [INFO] User login successful for user: diana
2025-07-07 08:26:48 [INFO] Service payment started
2025-07-07 07:09:32 [WARNING] High memory usage detected
2025-07-07 01:18:14 [ERROR] Deadlock detected in transaction ID 2848
2025-07-07 23:09:48 [INFO] File uploaded: backup.zip
2025-07-07 20:10:07 [INFO] Service auth started
2025-07-07 03:55:21 [INFO] File uploaded: backup.zip
2025-07-07 22:36:06 [INFO] Database connection established
2025-07-07 05:38:22 [INFO] File uploaded: data.csv
2025-07-07 08:11:20 [INFO] Scheduled backup completed successfully
2025-07-07 10:27:24 [WARNING] Second failed login attempt for user: bob. Next attempt will ERROR. Retrying...
2025-07-07 05:09:40 [INFO] File uploaded: config.yml
2025-07-07 07:32:52 [ERROR] Deadlock detected in transaction ID 3176
2025-07-07 15:49:05 [INFO] User login successful for user: bob
2025-07-07 05:54:48 [INFO] User login successful for user: alice
2025-07-07 18:36:11 [INFO] User login successful for user: alice
2025-07-07 17:17:14 [WARNING] Disk space low: 4454 remaining
2025-07-07 07:01:42 [INFO] User login successful for user: alice
2025-07-07 20:12:28 [WARNING] Disk space low: 2327 remaining
2025-07-07 01:17:57 [INFO] User login successful for user: charlie
2025-07-07 07:13:43 [INFO] User login successful for user: diana
2025-07-07 10:56:45 [INFO] Scheduled backup completed successfully
2025-07-07 01:52:21 [WARNING] Slow query detected: execution time 1938ms
2025-07-07 19:17:14 [INFO] Database connection established
2025-07-07 01:14:34 [INFO] File uploaded: backup.zip
2025-07-07 22:43:09 [INFO] Database connection established
2025-07-07 03:25:55 [WARNING] High memory usage detected
2025-07-07 18:28:02 [INFO] User login successful for user: alice
2025-07-07 21:49:06 [INFO] Scheduled backup completed successfully
2025-07-07 05:55:40 [INFO] Database connection established
2025-07-07 09:32:29 [DEBUG] Query executed: UPDATE orders SET status='shipped' WHERE id=42
2025-07-07 18:58:58 [WARNING] Failed login attempt for user: charlie. Retrying...
2025-07-07 06:14:48 [ERROR] Unhandled exception: FileNotFoundError
2025-07-07 07:55:40 [WARNING] Disk space low: 2124 remaining
2025-07-07 22:47:21 [WARNING] Configuration file deprecated: backup.zip
2025-07-07 18:52:56 [WARNING] Second failed login attempt for user: alice. Next attempt will ERROR. Retrying...
2025-07-07 10:39:47 [INFO] Service notification started
2025-07-07 15:16:37 [INFO] Scheduled backup completed successfully
2025-07-07 06:26:18 [INFO] Database connection established
2025-07-07 05:50:23 [INFO] Service payment started
2025-07-07 10:00:21 [INFO] File uploaded: data.csv
2025-07-07 02:32:33 [INFO] File uploaded: backup.zip
2025-07-07 05:39:55 [DEBUG] Session token generated for user: diana
2025-07-07 08:54:55 [DEBUG] Query executed: UPDATE orders SET status='shipped' WHERE id=42
2025-07-07 10:28:05 [INFO] Database connection established
2025-07-07 05:10:38 [INFO] File uploaded: config.yml
2025-07-07 12:06:16 [INFO] Scheduled backup completed successfully
2025-07-07 19:40:08 [DEBUG] Session token generated for user: bob
2025-07-07 16:44:13 [DEBUG] Query executed: SELECT * FROM users
2025-07-07 10:58:35 [INFO] Service auth started
2025-07-07 22:05:33 [INFO] Database connection established
2025-07-07 16:04:23 [INFO] Scheduled backup completed successfully
2025-07-07 09:05:28 [INFO] Cache cleared successfully
2025-07-07 09:01:26 [INFO] Scheduled backup completed successfully
2025-07-07 00:17:16 [INFO] File uploaded: config.yml
2025-07-07 05:28:30 [WARNING] Slow query detected: execution time 4615ms
2025-07-07 03:38:49 [INFO] Cache cleared successfully
2025-07-07 15:33:20 [WARNING] Second failed login attempt for user: charlie. Next attempt will ERROR. Retrying...
2025-07-07 17:56:13 [WARNING] Configuration file deprecated: data.csv
2025-07-07 10:45:51 [INFO] File uploaded: backup.zip
2025-07-07 05:57:13 [ERROR] Unhandled exception: FileNotFoundError
2025-07-07 05:08:12 [INFO] Database connection established
2025-07-07 09:35:25 [WARNING] Disk space low: 3785 remaining
2025-07-07 21:36:03 [INFO] Scheduled backup completed successfully
2025-07-07 15:01:21 [INFO] Database connection established
2025-07-07 06:09:30 [INFO] Database connection established
2025-07-07 10:42:35 [INFO] Cache cleared successfully
2025-07-07 05:05:38 [INFO] Cache cleared successfully
2025-07-07 00:09:35 [INFO] Database connection established
2025-07-07 09:03:24 [ERROR] Database connection lost
2025-07-07 14:26:16 [DEBUG] Temporary file created at: backup.zip
2025-07-07 17:20:30 [INFO] Scheduled backup completed successfully
2025-07-07 19:08:22 [INFO] Service payment started
2025-07-07 21:59:52 [WARNING] High memory usage detected
2025-07-07 20:11:14 [ERROR] Database connection lost
2025-07-07 03:58:16 [ERROR] Email sending failed to recipient: user@gmail.com
2025-07-07 08:44:39 [INFO] Cache cleared successfully
2025-07-07 21:36:34 [INFO] Scheduled backup completed successfully
2025-07-07 22:39:02 [ERROR] Email sending failed to recipient: user@gmail.com
2025-07-07 19:53:39 [INFO] File uploaded: data.csv
2025-07-07 19:18:02 [WARNING] Disk space low: 4565 remaining
2025-07-07 23:45:00 [INFO] Service inventory started
2025-07-07 09:55:45 [ERROR] Email sending failed to recipient: user@gmail.com
2025-07-07 01:24:56 [WARNING] Slow query detected: execution time 1821ms
2025-07-07 12:32:29 [WARNING] Second failed login attempt for user: eve. Next attempt will ERROR. Retrying...
2025-07-07 23:49:18 [INFO] Cache cleared successfully
2025-07-07 17:41:01 [INFO] File uploaded: config.yml
2025-07-07 08:27:26 [WARNING] Configuration file deprecated: data.csv
2025-07-07 05:42:55 [INFO] User login successful for user: alice
2025-07-07 15:58:47 [WARNING] Configuration file deprecated: config.yml
2025-07-07 01:28:31 [INFO] User login successful for user: eve
2025-07-07 19:24:00 [INFO] Database connection established
2025-07-07 19:41:32 [INFO] Scheduled backup completed successfully
2025-07-07 21:36:19 [INFO] Service auth started
2025-07-07 18:41:02 [INFO] Service notification started
2025-07-07 02:34:56 [INFO] Database connection established
2025-07-07 12:34:01 [INFO] File uploaded: data.csv
2025-07-07 20:31:55 [ERROR] Database connection lost
2025-07-07 11:50:48 [INFO] Database connection established
2025-07-07 14:05:05 [INFO] Cache cleared successfully
2025-07-07 05:58:53 [ERROR] File write failed: data.csv
2025-07-07 20:18:47 [INFO] Cache cleared successfully
2025-07-07 09:12:19 [INFO] Database connection established
2025-07-07 05:15:26 [INFO] Cache cleared successfully
2025-07-07 11:40:44 [ERROR] Service inventory crashed
2025-07-07 15:57:49 [INFO] Service payment started
2025-07-07 22:40:12 [INFO] Database connection established
2025-07-07 13:33:37 [WARNING] Failed login attempt for user: bob. Retrying...
2025-07-07 09:35:13 [WARNING] Configuration file deprecated: data.csv
2025-07-07 00:53:16 [ERROR] Deadlock detected in transaction ID 1025
2025-07-07 01:22:50 [INFO] Scheduled backup completed successfully
2025-07-07 22:57:18 [INFO] Database connection established
2025-07-07 05:57:39 [INFO] Database connection established
2025-07-07 00:28:26 [INFO] Cache cleared successfully
2025-07-07 10:34:32 [INFO] Scheduled backup completed successfully
2025-07-07 19:49:50 [ERROR] File write failed: backup.zip
2025-07-07 19:46:18 [WARNING] API response time exceeded threshold
2025-07-07 18:11:34 [INFO] Database connection established
2025-07-07 18:17:46 [WARNING] Slow query detected: execution time 1913ms
2025-07-07 12:20:14 [WARNING] Second failed login attempt for user: charlie. Next attempt will ERROR. Retrying...
2025-07-07 05:34:42 [INFO] Service inventory started
2025-07-07 14:20:05 [INFO] Service inventory started
2025-07-07 16:01:28 [DEBUG] Temporary file created at: config.yml
2025-07-07 08:25:41 [WARNING] Disk space low: 366 remaining
2025-07-07 19:13:47 [INFO] Cache cleared successfully
2025-07-07 10:18:09 [INFO] User login successful for user: alice
2025-07-07 17:33:42 [DEBUG] Session token generated for user: alice
2025-07-07 22:49:24 [INFO] Scheduled backup completed successfully
2025-07-07 18:42:57 [INFO] User login successful for user: alice
2025-07-07 06:42:52 [WARNING] API response time exceeded threshold
2025-07-07 07:23:09 [DEBUG] Query executed: SELECT * FROM users
2025-07-07 06:37:37 [INFO] User login successful for user: charlie
2025-07-07 05:56:49 [WARNING] Disk space low: 320 remaining
2025-07-07 20:27:17 [DEBUG] Query executed: SELECT * FROM users
2025-07-07 13:34:25 [INFO] Database connection established
2025-07-07 16:08:07 [ERROR] Unhandled exception: NullPointerException
2025-07-07 05:29:28 [INFO] Scheduled backup completed successfully
2025-07-07 10:20:31 [INFO] User login successful for user: bob
2025-07-07 14:49:39 [INFO] Cache cleared successfully
2025-07-07 05:18:46 [WARNING] Configuration file deprecated: backup.zip
2025-07-07 04:18:59 [INFO] Service payment started
2025-07-07 01:01:59 [INFO] Database connection established
2025-07-07 04:45:00 [INFO] User login successful for user: alice
2025-07-07 20:08:01 [WARNING] Second failed login attempt for user: charlie. Next attempt will ERROR. Retrying...
2025-07-07 13:17:36 [INFO] Database connection established
2025-07-07 22:08:47 [INFO] File uploaded: report.pdf
2025-07-07 17:59:03 [ERROR] Unhandled exception: TimeoutError
2025-07-07 13:27:57 [INFO] Database connection established
2025-07-07 10:52:46 [INFO] File uploaded: backup.zip
2025-07-07 20:58:38 [INFO] Database connection established
2025-07-07 10:41:41 [INFO] File uploaded: data.csv
2025-07-07 22:42:56 [DEBUG] Session token generated for user: charlie
2025-07-07 16:28:00 [INFO] User login successful for user: alice
2025-07-07 05:32:52 [ERROR] Database connection lost
2025-07-07 21:18:12 [INFO] Service auth started
2025-07-07 00:57:51 [WARNING] High memory usage detected
2025-07-07 05:02:13 [WARNING] Disk space low: 3763 remaining
2025-07-07 04:34:18 [INFO] Service inventory started
2025-07-07 07:22:40 [WARNING] Failed login attempt for user: charlie. Retrying...
2025-07-07 05:03:01 [INFO] Cache cleared successfully
