2025-07-29 16:43:44 [DEBUG] Variable x has value: 2304
2025-07-29 14:22:38 [INFO] Database connection established
2025-07-29 21:41:35 [ERROR] Unhandled exception: FileNotFoundError
2025-07-29 23:39:10 [WARNING] Configuration file deprecated: report.pdf
2025-07-29 18:41:37 [WARNING] Failed login attempt for user: bob. Retrying...
2025-07-29 14:25:16 [ERROR] Database connection lost
2025-07-29 05:41:58 [INFO] Cache cleared successfully
2025-07-29 20:48:49 [INFO] Service payment started
2025-07-29 07:52:03 [INFO] User login successful for user: bob
2025-07-29 05:00:23 [INFO] User login successful for user: eve
2025-07-29 20:58:07 [INFO] Scheduled backup completed successfully
2025-07-29 17:34:22 [ERROR] File write failed: config.yml
2025-07-29 21:59:51 [WARNING] Configuration file deprecated: config.yml
2025-07-29 05:47:32 [INFO] Cache cleared successfully
2025-07-29 17:35:44 [INFO] User login successful for user: charlie
2025-07-29 21:38:47 [INFO] Database connection established
2025-07-29 19:59:40 [INFO] Database connection established
2025-07-29 03:55:48 [INFO] Database connection established
2025-07-29 18:15:41 [DEBUG] Query executed: SELECT * FROM users
2025-07-29 15:43:37 [INFO] Cache cleared successfully
2025-07-29 16:20:26 [WARNING] Slow query detected: execution time 4917ms
2025-07-29 22:46:29 [INFO] Cache cleared successfully
2025-07-29 08:24:23 [INFO] Database connection established
2025-07-29 15:56:49 [WARNING] Disk space low: 1136 remaining
2025-07-29 21:11:02 [WARNING] Configuration file deprecated: data.csv
2025-07-29 01:24:12 [ERROR] Unhandled exception: TimeoutError
2025-07-29 04:31:26 [INFO] Scheduled backup completed successfully
2025-07-29 13:59:32 [WARNING] Failed login attempt for user: diana. Retrying...
2025-07-29 22:58:37 [ERROR] Unhandled exception: FileNotFoundError
2025-07-29 05:38:07 [WARNING] Failed login attempt for user: charlie. Retrying...
2025-07-29 07:50:22 [WARNING] Slow query detected: execution time 375ms
2025-07-29 11:32:04 [DEBUG] Temporary file created at: backup.zip
2025-07-29 13:02:51 [INFO] File uploaded: report.pdf
2025-07-29 15:06:29 [INFO] User login successful for user: eve
2025-07-29 04:48:48 [INFO] Cache cleared successfully
2025-07-29 03:51:22 [WARNING] Disk space low: 4556 remaining
2025-07-29 21:46:56 [ERROR] Email sending failed to recipient: user@gmail.com
2025-07-29 20:23:04 [INFO] User login successful for user: eve
2025-07-29 02:17:57 [ERROR] Email sending failed to recipient: user@gmail.com
2025-07-29 04:59:22 [WARNING] Configuration file deprecated: data.csv
2025-07-29 12:06:42 [WARNING] API response time exceeded threshold
2025-07-29 22:38:01 [WARNING] Failed login attempt for user: bob. Retrying...
2025-07-29 01:23:46 [ERROR] Database connection lost
2025-07-29 06:47:03 [INFO] Cache cleared successfully
2025-07-29 14:07:54 [INFO] Database connection established
2025-07-29 03:15:35 [INFO] Cache cleared successfully
2025-07-29 18:38:33 [ERROR] Email sending failed to recipient: user@gmail.com
2025-07-29 15:23:24 [INFO] Scheduled backup completed successfully
2025-07-29 20:50:56 [INFO] Database connection established
2025-07-29 17:55:46 [INFO] User login successful for user: charlie
2025-07-29 17:00:13 [INFO] Database connection established
2025-07-29 21:04:18 [ERROR] Deadlock detected in transaction ID 4535
2025-07-29 18:25:43 [INFO] Scheduled backup completed successfully
2025-07-29 06:35:11 [ERROR] Unhandled exception: NullPointerException
2025-07-29 22:26:13 [WARNING] API response time exceeded threshold
2025-07-29 02:59:05 [INFO] File uploaded: report.pdf
2025-07-29 21:12:05 [ERROR] Database connection lost
2025-07-29 04:25:53 [INFO] Service inventory started
2025-07-29 21:59:15 [INFO] User login successful for user: charlie
2025-07-29 13:11:03 [ERROR] Email sending failed to recipient: admin@google.com
2025-07-29 16:10:09 [INFO] Service payment started
2025-07-29 06:40:19 [WARNING] Configuration file deprecated: backup.zip
2025-07-29 01:38:38 [DEBUG] Variable x has value: 1346
2025-07-29 20:47:09 [INFO] User login successful for user: charlie
2025-07-29 07:35:27 [WARNING] Slow query detected: execution time 3803ms
2025-07-29 15:53:27 [INFO] User login successful for user: diana
2025-07-29 18:00:24 [INFO] Scheduled backup completed successfully
2025-07-29 11:35:34 [INFO] Database connection established
2025-07-29 02:58:40 [ERROR] File write failed: report.pdf
2025-07-29 09:48:18 [INFO] User login successful for user: diana
2025-07-29 12:25:58 [INFO] Cache cleared successfully
2025-07-29 11:41:19 [INFO] File uploaded: data.csv
2025-07-29 00:10:58 [INFO] User login successful for user: bob
2025-07-29 16:39:29 [INFO] File uploaded: report.pdf
2025-07-29 05:39:06 [INFO] Database connection established
2025-07-29 16:12:04 [ERROR] File write failed: config.yml
2025-07-29 02:27:26 [INFO] Database connection established
2025-07-29 13:33:37 [INFO] Scheduled backup completed successfully
2025-07-29 05:35:44 [WARNING] Failed login attempt for user: eve. Retrying...
2025-07-29 19:32:50 [ERROR] Deadlock detected in transaction ID 3941
2025-07-29 03:04:44 [INFO] Database connection established
2025-07-29 06:52:28 [INFO] Database connection established
2025-07-29 20:25:27 [INFO] Service auth started
2025-07-29 16:26:52 [INFO] Cache cleared successfully
2025-07-29 02:13:48 [ERROR] Service inventory crashed
2025-07-29 17:51:58 [INFO] File uploaded: backup.zip
2025-07-29 18:10:51 [INFO] User login successful for user: bob
2025-07-29 19:59:37 [ERROR] Database connection lost
2025-07-29 04:12:57 [WARNING] Slow query detected: execution time 2478ms
2025-07-29 17:50:10 [INFO] Service notification started
2025-07-29 06:09:26 [WARNING] Slow query detected: execution time 4141ms
2025-07-29 16:18:49 [WARNING] API response time exceeded threshold
2025-07-29 04:56:01 [DEBUG] Query executed: UPDATE orders SET status='shipped' WHERE id=42
2025-07-29 05:39:27 [WARNING] Second failed login attempt for user: diana. Next attempt will ERROR. Retrying...
2025-07-29 11:19:11 [INFO] Scheduled backup completed successfully
2025-07-29 05:43:38 [INFO] Service notification started
2025-07-29 13:43:19 [INFO] File uploaded: config.yml
2025-07-29 22:58:02 [INFO] File uploaded: backup.zip
2025-07-29 03:30:33 [WARNING] API response time exceeded threshold
2025-07-29 06:21:21 [WARNING] Configuration file deprecated: data.csv
2025-07-29 19:21:21 [INFO] Cache cleared successfully
2025-07-29 09:40:08 [ERROR] File write failed: config.yml
2025-07-29 17:51:56 [INFO] User login successful for user: charlie
2025-07-29 06:39:27 [INFO] User login successful for user: eve
2025-07-29 04:49:25 [INFO] Service notification started
2025-07-29 19:53:44 [INFO] File uploaded: backup.zip
2025-07-29 01:40:15 [WARNING] Disk space low: 1665 remaining
2025-07-29 21:17:50 [WARNING] API response time exceeded threshold
2025-07-29 09:45:04 [INFO] Database connection established
2025-07-29 17:32:46 [INFO] Service auth started
2025-07-29 11:09:20 [INFO] Cache cleared successfully
2025-07-29 11:01:28 [INFO] User login successful for user: charlie
2025-07-29 04:46:57 [ERROR] Unhandled exception: FileNotFoundError
2025-07-29 21:22:38 [INFO] User login successful for user: diana
2025-07-29 08:28:41 [INFO] User login successful for user: charlie
2025-07-29 03:10:23 [INFO] Database connection established
2025-07-29 19:35:59 [INFO] Service inventory started
2025-07-29 08:48:40 [INFO] Cache cleared successfully
2025-07-29 08:37:43 [WARNING] API response time exceeded threshold
2025-07-29 01:44:22 [INFO] Scheduled backup completed successfully
2025-07-29 17:30:54 [INFO] Service notification started
2025-07-29 18:57:42 [INFO] Service payment started
2025-07-29 01:12:20 [WARNING] API response time exceeded threshold
2025-07-29 20:35:08 [INFO] Scheduled backup completed successfully
2025-07-29 16:40:52 [DEBUG] Variable x has value: 2185
2025-07-29 16:23:11 [INFO] Cache cleared successfully
2025-07-29 13:50:43 [WARNING] Configuration file deprecated: data.csv
2025-07-29 16:30:56 [INFO] Scheduled backup completed successfully
2025-07-29 03:33:50 [ERROR] Email sending failed to recipient: user@gmail.com
2025-07-29 19:42:02 [INFO] Cache cleared successfully
2025-07-29 21:12:06 [INFO] Scheduled backup completed successfully
2025-07-29 10:38:10 [INFO] Scheduled backup completed successfully
2025-07-29 23:49:13 [INFO] Scheduled backup completed successfully
2025-07-29 13:51:59 [ERROR] File write failed: report.pdf
2025-07-29 09:26:27 [INFO] Service inventory started
2025-07-29 23:27:09 [INFO] File uploaded: backup.zip
2025-07-29 06:12:44 [INFO] File uploaded: report.pdf
2025-07-29 07:36:19 [WARNING] Second failed login attempt for user: bob. Next attempt will ERROR. Retrying...
2025-07-29 16:51:43 [ERROR] File write failed: config.yml
2025-07-29 06:09:40 [INFO] Service payment started
2025-07-29 18:42:33 [WARNING] Slow query detected: execution time 3734ms
2025-07-29 01:53:02 [WARNING] Slow query detected: execution time 3573ms
2025-07-29 14:45:06 [INFO] Database connection established
2025-07-29 08:25:46 [INFO] User login successful for user: charlie
2025-07-29 04:45:20 [INFO] File uploaded: config.yml
2025-07-29 11:49:42 [INFO] Cache cleared successfully
2025-07-29 02:24:49 [INFO] User login successful for user: eve
2025-07-29 18:07:50 [INFO] File uploaded: report.pdf
2025-07-29 22:18:38 [INFO] Cache cleared successfully
2025-07-29 15:26:20 [DEBUG] Entering function send_email with arguments: 4
2025-07-29 22:05:12 [ERROR] Unhandled exception: TimeoutError
2025-07-29 02:06:39 [INFO] Cache cleared successfully
2025-07-29 21:13:30 [INFO] Service notification started
2025-07-29 14:08:14 [ERROR] Deadlock detected in transaction ID 2040
2025-07-29 10:20:15 [INFO] Database connection established
2025-07-29 12:15:18 [INFO] File uploaded: data.csv
2025-07-29 22:33:50 [INFO] Service auth started
2025-07-29 05:13:18 [INFO] Cache cleared successfully
2025-07-29 21:05:03 [ERROR] Deadlock detected in transaction ID 3626
2025-07-29 12:19:37 [INFO] User login successful for user: bob
2025-07-29 15:21:29 [INFO] File uploaded: config.yml
2025-07-29 11:56:02 [INFO] Database connection established
2025-07-29 09:03:10 [INFO] File uploaded: report.pdf
2025-07-29 05:51:20 [DEBUG] Variable x has value: 3027
2025-07-29 15:40:51 [INFO] File uploaded: report.pdf
2025-07-29 11:49:28 [INFO] Database connection established
2025-07-29 13:48:06 [INFO] Database connection established
2025-07-29 04:04:09 [INFO] Scheduled backup completed successfully
2025-07-29 17:01:21 [INFO] Scheduled backup completed successfully
2025-07-29 12:17:05 [INFO] User login successful for user: alice
2025-07-29 21:32:55 [ERROR] Email sending failed to recipient: support@amazon.com
2025-07-29 07:54:23 [ERROR] File write failed: data.csv
2025-07-29 04:14:14 [INFO] Database connection established
2025-07-29 23:13:12 [INFO] Cache cleared successfully
2025-07-29 16:07:55 [INFO] Cache cleared successfully
2025-07-29 17:28:20 [WARNING] Slow query detected: execution time 1387ms
2025-07-29 11:54:44 [INFO] Service auth started
2025-07-29 09:48:49 [INFO] User login successful for user: bob
2025-07-29 16:26:44 [INFO] User login successful for user: diana
2025-07-29 05:32:43 [WARNING] Failed login attempt for user: alice. Retrying...
2025-07-29 04:41:53 [INFO] Scheduled backup completed successfully
2025-07-29 15:35:47 [INFO] Service notification started
2025-07-29 09:19:06 [INFO] Cache cleared successfully
2025-07-29 19:47:41 [INFO] Scheduled backup completed successfully
2025-07-29 13:33:29 [INFO] File uploaded: backup.zip
2025-07-29 15:34:46 [DEBUG] Entering function send_email with arguments: 1
2025-07-29 15:29:41 [WARNING] High memory usage detected
2025-07-29 10:27:22 [WARNING] Slow query detected: execution time 2382ms
2025-07-29 11:59:12 [WARNING] Disk space low: 1552 remaining
2025-07-29 04:29:21 [DEBUG] Query executed: UPDATE orders SET status='shipped' WHERE id=42
2025-07-29 02:45:05 [INFO] Database connection established
2025-07-29 13:07:31 [INFO] Database connection established
2025-07-29 06:54:29 [INFO] Service payment started
2025-07-29 19:30:03 [INFO] File uploaded: backup.zip
2025-07-29 04:26:58 [INFO] Database connection established
2025-07-29 07:33:50 [INFO] Service auth started
2025-07-29 13:42:47 [INFO] Database connection established
2025-07-29 19:01:32 [INFO] Cache cleared successfully
2025-07-29 02:02:02 [INFO] File uploaded: data.csv
2025-07-29 16:18:47 [INFO] User login successful for user: alice
2025-07-29 14:54:28 [INFO] File uploaded: report.pdf
2025-07-29 08:28:20 [INFO] Service payment started
2025-07-29 10:49:00 [INFO] User login successful for user: eve
2025-07-29 03:21:42 [INFO] Scheduled backup completed successfully
2025-07-29 02:55:08 [INFO] Cache cleared successfully
2025-07-29 08:47:04 [DEBUG] Entering function process_payment with arguments: 1
2025-07-29 15:37:08 [ERROR] File write failed: data.csv
2025-07-29 04:42:34 [INFO] User login successful for user: diana
2025-07-29 20:52:33 [INFO] User login successful for user: bob
2025-07-29 16:07:05 [WARNING] High memory usage detected
2025-07-29 13:24:42 [INFO] Database connection established
2025-07-29 06:56:26 [WARNING] Slow query detected: execution time 1022ms
2025-07-29 05:39:10 [INFO] File uploaded: data.csv
2025-07-29 08:54:55 [WARNING] High memory usage detected
2025-07-29 04:40:05 [INFO] User login successful for user: diana
2025-07-29 00:11:58 [INFO] User login successful for user: bob
2025-07-29 03:22:49 [INFO] File uploaded: data.csv
2025-07-29 22:07:00 [INFO] Service inventory started
2025-07-29 19:21:22 [INFO] Scheduled backup completed successfully
2025-07-29 18:43:05 [INFO] User login successful for user: alice
2025-07-29 16:52:36 [DEBUG] Session token generated for user: eve
2025-07-29 22:24:45 [WARNING] Failed login attempt for user: diana. Retrying...
2025-07-29 19:37:47 [INFO] File uploaded: backup.zip
2025-07-29 22:27:06 [INFO] Service payment started
2025-07-29 02:06:42 [INFO] Cache cleared successfully
2025-07-29 22:28:24 [INFO] Scheduled backup completed successfully
2025-07-29 04:17:48 [INFO] Cache cleared successfully
2025-07-29 08:07:57 [ERROR] File write failed: data.csv
2025-07-29 14:41:04 [INFO] Service auth started
2025-07-29 17:26:17 [ERROR] Database connection lost
2025-07-29 10:06:03 [DEBUG] Temporary file created at: config.yml
2025-07-29 00:35:03 [WARNING] Configuration file deprecated: backup.zip
2025-07-29 23:34:55 [INFO] Scheduled backup completed successfully
2025-07-29 09:32:34 [INFO] Database connection established
2025-07-29 08:36:53 [INFO] Database connection established
2025-07-29 19:02:08 [ERROR] File write failed: backup.zip
2025-07-29 11:13:54 [INFO] Scheduled backup completed successfully
2025-07-29 01:49:53 [INFO] Service notification started
2025-07-29 10:01:34 [ERROR] Unhandled exception: NullPointerException
2025-07-29 19:35:41 [INFO] Cache cleared successfully
2025-07-29 02:44:13 [INFO] Service payment started
2025-07-29 01:54:06 [INFO] Database connection established
2025-07-29 21:29:36 [INFO] User login successful for user: alice
2025-07-29 02:37:53 [INFO] Database connection established
2025-07-29 10:09:39 [INFO] File uploaded: backup.zip
2025-07-29 11:31:51 [INFO] Service notification started
2025-07-29 04:59:40 [ERROR] Deadlock detected in transaction ID 1592
2025-07-29 01:31:41 [WARNING] API response time exceeded threshold
2025-07-29 08:15:21 [INFO] User login successful for user: charlie
2025-07-29 07:25:43 [ERROR] Service auth crashed
2025-07-29 01:25:56 [DEBUG] Entering function generate_report with arguments: 10
2025-07-29 00:22:24 [INFO] User login successful for user: alice
2025-07-29 19:31:53 [INFO] File uploaded: report.pdf
2025-07-29 02:34:36 [INFO] Scheduled backup completed successfully
2025-07-29 10:34:38 [INFO] Scheduled backup completed successfully
2025-07-29 21:36:25 [WARNING] Failed login attempt for user: eve. Retrying...
2025-07-29 21:06:32 [WARNING] Configuration file deprecated: report.pdf
2025-07-29 12:17:42 [ERROR] Unhandled exception: NullPointerException
2025-07-29 07:47:29 [ERROR] File write failed: report.pdf
2025-07-29 00:45:21 [INFO] Database connection established
2025-07-29 23:28:30 [INFO] File uploaded: backup.zip
2025-07-29 01:43:42 [INFO] Service auth started
2025-07-29 18:27:14 [ERROR] Service inventory crashed
2025-07-29 14:48:26 [INFO] File uploaded: backup.zip
2025-07-29 23:10:13 [INFO] User login successful for user: bob
2025-07-29 00:23:51 [INFO] File uploaded: report.pdf
2025-07-29 07:25:05 [INFO] Scheduled backup completed successfully
2025-07-29 17:03:45 [INFO] User login successful for user: charlie
2025-07-29 00:08:02 [INFO] File uploaded: report.pdf
2025-07-29 20:41:12 [INFO] Database connection established
2025-07-29 22:25:18 [INFO] Scheduled backup completed successfully
2025-07-29 17:51:46 [WARNING] API response time exceeded threshold
2025-07-29 02:04:12 [INFO] Database connection established
2025-07-29 16:06:12 [INFO] User login successful for user: charlie
2025-07-29 16:46:38 [INFO] Database connection established
2025-07-29 01:24:16 [INFO] Database connection established
2025-07-29 14:52:34 [INFO] Scheduled backup completed successfully
2025-07-29 05:47:30 [INFO] Service notification started
2025-07-29 21:28:07 [INFO] File uploaded: backup.zip
2025-07-29 02:07:41 [WARNING] Second failed login attempt for user: charlie. Next attempt will ERROR. Retrying...
2025-07-29 03:47:46 [INFO] File uploaded: report.pdf
2025-07-29 12:42:52 [INFO] Database connection established
2025-07-29 05:44:37 [WARNING] Slow query detected: execution time 3666ms
2025-07-29 21:54:12 [WARNING] Slow query detected: execution time 1171ms
2025-07-29 12:31:54 [WARNING] Disk space low: 1665 remaining
2025-07-29 01:01:14 [WARNING] Disk space low: 183 remaining
2025-07-29 18:46:19 [INFO] Service notification started
2025-07-29 15:42:23 [INFO] User login successful for user: diana
2025-07-29 03:39:55 [INFO] User login successful for user: eve
2025-07-29 04:10:05 [INFO] File uploaded: config.yml
2025-07-29 01:47:21 [ERROR] Service auth crashed
2025-07-29 22:04:05 [INFO] User login successful for user: diana
2025-07-29 21:52:08 [WARNING] Disk space low: 1200 remaining
2025-07-29 23:30:52 [INFO] Cache cleared successfully
2025-07-29 17:40:49 [INFO] Service inventory started
2025-07-29 00:59:27 [WARNING] API response time exceeded threshold
2025-07-29 13:17:15 [INFO] Scheduled backup completed successfully
2025-07-29 21:24:49 [INFO] Cache cleared successfully
2025-07-29 02:30:22 [INFO] File uploaded: report.pdf
2025-07-29 00:55:52 [ERROR] Service notification crashed
2025-07-29 05:21:42 [INFO] Scheduled backup completed successfully
2025-07-29 12:11:05 [WARNING] Second failed login attempt for user: charlie. Next attempt will ERROR. Retrying...
2025-07-29 04:06:14 [INFO] User login successful for user: diana
2025-07-29 22:56:32 [DEBUG] Temporary file created at: backup.zip
2025-07-29 06:04:22 [WARNING] High memory usage detected
2025-07-29 15:52:20 [WARNING] Second failed login attempt for user: bob. Next attempt will ERROR. Retrying...
2025-07-29 03:42:08 [INFO] Service auth started
2025-07-29 10:13:53 [INFO] Database connection established
2025-07-29 16:53:56 [INFO] File uploaded: config.yml
2025-07-29 14:37:02 [INFO] Cache cleared successfully
2025-07-29 22:46:46 [WARNING] Configuration file deprecated: data.csv
2025-07-29 08:05:38 [INFO] User login successful for user: bob
2025-07-29 21:58:50 [INFO] User login successful for user: eve
2025-07-29 23:09:15 [INFO] File uploaded: report.pdf
2025-07-29 15:40:19 [INFO] Scheduled backup completed successfully
2025-07-29 23:29:31 [INFO] File uploaded: data.csv
2025-07-29 12:18:55 [INFO] User login successful for user: diana
2025-07-29 11:01:20 [INFO] Cache cleared successfully
2025-07-29 14:14:42 [INFO] User login successful for user: alice
2025-07-29 02:32:05 [INFO] Service inventory started
2025-07-29 23:40:23 [INFO] Database connection established
2025-07-29 02:41:23 [INFO] Service auth started
2025-07-29 10:56:10 [INFO] User login successful for user: charlie
2025-07-29 01:54:57 [INFO] Service auth started
2025-07-29 07:59:24 [INFO] Database connection established
2025-07-29 00:39:51 [DEBUG] Temporary file created at: report.pdf
2025-07-29 21:56:11 [INFO] Cache cleared successfully
2025-07-29 15:47:20 [WARNING] Failed login attempt for user: charlie. Retrying...
2025-07-29 07:27:33 [INFO] Cache cleared successfully
2025-07-29 13:24:34 [INFO] Database connection established
2025-07-29 13:02:42 [INFO] Cache cleared successfully
2025-07-29 13:35:38 [INFO] Database connection established
2025-07-29 05:53:46 [INFO] File uploaded: backup.zip
2025-07-29 07:24:52 [INFO] Service auth started
2025-07-29 12:06:48 [INFO] Service auth started
2025-07-29 04:27:19 [DEBUG] Query executed: SELECT * FROM users
2025-07-29 17:53:46 [ERROR] Deadlock detected in transaction ID 604
2025-07-29 23:40:00 [INFO] Database connection established
2025-07-29 06:15:02 [INFO] Cache cleared successfully
2025-07-29 07:46:19 [INFO] User login successful for user: charlie
2025-07-29 18:38:10 [INFO] Database connection established
2025-07-29 04:16:41 [ERROR] Service auth crashed
2025-07-29 14:53:50 [WARNING] Configuration file deprecated: backup.zip
2025-07-29 04:58:04 [INFO] Cache cleared successfully
2025-07-29 19:17:02 [INFO] Scheduled backup completed successfully
2025-07-29 20:35:45 [WARNING] Slow query detected: execution time 617ms
2025-07-29 06:11:05 [INFO] File uploaded: backup.zip
2025-07-29 06:20:33 [WARNING] Disk space low: 1372 remaining
2025-07-29 13:44:29 [INFO] Scheduled backup completed successfully
2025-07-29 19:07:48 [INFO] Cache cleared successfully
2025-07-29 15:47:44 [ERROR] Email sending failed to recipient: admin@google.com
2025-07-29 09:08:30 [INFO] File uploaded: data.csv
2025-07-29 23:09:35 [INFO] Service notification started
2025-07-29 09:16:05 [INFO] Database connection established
2025-07-29 17:43:14 [ERROR] Unhandled exception: FileNotFoundError
2025-07-29 23:15:26 [INFO] User login successful for user: bob
2025-07-29 02:39:24 [INFO] File uploaded: config.yml
2025-07-29 10:30:15 [INFO] User login successful for user: eve
2025-07-29 08:03:48 [WARNING] Failed login attempt for user: diana. Retrying...
2025-07-29 02:34:39 [INFO] Database connection established
2025-07-29 17:04:38 [INFO] Scheduled backup completed successfully
2025-07-29 16:54:07 [WARNING] API response time exceeded threshold
2025-07-29 10:53:10 [INFO] Scheduled backup completed successfully
2025-07-29 14:31:25 [WARNING] Configuration file deprecated: report.pdf
2025-07-29 08:03:52 [WARNING] Second failed login attempt for user: eve. Next attempt will ERROR. Retrying...
2025-07-29 10:54:13 [INFO] File uploaded: config.yml
2025-07-29 20:19:40 [INFO] Database connection established
2025-07-29 01:02:18 [INFO] Cache cleared successfully
2025-07-29 02:56:24 [INFO] Scheduled backup completed successfully
2025-07-29 02:57:56 [WARNING] Disk space low: 1823 remaining
2025-07-29 04:38:30 [INFO] Service notification started
2025-07-29 15:07:37 [INFO] Database connection established
2025-07-29 13:10:27 [ERROR] Database connection lost
2025-07-29 02:23:08 [INFO] Database connection established
2025-07-29 12:55:43 [WARNING] Configuration file deprecated: backup.zip
2025-07-29 23:09:56 [INFO] Database connection established
2025-07-29 21:37:14 [WARNING] Second failed login attempt for user: bob. Next attempt will ERROR. Retrying...
2025-07-29 19:42:56 [INFO] Database connection established
2025-07-29 05:34:23 [DEBUG] Session token generated for user: eve
2025-07-29 20:26:24 [DEBUG] Temporary file created at: backup.zip
2025-07-29 22:46:14 [WARNING] Failed login attempt for user: bob. Retrying...
2025-07-29 09:08:52 [ERROR] Unhandled exception: TimeoutError
2025-07-29 08:35:15 [INFO] User login successful for user: bob
2025-07-29 00:27:45 [ERROR] Database connection lost
2025-07-29 10:45:03 [INFO] File uploaded: report.pdf
2025-07-29 23:27:04 [DEBUG] Query executed: UPDATE orders SET status='shipped' WHERE id=42
2025-07-29 10:38:50 [INFO] Scheduled backup completed successfully
2025-07-29 23:06:27 [INFO] User login successful for user: eve
2025-07-29 17:53:16 [ERROR] Deadlock detected in transaction ID 3448
2025-07-29 00:21:01 [INFO] User login successful for user: alice
2025-07-29 05:15:57 [INFO] File uploaded: config.yml
2025-07-29 08:39:05 [INFO] File uploaded: backup.zip
2025-07-29 02:03:11 [ERROR] Unhandled exception: TimeoutError
2025-07-29 23:34:52 [INFO] Database connection established
2025-07-29 17:54:27 [INFO] Cache cleared successfully
2025-07-29 07:11:29 [ERROR] Unhandled exception: NullPointerException
2025-07-29 00:56:40 [DEBUG] Query executed: UPDATE orders SET status='shipped' WHERE id=42
2025-07-29 23:08:59 [ERROR] Database connection lost
2025-07-29 13:32:41 [INFO] File uploaded: backup.zip
2025-07-29 15:57:21 [INFO] File uploaded: data.csv
2025-07-29 18:48:17 [INFO] Database connection established
2025-07-29 22:22:15 [WARNING] Slow query detected: execution time 3479ms
2025-07-29 15:12:08 [INFO] User login successful for user: alice
2025-07-29 12:50:53 [INFO] Service notification started
2025-07-29 02:26:08 [WARNING] Configuration file deprecated: config.yml
2025-07-29 09:58:41 [INFO] Scheduled backup completed successfully
2025-07-29 06:32:28 [INFO] File uploaded: data.csv
2025-07-29 17:30:32 [INFO] File uploaded: backup.zip
2025-07-29 09:03:04 [INFO] Database connection established
2025-07-29 07:14:22 [INFO] Database connection established
2025-07-29 11:29:55 [INFO] User login successful for user: eve
2025-07-29 17:43:38 [INFO] Scheduled backup completed successfully
2025-07-29 03:55:11 [INFO] Scheduled backup completed successfully
2025-07-29 09:32:08 [DEBUG] Temporary file created at: config.yml
2025-07-29 04:04:02 [ERROR] Email sending failed to recipient: user@gmail.com
2025-07-29 05:34:50 [INFO] Service payment started
2025-07-29 16:26:42 [ERROR] Unhandled exception: FileNotFoundError
2025-07-29 19:24:33 [INFO] Scheduled backup completed successfully
2025-07-29 01:42:34 [INFO] Scheduled backup completed successfully
2025-07-29 01:33:09 [INFO] Service inventory started
2025-07-29 10:09:08 [INFO] Scheduled backup completed successfully
2025-07-29 23:22:45 [ERROR] Database connection lost
2025-07-29 06:06:50 [ERROR] Unhandled exception: FileNotFoundError
2025-07-29 07:02:42 [ERROR] Service inventory crashed
2025-07-29 05:42:43 [INFO] Cache cleared successfully
2025-07-29 13:50:56 [WARNING] High memory usage detected
2025-07-29 01:09:18 [ERROR] Database connection lost
2025-07-29 13:42:56 [INFO] File uploaded: data.csv
2025-07-29 21:04:08 [WARNING] High memory usage detected
2025-07-29 14:46:44 [INFO] Database connection established
2025-07-29 09:13:17 [DEBUG] Session token generated for user: bob
2025-07-29 02:04:52 [INFO] Cache cleared successfully
2025-07-29 00:26:28 [INFO] Scheduled backup completed successfully
2025-07-29 15:30:26 [INFO] Database connection established
2025-07-29 09:21:56 [WARNING] Second failed login attempt for user: charlie. Next attempt will ERROR. Retrying...
2025-07-29 03:23:18 [INFO] Scheduled backup completed successfully
2025-07-29 18:16:05 [WARNING] Disk space low: 3599 remaining
2025-07-29 05:47:16 [WARNING] High memory usage detected
2025-07-29 15:23:31 [INFO] Database connection established
2025-07-29 22:18:57 [INFO] Database connection established
2025-07-29 23:30:25 [ERROR] Unhandled exception: NullPointerException
2025-07-29 19:29:52 [INFO] Service auth started
2025-07-29 05:37:57 [INFO] User login successful for user: eve
2025-07-29 10:21:14 [WARNING] High memory usage detected
2025-07-29 10:09:00 [WARNING] Slow query detected: execution time 3520ms
2025-07-29 11:54:58 [ERROR] Service payment crashed
2025-07-29 07:22:18 [WARNING] Slow query detected: execution time 4229ms
2025-07-29 07:49:19 [ERROR] Unhandled exception: FileNotFoundError
2025-07-29 10:03:07 [WARNING] Failed login attempt for user: eve. Retrying...
2025-07-29 15:10:42 [INFO] File uploaded: report.pdf
2025-07-29 17:28:59 [WARNING] Second failed login attempt for user: charlie. Next attempt will ERROR. Retrying...
2025-07-29 19:03:41 [ERROR] Service inventory crashed
2025-07-29 06:56:08 [WARNING] High memory usage detected
2025-07-29 14:00:18 [INFO] Scheduled backup completed successfully
2025-07-29 11:03:11 [INFO] Service inventory started
2025-07-29 13:50:56 [INFO] User login successful for user: alice
2025-07-29 18:35:45 [ERROR] Database connection lost
2025-07-29 03:54:02 [INFO] User login successful for user: eve
2025-07-29 19:43:05 [INFO] User login successful for user: diana
2025-07-29 10:04:05 [DEBUG] Entering function send_email with arguments: 5
2025-07-29 15:37:25 [WARNING] Slow query detected: execution time 3442ms
2025-07-29 19:56:28 [INFO] Service inventory started
2025-07-29 01:08:48 [WARNING] API response time exceeded threshold
2025-07-29 18:27:34 [INFO] File uploaded: report.pdf
2025-07-29 02:12:12 [INFO] Service auth started
2025-07-29 06:06:04 [WARNING] Failed login attempt for user: charlie. Retrying...
2025-07-29 04:03:55 [INFO] User login successful for user: bob
2025-07-29 23:58:34 [INFO] Scheduled backup completed successfully
2025-07-29 14:14:21 [INFO] Cache cleared successfully
2025-07-29 17:59:59 [INFO] User login successful for user: alice
2025-07-29 02:32:16 [INFO] User login successful for user: charlie
2025-07-29 02:42:47 [INFO] File uploaded: backup.zip
2025-07-29 12:32:18 [ERROR] Unhandled exception: FileNotFoundError
2025-07-29 01:56:19 [INFO] Scheduled backup completed successfully
2025-07-29 06:27:17 [WARNING] Configuration file deprecated: config.yml
2025-07-29 09:11:15 [INFO] User login successful for user: diana
2025-07-29 15:42:36 [INFO] Database connection established
2025-07-29 22:22:34 [ERROR] Email sending failed to recipient: admin@google.com
2025-07-29 12:37:55 [INFO] Scheduled backup completed successfully
2025-07-29 10:12:35 [INFO] Cache cleared successfully
2025-07-29 22:04:43 [INFO] Service inventory started
2025-07-29 04:04:44 [ERROR] Service notification crashed
2025-07-29 18:43:56 [WARNING] High memory usage detected
2025-07-29 20:41:08 [INFO] User login successful for user: bob
2025-07-29 21:40:11 [INFO] Database connection established
2025-07-29 04:40:11 [INFO] User login successful for user: eve
2025-07-29 13:14:35 [INFO] Scheduled backup completed successfully
2025-07-29 20:18:43 [INFO] Database connection established
2025-07-29 05:26:21 [INFO] Service payment started
2025-07-29 03:23:18 [INFO] Database connection established
2025-07-29 05:52:24 [INFO] File uploaded: backup.zip
2025-07-29 15:51:57 [INFO] Scheduled backup completed successfully
2025-07-29 06:37:12 [INFO] User login successful for user: bob
2025-07-29 22:46:52 [ERROR] Database connection lost
2025-07-29 17:51:45 [INFO] Service payment started
2025-07-29 21:27:16 [WARNING] High memory usage detected
2025-07-29 14:05:09 [INFO] Scheduled backup completed successfully
2025-07-29 10:10:15 [INFO] Scheduled backup completed successfully
2025-07-29 23:12:17 [INFO] Cache cleared successfully
2025-07-29 16:47:51 [INFO] Scheduled backup completed successfully
2025-07-29 01:59:16 [DEBUG] Session token generated for user: bob
2025-07-29 20:37:56 [INFO] Service notification started
2025-07-29 16:29:09 [INFO] Service payment started
2025-07-29 19:19:21 [INFO] User login successful for user: charlie
2025-07-29 10:12:24 [INFO] Scheduled backup completed successfully
2025-07-29 02:29:42 [INFO] Cache cleared successfully
2025-07-29 22:06:08 [INFO] Database connection established
2025-07-29 21:01:39 [INFO] Cache cleared successfully
2025-07-29 20:02:10 [INFO] User login successful for user: charlie
2025-07-29 06:22:28 [WARNING] Configuration file deprecated: data.csv
2025-07-29 20:42:14 [ERROR] Email sending failed to recipient: user@gmail.com
2025-07-29 17:52:45 [INFO] User login successful for user: alice
2025-07-29 21:59:19 [WARNING] Failed login attempt for user: eve. Retrying...
2025-07-29 23:13:12 [WARNING] Slow query detected: execution time 1390ms
2025-07-29 15:48:58 [INFO] File uploaded: backup.zip
2025-07-29 22:06:51 [INFO] Cache cleared successfully
2025-07-29 00:24:56 [INFO] Service payment started
2025-07-29 12:13:44 [ERROR] Unhandled exception: FileNotFoundError
2025-07-29 09:23:31 [INFO] Scheduled backup completed successfully
2025-07-29 04:28:14 [DEBUG] Query executed: SELECT * FROM users
2025-07-29 22:38:27 [INFO] Scheduled backup completed successfully
2025-07-29 22:14:30 [WARNING] Disk space low: 4198 remaining
2025-07-29 00:50:59 [INFO] Scheduled backup completed successfully
2025-07-29 07:52:25 [INFO] Database connection established
2025-07-29 16:06:20 [INFO] File uploaded: data.csv
2025-07-29 14:58:37 [WARNING] High memory usage detected
2025-07-29 18:05:26 [WARNING] Second failed login attempt for user: diana. Next attempt will ERROR. Retrying...
2025-07-29 01:48:13 [INFO] User login successful for user: eve
2025-07-29 13:46:00 [INFO] User login successful for user: charlie
2025-07-29 17:56:58 [ERROR] Database connection lost
2025-07-29 16:09:57 [INFO] User login successful for user: charlie
2025-07-29 12:22:27 [ERROR] Database connection lost
2025-07-29 12:30:14 [INFO] User login successful for user: eve
2025-07-29 19:59:43 [INFO] User login successful for user: diana
2025-07-29 01:24:00 [WARNING] Slow query detected: execution time 1790ms
2025-07-29 09:02:15 [INFO] Service inventory started
2025-07-29 02:24:23 [INFO] Database connection established
2025-07-29 04:15:22 [INFO] Scheduled backup completed successfully
2025-07-29 18:06:45 [DEBUG] Entering function generate_report with arguments: 4
2025-07-29 00:10:31 [INFO] Cache cleared successfully
2025-07-29 00:33:16 [INFO] File uploaded: backup.zip
2025-07-29 14:03:58 [INFO] Service inventory started
2025-07-29 10:41:15 [INFO] Scheduled backup completed successfully
2025-07-29 21:43:27 [ERROR] Deadlock detected in transaction ID 113
2025-07-29 14:39:32 [INFO] Cache cleared successfully
2025-07-29 10:41:07 [ERROR] Email sending failed to recipient: support@amazon.com
2025-07-29 23:57:22 [INFO] Cache cleared successfully
2025-07-29 14:23:53 [INFO] User login successful for user: alice
2025-07-29 23:52:52 [INFO] File uploaded: config.yml
2025-07-29 18:52:31 [ERROR] Email sending failed to recipient: support@amazon.com
2025-07-29 21:14:58 [INFO] Service auth started
2025-07-29 09:37:51 [WARNING] API response time exceeded threshold
2025-07-29 17:39:49 [WARNING] High memory usage detected
2025-07-29 03:46:34 [DEBUG] Temporary file created at: backup.zip
2025-07-29 19:17:21 [INFO] User login successful for user: bob
2025-07-29 21:34:57 [ERROR] Email sending failed to recipient: user@gmail.com
2025-07-29 15:52:10 [INFO] Scheduled backup completed successfully
2025-07-29 01:23:41 [WARNING] API response time exceeded threshold
2025-07-29 16:55:23 [INFO] Service payment started
2025-07-29 18:54:23 [INFO] User login successful for user: eve
2025-07-29 07:43:02 [DEBUG] Variable x has value: 2449
2025-07-29 10:15:41 [INFO] Database connection established
2025-07-29 02:31:06 [WARNING] Configuration file deprecated: config.yml
2025-07-29 12:35:56 [INFO] Scheduled backup completed successfully
2025-07-29 17:14:50 [INFO] Service payment started
2025-07-29 13:09:01 [INFO] Service notification started
2025-07-29 21:07:31 [WARNING] High memory usage detected
2025-07-29 01:51:45 [WARNING] Failed login attempt for user: eve. Retrying...
2025-07-29 06:19:07 [WARNING] Disk space low: 3747 remaining
2025-07-29 12:55:20 [WARNING] Disk space low: 417 remaining
2025-07-29 08:01:57 [INFO] File uploaded: report.pdf
2025-07-29 17:38:05 [INFO] File uploaded: data.csv
2025-07-29 06:45:04 [INFO] Service auth started
2025-07-29 14:41:46 [ERROR] Unhandled exception: TimeoutError
2025-07-29 01:03:03 [INFO] Scheduled backup completed successfully
2025-07-29 00:44:44 [INFO] User login successful for user: alice
2025-07-29 23:33:21 [INFO] User login successful for user: eve
2025-07-29 19:45:39 [INFO] Scheduled backup completed successfully
2025-07-29 07:43:49 [INFO] User login successful for user: diana
2025-07-29 17:47:41 [INFO] File uploaded: data.csv
2025-07-29 14:23:36 [ERROR] Service inventory crashed
2025-07-29 11:29:49 [INFO] Cache cleared successfully
2025-07-29 02:12:55 [WARNING] Second failed login attempt for user: charlie. Next attempt will ERROR. Retrying...
2025-07-29 19:56:13 [ERROR] Service payment crashed
2025-07-29 11:37:28 [INFO] File uploaded: backup.zip
2025-07-29 08:04:14 [WARNING] Second failed login attempt for user: charlie. Next attempt will ERROR. Retrying...
2025-07-29 02:02:08 [WARNING] High memory usage detected
2025-07-29 18:59:45 [INFO] Cache cleared successfully
2025-07-29 11:07:58 [ERROR] File write failed: data.csv
2025-07-29 14:12:14 [ERROR] Service inventory crashed
2025-07-29 16:07:00 [INFO] Database connection established
2025-07-29 11:56:28 [INFO] File uploaded: backup.zip
2025-07-29 20:53:41 [INFO] Database connection established
2025-07-29 13:45:44 [WARNING] Disk space low: 2875 remaining
2025-07-29 15:42:10 [DEBUG] Variable x has value: 3001
2025-07-29 23:07:14 [DEBUG] Session token generated for user: diana
2025-07-29 00:48:18 [INFO] User login successful for user: eve
2025-07-29 07:06:22 [WARNING] Configuration file deprecated: config.yml
2025-07-29 18:37:00 [INFO] File uploaded: backup.zip
2025-07-29 10:38:45 [INFO] Scheduled backup completed successfully
2025-07-29 12:05:40 [INFO] User login successful for user: charlie
2025-07-29 22:22:27 [INFO] Database connection established
2025-07-29 12:37:10 [INFO] Service payment started
2025-07-29 20:00:32 [INFO] User login successful for user: bob
2025-07-29 15:54:45 [INFO] User login successful for user: diana
2025-07-29 05:56:39 [INFO] Scheduled backup completed successfully
2025-07-29 01:36:22 [WARNING] Disk space low: 3561 remaining
2025-07-29 09:05:23 [INFO] User login successful for user: eve
2025-07-29 05:01:54 [WARNING] High memory usage detected
2025-07-29 05:34:58 [ERROR] Service notification crashed
2025-07-29 06:03:13 [INFO] Cache cleared successfully
2025-07-29 05:16:37 [INFO] Database connection established
2025-07-29 19:21:06 [INFO] Scheduled backup completed successfully
2025-07-29 10:46:35 [WARNING] High memory usage detected
2025-07-29 06:34:15 [DEBUG] Entering function send_email with arguments: 5
2025-07-29 06:09:07 [INFO] Scheduled backup completed successfully
2025-07-29 16:10:59 [WARNING] Configuration file deprecated: backup.zip
2025-07-29 12:40:04 [INFO] File uploaded: data.csv
2025-07-29 21:34:44 [INFO] Service inventory started
2025-07-29 04:17:20 [ERROR] Database connection lost
2025-07-29 12:07:01 [INFO] Service auth started
2025-07-29 01:55:39 [ERROR] Unhandled exception: TimeoutError
2025-07-29 16:56:17 [INFO] Database connection established
2025-07-29 02:56:48 [ERROR] Service inventory crashed
2025-07-29 12:22:48 [INFO] Scheduled backup completed successfully
2025-07-29 16:25:59 [WARNING] Second failed login attempt for user: charlie. Next attempt will ERROR. Retrying...
2025-07-29 08:30:02 [INFO] Database connection established
2025-07-29 14:16:52 [DEBUG] Query executed: UPDATE orders SET status='shipped' WHERE id=42
2025-07-29 09:17:48 [INFO] Cache cleared successfully
2025-07-29 11:40:37 [INFO] Database connection established
2025-07-29 01:15:17 [INFO] File uploaded: data.csv
2025-07-29 14:24:35 [INFO] User login successful for user: bob
2025-07-29 12:35:34 [ERROR] File write failed: report.pdf
2025-07-29 08:57:07 [ERROR] Email sending failed to recipient: support@amazon.com
2025-07-29 09:49:15 [WARNING] Configuration file deprecated: report.pdf
2025-07-29 08:29:21 [INFO] Scheduled backup completed successfully
2025-07-29 20:30:18 [INFO] Service inventory started
2025-07-29 21:17:33 [INFO] Scheduled backup completed successfully
2025-07-29 06:43:39 [WARNING] Failed login attempt for user: charlie. Retrying...
2025-07-29 08:59:39 [INFO] Database connection established
2025-07-29 15:11:21 [WARNING] Second failed login attempt for user: eve. Next attempt will ERROR. Retrying...
2025-07-29 06:42:43 [INFO] Cache cleared successfully
2025-07-29 18:35:13 [INFO] User login successful for user: bob
2025-07-29 13:15:12 [DEBUG] Query executed: UPDATE orders SET status='shipped' WHERE id=42
2025-07-29 01:16:39 [INFO] File uploaded: config.yml
2025-07-29 16:53:13 [INFO] File uploaded: config.yml
