2025-07-18 20:40:31 [INFO] Database connection established
2025-07-18 21:46:08 [WARNING] High memory usage detected
2025-07-18 15:06:30 [INFO] Cache cleared successfully
2025-07-18 21:01:36 [INFO] Scheduled backup completed successfully
2025-07-18 11:55:11 [INFO] Cache cleared successfully
2025-07-18 20:19:57 [ERROR] Unhandled exception: NullPointerException
2025-07-18 22:48:25 [INFO] Service notification started
2025-07-18 23:12:45 [INFO] User login successful for user: alice
2025-07-18 21:31:37 [INFO] Database connection established
2025-07-18 03:01:08 [ERROR] Database connection lost
2025-07-18 18:05:56 [INFO] Scheduled backup completed successfully
2025-07-18 09:25:51 [INFO] Database connection established
2025-07-18 09:47:35 [INFO] Scheduled backup completed successfully
2025-07-18 01:02:56 [INFO] Database connection established
2025-07-18 11:31:13 [INFO] Cache cleared successfully
2025-07-18 02:14:07 [INFO] Cache cleared successfully
2025-07-18 16:39:17 [INFO] Service notification started
2025-07-18 15:50:41 [INFO] Scheduled backup completed successfully
2025-07-18 09:47:39 [WARNING] High memory usage detected
2025-07-18 09:49:19 [INFO] Cache cleared successfully
2025-07-18 15:54:20 [INFO] User login successful for user: alice
2025-07-18 05:51:47 [WARNING] API response time exceeded threshold
2025-07-18 16:17:49 [INFO] Cache cleared successfully
2025-07-18 13:06:54 [WARNING] API response time exceeded threshold
2025-07-18 04:41:38 [INFO] File uploaded: data.csv
2025-07-18 03:06:44 [INFO] Scheduled backup completed successfully
2025-07-18 09:42:28 [INFO] Scheduled backup completed successfully
2025-07-18 02:54:04 [INFO] User login successful for user: alice
2025-07-18 04:02:06 [INFO] Database connection established
2025-07-18 07:16:55 [INFO] Service inventory started
2025-07-18 05:45:20 [INFO] Scheduled backup completed successfully
2025-07-18 12:47:25 [INFO] File uploaded: backup.zip
2025-07-18 09:51:41 [INFO] Scheduled backup completed successfully
2025-07-18 13:50:29 [INFO] File uploaded: config.yml
2025-07-18 20:25:51 [INFO] Cache cleared successfully
2025-07-18 14:59:11 [INFO] Cache cleared successfully
2025-07-18 00:04:49 [INFO] File uploaded: data.csv
2025-07-18 03:18:09 [INFO] Service inventory started
2025-07-18 16:47:59 [DEBUG] Session token generated for user: eve
2025-07-18 05:14:28 [INFO] Service auth started
2025-07-18 05:00:27 [INFO] File uploaded: config.yml
2025-07-18 07:05:13 [INFO] Database connection established
2025-07-18 11:59:51 [DEBUG] Temporary file created at: report.pdf
2025-07-18 01:28:57 [INFO] User login successful for user: alice
2025-07-18 09:39:56 [INFO] User login successful for user: charlie
2025-07-18 23:17:40 [WARNING] Slow query detected: execution time 4223ms
2025-07-18 00:12:11 [WARNING] Slow query detected: execution time 1093ms
2025-07-18 14:10:56 [INFO] User login successful for user: alice
2025-07-18 01:56:20 [WARNING] High memory usage detected
2025-07-18 22:44:08 [INFO] Database connection established
2025-07-18 10:34:02 [INFO] Cache cleared successfully
2025-07-18 00:26:22 [INFO] Scheduled backup completed successfully
2025-07-18 03:27:25 [INFO] Service notification started
2025-07-18 15:25:50 [ERROR] Email sending failed to recipient: user@gmail.com
2025-07-18 01:32:45 [WARNING] Disk space low: 4774 remaining
2025-07-18 13:27:16 [INFO] Database connection established
2025-07-18 13:25:42 [INFO] Cache cleared successfully
2025-07-18 08:17:06 [INFO] Service notification started
2025-07-18 04:22:06 [INFO] Database connection established
2025-07-18 06:57:27 [INFO] Database connection established
2025-07-18 08:42:29 [WARNING] High memory usage detected
2025-07-18 01:09:10 [INFO] User login successful for user: diana
2025-07-18 23:58:48 [INFO] User login successful for user: diana
2025-07-18 00:57:18 [ERROR] Email sending failed to recipient: user@gmail.com
2025-07-18 12:51:43 [INFO] User login successful for user: diana
2025-07-18 03:29:24 [ERROR] Unhandled exception: NullPointerException
2025-07-18 04:50:38 [ERROR] Email sending failed to recipient: user@gmail.com
2025-07-18 23:01:40 [INFO] Database connection established
2025-07-18 04:49:45 [INFO] Cache cleared successfully
2025-07-18 12:59:11 [ERROR] Deadlock detected in transaction ID 525
2025-07-18 07:14:01 [INFO] File uploaded: data.csv
2025-07-18 21:15:40 [ERROR] Service auth crashed
2025-07-18 16:51:38 [DEBUG] Temporary file created at: backup.zip
2025-07-18 06:23:53 [ERROR] Service payment crashed
2025-07-18 21:24:54 [INFO] Database connection established
2025-07-18 11:00:18 [INFO] User login successful for user: diana
2025-07-18 12:50:58 [DEBUG] Session token generated for user: charlie
2025-07-18 08:44:47 [INFO] Cache cleared successfully
2025-07-18 10:41:26 [INFO] Service inventory started
2025-07-18 22:18:03 [INFO] Database connection established
2025-07-18 11:59:57 [INFO] Service payment started
2025-07-18 04:40:50 [INFO] Database connection established
2025-07-18 04:41:52 [WARNING] High memory usage detected
2025-07-18 20:15:17 [INFO] Service auth started
2025-07-18 06:58:11 [INFO] File uploaded: report.pdf
2025-07-18 15:38:34 [INFO] Database connection established
2025-07-18 00:46:01 [DEBUG] Query executed: UPDATE orders SET status='shipped' WHERE id=42
2025-07-18 23:16:02 [DEBUG] Variable x has value: 1925
2025-07-18 13:03:13 [INFO] User login successful for user: charlie
2025-07-18 20:11:20 [INFO] Database connection established
2025-07-18 18:17:40 [WARNING] Disk space low: 2145 remaining
2025-07-18 06:49:51 [INFO] Database connection established
2025-07-18 09:18:23 [WARNING] Slow query detected: execution time 4336ms
2025-07-18 08:33:43 [INFO] Scheduled backup completed successfully
2025-07-18 12:17:15 [ERROR] Unhandled exception: TimeoutError
2025-07-18 08:21:58 [ERROR] Database connection lost
2025-07-18 00:22:34 [INFO] Database connection established
2025-07-18 21:55:36 [INFO] Database connection established
2025-07-18 20:18:51 [WARNING] API response time exceeded threshold
2025-07-18 16:22:02 [INFO] User login successful for user: alice
2025-07-18 12:28:47 [INFO] Database connection established
2025-07-18 18:15:27 [DEBUG] Entering function generate_report with arguments: 9
2025-07-18 03:20:45 [ERROR] Deadlock detected in transaction ID 3304
2025-07-18 18:06:55 [INFO] File uploaded: backup.zip
2025-07-18 23:39:07 [WARNING] API response time exceeded threshold
2025-07-18 18:58:20 [DEBUG] Session token generated for user: eve
2025-07-18 12:03:22 [INFO] Database connection established
2025-07-18 19:02:19 [INFO] Database connection established
2025-07-18 18:33:13 [INFO] Service payment started
2025-07-18 02:02:19 [ERROR] Service inventory crashed
2025-07-18 06:07:58 [INFO] File uploaded: backup.zip
2025-07-18 12:22:23 [INFO] User login successful for user: diana
2025-07-18 12:40:56 [INFO] Service notification started
2025-07-18 16:38:07 [INFO] Service auth started
2025-07-18 18:54:37 [ERROR] Service notification crashed
2025-07-18 08:04:01 [WARNING] Configuration file deprecated: report.pdf
2025-07-18 20:27:31 [INFO] File uploaded: backup.zip
2025-07-18 21:59:30 [INFO] User login successful for user: diana
2025-07-18 03:46:38 [INFO] Cache cleared successfully
2025-07-18 17:26:20 [INFO] Database connection established
2025-07-18 12:55:37 [DEBUG] Query executed: SELECT * FROM users
2025-07-18 04:32:45 [INFO] User login successful for user: charlie
2025-07-18 23:35:52 [ERROR] Service inventory crashed
2025-07-18 23:49:24 [INFO] Service notification started
2025-07-18 01:18:37 [INFO] Scheduled backup completed successfully
2025-07-18 14:42:42 [WARNING] API response time exceeded threshold
2025-07-18 06:11:21 [INFO] Service inventory started
2025-07-18 12:17:37 [INFO] Cache cleared successfully
2025-07-18 01:07:14 [INFO] Cache cleared successfully
2025-07-18 14:12:52 [INFO] User login successful for user: diana
2025-07-18 02:13:52 [INFO] Database connection established
2025-07-18 14:59:08 [WARNING] Configuration file deprecated: backup.zip
2025-07-18 15:40:54 [WARNING] API response time exceeded threshold
2025-07-18 20:32:46 [WARNING] API response time exceeded threshold
2025-07-18 22:55:33 [WARNING] Second failed login attempt for user: diana. Next attempt will ERROR. Retrying...
2025-07-18 19:02:51 [WARNING] Failed login attempt for user: eve. Retrying...
2025-07-18 23:06:15 [WARNING] API response time exceeded threshold
2025-07-18 04:19:14 [INFO] File uploaded: config.yml
2025-07-18 20:37:22 [INFO] Database connection established
2025-07-18 07:34:17 [INFO] Database connection established
2025-07-18 17:19:41 [INFO] File uploaded: report.pdf
2025-07-18 17:56:48 [INFO] Scheduled backup completed successfully
2025-07-18 11:23:13 [ERROR] Email sending failed to recipient: support@amazon.com
2025-07-18 10:25:16 [ERROR] Email sending failed to recipient: admin@google.com
2025-07-18 11:52:15 [INFO] Scheduled backup completed successfully
2025-07-18 09:16:55 [INFO] File uploaded: config.yml
2025-07-18 15:34:00 [INFO] User login successful for user: eve
2025-07-18 18:47:00 [WARNING] Configuration file deprecated: report.pdf
2025-07-18 06:45:48 [WARNING] Failed login attempt for user: charlie. Retrying...
2025-07-18 14:51:46 [WARNING] High memory usage detected
2025-07-18 18:08:19 [WARNING] Second failed login attempt for user: eve. Next attempt will ERROR. Retrying...
2025-07-18 15:49:39 [INFO] Service auth started
2025-07-18 03:32:31 [INFO] User login successful for user: bob
2025-07-18 07:29:15 [INFO] Scheduled backup completed successfully
2025-07-18 04:59:58 [INFO] File uploaded: report.pdf
2025-07-18 16:08:59 [INFO] Service payment started
2025-07-18 14:04:56 [INFO] User login successful for user: diana
2025-07-18 02:09:10 [WARNING] Second failed login attempt for user: bob. Next attempt will ERROR. Retrying...
2025-07-18 10:59:17 [ERROR] Email sending failed to recipient: support@amazon.com
2025-07-18 04:55:13 [INFO] Database connection established
2025-07-18 04:09:24 [DEBUG] Temporary file created at: data.csv
2025-07-18 09:50:41 [WARNING] High memory usage detected
2025-07-18 23:00:00 [INFO] Cache cleared successfully
2025-07-18 00:17:01 [ERROR] Email sending failed to recipient: admin@google.com
2025-07-18 02:01:52 [ERROR] File write failed: config.yml
2025-07-18 17:49:56 [ERROR] Email sending failed to recipient: user@gmail.com
2025-07-18 19:22:09 [ERROR] Unhandled exception: FileNotFoundError
2025-07-18 18:36:11 [INFO] Service notification started
2025-07-18 17:21:33 [INFO] Cache cleared successfully
2025-07-18 16:48:37 [DEBUG] Entering function send_email with arguments: 4
2025-07-18 13:12:26 [INFO] Scheduled backup completed successfully
2025-07-18 14:59:39 [WARNING] Failed login attempt for user: bob. Retrying...
2025-07-18 14:03:48 [WARNING] API response time exceeded threshold
2025-07-18 00:11:49 [WARNING] Disk space low: 445 remaining
2025-07-18 22:12:24 [INFO] Service payment started
2025-07-18 21:50:05 [INFO] Scheduled backup completed successfully
2025-07-18 19:06:49 [WARNING] Slow query detected: execution time 516ms
2025-07-18 01:20:18 [INFO] Service notification started
2025-07-18 00:05:59 [INFO] User login successful for user: charlie
2025-07-18 05:55:23 [INFO] Scheduled backup completed successfully
2025-07-18 03:07:39 [INFO] Service inventory started
2025-07-18 19:28:37 [WARNING] Slow query detected: execution time 724ms
2025-07-18 12:09:31 [INFO] Scheduled backup completed successfully
2025-07-18 06:38:02 [WARNING] Disk space low: 759 remaining
2025-07-18 12:42:57 [WARNING] Failed login attempt for user: eve. Retrying...
2025-07-18 06:17:35 [ERROR] Database connection lost
2025-07-18 03:55:25 [INFO] Scheduled backup completed successfully
2025-07-18 03:30:21 [WARNING] Configuration file deprecated: config.yml
2025-07-18 10:28:11 [INFO] File uploaded: data.csv
2025-07-18 16:18:38 [ERROR] Service inventory crashed
2025-07-18 21:44:05 [INFO] File uploaded: backup.zip
2025-07-18 22:16:11 [INFO] Database connection established
2025-07-18 02:16:14 [INFO] Service payment started
2025-07-18 18:07:45 [ERROR] Deadlock detected in transaction ID 1939
2025-07-18 12:45:35 [WARNING] Slow query detected: execution time 4449ms
2025-07-18 07:50:51 [ERROR] File write failed: backup.zip
2025-07-18 15:03:38 [ERROR] Database connection lost
2025-07-18 18:17:41 [DEBUG] Session token generated for user: diana
2025-07-18 20:56:24 [INFO] Service inventory started
2025-07-18 05:45:42 [INFO] Scheduled backup completed successfully
2025-07-18 21:01:40 [ERROR] Database connection lost
2025-07-18 04:06:31 [ERROR] Database connection lost
2025-07-18 02:29:05 [WARNING] Second failed login attempt for user: alice. Next attempt will ERROR. Retrying...
2025-07-18 23:29:05 [WARNING] Disk space low: 4511 remaining
2025-07-18 15:50:00 [INFO] Database connection established
2025-07-18 11:55:05 [WARNING] High memory usage detected
2025-07-18 19:35:54 [INFO] User login successful for user: charlie
2025-07-18 18:43:25 [ERROR] File write failed: config.yml
2025-07-18 13:10:05 [INFO] User login successful for user: charlie
2025-07-18 07:12:50 [WARNING] High memory usage detected
2025-07-18 09:20:25 [INFO] Service auth started
2025-07-18 19:41:27 [DEBUG] Session token generated for user: alice
2025-07-18 01:42:46 [INFO] Service inventory started
2025-07-18 14:21:08 [INFO] Scheduled backup completed successfully
2025-07-18 18:49:48 [WARNING] Disk space low: 1494 remaining
2025-07-18 09:56:49 [INFO] Scheduled backup completed successfully
2025-07-18 23:14:44 [WARNING] Disk space low: 4153 remaining
2025-07-18 09:23:36 [ERROR] Service payment crashed
2025-07-18 00:56:31 [ERROR] File write failed: data.csv
2025-07-18 06:06:09 [INFO] Cache cleared successfully
2025-07-18 05:35:55 [ERROR] File write failed: config.yml
2025-07-18 17:14:38 [INFO] Scheduled backup completed successfully
2025-07-18 18:25:12 [ERROR] Service auth crashed
2025-07-18 04:09:42 [INFO] Cache cleared successfully
2025-07-18 06:07:53 [WARNING] High memory usage detected
2025-07-18 18:40:15 [WARNING] Configuration file deprecated: config.yml
2025-07-18 00:11:00 [INFO] Database connection established
2025-07-18 07:44:02 [ERROR] Deadlock detected in transaction ID 4734
2025-07-18 14:48:16 [INFO] Service notification started
2025-07-18 05:10:30 [WARNING] API response time exceeded threshold
2025-07-18 17:20:44 [INFO] Database connection established
2025-07-18 09:05:51 [DEBUG] Temporary file created at: report.pdf
2025-07-18 02:13:01 [INFO] Database connection established
