2025-08-05 18:54:11 [WARNING] API response time exceeded threshold
2025-08-05 13:48:56 [INFO] Service auth started
2025-08-05 23:17:25 [WARNING] Second failed login attempt for user: charlie. Next attempt will ERROR. Retrying...
2025-08-05 16:36:16 [INFO] Scheduled backup completed successfully
2025-08-05 07:05:18 [INFO] Scheduled backup completed successfully
2025-08-05 22:28:27 [ERROR] Database connection lost
2025-08-05 16:50:09 [ERROR] Email sending failed to recipient: user@gmail.com
2025-08-05 20:49:59 [WARNING] Slow query detected: execution time 3200ms
2025-08-05 07:54:05 [INFO] User login successful for user: eve
2025-08-05 11:08:34 [ERROR] Service notification crashed
2025-08-05 04:42:29 [INFO] User login successful for user: diana
2025-08-05 22:44:06 [INFO] User login successful for user: charlie
2025-08-05 18:44:31 [WARNING] Slow query detected: execution time 3960ms
2025-08-05 22:30:49 [INFO] Scheduled backup completed successfully
2025-08-05 04:16:41 [DEBUG] Entering function send_email with arguments: 3
2025-08-05 14:04:35 [INFO] Service auth started
2025-08-05 07:44:18 [INFO] Scheduled backup completed successfully
2025-08-05 13:31:34 [WARNING] Failed login attempt for user: charlie. Retrying...
2025-08-05 19:46:08 [INFO] Service notification started
2025-08-05 00:14:50 [INFO] Scheduled backup completed successfully
2025-08-05 14:04:23 [INFO] Scheduled backup completed successfully
2025-08-05 17:06:50 [INFO] User login successful for user: bob
2025-08-05 21:01:30 [INFO] File uploaded: data.csv
2025-08-05 02:35:16 [ERROR] File write failed: data.csv
2025-08-05 22:35:20 [INFO] User login successful for user: eve
2025-08-05 16:01:17 [INFO] Service auth started
2025-08-05 21:58:48 [INFO] User login successful for user: eve
2025-08-05 07:24:47 [INFO] File uploaded: backup.zip
2025-08-05 09:13:55 [INFO] Scheduled backup completed successfully
2025-08-05 05:49:40 [INFO] Service notification started
2025-08-05 23:53:27 [INFO] File uploaded: backup.zip
2025-08-05 09:41:38 [ERROR] Email sending failed to recipient: user@gmail.com
2025-08-05 17:39:52 [WARNING] Disk space low: 2268 remaining
2025-08-05 08:24:58 [ERROR] Email sending failed to recipient: admin@google.com
2025-08-05 03:59:17 [INFO] Scheduled backup completed successfully
2025-08-05 18:50:27 [WARNING] Second failed login attempt for user: diana. Next attempt will ERROR. Retrying...
2025-08-05 02:56:26 [WARNING] Configuration file deprecated: config.yml
2025-08-05 10:19:31 [INFO] User login successful for user: charlie
2025-08-05 19:16:55 [INFO] File uploaded: backup.zip
2025-08-05 22:20:32 [WARNING] Failed login attempt for user: eve. Retrying...
2025-08-05 17:17:31 [WARNING] API response time exceeded threshold
2025-08-05 00:20:36 [ERROR] Database connection lost
2025-08-05 20:49:22 [DEBUG] Temporary file created at: data.csv
2025-08-05 17:40:29 [INFO] Scheduled backup completed successfully
2025-08-05 13:37:06 [INFO] File uploaded: backup.zip
2025-08-05 14:39:12 [INFO] File uploaded: report.pdf
2025-08-05 02:22:13 [WARNING] Configuration file deprecated: config.yml
2025-08-05 23:05:51 [INFO] User login successful for user: alice
2025-08-05 12:54:49 [INFO] User login successful for user: eve
2025-08-05 01:23:14 [INFO] User login successful for user: alice
2025-08-05 14:12:44 [INFO] Cache cleared successfully
2025-08-05 20:12:28 [INFO] User login successful for user: eve
2025-08-05 08:14:25 [INFO] File uploaded: data.csv
2025-08-05 05:11:30 [INFO] Cache cleared successfully
2025-08-05 20:27:20 [INFO] Cache cleared successfully
2025-08-05 05:12:58 [ERROR] Unhandled exception: TimeoutError
2025-08-05 09:03:23 [DEBUG] Temporary file created at: backup.zip
2025-08-05 00:11:57 [INFO] Scheduled backup completed successfully
2025-08-05 15:24:32 [INFO] File uploaded: data.csv
2025-08-05 23:27:57 [WARNING] Second failed login attempt for user: diana. Next attempt will ERROR. Retrying...
2025-08-05 01:40:00 [INFO] Scheduled backup completed successfully
2025-08-05 10:12:34 [INFO] Service notification started
2025-08-05 18:24:38 [INFO] Cache cleared successfully
2025-08-05 11:18:56 [WARNING] Failed login attempt for user: bob. Retrying...
2025-08-05 07:38:55 [WARNING] Configuration file deprecated: report.pdf
2025-08-05 19:59:07 [INFO] Database connection established
2025-08-05 04:49:05 [INFO] Service inventory started
2025-08-05 15:01:44 [WARNING] API response time exceeded threshold
2025-08-05 19:59:25 [WARNING] Configuration file deprecated: backup.zip
2025-08-05 12:03:18 [INFO] Scheduled backup completed successfully
2025-08-05 03:28:33 [INFO] Service payment started
2025-08-05 03:05:55 [ERROR] Deadlock detected in transaction ID 4016
2025-08-05 16:24:53 [INFO] Cache cleared successfully
2025-08-05 05:23:55 [INFO] Service notification started
2025-08-05 04:18:19 [INFO] Cache cleared successfully
2025-08-05 02:08:16 [ERROR] Email sending failed to recipient: admin@google.com
2025-08-05 22:25:48 [ERROR] Service inventory crashed
2025-08-05 10:07:26 [INFO] File uploaded: backup.zip
2025-08-05 01:39:09 [INFO] Service notification started
2025-08-05 08:27:17 [INFO] Database connection established
2025-08-05 18:54:47 [WARNING] High memory usage detected
2025-08-05 21:16:33 [INFO] Cache cleared successfully
2025-08-05 00:57:10 [DEBUG] Variable x has value: 3345
2025-08-05 15:40:42 [INFO] Cache cleared successfully
2025-08-05 22:16:18 [ERROR] Service notification crashed
2025-08-05 09:16:27 [ERROR] Deadlock detected in transaction ID 2813
2025-08-05 02:09:08 [INFO] User login successful for user: eve
2025-08-05 18:00:26 [INFO] Cache cleared successfully
2025-08-05 12:44:12 [INFO] Service notification started
2025-08-05 18:13:16 [INFO] File uploaded: config.yml
2025-08-05 13:54:07 [WARNING] Failed login attempt for user: bob. Retrying...
2025-08-05 18:55:04 [WARNING] API response time exceeded threshold
2025-08-05 14:27:55 [WARNING] Second failed login attempt for user: eve. Next attempt will ERROR. Retrying...
2025-08-05 14:25:04 [INFO] Cache cleared successfully
2025-08-05 18:05:52 [ERROR] Database connection lost
2025-08-05 08:44:24 [ERROR] Email sending failed to recipient: support@amazon.com
2025-08-05 01:42:38 [WARNING] Second failed login attempt for user: charlie. Next attempt will ERROR. Retrying...
2025-08-05 08:41:05 [INFO] Service notification started
2025-08-05 00:32:55 [INFO] Database connection established
2025-08-05 09:27:01 [INFO] Service payment started
2025-08-05 01:03:20 [DEBUG] Session token generated for user: eve
2025-08-05 09:15:19 [INFO] Service auth started
2025-08-05 12:59:06 [INFO] Service inventory started
2025-08-05 21:11:30 [INFO] File uploaded: data.csv
2025-08-05 00:06:37 [INFO] Cache cleared successfully
2025-08-05 07:58:58 [ERROR] Deadlock detected in transaction ID 3892
2025-08-05 17:51:36 [WARNING] Disk space low: 1508 remaining
2025-08-05 00:15:29 [INFO] Cache cleared successfully
2025-08-05 01:25:51 [ERROR] Database connection lost
2025-08-05 09:36:12 [INFO] Service inventory started
2025-08-05 06:26:20 [ERROR] Service payment crashed
2025-08-05 04:07:01 [INFO] Database connection established
2025-08-05 22:37:11 [INFO] User login successful for user: bob
2025-08-05 08:53:40 [WARNING] High memory usage detected
2025-08-05 17:06:20 [WARNING] Slow query detected: execution time 3168ms
2025-08-05 18:54:29 [INFO] Database connection established
2025-08-05 22:48:16 [WARNING] API response time exceeded threshold
2025-08-05 07:11:25 [ERROR] Unhandled exception: NullPointerException
2025-08-05 20:47:08 [INFO] Service payment started
2025-08-05 06:30:37 [WARNING] API response time exceeded threshold
2025-08-05 12:13:09 [INFO] Service inventory started
2025-08-05 12:16:55 [INFO] Cache cleared successfully
2025-08-05 05:09:45 [INFO] User login successful for user: diana
2025-08-05 22:53:54 [INFO] Service auth started
2025-08-05 02:08:53 [WARNING] Failed login attempt for user: eve. Retrying...
2025-08-05 18:03:17 [ERROR] Unhandled exception: FileNotFoundError
2025-08-05 12:45:27 [INFO] Cache cleared successfully
2025-08-05 06:54:27 [WARNING] Slow query detected: execution time 4784ms
2025-08-05 20:25:32 [INFO] User login successful for user: charlie
2025-08-05 12:09:10 [INFO] Cache cleared successfully
2025-08-05 04:38:08 [INFO] User login successful for user: bob
2025-08-05 05:31:59 [INFO] Service notification started
2025-08-05 08:51:51 [INFO] User login successful for user: eve
2025-08-05 14:43:27 [WARNING] Disk space low: 3179 remaining
2025-08-05 01:32:54 [WARNING] Configuration file deprecated: report.pdf
2025-08-05 15:03:54 [ERROR] Email sending failed to recipient: support@amazon.com
2025-08-05 01:47:25 [ERROR] Email sending failed to recipient: user@gmail.com
2025-08-05 14:16:02 [INFO] User login successful for user: charlie
2025-08-05 14:25:42 [WARNING] Failed login attempt for user: charlie. Retrying...
2025-08-05 00:53:07 [WARNING] Configuration file deprecated: data.csv
2025-08-05 13:35:52 [WARNING] Slow query detected: execution time 3233ms
2025-08-05 20:33:59 [INFO] User login successful for user: diana
2025-08-05 17:53:53 [INFO] File uploaded: backup.zip
2025-08-05 23:03:32 [INFO] User login successful for user: diana
2025-08-05 20:29:44 [INFO] Database connection established
2025-08-05 01:13:44 [WARNING] Failed login attempt for user: charlie. Retrying...
2025-08-05 12:39:59 [WARNING] Failed login attempt for user: charlie. Retrying...
2025-08-05 03:34:32 [INFO] Scheduled backup completed successfully
2025-08-05 13:13:22 [WARNING] API response time exceeded threshold
2025-08-05 05:33:43 [DEBUG] Variable x has value: 1783
2025-08-05 03:05:42 [INFO] Database connection established
2025-08-05 16:03:21 [INFO] Scheduled backup completed successfully
2025-08-05 01:00:45 [INFO] Scheduled backup completed successfully
2025-08-05 22:18:26 [INFO] Database connection established
2025-08-05 13:21:27 [INFO] User login successful for user: alice
2025-08-05 08:24:42 [INFO] Service auth started
2025-08-05 11:06:49 [ERROR] Database connection lost
2025-08-05 05:16:16 [INFO] Scheduled backup completed successfully
2025-08-05 03:53:45 [INFO] Cache cleared successfully
2025-08-05 00:05:10 [DEBUG] Entering function send_email with arguments: 1
2025-08-05 05:34:10 [INFO] Database connection established
2025-08-05 15:49:39 [INFO] User login successful for user: charlie
2025-08-05 07:54:11 [INFO] Scheduled backup completed successfully
2025-08-05 19:52:12 [WARNING] Slow query detected: execution time 2160ms
2025-08-05 07:06:53 [INFO] Database connection established
2025-08-05 07:22:03 [INFO] Service auth started
2025-08-05 05:06:55 [DEBUG] Session token generated for user: charlie
2025-08-05 15:14:15 [WARNING] High memory usage detected
2025-08-05 22:45:13 [INFO] Cache cleared successfully
2025-08-05 15:34:02 [INFO] Service notification started
2025-08-05 17:46:18 [INFO] Service auth started
2025-08-05 16:59:13 [INFO] Database connection established
2025-08-05 20:34:31 [INFO] Cache cleared successfully
2025-08-05 05:43:35 [WARNING] Failed login attempt for user: eve. Retrying...
2025-08-05 06:57:29 [ERROR] Unhandled exception: TimeoutError
2025-08-05 17:38:58 [ERROR] File write failed: report.pdf
2025-08-05 00:27:18 [INFO] File uploaded: data.csv
2025-08-05 00:11:40 [INFO] User login successful for user: eve
2025-08-05 23:37:54 [INFO] Service inventory started
2025-08-05 01:54:02 [WARNING] API response time exceeded threshold
2025-08-05 15:23:46 [INFO] User login successful for user: charlie
2025-08-05 23:56:29 [INFO] Scheduled backup completed successfully
2025-08-05 00:07:20 [INFO] Cache cleared successfully
2025-08-05 01:34:19 [INFO] Service inventory started
2025-08-05 07:52:06 [INFO] File uploaded: data.csv
2025-08-05 06:27:05 [WARNING] Second failed login attempt for user: bob. Next attempt will ERROR. Retrying...
2025-08-05 06:53:14 [INFO] Scheduled backup completed successfully
2025-08-05 02:44:41 [ERROR] Service auth crashed
2025-08-05 05:47:38 [INFO] Service inventory started
2025-08-05 01:00:02 [INFO] Cache cleared successfully
2025-08-05 21:31:30 [INFO] Service inventory started
2025-08-05 21:26:00 [INFO] Scheduled backup completed successfully
2025-08-05 11:54:57 [INFO] User login successful for user: charlie
2025-08-05 15:39:53 [ERROR] Deadlock detected in transaction ID 2176
2025-08-05 11:56:54 [INFO] Cache cleared successfully
2025-08-05 06:50:19 [ERROR] Unhandled exception: TimeoutError
2025-08-05 23:20:33 [WARNING] Failed login attempt for user: diana. Retrying...
2025-08-05 00:46:08 [WARNING] Second failed login attempt for user: eve. Next attempt will ERROR. Retrying...
2025-08-05 16:55:21 [INFO] Database connection established
2025-08-05 06:40:37 [ERROR] Service inventory crashed
2025-08-05 03:57:25 [INFO] User login successful for user: diana
2025-08-05 10:58:24 [INFO] File uploaded: report.pdf
2025-08-05 19:24:40 [INFO] Service auth started
2025-08-05 08:45:00 [INFO] Service inventory started
2025-08-05 22:56:18 [WARNING] High memory usage detected
2025-08-05 08:55:44 [WARNING] Slow query detected: execution time 3738ms
2025-08-05 06:58:33 [INFO] Scheduled backup completed successfully
2025-08-05 21:01:46 [ERROR] Unhandled exception: FileNotFoundError
2025-08-05 20:07:09 [INFO] User login successful for user: alice
2025-08-05 02:45:34 [ERROR] Unhandled exception: NullPointerException
2025-08-05 21:23:52 [WARNING] Slow query detected: execution time 419ms
2025-08-05 13:05:34 [WARNING] Disk space low: 2794 remaining
2025-08-05 03:22:34 [INFO] Cache cleared successfully
2025-08-05 04:15:17 [INFO] Service auth started
2025-08-05 13:23:01 [INFO] User login successful for user: eve
2025-08-05 10:39:00 [INFO] User login successful for user: alice
2025-08-05 15:15:48 [ERROR] File write failed: data.csv
2025-08-05 06:56:40 [WARNING] Second failed login attempt for user: eve. Next attempt will ERROR. Retrying...
2025-08-05 11:55:10 [INFO] Database connection established
2025-08-05 21:53:28 [ERROR] File write failed: backup.zip
2025-08-05 04:14:21 [WARNING] API response time exceeded threshold
2025-08-05 13:16:12 [INFO] User login successful for user: eve
2025-08-05 00:04:11 [INFO] User login successful for user: eve
2025-08-05 23:05:48 [ERROR] Unhandled exception: NullPointerException
2025-08-05 21:05:10 [INFO] Scheduled backup completed successfully
2025-08-05 23:03:04 [INFO] User login successful for user: eve
2025-08-05 05:39:08 [ERROR] Database connection lost
2025-08-05 00:53:45 [ERROR] File write failed: backup.zip
2025-08-05 07:26:03 [DEBUG] Session token generated for user: bob
2025-08-05 16:37:42 [DEBUG] Temporary file created at: config.yml
2025-08-05 09:07:05 [INFO] User login successful for user: bob
2025-08-05 10:51:08 [WARNING] Configuration file deprecated: backup.zip
2025-08-05 17:10:21 [WARNING] Second failed login attempt for user: diana. Next attempt will ERROR. Retrying...
2025-08-05 11:44:02 [INFO] User login successful for user: diana
2025-08-05 08:42:53 [WARNING] Failed login attempt for user: alice. Retrying...
2025-08-05 07:36:18 [WARNING] Failed login attempt for user: eve. Retrying...
2025-08-05 00:15:17 [INFO] Scheduled backup completed successfully
2025-08-05 00:57:28 [INFO] Scheduled backup completed successfully
2025-08-05 11:44:13 [WARNING] Slow query detected: execution time 4588ms
2025-08-05 15:40:08 [INFO] Scheduled backup completed successfully
2025-08-05 22:56:13 [INFO] File uploaded: backup.zip
2025-08-05 09:51:57 [INFO] File uploaded: config.yml
2025-08-05 23:40:28 [WARNING] Configuration file deprecated: data.csv
2025-08-05 12:57:02 [INFO] Database connection established
2025-08-05 00:24:20 [INFO] Service payment started
2025-08-05 02:15:51 [ERROR] Email sending failed to recipient: admin@google.com
2025-08-05 04:36:58 [WARNING] High memory usage detected
2025-08-05 07:23:44 [INFO] Scheduled backup completed successfully
2025-08-05 03:56:27 [DEBUG] Variable x has value: 1622
2025-08-05 04:41:31 [WARNING] Configuration file deprecated: backup.zip
2025-08-05 02:28:44 [WARNING] Slow query detected: execution time 4574ms
2025-08-05 07:02:38 [INFO] File uploaded: backup.zip
2025-08-05 11:38:48 [INFO] Cache cleared successfully
2025-08-05 05:14:25 [ERROR] Service inventory crashed
2025-08-05 18:46:37 [WARNING] Disk space low: 4270 remaining
2025-08-05 20:57:47 [INFO] Cache cleared successfully
2025-08-05 16:22:49 [INFO] User login successful for user: alice
2025-08-05 19:21:26 [INFO] File uploaded: config.yml
2025-08-05 04:27:16 [INFO] Service inventory started
2025-08-05 11:29:56 [INFO] Database connection established
2025-08-05 02:26:38 [WARNING] API response time exceeded threshold
2025-08-05 05:20:05 [WARNING] High memory usage detected
2025-08-05 01:38:28 [INFO] Scheduled backup completed successfully
2025-08-05 04:55:02 [WARNING] API response time exceeded threshold
2025-08-05 19:41:03 [INFO] Cache cleared successfully
2025-08-05 08:45:44 [WARNING] API response time exceeded threshold
2025-08-05 13:12:29 [INFO] Scheduled backup completed successfully
2025-08-05 06:47:19 [INFO] Cache cleared successfully
2025-08-05 16:58:47 [INFO] Scheduled backup completed successfully
2025-08-05 16:57:49 [ERROR] Deadlock detected in transaction ID 3612
2025-08-05 07:31:25 [WARNING] Slow query detected: execution time 1707ms
2025-08-05 11:32:52 [WARNING] Slow query detected: execution time 3221ms
2025-08-05 02:17:05 [INFO] File uploaded: data.csv
2025-08-05 11:55:18 [INFO] Service payment started
2025-08-05 15:30:32 [INFO] Cache cleared successfully
2025-08-05 23:10:38 [INFO] Cache cleared successfully
2025-08-05 03:39:22 [INFO] File uploaded: backup.zip
2025-08-05 14:32:03 [INFO] User login successful for user: diana
2025-08-05 04:58:53 [INFO] User login successful for user: eve
2025-08-05 20:01:29 [INFO] User login successful for user: charlie
2025-08-05 01:26:10 [INFO] Database connection established
2025-08-05 00:16:55 [WARNING] Slow query detected: execution time 3452ms
2025-08-05 10:08:38 [INFO] Cache cleared successfully
2025-08-05 07:03:31 [INFO] Cache cleared successfully
2025-08-05 23:36:31 [INFO] Scheduled backup completed successfully
2025-08-05 04:17:45 [INFO] Service auth started
2025-08-05 13:26:06 [DEBUG] Entering function process_payment with arguments: 1
2025-08-05 15:00:16 [INFO] Service inventory started
2025-08-05 08:30:27 [INFO] Scheduled backup completed successfully
2025-08-05 17:30:18 [INFO] User login successful for user: bob
2025-08-05 16:14:40 [WARNING] Failed login attempt for user: charlie. Retrying...
2025-08-05 15:14:19 [WARNING] Disk space low: 2176 remaining
2025-08-05 07:09:40 [ERROR] File write failed: data.csv
2025-08-05 20:06:18 [INFO] Database connection established
2025-08-05 05:14:57 [INFO] Service auth started
2025-08-05 18:44:53 [INFO] Cache cleared successfully
2025-08-05 18:15:08 [INFO] Database connection established
2025-08-05 00:58:56 [ERROR] Database connection lost
2025-08-05 16:18:20 [INFO] Scheduled backup completed successfully
2025-08-05 15:22:20 [INFO] Database connection established
2025-08-05 17:50:19 [ERROR] File write failed: backup.zip
2025-08-05 03:22:21 [ERROR] Email sending failed to recipient: admin@google.com
2025-08-05 05:49:10 [INFO] User login successful for user: bob
2025-08-05 21:09:51 [INFO] Database connection established
2025-08-05 17:15:01 [ERROR] Email sending failed to recipient: user@gmail.com
2025-08-05 00:09:42 [INFO] Cache cleared successfully
2025-08-05 05:53:18 [WARNING] Disk space low: 2582 remaining
2025-08-05 06:10:17 [INFO] File uploaded: backup.zip
2025-08-05 09:56:23 [INFO] Database connection established
2025-08-05 01:15:56 [ERROR] Service auth crashed
2025-08-05 11:26:19 [WARNING] Disk space low: 1447 remaining
2025-08-05 00:31:48 [INFO] Scheduled backup completed successfully
2025-08-05 12:39:53 [INFO] Scheduled backup completed successfully
2025-08-05 21:57:51 [ERROR] File write failed: config.yml
2025-08-05 05:01:24 [WARNING] Configuration file deprecated: data.csv
2025-08-05 09:36:37 [INFO] Database connection established
2025-08-05 22:00:44 [INFO] User login successful for user: bob
2025-08-05 16:12:40 [ERROR] Unhandled exception: TimeoutError
2025-08-05 06:30:02 [INFO] User login successful for user: diana
2025-08-05 16:43:03 [INFO] User login successful for user: diana
2025-08-05 08:08:41 [INFO] Scheduled backup completed successfully
2025-08-05 18:59:15 [INFO] Scheduled backup completed successfully
2025-08-05 02:01:51 [INFO] Cache cleared successfully
2025-08-05 16:14:45 [WARNING] Configuration file deprecated: backup.zip
2025-08-05 16:10:42 [WARNING] Second failed login attempt for user: alice. Next attempt will ERROR. Retrying...
2025-08-05 22:27:25 [ERROR] Email sending failed to recipient: support@amazon.com
2025-08-05 14:31:41 [ERROR] Database connection lost
2025-08-05 03:53:15 [INFO] Cache cleared successfully
2025-08-05 08:58:05 [INFO] Cache cleared successfully
2025-08-05 14:47:50 [WARNING] API response time exceeded threshold
2025-08-05 07:48:07 [WARNING] Configuration file deprecated: backup.zip
2025-08-05 14:19:01 [INFO] Cache cleared successfully
2025-08-05 12:56:55 [INFO] Database connection established
2025-08-05 23:16:45 [INFO] File uploaded: backup.zip
2025-08-05 14:58:14 [INFO] File uploaded: config.yml
2025-08-05 18:25:35 [DEBUG] Entering function send_email with arguments: 9
2025-08-05 05:20:10 [INFO] Service inventory started
2025-08-05 23:28:24 [INFO] Service notification started
2025-08-05 02:51:16 [INFO] File uploaded: backup.zip
2025-08-05 15:36:38 [INFO] Scheduled backup completed successfully
2025-08-05 08:55:32 [INFO] Cache cleared successfully
2025-08-05 00:33:21 [INFO] File uploaded: report.pdf
2025-08-05 11:15:04 [WARNING] Slow query detected: execution time 1643ms
2025-08-05 15:32:47 [INFO] Scheduled backup completed successfully
2025-08-05 02:46:21 [INFO] Service payment started
2025-08-05 04:41:56 [DEBUG] Temporary file created at: data.csv
2025-08-05 23:33:36 [INFO] Service inventory started
2025-08-05 09:38:27 [INFO] File uploaded: report.pdf
2025-08-05 21:47:24 [WARNING] Second failed login attempt for user: charlie. Next attempt will ERROR. Retrying...
2025-08-05 15:57:43 [INFO] User login successful for user: diana
2025-08-05 06:34:07 [ERROR] Email sending failed to recipient: user@gmail.com
2025-08-05 00:31:30 [INFO] File uploaded: backup.zip
2025-08-05 00:48:18 [WARNING] Second failed login attempt for user: bob. Next attempt will ERROR. Retrying...
2025-08-05 12:08:33 [WARNING] Failed login attempt for user: bob. Retrying...
2025-08-05 06:07:53 [ERROR] Service payment crashed
2025-08-05 00:51:24 [INFO] Scheduled backup completed successfully
2025-08-05 21:35:51 [INFO] Database connection established
2025-08-05 16:01:23 [WARNING] Configuration file deprecated: config.yml
2025-08-05 01:07:29 [INFO] Service payment started
2025-08-05 06:25:48 [WARNING] Second failed login attempt for user: alice. Next attempt will ERROR. Retrying...
2025-08-05 16:13:25 [INFO] Scheduled backup completed successfully
2025-08-05 15:19:15 [INFO] File uploaded: config.yml
2025-08-05 14:12:33 [INFO] Service payment started
2025-08-05 00:55:35 [INFO] Service notification started
2025-08-05 10:38:43 [INFO] Service auth started
2025-08-05 23:12:35 [INFO] User login successful for user: diana
2025-08-05 17:24:54 [WARNING] Failed login attempt for user: eve. Retrying...
2025-08-05 07:02:36 [INFO] Database connection established
2025-08-05 17:11:26 [WARNING] High memory usage detected
2025-08-05 04:20:08 [ERROR] Unhandled exception: FileNotFoundError
2025-08-05 02:20:31 [WARNING] High memory usage detected
2025-08-05 02:42:03 [WARNING] Second failed login attempt for user: bob. Next attempt will ERROR. Retrying...
2025-08-05 08:37:01 [WARNING] Configuration file deprecated: backup.zip
2025-08-05 20:56:14 [INFO] Scheduled backup completed successfully
2025-08-05 18:49:57 [INFO] File uploaded: backup.zip
2025-08-05 03:29:08 [INFO] Service auth started
2025-08-05 15:10:17 [INFO] User login successful for user: charlie
2025-08-05 12:46:36 [INFO] File uploaded: report.pdf
2025-08-05 23:53:55 [INFO] Database connection established
2025-08-05 02:51:35 [INFO] Cache cleared successfully
2025-08-05 19:48:29 [INFO] Scheduled backup completed successfully
2025-08-05 14:30:15 [ERROR] Deadlock detected in transaction ID 2342
2025-08-05 06:08:40 [INFO] Database connection established
2025-08-05 22:30:15 [INFO] File uploaded: backup.zip
2025-08-05 20:49:23 [WARNING] Configuration file deprecated: report.pdf
2025-08-05 01:06:14 [INFO] File uploaded: backup.zip
2025-08-05 03:02:24 [INFO] Cache cleared successfully
2025-08-05 18:20:39 [DEBUG] Temporary file created at: report.pdf
2025-08-05 05:18:15 [INFO] User login successful for user: bob
2025-08-05 02:42:14 [INFO] Scheduled backup completed successfully
2025-08-05 23:34:11 [INFO] Service auth started
2025-08-05 21:42:24 [ERROR] Unhandled exception: TimeoutError
2025-08-05 03:24:35 [WARNING] Configuration file deprecated: report.pdf
2025-08-05 07:33:24 [ERROR] Deadlock detected in transaction ID 3504
2025-08-05 23:09:43 [INFO] User login successful for user: eve
2025-08-05 13:45:29 [INFO] Service payment started
2025-08-05 06:19:09 [INFO] File uploaded: data.csv
2025-08-05 14:23:59 [INFO] Database connection established
2025-08-05 09:02:45 [WARNING] API response time exceeded threshold
2025-08-05 16:38:56 [INFO] Cache cleared successfully
2025-08-05 20:48:30 [INFO] Cache cleared successfully
2025-08-05 21:46:33 [INFO] Cache cleared successfully
2025-08-05 01:58:07 [INFO] User login successful for user: charlie
2025-08-05 10:23:39 [INFO] Scheduled backup completed successfully
2025-08-05 10:15:11 [INFO] Service payment started
2025-08-05 22:52:45 [INFO] Scheduled backup completed successfully
2025-08-05 17:08:31 [INFO] User login successful for user: charlie
2025-08-05 02:01:29 [INFO] Scheduled backup completed successfully
2025-08-05 08:15:11 [INFO] Cache cleared successfully
2025-08-05 19:17:30 [INFO] Service notification started
2025-08-05 06:52:20 [INFO] File uploaded: data.csv
2025-08-05 15:16:04 [DEBUG] Temporary file created at: report.pdf
2025-08-05 04:01:56 [INFO] User login successful for user: alice
2025-08-05 08:01:31 [INFO] File uploaded: backup.zip
2025-08-05 18:10:15 [INFO] Scheduled backup completed successfully
2025-08-05 07:28:20 [INFO] Service payment started
2025-08-05 22:21:56 [INFO] Cache cleared successfully
2025-08-05 18:03:10 [INFO] Cache cleared successfully
2025-08-05 09:11:39 [WARNING] Slow query detected: execution time 2398ms
2025-08-05 09:59:59 [ERROR] Email sending failed to recipient: user@gmail.com
2025-08-05 06:02:31 [INFO] Service payment started
2025-08-05 20:29:39 [INFO] File uploaded: data.csv
2025-08-05 03:10:38 [INFO] Service notification started
2025-08-05 02:28:32 [INFO] Cache cleared successfully
2025-08-05 08:15:44 [DEBUG] Session token generated for user: charlie
2025-08-05 07:04:46 [INFO] File uploaded: data.csv
2025-08-05 12:29:47 [INFO] Database connection established
2025-08-05 21:59:43 [WARNING] High memory usage detected
2025-08-05 08:29:07 [INFO] Database connection established
2025-08-05 16:25:46 [DEBUG] Variable x has value: 2125
2025-08-05 15:07:38 [INFO] Scheduled backup completed successfully
2025-08-05 01:42:15 [INFO] File uploaded: backup.zip
2025-08-05 01:12:54 [INFO] File uploaded: backup.zip
2025-08-05 19:23:50 [INFO] File uploaded: config.yml
2025-08-05 14:59:12 [ERROR] Service notification crashed
2025-08-05 08:45:44 [WARNING] High memory usage detected
2025-08-05 21:13:32 [ERROR] Service auth crashed
2025-08-05 08:22:07 [INFO] Cache cleared successfully
2025-08-05 00:40:02 [INFO] User login successful for user: bob
2025-08-05 02:44:07 [INFO] Scheduled backup completed successfully
2025-08-05 14:36:00 [WARNING] API response time exceeded threshold
2025-08-05 23:16:56 [INFO] Database connection established
2025-08-05 11:47:04 [INFO] Service inventory started
2025-08-05 11:15:30 [INFO] User login successful for user: bob
2025-08-05 01:09:33 [INFO] Scheduled backup completed successfully
2025-08-05 23:40:09 [INFO] File uploaded: data.csv
2025-08-05 16:09:13 [INFO] File uploaded: config.yml
2025-08-05 10:14:16 [INFO] File uploaded: config.yml
2025-08-05 23:23:23 [INFO] User login successful for user: bob
2025-08-05 11:37:00 [INFO] Database connection established
2025-08-05 16:46:46 [ERROR] Unhandled exception: NullPointerException
2025-08-05 21:17:46 [INFO] File uploaded: config.yml
2025-08-05 04:12:22 [DEBUG] Entering function send_email with arguments: 4
2025-08-05 19:22:10 [WARNING] API response time exceeded threshold
2025-08-05 08:58:06 [INFO] User login successful for user: eve
2025-08-05 06:35:58 [ERROR] Service payment crashed
2025-08-05 15:10:21 [INFO] File uploaded: config.yml
2025-08-05 03:04:18 [INFO] Cache cleared successfully
2025-08-05 17:26:28 [INFO] User login successful for user: bob
2025-08-05 19:25:15 [INFO] File uploaded: backup.zip
2025-08-05 10:09:57 [INFO] User login successful for user: eve
2025-08-05 00:07:22 [INFO] User login successful for user: bob
2025-08-05 05:06:46 [INFO] Database connection established
2025-08-05 01:45:54 [INFO] Service notification started
2025-08-05 14:17:05 [INFO] Service auth started
2025-08-05 05:01:38 [INFO] File uploaded: data.csv
2025-08-05 01:07:44 [ERROR] Service notification crashed
2025-08-05 01:44:02 [INFO] File uploaded: report.pdf
2025-08-05 10:29:25 [ERROR] Unhandled exception: FileNotFoundError
2025-08-05 12:20:29 [ERROR] Database connection lost
2025-08-05 05:37:19 [INFO] Cache cleared successfully
2025-08-05 18:02:22 [INFO] Scheduled backup completed successfully
2025-08-05 19:36:00 [ERROR] Service payment crashed
2025-08-05 16:18:17 [WARNING] Disk space low: 2229 remaining
2025-08-05 18:05:37 [DEBUG] Session token generated for user: eve
2025-08-05 22:25:54 [INFO] Service inventory started
2025-08-05 17:10:18 [INFO] Service notification started
2025-08-05 10:02:51 [WARNING] High memory usage detected
2025-08-05 05:26:03 [INFO] Cache cleared successfully
2025-08-05 06:57:05 [ERROR] Email sending failed to recipient: support@amazon.com
2025-08-05 06:16:27 [INFO] Scheduled backup completed successfully
2025-08-05 00:24:54 [ERROR] Service notification crashed
2025-08-05 06:33:23 [WARNING] Disk space low: 1402 remaining
2025-08-05 19:33:17 [INFO] User login successful for user: alice
2025-08-05 04:13:41 [WARNING] Second failed login attempt for user: alice. Next attempt will ERROR. Retrying...
2025-08-05 07:07:45 [INFO] Scheduled backup completed successfully
2025-08-05 19:52:30 [INFO] Scheduled backup completed successfully
2025-08-05 10:47:43 [INFO] Cache cleared successfully
2025-08-05 19:30:50 [INFO] Service inventory started
2025-08-05 02:32:46 [ERROR] Email sending failed to recipient: user@gmail.com
2025-08-05 16:14:27 [INFO] Service notification started
2025-08-05 00:07:19 [INFO] User login successful for user: eve
2025-08-05 23:00:03 [INFO] Cache cleared successfully
2025-08-05 03:27:26 [ERROR] Service notification crashed
2025-08-05 08:00:05 [INFO] Cache cleared successfully
2025-08-05 19:28:38 [INFO] Service auth started
2025-08-05 13:46:57 [INFO] File uploaded: config.yml
2025-08-05 03:07:18 [ERROR] Email sending failed to recipient: support@amazon.com
2025-08-05 20:24:59 [WARNING] Slow query detected: execution time 4410ms
2025-08-05 02:30:17 [INFO] Cache cleared successfully
2025-08-05 23:58:12 [ERROR] File write failed: data.csv
2025-08-05 12:28:17 [INFO] Database connection established
2025-08-05 08:52:27 [WARNING] Slow query detected: execution time 4029ms
2025-08-05 10:01:30 [INFO] Cache cleared successfully
2025-08-05 18:35:50 [WARNING] Failed login attempt for user: charlie. Retrying...
2025-08-05 08:24:43 [INFO] File uploaded: report.pdf
2025-08-05 11:33:06 [ERROR] Deadlock detected in transaction ID 1150
2025-08-05 02:03:13 [INFO] Cache cleared successfully
2025-08-05 01:21:48 [INFO] Service payment started
2025-08-05 03:00:58 [WARNING] Slow query detected: execution time 4423ms
2025-08-05 07:31:37 [INFO] User login successful for user: diana
2025-08-05 09:54:41 [INFO] Cache cleared successfully
2025-08-05 08:19:41 [INFO] Service auth started
2025-08-05 21:40:24 [INFO] Service auth started
2025-08-05 08:11:31 [ERROR] Service notification crashed
2025-08-05 22:25:07 [INFO] User login successful for user: bob
2025-08-05 15:25:42 [WARNING] Second failed login attempt for user: eve. Next attempt will ERROR. Retrying...
2025-08-05 20:03:16 [INFO] Cache cleared successfully
2025-08-05 06:56:44 [ERROR] File write failed: backup.zip
2025-08-05 21:00:20 [WARNING] Failed login attempt for user: bob. Retrying...
2025-08-05 18:20:58 [INFO] File uploaded: backup.zip
2025-08-05 05:00:52 [INFO] Cache cleared successfully
2025-08-05 16:03:21 [ERROR] Email sending failed to recipient: support@amazon.com
2025-08-05 21:37:37 [INFO] Database connection established
2025-08-05 14:52:03 [INFO] Database connection established
2025-08-05 17:09:16 [INFO] Scheduled backup completed successfully
2025-08-05 23:03:10 [INFO] Cache cleared successfully
2025-08-05 21:19:45 [INFO] Scheduled backup completed successfully
2025-08-05 19:13:44 [INFO] Cache cleared successfully
2025-08-05 21:11:09 [INFO] Scheduled backup completed successfully
2025-08-05 18:02:27 [INFO] Service notification started
2025-08-05 09:33:14 [INFO] Service payment started
2025-08-05 14:19:45 [INFO] User login successful for user: alice
2025-08-05 10:21:06 [INFO] Scheduled backup completed successfully
2025-08-05 18:38:46 [ERROR] Database connection lost
2025-08-05 09:24:01 [WARNING] Second failed login attempt for user: alice. Next attempt will ERROR. Retrying...
2025-08-05 18:08:58 [INFO] Service payment started
2025-08-05 04:12:06 [INFO] Database connection established
2025-08-05 23:26:35 [INFO] File uploaded: report.pdf
2025-08-05 04:53:00 [ERROR] Database connection lost
2025-08-05 06:23:09 [ERROR] Unhandled exception: TimeoutError
2025-08-05 16:04:01 [INFO] Service payment started
2025-08-05 21:16:41 [INFO] Cache cleared successfully
2025-08-05 12:40:31 [INFO] User login successful for user: diana
2025-08-05 17:40:52 [WARNING] Configuration file deprecated: data.csv
2025-08-05 20:41:52 [ERROR] Email sending failed to recipient: support@amazon.com
2025-08-05 10:00:58 [INFO] Cache cleared successfully
2025-08-05 17:02:26 [DEBUG] Session token generated for user: diana
2025-08-05 05:07:47 [INFO] Service auth started
2025-08-05 23:06:36 [ERROR] Unhandled exception: FileNotFoundError
2025-08-05 03:13:27 [INFO] Scheduled backup completed successfully
2025-08-05 05:10:50 [INFO] User login successful for user: eve
2025-08-05 02:19:02 [ERROR] Deadlock detected in transaction ID 732
2025-08-05 01:59:07 [INFO] Cache cleared successfully
2025-08-05 19:41:44 [INFO] Service auth started
2025-08-05 13:57:23 [INFO] Scheduled backup completed successfully
2025-08-05 12:59:54 [INFO] Cache cleared successfully
2025-08-05 07:20:24 [INFO] Cache cleared successfully
2025-08-05 15:59:16 [DEBUG] Temporary file created at: config.yml
2025-08-05 23:10:01 [INFO] Scheduled backup completed successfully
2025-08-05 00:08:57 [WARNING] API response time exceeded threshold
2025-08-05 11:09:55 [WARNING] Failed login attempt for user: alice. Retrying...
2025-08-05 15:07:20 [INFO] Cache cleared successfully
2025-08-05 03:04:15 [INFO] Database connection established
2025-08-05 20:49:10 [ERROR] Email sending failed to recipient: admin@google.com
2025-08-05 21:17:31 [ERROR] Email sending failed to recipient: support@amazon.com
2025-08-05 10:00:17 [INFO] Cache cleared successfully
2025-08-05 05:10:57 [INFO] User login successful for user: charlie
2025-08-05 21:22:11 [INFO] File uploaded: config.yml
2025-08-05 07:15:45 [INFO] Service notification started
2025-08-05 18:42:43 [WARNING] Configuration file deprecated: data.csv
2025-08-05 02:53:36 [INFO] User login successful for user: bob
2025-08-05 03:14:38 [INFO] User login successful for user: eve
2025-08-05 20:30:26 [INFO] File uploaded: backup.zip
2025-08-05 17:34:37 [INFO] Cache cleared successfully
2025-08-05 22:29:31 [INFO] Cache cleared successfully
2025-08-05 13:11:09 [INFO] User login successful for user: diana
2025-08-05 05:13:43 [INFO] Database connection established
2025-08-05 18:04:55 [INFO] File uploaded: backup.zip
2025-08-05 07:35:03 [INFO] Scheduled backup completed successfully
2025-08-05 02:59:42 [INFO] Database connection established
2025-08-05 07:04:29 [INFO] Scheduled backup completed successfully
2025-08-05 05:53:52 [INFO] Cache cleared successfully
2025-08-05 13:08:12 [ERROR] Email sending failed to recipient: support@amazon.com
2025-08-05 16:57:36 [WARNING] Slow query detected: execution time 1043ms
2025-08-05 00:32:14 [INFO] User login successful for user: diana
2025-08-05 18:24:42 [WARNING] Configuration file deprecated: data.csv
2025-08-05 19:41:39 [INFO] File uploaded: backup.zip
2025-08-05 15:08:02 [WARNING] API response time exceeded threshold
2025-08-05 15:31:32 [INFO] Scheduled backup completed successfully
2025-08-05 08:08:47 [ERROR] Database connection lost
2025-08-05 03:18:11 [ERROR] Unhandled exception: TimeoutError
2025-08-05 17:34:22 [INFO] File uploaded: report.pdf
2025-08-05 19:02:44 [ERROR] Email sending failed to recipient: user@gmail.com
2025-08-05 07:13:41 [INFO] Scheduled backup completed successfully
2025-08-05 00:30:16 [INFO] File uploaded: data.csv
2025-08-05 12:42:06 [INFO] File uploaded: backup.zip
2025-08-05 20:44:11 [INFO] File uploaded: data.csv
2025-08-05 20:11:22 [INFO] Cache cleared successfully
2025-08-05 01:15:26 [INFO] Service inventory started
2025-08-05 09:37:36 [INFO] Database connection established
2025-08-05 06:15:22 [INFO] File uploaded: data.csv
2025-08-05 04:41:00 [INFO] Scheduled backup completed successfully
2025-08-05 23:11:23 [INFO] Scheduled backup completed successfully
2025-08-05 20:15:37 [INFO] File uploaded: config.yml
2025-08-05 03:02:39 [INFO] User login successful for user: alice
2025-08-05 20:51:14 [WARNING] Disk space low: 3910 remaining
2025-08-05 13:05:02 [INFO] File uploaded: report.pdf
2025-08-05 22:15:45 [INFO] File uploaded: config.yml
2025-08-05 06:05:00 [INFO] Service inventory started
2025-08-05 09:19:23 [DEBUG] Query executed: UPDATE orders SET status='shipped' WHERE id=42
2025-08-05 21:23:35 [INFO] File uploaded: config.yml
2025-08-05 01:03:57 [INFO] Service payment started
2025-08-05 08:32:53 [INFO] File uploaded: config.yml
2025-08-05 19:50:57 [ERROR] Service inventory crashed
2025-08-05 06:43:28 [INFO] User login successful for user: diana
2025-08-05 23:52:20 [INFO] User login successful for user: diana
2025-08-05 23:08:41 [ERROR] Database connection lost
2025-08-05 10:07:43 [INFO] Scheduled backup completed successfully
2025-08-05 14:17:59 [INFO] Service notification started
2025-08-05 01:27:25 [INFO] File uploaded: config.yml
2025-08-05 10:23:32 [ERROR] Database connection lost
2025-08-05 15:46:22 [ERROR] Unhandled exception: NullPointerException
2025-08-05 14:39:03 [INFO] Cache cleared successfully
2025-08-05 13:19:53 [INFO] File uploaded: config.yml
2025-08-05 03:02:35 [INFO] File uploaded: data.csv
2025-08-05 05:52:08 [INFO] Database connection established
2025-08-05 00:46:08 [INFO] File uploaded: config.yml
2025-08-05 18:00:52 [INFO] Scheduled backup completed successfully
2025-08-05 22:42:41 [INFO] Service auth started
2025-08-05 09:47:21 [INFO] Service inventory started
2025-08-05 02:10:26 [ERROR] File write failed: report.pdf
2025-08-05 06:40:57 [INFO] Database connection established
2025-08-05 23:33:02 [INFO] User login successful for user: eve
2025-08-05 21:58:41 [WARNING] Second failed login attempt for user: bob. Next attempt will ERROR. Retrying...
2025-08-05 00:32:21 [INFO] User login successful for user: bob
2025-08-05 23:44:27 [DEBUG] Variable x has value: 4912
2025-08-05 15:08:40 [INFO] Database connection established
2025-08-05 16:54:48 [INFO] Cache cleared successfully
2025-08-05 13:19:45 [INFO] Service payment started
2025-08-05 11:32:51 [INFO] User login successful for user: eve
2025-08-05 01:39:02 [DEBUG] Session token generated for user: eve
2025-08-05 21:58:08 [ERROR] Service inventory crashed
2025-08-05 23:07:46 [INFO] Database connection established
2025-08-05 19:29:39 [INFO] Scheduled backup completed successfully
2025-08-05 00:34:57 [ERROR] Deadlock detected in transaction ID 3918
2025-08-05 12:22:56 [DEBUG] Entering function process_payment with arguments: 7
2025-08-05 20:48:36 [INFO] Database connection established
2025-08-05 08:25:03 [DEBUG] Variable x has value: 1821
2025-08-05 00:37:23 [INFO] Cache cleared successfully
2025-08-05 11:38:49 [INFO] User login successful for user: alice
2025-08-05 22:07:55 [ERROR] File write failed: config.yml
2025-08-05 10:58:04 [WARNING] High memory usage detected
2025-08-05 08:31:18 [INFO] File uploaded: backup.zip
2025-08-05 08:32:13 [INFO] Cache cleared successfully
2025-08-05 08:26:05 [WARNING] Failed login attempt for user: alice. Retrying...
2025-08-05 20:22:52 [INFO] Cache cleared successfully
2025-08-05 01:58:47 [ERROR] Unhandled exception: TimeoutError
2025-08-05 07:21:54 [WARNING] Slow query detected: execution time 2363ms
2025-08-05 02:02:44 [WARNING] High memory usage detected
2025-08-05 06:59:15 [ERROR] File write failed: config.yml
2025-08-05 05:57:31 [INFO] User login successful for user: bob
2025-08-05 22:45:37 [INFO] Database connection established
2025-08-05 13:13:08 [ERROR] Database connection lost
2025-08-05 14:19:16 [WARNING] API response time exceeded threshold
2025-08-05 21:07:12 [INFO] Database connection established
2025-08-05 06:19:36 [WARNING] Disk space low: 2597 remaining
2025-08-05 09:31:37 [ERROR] Service auth crashed
2025-08-05 16:58:26 [INFO] Service notification started
2025-08-05 07:00:31 [INFO] User login successful for user: alice
2025-08-05 12:22:03 [INFO] File uploaded: backup.zip
2025-08-05 09:10:59 [DEBUG] Variable x has value: 4462
2025-08-05 04:47:59 [INFO] Cache cleared successfully
2025-08-05 13:04:12 [DEBUG] Session token generated for user: alice
2025-08-05 13:26:17 [ERROR] File write failed: backup.zip
2025-08-05 06:31:59 [DEBUG] Entering function send_email with arguments: 8
2025-08-05 06:30:37 [WARNING] Configuration file deprecated: data.csv
2025-08-05 14:55:03 [WARNING] Slow query detected: execution time 1801ms
2025-08-05 17:58:36 [INFO] Database connection established
2025-08-05 22:08:04 [ERROR] Unhandled exception: NullPointerException
2025-08-05 07:33:57 [WARNING] Failed login attempt for user: alice. Retrying...
2025-08-05 03:33:28 [INFO] Database connection established
2025-08-05 00:45:34 [INFO] Database connection established
2025-08-05 12:53:06 [WARNING] Failed login attempt for user: diana. Retrying...
2025-08-05 20:30:12 [INFO] Database connection established
2025-08-05 18:14:29 [INFO] User login successful for user: eve
2025-08-05 00:22:43 [INFO] File uploaded: config.yml
2025-08-05 22:04:54 [WARNING] API response time exceeded threshold
2025-08-05 18:20:56 [INFO] Database connection established
2025-08-05 01:33:36 [INFO] Cache cleared successfully
2025-08-05 22:59:07 [INFO] Cache cleared successfully
2025-08-05 09:20:10 [INFO] Scheduled backup completed successfully
