2025-07-29 11:42:04 [INFO] User login successful for user: alice
2025-07-29 09:42:51 [ERROR] File write failed: report.pdf
2025-07-29 02:18:46 [INFO] Scheduled backup completed successfully
2025-07-29 16:08:18 [ERROR] Deadlock detected in transaction ID 2591
2025-07-29 17:10:45 [INFO] File uploaded: data.csv
2025-07-29 08:27:57 [INFO] Cache cleared successfully
2025-07-29 03:36:26 [INFO] User login successful for user: alice
2025-07-29 10:36:38 [INFO] User login successful for user: diana
2025-07-29 21:01:10 [WARNING] Configuration file deprecated: report.pdf
2025-07-29 06:44:22 [INFO] Scheduled backup completed successfully
2025-07-29 03:09:03 [ERROR] Email sending failed to recipient: support@amazon.com
2025-07-29 23:05:38 [INFO] File uploaded: backup.zip
2025-07-29 16:00:27 [INFO] User login successful for user: alice
2025-07-29 21:01:37 [WARNING] API response time exceeded threshold
2025-07-29 20:23:09 [INFO] Scheduled backup completed successfully
2025-07-29 08:59:04 [ERROR] Unhandled exception: FileNotFoundError
2025-07-29 10:20:23 [INFO] Scheduled backup completed successfully
2025-07-29 19:34:29 [INFO] Database connection established
2025-07-29 12:40:58 [ERROR] Email sending failed to recipient: user@gmail.com
2025-07-29 08:10:19 [WARNING] High memory usage detected
2025-07-29 03:13:12 [INFO] Service inventory started
2025-07-29 03:41:11 [WARNING] Second failed login attempt for user: alice. Next attempt will ERROR. Retrying...
2025-07-29 10:03:52 [ERROR] Service notification crashed
2025-07-29 18:26:24 [WARNING] High memory usage detected
2025-07-29 06:54:32 [INFO] Database connection established
2025-07-29 00:33:22 [WARNING] Failed login attempt for user: alice. Retrying...
2025-07-29 07:01:39 [ERROR] File write failed: backup.zip
2025-07-29 12:34:52 [INFO] File uploaded: backup.zip
2025-07-29 11:44:12 [ERROR] Email sending failed to recipient: support@amazon.com
2025-07-29 17:01:16 [INFO] File uploaded: config.yml
2025-07-29 16:57:54 [INFO] Scheduled backup completed successfully
2025-07-29 17:41:33 [WARNING] Configuration file deprecated: config.yml
2025-07-29 03:58:19 [INFO] User login successful for user: charlie
2025-07-29 19:29:36 [ERROR] Deadlock detected in transaction ID 870
2025-07-29 01:02:08 [INFO] User login successful for user: diana
2025-07-29 02:28:40 [INFO] User login successful for user: alice
2025-07-29 15:31:45 [INFO] Scheduled backup completed successfully
2025-07-29 14:14:36 [ERROR] File write failed: data.csv
2025-07-29 21:20:47 [INFO] Service notification started
2025-07-29 18:49:17 [INFO] File uploaded: backup.zip
2025-07-29 13:36:38 [INFO] Cache cleared successfully
2025-07-29 10:28:29 [ERROR] Service inventory crashed
2025-07-29 17:57:29 [INFO] Service notification started
2025-07-29 20:38:51 [WARNING] High memory usage detected
2025-07-29 10:51:46 [ERROR] Unhandled exception: FileNotFoundError
2025-07-29 02:51:22 [INFO] Scheduled backup completed successfully
2025-07-29 14:03:52 [WARNING] Configuration file deprecated: backup.zip
2025-07-29 23:07:26 [INFO] Database connection established
2025-07-29 20:48:22 [INFO] Scheduled backup completed successfully
2025-07-29 15:49:45 [WARNING] High memory usage detected
2025-07-29 10:45:29 [DEBUG] Variable x has value: 1527
2025-07-29 16:49:19 [WARNING] Failed login attempt for user: charlie. Retrying...
2025-07-29 15:20:00 [INFO] User login successful for user: bob
2025-07-29 04:51:13 [INFO] Scheduled backup completed successfully
2025-07-29 17:17:13 [INFO] File uploaded: backup.zip
2025-07-29 05:57:55 [ERROR] Deadlock detected in transaction ID 3520
2025-07-29 22:16:50 [ERROR] File write failed: backup.zip
2025-07-29 22:20:58 [INFO] Database connection established
2025-07-29 12:55:18 [INFO] File uploaded: backup.zip
2025-07-29 01:01:46 [WARNING] Failed login attempt for user: charlie. Retrying...
2025-07-29 18:17:48 [INFO] Service notification started
2025-07-29 23:17:58 [INFO] Service notification started
2025-07-29 06:58:29 [INFO] User login successful for user: alice
2025-07-29 17:12:05 [INFO] Database connection established
2025-07-29 06:47:03 [INFO] Scheduled backup completed successfully
2025-07-29 17:38:41 [INFO] File uploaded: config.yml
2025-07-29 03:12:24 [ERROR] Deadlock detected in transaction ID 1424
2025-07-29 17:46:06 [INFO] User login successful for user: alice
2025-07-29 05:43:02 [WARNING] Failed login attempt for user: alice. Retrying...
2025-07-29 02:25:30 [INFO] Service notification started
2025-07-29 16:37:08 [INFO] Database connection established
2025-07-29 01:39:04 [INFO] User login successful for user: charlie
2025-07-29 20:39:47 [ERROR] Email sending failed to recipient: admin@google.com
2025-07-29 05:10:55 [INFO] File uploaded: config.yml
2025-07-29 23:30:08 [INFO] Service auth started
2025-07-29 19:32:19 [WARNING] Slow query detected: execution time 3710ms
2025-07-29 05:21:15 [WARNING] API response time exceeded threshold
2025-07-29 17:13:46 [INFO] Scheduled backup completed successfully
2025-07-29 04:16:04 [DEBUG] Session token generated for user: eve
2025-07-29 21:07:59 [WARNING] High memory usage detected
2025-07-29 14:17:19 [WARNING] Second failed login attempt for user: bob. Next attempt will ERROR. Retrying...
2025-07-29 07:29:05 [INFO] File uploaded: data.csv
2025-07-29 05:44:20 [WARNING] High memory usage detected
2025-07-29 17:18:51 [INFO] Scheduled backup completed successfully
2025-07-29 00:34:27 [INFO] Cache cleared successfully
2025-07-29 08:39:13 [INFO] User login successful for user: eve
2025-07-29 18:10:52 [WARNING] High memory usage detected
2025-07-29 19:02:02 [INFO] Scheduled backup completed successfully
2025-07-29 04:12:52 [WARNING] Second failed login attempt for user: alice. Next attempt will ERROR. Retrying...
2025-07-29 09:36:53 [ERROR] Unhandled exception: FileNotFoundError
2025-07-29 01:51:34 [INFO] User login successful for user: charlie
2025-07-29 13:54:19 [INFO] Scheduled backup completed successfully
2025-07-29 08:19:07 [INFO] Database connection established
2025-07-29 15:30:26 [WARNING] Configuration file deprecated: report.pdf
2025-07-29 02:20:58 [ERROR] Email sending failed to recipient: user@gmail.com
2025-07-29 22:19:56 [INFO] Cache cleared successfully
2025-07-29 03:10:28 [INFO] Cache cleared successfully
2025-07-29 04:00:14 [INFO] Scheduled backup completed successfully
2025-07-29 01:23:43 [ERROR] Email sending failed to recipient: user@gmail.com
2025-07-29 14:52:53 [INFO] Service notification started
2025-07-29 19:02:09 [DEBUG] Variable x has value: 3734
2025-07-29 03:24:36 [INFO] Cache cleared successfully
2025-07-29 10:30:15 [DEBUG] Query executed: SELECT * FROM users
2025-07-29 20:50:36 [INFO] Database connection established
2025-07-29 00:50:02 [ERROR] Database connection lost
2025-07-29 00:56:02 [INFO] File uploaded: report.pdf
2025-07-29 07:54:00 [DEBUG] Entering function process_payment with arguments: 7
2025-07-29 07:25:35 [INFO] Cache cleared successfully
2025-07-29 00:44:05 [INFO] Scheduled backup completed successfully
2025-07-29 00:37:39 [INFO] Service notification started
2025-07-29 20:18:09 [INFO] File uploaded: backup.zip
2025-07-29 22:00:21 [DEBUG] Entering function send_email with arguments: 9
2025-07-29 03:33:44 [INFO] User login successful for user: charlie
2025-07-29 04:22:30 [ERROR] File write failed: config.yml
2025-07-29 19:24:58 [ERROR] Deadlock detected in transaction ID 3221
2025-07-29 21:00:17 [INFO] User login successful for user: diana
2025-07-29 13:47:03 [WARNING] Disk space low: 479 remaining
2025-07-29 03:14:55 [WARNING] API response time exceeded threshold
2025-07-29 05:14:40 [ERROR] File write failed: config.yml
2025-07-29 19:30:06 [INFO] Database connection established
2025-07-29 11:33:33 [INFO] File uploaded: backup.zip
2025-07-29 06:08:22 [WARNING] Second failed login attempt for user: eve. Next attempt will ERROR. Retrying...
2025-07-29 13:52:26 [INFO] Scheduled backup completed successfully
2025-07-29 11:01:45 [INFO] User login successful for user: diana
2025-07-29 06:34:49 [INFO] Scheduled backup completed successfully
2025-07-29 04:27:34 [INFO] Service payment started
2025-07-29 02:10:42 [ERROR] Deadlock detected in transaction ID 2128
2025-07-29 16:35:19 [INFO] Service auth started
2025-07-29 11:13:40 [INFO] Cache cleared successfully
2025-07-29 08:20:13 [INFO] Service auth started
2025-07-29 07:53:48 [DEBUG] Query executed: UPDATE orders SET status='shipped' WHERE id=42
2025-07-29 17:47:32 [WARNING] Configuration file deprecated: data.csv
2025-07-29 19:09:14 [DEBUG] Variable x has value: 3505
2025-07-29 18:38:33 [WARNING] High memory usage detected
2025-07-29 05:26:53 [INFO] File uploaded: data.csv
2025-07-29 18:45:11 [ERROR] Deadlock detected in transaction ID 3860
2025-07-29 13:58:06 [INFO] File uploaded: report.pdf
2025-07-29 22:08:31 [INFO] File uploaded: config.yml
2025-07-29 17:13:58 [INFO] Service auth started
2025-07-29 16:47:50 [WARNING] API response time exceeded threshold
2025-07-29 02:46:23 [INFO] Cache cleared successfully
2025-07-29 18:33:58 [ERROR] Deadlock detected in transaction ID 1261
2025-07-29 01:04:21 [DEBUG] Entering function send_email with arguments: 6
2025-07-29 10:01:09 [WARNING] Slow query detected: execution time 851ms
2025-07-29 17:08:09 [WARNING] API response time exceeded threshold
2025-07-29 21:43:03 [INFO] User login successful for user: charlie
2025-07-29 10:58:33 [INFO] Service payment started
2025-07-29 05:03:15 [ERROR] Deadlock detected in transaction ID 338
2025-07-29 18:29:54 [ERROR] File write failed: data.csv
2025-07-29 08:21:07 [ERROR] Unhandled exception: NullPointerException
2025-07-29 11:54:30 [INFO] Cache cleared successfully
2025-07-29 01:05:08 [WARNING] Second failed login attempt for user: alice. Next attempt will ERROR. Retrying...
2025-07-29 18:19:41 [WARNING] Disk space low: 117 remaining
2025-07-29 03:02:24 [INFO] Service payment started
2025-07-29 02:18:45 [INFO] Scheduled backup completed successfully
2025-07-29 16:09:52 [INFO] User login successful for user: diana
2025-07-29 13:27:53 [INFO] Cache cleared successfully
2025-07-29 17:10:30 [WARNING] Configuration file deprecated: data.csv
2025-07-29 19:58:28 [ERROR] Database connection lost
2025-07-29 11:25:42 [INFO] User login successful for user: diana
2025-07-29 19:13:16 [WARNING] Configuration file deprecated: backup.zip
2025-07-29 04:24:41 [INFO] Service inventory started
2025-07-29 16:42:08 [ERROR] Database connection lost
2025-07-29 08:01:19 [INFO] Scheduled backup completed successfully
2025-07-29 14:59:38 [INFO] User login successful for user: eve
2025-07-29 08:03:35 [INFO] Cache cleared successfully
2025-07-29 13:01:38 [INFO] Cache cleared successfully
2025-07-29 15:08:07 [INFO] User login successful for user: eve
2025-07-29 23:21:36 [INFO] File uploaded: config.yml
2025-07-29 22:27:17 [INFO] User login successful for user: charlie
2025-07-29 19:06:49 [INFO] File uploaded: config.yml
2025-07-29 17:18:19 [INFO] User login successful for user: bob
2025-07-29 07:36:11 [WARNING] High memory usage detected
2025-07-29 10:33:11 [INFO] Database connection established
2025-07-29 22:56:30 [WARNING] Slow query detected: execution time 980ms
2025-07-29 21:43:03 [ERROR] Email sending failed to recipient: support@amazon.com
2025-07-29 18:02:37 [INFO] Cache cleared successfully
2025-07-29 02:23:33 [INFO] Database connection established
2025-07-29 11:57:03 [INFO] Service auth started
2025-07-29 06:07:17 [ERROR] Deadlock detected in transaction ID 3726
2025-07-29 03:29:34 [ERROR] Database connection lost
2025-07-29 15:10:24 [WARNING] Second failed login attempt for user: diana. Next attempt will ERROR. Retrying...
2025-07-29 22:48:55 [INFO] Scheduled backup completed successfully
2025-07-29 09:48:18 [INFO] File uploaded: report.pdf
2025-07-29 23:50:28 [WARNING] Configuration file deprecated: report.pdf
2025-07-29 21:34:01 [INFO] Database connection established
2025-07-29 15:16:18 [INFO] Cache cleared successfully
2025-07-29 12:19:25 [WARNING] Disk space low: 2015 remaining
2025-07-29 17:18:20 [WARNING] Second failed login attempt for user: charlie. Next attempt will ERROR. Retrying...
2025-07-29 07:57:11 [INFO] Scheduled backup completed successfully
2025-07-29 11:58:42 [INFO] File uploaded: backup.zip
2025-07-29 12:45:29 [INFO] File uploaded: backup.zip
2025-07-29 08:03:17 [INFO] Cache cleared successfully
2025-07-29 19:32:32 [ERROR] Unhandled exception: FileNotFoundError
2025-07-29 04:33:50 [INFO] User login successful for user: alice
2025-07-29 15:31:13 [INFO] Database connection established
2025-07-29 18:12:48 [INFO] Scheduled backup completed successfully
2025-07-29 00:29:55 [ERROR] Unhandled exception: FileNotFoundError
2025-07-29 04:53:47 [WARNING] High memory usage detected
2025-07-29 00:46:10 [WARNING] Failed login attempt for user: bob. Retrying...
2025-07-29 21:51:31 [DEBUG] Query executed: UPDATE orders SET status='shipped' WHERE id=42
2025-07-29 23:16:26 [WARNING] API response time exceeded threshold
2025-07-29 02:14:03 [ERROR] Email sending failed to recipient: admin@google.com
2025-07-29 19:04:37 [ERROR] Database connection lost
2025-07-29 00:14:33 [ERROR] Database connection lost
2025-07-29 22:57:54 [INFO] File uploaded: config.yml
2025-07-29 17:53:39 [INFO] User login successful for user: diana
2025-07-29 07:43:12 [WARNING] Configuration file deprecated: report.pdf
2025-07-29 01:26:50 [INFO] Service notification started
2025-07-29 05:18:09 [WARNING] Disk space low: 3936 remaining
2025-07-29 10:36:22 [INFO] Database connection established
2025-07-29 18:06:55 [WARNING] Second failed login attempt for user: charlie. Next attempt will ERROR. Retrying...
2025-07-29 09:28:37 [ERROR] File write failed: backup.zip
2025-07-29 09:09:58 [WARNING] Disk space low: 2280 remaining
2025-07-29 20:34:01 [INFO] Cache cleared successfully
2025-07-29 00:05:20 [INFO] Service auth started
2025-07-29 23:01:09 [ERROR] Email sending failed to recipient: support@amazon.com
2025-07-29 10:07:22 [ERROR] Unhandled exception: NullPointerException
2025-07-29 07:44:55 [INFO] Database connection established
2025-07-29 00:55:22 [ERROR] Unhandled exception: TimeoutError
2025-07-29 00:39:29 [INFO] Database connection established
2025-07-29 13:32:36 [WARNING] Second failed login attempt for user: alice. Next attempt will ERROR. Retrying...
2025-07-29 19:30:30 [WARNING] Slow query detected: execution time 4005ms
2025-07-29 11:30:24 [INFO] Database connection established
2025-07-29 06:47:36 [INFO] Database connection established
2025-07-29 10:33:41 [INFO] Database connection established
2025-07-29 11:33:26 [INFO] Cache cleared successfully
2025-07-29 04:55:15 [ERROR] Service inventory crashed
2025-07-29 01:18:37 [WARNING] Failed login attempt for user: alice. Retrying...
2025-07-29 19:28:31 [WARNING] Configuration file deprecated: backup.zip
2025-07-29 23:27:59 [INFO] Cache cleared successfully
2025-07-29 11:22:25 [ERROR] Deadlock detected in transaction ID 2130
2025-07-29 16:42:04 [INFO] Database connection established
2025-07-29 05:44:12 [INFO] Scheduled backup completed successfully
2025-07-29 10:21:08 [INFO] File uploaded: data.csv
2025-07-29 04:38:41 [ERROR] Database connection lost
2025-07-29 21:54:51 [WARNING] Configuration file deprecated: backup.zip
2025-07-29 13:28:25 [WARNING] High memory usage detected
2025-07-29 06:25:53 [WARNING] Slow query detected: execution time 3364ms
2025-07-29 05:08:54 [ERROR] Email sending failed to recipient: support@amazon.com
2025-07-29 02:46:41 [WARNING] Configuration file deprecated: data.csv
2025-07-29 12:32:21 [INFO] User login successful for user: diana
2025-07-29 15:00:12 [INFO] Scheduled backup completed successfully
2025-07-29 04:50:36 [INFO] Cache cleared successfully
2025-07-29 15:58:09 [INFO] User login successful for user: diana
2025-07-29 13:28:23 [INFO] Scheduled backup completed successfully
2025-07-29 08:25:53 [INFO] Cache cleared successfully
2025-07-29 04:19:53 [INFO] Database connection established
2025-07-29 17:27:16 [WARNING] High memory usage detected
2025-07-29 06:30:17 [ERROR] Unhandled exception: NullPointerException
2025-07-29 01:09:39 [INFO] Database connection established
2025-07-29 08:31:15 [INFO] User login successful for user: diana
2025-07-29 19:40:21 [WARNING] API response time exceeded threshold
2025-07-29 04:35:43 [DEBUG] Temporary file created at: config.yml
2025-07-29 06:34:31 [ERROR] File write failed: report.pdf
2025-07-29 19:03:41 [WARNING] Disk space low: 2917 remaining
2025-07-29 22:48:09 [ERROR] File write failed: backup.zip
2025-07-29 01:35:32 [INFO] Cache cleared successfully
2025-07-29 22:19:21 [ERROR] Service auth crashed
2025-07-29 07:53:21 [INFO] User login successful for user: bob
2025-07-29 06:02:07 [INFO] Cache cleared successfully
2025-07-29 17:53:13 [INFO] User login successful for user: diana
2025-07-29 06:39:13 [INFO] File uploaded: report.pdf
2025-07-29 06:35:49 [INFO] Scheduled backup completed successfully
2025-07-29 17:26:36 [WARNING] Failed login attempt for user: eve. Retrying...
2025-07-29 13:42:42 [INFO] Database connection established
2025-07-29 13:49:33 [INFO] Service payment started
2025-07-29 12:58:35 [INFO] File uploaded: config.yml
2025-07-29 18:33:10 [WARNING] Configuration file deprecated: backup.zip
2025-07-29 16:54:46 [INFO] User login successful for user: alice
2025-07-29 08:04:05 [ERROR] Database connection lost
2025-07-29 14:31:17 [WARNING] API response time exceeded threshold
2025-07-29 01:41:40 [WARNING] Disk space low: 3276 remaining
2025-07-29 09:06:30 [ERROR] File write failed: data.csv
2025-07-29 11:45:19 [ERROR] Email sending failed to recipient: support@amazon.com
2025-07-29 15:21:31 [INFO] User login successful for user: eve
2025-07-29 23:40:06 [INFO] Scheduled backup completed successfully
