2025-08-03 15:12:36 [INFO] Scheduled backup completed successfully
2025-08-03 16:22:20 [INFO] Cache cleared successfully
2025-08-03 07:14:01 [INFO] Service inventory started
2025-08-03 04:30:55 [INFO] Database connection established
2025-08-03 00:43:52 [INFO] Service payment started
2025-08-03 22:10:58 [ERROR] Email sending failed to recipient: user@gmail.com
2025-08-03 15:40:27 [INFO] Service payment started
2025-08-03 21:38:40 [INFO] Cache cleared successfully
2025-08-03 07:41:00 [INFO] Database connection established
2025-08-03 04:49:37 [ERROR] Email sending failed to recipient: user@gmail.com
2025-08-03 12:56:19 [WARNING] Configuration file deprecated: backup.zip
2025-08-03 02:04:07 [INFO] Scheduled backup completed successfully
2025-08-03 04:55:09 [INFO] Database connection established
2025-08-03 04:04:59 [DEBUG] Variable x has value: 4530
2025-08-03 10:56:51 [INFO] Scheduled backup completed successfully
2025-08-03 18:38:55 [ERROR] Unhandled exception: FileNotFoundError
2025-08-03 16:06:50 [INFO] File uploaded: data.csv
2025-08-03 05:12:42 [WARNING] High memory usage detected
2025-08-03 07:17:58 [ERROR] Service inventory crashed
2025-08-03 04:30:28 [WARNING] API response time exceeded threshold
2025-08-03 06:46:55 [ERROR] Service inventory crashed
2025-08-03 15:30:37 [INFO] Service payment started
2025-08-03 03:15:04 [WARNING] Configuration file deprecated: config.yml
2025-08-03 21:31:35 [WARNING] Second failed login attempt for user: eve. Next attempt will ERROR. Retrying...
2025-08-03 18:07:35 [INFO] User login successful for user: bob
2025-08-03 16:05:01 [INFO] Scheduled backup completed successfully
2025-08-03 04:56:51 [INFO] Scheduled backup completed successfully
2025-08-03 11:37:44 [INFO] Service notification started
2025-08-03 00:08:47 [INFO] File uploaded: backup.zip
2025-08-03 23:28:26 [INFO] Scheduled backup completed successfully
2025-08-03 18:04:06 [INFO] File uploaded: report.pdf
2025-08-03 10:07:47 [WARNING] API response time exceeded threshold
2025-08-03 17:16:23 [DEBUG] Query executed: UPDATE orders SET status='shipped' WHERE id=42
2025-08-03 02:49:05 [INFO] Scheduled backup completed successfully
2025-08-03 18:45:46 [INFO] Cache cleared successfully
2025-08-03 15:48:19 [DEBUG] Temporary file created at: data.csv
2025-08-03 18:04:19 [INFO] Cache cleared successfully
2025-08-03 19:31:25 [INFO] User login successful for user: alice
2025-08-03 22:37:40 [INFO] Scheduled backup completed successfully
2025-08-03 05:39:31 [INFO] Database connection established
2025-08-03 14:47:42 [WARNING] Slow query detected: execution time 400ms
2025-08-03 20:46:23 [INFO] User login successful for user: diana
2025-08-03 05:09:34 [INFO] File uploaded: config.yml
2025-08-03 23:49:58 [INFO] Scheduled backup completed successfully
2025-08-03 14:38:10 [INFO] Scheduled backup completed successfully
2025-08-03 20:41:31 [INFO] User login successful for user: diana
2025-08-03 09:49:26 [INFO] Service auth started
2025-08-03 15:38:47 [WARNING] Failed login attempt for user: charlie. Retrying...
2025-08-03 07:55:31 [INFO] Cache cleared successfully
2025-08-03 02:20:58 [INFO] File uploaded: backup.zip
2025-08-03 17:01:54 [WARNING] Configuration file deprecated: data.csv
2025-08-03 10:33:27 [WARNING] Configuration file deprecated: report.pdf
2025-08-03 06:09:02 [WARNING] High memory usage detected
2025-08-03 11:36:02 [INFO] Service inventory started
2025-08-03 02:33:51 [WARNING] Failed login attempt for user: diana. Retrying...
2025-08-03 05:46:32 [INFO] Service payment started
2025-08-03 12:06:31 [INFO] User login successful for user: bob
2025-08-03 11:23:14 [DEBUG] Entering function send_email with arguments: 6
2025-08-03 20:00:13 [INFO] Service payment started
2025-08-03 02:02:29 [ERROR] Service inventory crashed
2025-08-03 00:08:17 [WARNING] API response time exceeded threshold
2025-08-03 21:15:44 [WARNING] Slow query detected: execution time 4965ms
2025-08-03 17:48:56 [INFO] User login successful for user: eve
2025-08-03 09:55:15 [ERROR] Email sending failed to recipient: support@amazon.com
2025-08-03 00:08:31 [INFO] Scheduled backup completed successfully
2025-08-03 15:21:00 [WARNING] Second failed login attempt for user: bob. Next attempt will ERROR. Retrying...
2025-08-03 21:54:57 [INFO] User login successful for user: diana
2025-08-03 13:31:29 [INFO] User login successful for user: bob
2025-08-03 23:50:15 [WARNING] Failed login attempt for user: charlie. Retrying...
2025-08-03 13:48:57 [WARNING] Failed login attempt for user: eve. Retrying...
2025-08-03 14:34:36 [INFO] Cache cleared successfully
2025-08-03 00:54:29 [INFO] User login successful for user: alice
2025-08-03 13:23:44 [INFO] File uploaded: backup.zip
2025-08-03 21:54:50 [INFO] Scheduled backup completed successfully
2025-08-03 00:42:08 [WARNING] Configuration file deprecated: data.csv
2025-08-03 06:31:22 [INFO] Scheduled backup completed successfully
2025-08-03 06:50:18 [INFO] Database connection established
2025-08-03 23:28:08 [INFO] Scheduled backup completed successfully
2025-08-03 19:19:08 [INFO] Scheduled backup completed successfully
2025-08-03 14:02:01 [INFO] Scheduled backup completed successfully
2025-08-03 23:17:44 [ERROR] Service notification crashed
2025-08-03 10:13:58 [INFO] User login successful for user: eve
2025-08-03 22:08:09 [INFO] Service inventory started
2025-08-03 15:51:02 [INFO] Database connection established
2025-08-03 08:52:06 [INFO] User login successful for user: bob
2025-08-03 07:05:07 [INFO] Service inventory started
2025-08-03 00:26:44 [WARNING] Failed login attempt for user: bob. Retrying...
2025-08-03 05:09:28 [ERROR] File write failed: config.yml
2025-08-03 20:56:31 [INFO] Service auth started
2025-08-03 23:48:02 [INFO] File uploaded: report.pdf
2025-08-03 03:08:02 [INFO] Database connection established
2025-08-03 05:40:14 [INFO] Database connection established
2025-08-03 23:09:00 [INFO] Cache cleared successfully
2025-08-03 06:16:15 [INFO] Service payment started
2025-08-03 03:57:01 [DEBUG] Query executed: UPDATE orders SET status='shipped' WHERE id=42
2025-08-03 13:22:32 [WARNING] High memory usage detected
2025-08-03 13:11:38 [ERROR] Database connection lost
2025-08-03 15:33:56 [DEBUG] Entering function send_email with arguments: 3
2025-08-03 19:41:15 [INFO] File uploaded: report.pdf
2025-08-03 09:50:24 [DEBUG] Query executed: SELECT * FROM users
2025-08-03 08:39:36 [INFO] Scheduled backup completed successfully
2025-08-03 22:55:16 [WARNING] API response time exceeded threshold
2025-08-03 20:11:50 [WARNING] Disk space low: 4651 remaining
2025-08-03 00:02:09 [INFO] Database connection established
2025-08-03 01:47:28 [INFO] Database connection established
2025-08-03 12:47:11 [INFO] Service notification started
2025-08-03 12:35:40 [INFO] Cache cleared successfully
2025-08-03 13:14:47 [WARNING] API response time exceeded threshold
2025-08-03 11:03:58 [INFO] Service inventory started
2025-08-03 10:52:32 [WARNING] API response time exceeded threshold
2025-08-03 04:39:47 [INFO] Service inventory started
2025-08-03 08:22:43 [INFO] User login successful for user: charlie
2025-08-03 12:13:10 [WARNING] API response time exceeded threshold
2025-08-03 02:06:01 [WARNING] Failed login attempt for user: diana. Retrying...
2025-08-03 20:10:07 [INFO] Scheduled backup completed successfully
2025-08-03 04:01:41 [INFO] Service auth started
2025-08-03 20:13:16 [INFO] Scheduled backup completed successfully
2025-08-03 03:28:16 [INFO] Service auth started
2025-08-03 19:39:08 [INFO] Service notification started
2025-08-03 12:50:27 [ERROR] Unhandled exception: NullPointerException
2025-08-03 10:54:51 [ERROR] Database connection lost
2025-08-03 07:04:23 [INFO] Scheduled backup completed successfully
2025-08-03 05:59:28 [INFO] Cache cleared successfully
2025-08-03 21:06:31 [INFO] Database connection established
2025-08-03 13:19:40 [DEBUG] Query executed: UPDATE orders SET status='shipped' WHERE id=42
2025-08-03 06:16:34 [ERROR] File write failed: config.yml
2025-08-03 13:16:02 [INFO] Cache cleared successfully
2025-08-03 12:10:46 [INFO] Scheduled backup completed successfully
2025-08-03 21:47:11 [INFO] Database connection established
2025-08-03 16:41:18 [INFO] Service payment started
2025-08-03 20:04:17 [INFO] Scheduled backup completed successfully
2025-08-03 05:06:55 [ERROR] File write failed: config.yml
2025-08-03 00:53:55 [INFO] Service auth started
2025-08-03 09:37:36 [INFO] Service payment started
2025-08-03 00:02:25 [INFO] Database connection established
2025-08-03 03:03:51 [INFO] Service auth started
2025-08-03 17:26:12 [ERROR] Deadlock detected in transaction ID 2017
2025-08-03 00:47:43 [INFO] File uploaded: data.csv
2025-08-03 00:01:10 [WARNING] Slow query detected: execution time 4010ms
2025-08-03 14:04:30 [INFO] Database connection established
2025-08-03 13:23:44 [INFO] Scheduled backup completed successfully
2025-08-03 13:34:04 [INFO] Cache cleared successfully
2025-08-03 15:42:22 [WARNING] High memory usage detected
2025-08-03 06:27:22 [INFO] Service auth started
2025-08-03 00:10:29 [WARNING] Configuration file deprecated: backup.zip
2025-08-03 07:40:07 [INFO] Cache cleared successfully
2025-08-03 19:05:59 [INFO] Cache cleared successfully
2025-08-03 09:27:58 [ERROR] Database connection lost
2025-08-03 12:15:14 [INFO] Database connection established
2025-08-03 02:12:32 [ERROR] Email sending failed to recipient: support@amazon.com
2025-08-03 22:43:54 [INFO] User login successful for user: bob
2025-08-03 10:14:57 [INFO] Cache cleared successfully
2025-08-03 11:06:56 [INFO] User login successful for user: charlie
2025-08-03 23:00:39 [INFO] File uploaded: backup.zip
2025-08-03 07:41:59 [INFO] User login successful for user: diana
2025-08-03 20:20:01 [INFO] User login successful for user: charlie
2025-08-03 23:24:41 [INFO] File uploaded: report.pdf
2025-08-03 06:49:01 [INFO] Cache cleared successfully
2025-08-03 01:27:45 [WARNING] API response time exceeded threshold
2025-08-03 01:17:38 [INFO] Service auth started
2025-08-03 04:09:44 [ERROR] Unhandled exception: TimeoutError
2025-08-03 14:50:11 [INFO] Scheduled backup completed successfully
2025-08-03 13:10:42 [INFO] Cache cleared successfully
2025-08-03 02:14:30 [INFO] Scheduled backup completed successfully
2025-08-03 19:30:45 [WARNING] Configuration file deprecated: config.yml
2025-08-03 02:50:13 [INFO] File uploaded: data.csv
2025-08-03 05:14:14 [WARNING] Disk space low: 920 remaining
2025-08-03 17:54:58 [ERROR] Email sending failed to recipient: admin@google.com
2025-08-03 04:22:12 [INFO] Service inventory started
2025-08-03 03:28:01 [WARNING] Failed login attempt for user: eve. Retrying...
2025-08-03 09:34:11 [DEBUG] Variable x has value: 3978
2025-08-03 08:20:37 [INFO] User login successful for user: bob
2025-08-03 17:27:24 [INFO] File uploaded: config.yml
2025-08-03 05:23:32 [WARNING] Configuration file deprecated: data.csv
2025-08-03 15:00:14 [ERROR] Deadlock detected in transaction ID 2400
2025-08-03 16:09:36 [INFO] Database connection established
2025-08-03 06:43:10 [WARNING] Disk space low: 1629 remaining
2025-08-03 01:02:59 [INFO] User login successful for user: bob
2025-08-03 10:59:03 [DEBUG] Entering function send_email with arguments: 2
2025-08-03 12:35:43 [ERROR] File write failed: report.pdf
2025-08-03 07:25:00 [WARNING] API response time exceeded threshold
2025-08-03 06:39:18 [INFO] Scheduled backup completed successfully
2025-08-03 00:33:34 [INFO] Cache cleared successfully
2025-08-03 11:44:24 [INFO] File uploaded: config.yml
2025-08-03 11:14:43 [INFO] File uploaded: backup.zip
2025-08-03 20:09:49 [DEBUG] Temporary file created at: data.csv
2025-08-03 19:09:01 [INFO] Service inventory started
2025-08-03 22:30:48 [INFO] Database connection established
2025-08-03 05:42:57 [INFO] Cache cleared successfully
2025-08-03 17:52:55 [INFO] Database connection established
2025-08-03 03:50:54 [INFO] Scheduled backup completed successfully
2025-08-03 02:35:21 [WARNING] Failed login attempt for user: charlie. Retrying...
2025-08-03 19:24:55 [INFO] Scheduled backup completed successfully
2025-08-03 07:55:42 [INFO] Database connection established
2025-08-03 04:19:32 [INFO] Service auth started
2025-08-03 19:15:41 [INFO] Database connection established
2025-08-03 02:53:32 [INFO] File uploaded: report.pdf
2025-08-03 15:45:28 [WARNING] API response time exceeded threshold
2025-08-03 22:27:20 [ERROR] Database connection lost
2025-08-03 02:47:11 [INFO] File uploaded: backup.zip
2025-08-03 22:35:04 [WARNING] Disk space low: 4043 remaining
2025-08-03 20:15:47 [WARNING] Second failed login attempt for user: charlie. Next attempt will ERROR. Retrying...
2025-08-03 14:16:21 [WARNING] Configuration file deprecated: data.csv
2025-08-03 05:30:38 [ERROR] File write failed: report.pdf
2025-08-03 04:06:17 [INFO] File uploaded: report.pdf
2025-08-03 14:21:10 [INFO] Cache cleared successfully
2025-08-03 18:47:09 [INFO] Service auth started
2025-08-03 08:35:29 [INFO] Service auth started
2025-08-03 19:45:37 [WARNING] API response time exceeded threshold
2025-08-03 14:59:22 [INFO] File uploaded: backup.zip
2025-08-03 14:56:29 [INFO] Service notification started
2025-08-03 01:48:30 [INFO] Cache cleared successfully
2025-08-03 08:25:45 [INFO] Cache cleared successfully
2025-08-03 19:55:40 [INFO] Cache cleared successfully
2025-08-03 14:57:10 [ERROR] Email sending failed to recipient: support@amazon.com
2025-08-03 01:24:56 [INFO] File uploaded: data.csv
2025-08-03 02:56:41 [INFO] Cache cleared successfully
2025-08-03 16:31:09 [INFO] User login successful for user: eve
2025-08-03 22:06:48 [INFO] Cache cleared successfully
2025-08-03 20:31:55 [DEBUG] Session token generated for user: alice
2025-08-03 12:42:36 [WARNING] Failed login attempt for user: diana. Retrying...
2025-08-03 05:07:17 [INFO] File uploaded: backup.zip
2025-08-03 22:51:27 [DEBUG] Temporary file created at: report.pdf
2025-08-03 03:46:33 [INFO] Cache cleared successfully
2025-08-03 04:59:56 [WARNING] High memory usage detected
2025-08-03 12:04:33 [WARNING] High memory usage detected
2025-08-03 02:19:50 [WARNING] Configuration file deprecated: backup.zip
2025-08-03 16:02:28 [INFO] User login successful for user: alice
2025-08-03 16:09:32 [INFO] Service auth started
2025-08-03 08:35:52 [INFO] Scheduled backup completed successfully
2025-08-03 08:32:03 [ERROR] File write failed: report.pdf
2025-08-03 21:29:16 [INFO] Scheduled backup completed successfully
2025-08-03 16:05:52 [WARNING] High memory usage detected
2025-08-03 02:49:09 [INFO] User login successful for user: charlie
2025-08-03 20:40:45 [INFO] Service auth started
2025-08-03 05:16:44 [INFO] Database connection established
2025-08-03 13:29:03 [DEBUG] Temporary file created at: report.pdf
2025-08-03 01:52:48 [INFO] File uploaded: report.pdf
2025-08-03 07:02:38 [DEBUG] Temporary file created at: backup.zip
2025-08-03 13:07:18 [ERROR] Email sending failed to recipient: admin@google.com
2025-08-03 02:59:28 [INFO] Cache cleared successfully
2025-08-03 05:23:38 [INFO] User login successful for user: bob
2025-08-03 09:18:50 [DEBUG] Entering function generate_report with arguments: 2
2025-08-03 00:00:08 [INFO] User login successful for user: alice
2025-08-03 14:10:15 [WARNING] High memory usage detected
2025-08-03 03:21:26 [INFO] Database connection established
2025-08-03 02:43:59 [DEBUG] Query executed: SELECT * FROM users
2025-08-03 23:30:56 [INFO] User login successful for user: charlie
2025-08-03 11:36:17 [WARNING] Configuration file deprecated: report.pdf
2025-08-03 05:06:22 [INFO] User login successful for user: alice
2025-08-03 15:07:32 [INFO] Database connection established
2025-08-03 12:06:12 [INFO] File uploaded: report.pdf
2025-08-03 05:02:05 [INFO] User login successful for user: charlie
2025-08-03 21:07:14 [WARNING] Configuration file deprecated: data.csv
2025-08-03 08:14:01 [INFO] User login successful for user: eve
2025-08-03 09:55:41 [INFO] Cache cleared successfully
2025-08-03 04:37:26 [INFO] Service notification started
2025-08-03 20:41:17 [WARNING] Second failed login attempt for user: bob. Next attempt will ERROR. Retrying...
2025-08-03 17:16:27 [INFO] User login successful for user: diana
2025-08-03 20:38:06 [WARNING] Second failed login attempt for user: bob. Next attempt will ERROR. Retrying...
2025-08-03 19:42:13 [ERROR] Database connection lost
2025-08-03 06:21:31 [INFO] Cache cleared successfully
2025-08-03 03:46:08 [WARNING] High memory usage detected
2025-08-03 19:03:20 [WARNING] Disk space low: 2267 remaining
2025-08-03 23:04:30 [INFO] Scheduled backup completed successfully
2025-08-03 04:16:45 [WARNING] Disk space low: 4118 remaining
2025-08-03 12:28:08 [ERROR] File write failed: data.csv
2025-08-03 22:44:59 [ERROR] Database connection lost
2025-08-03 18:44:45 [INFO] Scheduled backup completed successfully
2025-08-03 06:11:27 [DEBUG] Temporary file created at: config.yml
2025-08-03 15:19:11 [INFO] User login successful for user: alice
2025-08-03 08:13:01 [INFO] File uploaded: data.csv
2025-08-03 00:46:10 [INFO] Scheduled backup completed successfully
2025-08-03 12:55:05 [INFO] Service payment started
2025-08-03 19:16:12 [DEBUG] Query executed: SELECT * FROM users
2025-08-03 07:09:16 [WARNING] Second failed login attempt for user: charlie. Next attempt will ERROR. Retrying...
2025-08-03 14:56:39 [ERROR] Email sending failed to recipient: support@amazon.com
2025-08-03 15:58:11 [INFO] Database connection established
2025-08-03 17:03:42 [WARNING] Failed login attempt for user: diana. Retrying...
2025-08-03 13:22:35 [ERROR] Email sending failed to recipient: admin@google.com
2025-08-03 08:04:31 [INFO] User login successful for user: diana
2025-08-03 02:05:05 [WARNING] Slow query detected: execution time 2870ms
2025-08-03 11:11:41 [INFO] Service payment started
2025-08-03 11:31:25 [INFO] Service payment started
2025-08-03 02:45:10 [WARNING] Disk space low: 2014 remaining
2025-08-03 13:13:02 [INFO] Cache cleared successfully
2025-08-03 13:51:02 [ERROR] Deadlock detected in transaction ID 1673
2025-08-03 21:14:36 [INFO] File uploaded: data.csv
2025-08-03 10:06:12 [WARNING] Configuration file deprecated: report.pdf
2025-08-03 08:47:50 [WARNING] Configuration file deprecated: backup.zip
2025-08-03 11:44:11 [INFO] Service notification started
2025-08-03 20:46:52 [INFO] User login successful for user: charlie
2025-08-03 13:10:47 [INFO] Scheduled backup completed successfully
2025-08-03 22:55:18 [INFO] Database connection established
2025-08-03 20:06:54 [ERROR] Unhandled exception: NullPointerException
2025-08-03 22:16:41 [WARNING] Configuration file deprecated: backup.zip
2025-08-03 08:00:49 [WARNING] API response time exceeded threshold
2025-08-03 19:38:18 [WARNING] Disk space low: 947 remaining
2025-08-03 06:28:27 [INFO] File uploaded: data.csv
2025-08-03 00:55:56 [INFO] Database connection established
2025-08-03 02:07:07 [DEBUG] Entering function send_email with arguments: 5
2025-08-03 20:48:34 [INFO] File uploaded: report.pdf
2025-08-03 04:18:21 [WARNING] API response time exceeded threshold
2025-08-03 05:53:32 [ERROR] Email sending failed to recipient: admin@google.com
2025-08-03 04:32:23 [INFO] Service inventory started
2025-08-03 10:43:23 [ERROR] Unhandled exception: NullPointerException
2025-08-03 01:30:05 [ERROR] Service auth crashed
2025-08-03 21:08:11 [INFO] Scheduled backup completed successfully
2025-08-03 12:21:49 [INFO] Scheduled backup completed successfully
2025-08-03 07:38:50 [INFO] Service notification started
2025-08-03 16:16:04 [INFO] User login successful for user: alice
2025-08-03 09:29:49 [ERROR] Email sending failed to recipient: admin@google.com
2025-08-03 15:18:59 [INFO] Service payment started
2025-08-03 18:57:46 [INFO] File uploaded: config.yml
2025-08-03 09:21:35 [INFO] Service auth started
2025-08-03 19:51:53 [DEBUG] Session token generated for user: eve
2025-08-03 23:25:23 [INFO] File uploaded: data.csv
2025-08-03 17:11:43 [INFO] Service inventory started
2025-08-03 08:29:17 [INFO] User login successful for user: alice
2025-08-03 17:55:30 [DEBUG] Variable x has value: 2192
2025-08-03 10:59:35 [INFO] Database connection established
2025-08-03 05:30:58 [ERROR] Unhandled exception: TimeoutError
2025-08-03 19:38:42 [INFO] Scheduled backup completed successfully
2025-08-03 04:21:57 [INFO] Database connection established
2025-08-03 11:28:29 [ERROR] Unhandled exception: TimeoutError
2025-08-03 22:12:17 [WARNING] Configuration file deprecated: report.pdf
2025-08-03 04:25:55 [INFO] File uploaded: report.pdf
2025-08-03 00:18:56 [INFO] Database connection established
2025-08-03 04:06:40 [WARNING] Slow query detected: execution time 760ms
2025-08-03 07:31:44 [INFO] File uploaded: config.yml
2025-08-03 13:13:34 [INFO] Database connection established
2025-08-03 00:09:44 [INFO] User login successful for user: charlie
2025-08-03 15:09:11 [DEBUG] Temporary file created at: backup.zip
2025-08-03 12:49:23 [INFO] User login successful for user: alice
2025-08-03 03:13:08 [INFO] File uploaded: config.yml
2025-08-03 11:09:48 [INFO] File uploaded: config.yml
2025-08-03 08:51:08 [ERROR] File write failed: data.csv
2025-08-03 20:08:09 [INFO] User login successful for user: alice
2025-08-03 03:13:14 [ERROR] Deadlock detected in transaction ID 3705
2025-08-03 22:39:03 [INFO] Service auth started
2025-08-03 20:38:46 [WARNING] High memory usage detected
2025-08-03 14:44:46 [INFO] Database connection established
2025-08-03 10:35:19 [INFO] User login successful for user: eve
2025-08-03 03:46:21 [INFO] User login successful for user: diana
2025-08-03 22:10:59 [INFO] Scheduled backup completed successfully
2025-08-03 10:07:07 [INFO] User login successful for user: alice
2025-08-03 18:40:33 [WARNING] Configuration file deprecated: config.yml
2025-08-03 04:55:07 [INFO] Cache cleared successfully
2025-08-03 12:05:58 [WARNING] Disk space low: 1809 remaining
2025-08-03 23:06:18 [INFO] Service inventory started
2025-08-03 05:20:38 [INFO] File uploaded: config.yml
2025-08-03 01:33:14 [INFO] Scheduled backup completed successfully
2025-08-03 17:57:47 [ERROR] Deadlock detected in transaction ID 2977
2025-08-03 05:18:15 [ERROR] Email sending failed to recipient: admin@google.com
2025-08-03 03:48:14 [INFO] User login successful for user: alice
2025-08-03 20:02:57 [ERROR] Database connection lost
2025-08-03 00:59:31 [INFO] Cache cleared successfully
2025-08-03 03:43:56 [WARNING] High memory usage detected
2025-08-03 20:44:26 [ERROR] Email sending failed to recipient: support@amazon.com
2025-08-03 11:52:44 [INFO] Database connection established
2025-08-03 21:43:40 [INFO] Cache cleared successfully
