2025-08-09 11:06:57 [INFO] User login successful for user: charlie
2025-08-09 19:15:16 [INFO] Database connection established
2025-08-09 03:08:04 [INFO] Scheduled backup completed successfully
2025-08-09 07:16:41 [INFO] Cache cleared successfully
2025-08-09 14:14:42 [WARNING] Failed login attempt for user: eve. Retrying...
2025-08-09 04:20:52 [INFO] File uploaded: report.pdf
2025-08-09 00:53:29 [INFO] Database connection established
2025-08-09 13:05:50 [INFO] File uploaded: config.yml
2025-08-09 12:42:09 [WARNING] Slow query detected: execution time 3274ms
2025-08-09 22:21:01 [INFO] Scheduled backup completed successfully
2025-08-09 23:28:04 [WARNING] Second failed login attempt for user: alice. Next attempt will ERROR. Retrying...
2025-08-09 04:34:11 [INFO] Cache cleared successfully
2025-08-09 23:23:37 [INFO] Cache cleared successfully
2025-08-09 07:19:14 [INFO] Service auth started
2025-08-09 19:09:36 [INFO] Scheduled backup completed successfully
2025-08-09 20:06:47 [ERROR] Email sending failed to recipient: support@amazon.com
2025-08-09 12:48:50 [INFO] User login successful for user: eve
2025-08-09 09:06:17 [WARNING] Failed login attempt for user: charlie. Retrying...
2025-08-09 06:30:32 [WARNING] Second failed login attempt for user: alice. Next attempt will ERROR. Retrying...
2025-08-09 10:59:44 [DEBUG] Variable x has value: 1773
2025-08-09 15:13:28 [DEBUG] Session token generated for user: bob
2025-08-09 11:02:26 [INFO] Cache cleared successfully
2025-08-09 03:11:52 [INFO] File uploaded: data.csv
2025-08-09 13:34:50 [WARNING] Failed login attempt for user: alice. Retrying...
2025-08-09 04:20:19 [WARNING] API response time exceeded threshold
2025-08-09 10:05:07 [INFO] Database connection established
2025-08-09 15:20:08 [INFO] File uploaded: config.yml
2025-08-09 06:55:44 [INFO] Service payment started
2025-08-09 05:18:23 [INFO] Cache cleared successfully
2025-08-09 12:23:18 [INFO] Cache cleared successfully
2025-08-09 04:19:27 [INFO] Service inventory started
2025-08-09 10:03:30 [INFO] Scheduled backup completed successfully
2025-08-09 00:00:23 [INFO] Service payment started
2025-08-09 03:26:02 [WARNING] Slow query detected: execution time 983ms
2025-08-09 07:17:33 [ERROR] Email sending failed to recipient: admin@google.com
2025-08-09 14:01:44 [INFO] Service notification started
2025-08-09 03:25:54 [INFO] File uploaded: backup.zip
2025-08-09 03:32:58 [ERROR] Service auth crashed
2025-08-09 07:41:10 [WARNING] API response time exceeded threshold
2025-08-09 22:51:00 [WARNING] Failed login attempt for user: eve. Retrying...
2025-08-09 14:33:13 [DEBUG] Variable x has value: 4900
2025-08-09 08:22:54 [INFO] Database connection established
2025-08-09 16:57:14 [ERROR] Deadlock detected in transaction ID 727
2025-08-09 20:25:14 [ERROR] Unhandled exception: FileNotFoundError
2025-08-09 09:30:04 [INFO] Database connection established
2025-08-09 09:52:29 [INFO] Service payment started
2025-08-09 08:39:17 [ERROR] Database connection lost
2025-08-09 16:13:52 [WARNING] Configuration file deprecated: report.pdf
2025-08-09 19:50:24 [WARNING] API response time exceeded threshold
2025-08-09 14:49:14 [INFO] Scheduled backup completed successfully
2025-08-09 03:45:17 [INFO] User login successful for user: bob
2025-08-09 07:59:54 [INFO] Scheduled backup completed successfully
2025-08-09 13:44:38 [INFO] User login successful for user: bob
2025-08-09 21:41:18 [INFO] Cache cleared successfully
2025-08-09 00:38:41 [INFO] Cache cleared successfully
2025-08-09 05:18:01 [INFO] Database connection established
2025-08-09 16:53:30 [WARNING] Slow query detected: execution time 2473ms
2025-08-09 04:45:44 [INFO] User login successful for user: bob
2025-08-09 14:54:11 [ERROR] Database connection lost
2025-08-09 23:05:34 [INFO] User login successful for user: eve
2025-08-09 16:06:16 [INFO] Service inventory started
2025-08-09 13:18:32 [INFO] Scheduled backup completed successfully
2025-08-09 18:57:07 [ERROR] File write failed: backup.zip
2025-08-09 07:29:21 [INFO] Database connection established
2025-08-09 22:00:33 [INFO] User login successful for user: alice
2025-08-09 10:03:30 [INFO] User login successful for user: charlie
2025-08-09 07:31:19 [INFO] User login successful for user: charlie
2025-08-09 07:43:40 [INFO] File uploaded: data.csv
2025-08-09 11:33:20 [ERROR] File write failed: report.pdf
2025-08-09 01:25:13 [DEBUG] Entering function generate_report with arguments: 6
2025-08-09 18:45:13 [INFO] Service payment started
2025-08-09 05:40:25 [INFO] Service notification started
2025-08-09 01:16:24 [INFO] Cache cleared successfully
2025-08-09 15:26:40 [INFO] Service inventory started
2025-08-09 10:25:57 [INFO] Scheduled backup completed successfully
2025-08-09 01:02:34 [ERROR] File write failed: data.csv
2025-08-09 18:14:01 [INFO] Service notification started
2025-08-09 04:51:18 [DEBUG] Entering function process_payment with arguments: 5
2025-08-09 22:34:42 [WARNING] Disk space low: 24 remaining
2025-08-09 21:40:23 [DEBUG] Session token generated for user: diana
2025-08-09 14:29:20 [DEBUG] Variable x has value: 4761
2025-08-09 20:14:40 [INFO] File uploaded: backup.zip
2025-08-09 18:39:40 [INFO] Database connection established
2025-08-09 11:04:40 [DEBUG] Variable x has value: 4145
2025-08-09 01:40:56 [INFO] User login successful for user: charlie
2025-08-09 12:23:05 [DEBUG] Entering function generate_report with arguments: 9
2025-08-09 06:19:42 [WARNING] Configuration file deprecated: backup.zip
2025-08-09 01:34:10 [ERROR] Deadlock detected in transaction ID 7
2025-08-09 19:29:48 [DEBUG] Query executed: SELECT * FROM users
2025-08-09 12:17:33 [INFO] Database connection established
2025-08-09 05:05:16 [INFO] Service payment started
2025-08-09 19:55:39 [WARNING] Failed login attempt for user: alice. Retrying...
2025-08-09 20:23:49 [INFO] Scheduled backup completed successfully
2025-08-09 22:10:18 [WARNING] API response time exceeded threshold
2025-08-09 21:52:16 [WARNING] Second failed login attempt for user: charlie. Next attempt will ERROR. Retrying...
2025-08-09 00:56:15 [INFO] Scheduled backup completed successfully
2025-08-09 03:49:27 [INFO] Cache cleared successfully
2025-08-09 04:54:13 [ERROR] Email sending failed to recipient: user@gmail.com
2025-08-09 17:08:21 [INFO] Database connection established
2025-08-09 08:45:52 [INFO] Service payment started
2025-08-09 02:06:53 [ERROR] Database connection lost
2025-08-09 17:54:34 [INFO] Scheduled backup completed successfully
2025-08-09 05:45:52 [ERROR] Email sending failed to recipient: support@amazon.com
2025-08-09 20:04:23 [INFO] Scheduled backup completed successfully
2025-08-09 11:08:56 [WARNING] Configuration file deprecated: report.pdf
2025-08-09 23:18:09 [INFO] Database connection established
2025-08-09 07:07:50 [WARNING] High memory usage detected
2025-08-09 08:57:38 [INFO] Database connection established
2025-08-09 18:51:37 [INFO] User login successful for user: diana
2025-08-09 12:28:51 [ERROR] File write failed: backup.zip
2025-08-09 23:08:33 [INFO] File uploaded: backup.zip
2025-08-09 19:03:57 [INFO] File uploaded: config.yml
2025-08-09 13:05:39 [ERROR] Database connection lost
2025-08-09 03:10:51 [WARNING] Disk space low: 956 remaining
2025-08-09 16:08:04 [INFO] Service inventory started
2025-08-09 22:15:27 [ERROR] Email sending failed to recipient: support@amazon.com
2025-08-09 02:15:25 [INFO] Cache cleared successfully
2025-08-09 06:34:26 [INFO] Scheduled backup completed successfully
2025-08-09 22:05:25 [INFO] User login successful for user: diana
2025-08-09 01:38:12 [ERROR] Email sending failed to recipient: user@gmail.com
2025-08-09 20:10:23 [WARNING] High memory usage detected
2025-08-09 07:29:25 [INFO] User login successful for user: bob
2025-08-09 13:10:12 [INFO] File uploaded: data.csv
2025-08-09 23:25:59 [INFO] Scheduled backup completed successfully
2025-08-09 20:36:54 [INFO] Scheduled backup completed successfully
2025-08-09 12:51:42 [ERROR] Deadlock detected in transaction ID 1369
2025-08-09 07:43:19 [WARNING] Second failed login attempt for user: eve. Next attempt will ERROR. Retrying...
2025-08-09 15:28:02 [WARNING] Second failed login attempt for user: bob. Next attempt will ERROR. Retrying...
2025-08-09 09:55:10 [WARNING] Disk space low: 1141 remaining
2025-08-09 19:25:34 [INFO] Scheduled backup completed successfully
2025-08-09 05:04:15 [ERROR] Deadlock detected in transaction ID 304
2025-08-09 00:57:31 [INFO] Cache cleared successfully
2025-08-09 17:59:55 [WARNING] Failed login attempt for user: bob. Retrying...
2025-08-09 11:05:12 [INFO] Service payment started
2025-08-09 17:16:25 [ERROR] Unhandled exception: FileNotFoundError
2025-08-09 14:26:59 [INFO] Cache cleared successfully
2025-08-09 08:01:53 [ERROR] Email sending failed to recipient: admin@google.com
2025-08-09 23:59:47 [ERROR] Database connection lost
2025-08-09 15:43:59 [INFO] Scheduled backup completed successfully
2025-08-09 05:09:50 [INFO] Service inventory started
2025-08-09 14:50:57 [ERROR] Deadlock detected in transaction ID 885
2025-08-09 20:41:54 [INFO] Database connection established
2025-08-09 00:35:50 [WARNING] Failed login attempt for user: charlie. Retrying...
2025-08-09 23:48:22 [INFO] Cache cleared successfully
2025-08-09 23:49:51 [INFO] File uploaded: data.csv
2025-08-09 16:29:18 [INFO] Database connection established
2025-08-09 14:58:11 [INFO] User login successful for user: charlie
2025-08-09 07:40:54 [ERROR] Database connection lost
2025-08-09 22:17:05 [ERROR] Deadlock detected in transaction ID 4757
2025-08-09 10:43:41 [INFO] Service inventory started
2025-08-09 17:00:33 [ERROR] Email sending failed to recipient: support@amazon.com
2025-08-09 03:02:59 [INFO] User login successful for user: bob
2025-08-09 13:25:36 [ERROR] Database connection lost
2025-08-09 17:11:42 [INFO] Cache cleared successfully
2025-08-09 03:20:57 [INFO] Cache cleared successfully
2025-08-09 14:01:23 [INFO] Database connection established
2025-08-09 08:05:17 [INFO] User login successful for user: diana
2025-08-09 20:22:17 [INFO] Service auth started
2025-08-09 00:41:12 [INFO] Service inventory started
2025-08-09 01:54:13 [ERROR] Email sending failed to recipient: user@gmail.com
2025-08-09 23:33:27 [INFO] Database connection established
2025-08-09 02:50:45 [INFO] Database connection established
2025-08-09 21:45:20 [INFO] Scheduled backup completed successfully
2025-08-09 02:55:34 [WARNING] Configuration file deprecated: backup.zip
2025-08-09 09:13:30 [ERROR] Deadlock detected in transaction ID 4389
2025-08-09 02:40:58 [ERROR] Unhandled exception: TimeoutError
2025-08-09 17:04:45 [INFO] Cache cleared successfully
2025-08-09 16:32:22 [WARNING] Slow query detected: execution time 148ms
2025-08-09 17:21:00 [WARNING] High memory usage detected
2025-08-09 10:00:54 [INFO] Database connection established
2025-08-09 11:17:11 [INFO] Service inventory started
2025-08-09 23:35:43 [INFO] Database connection established
2025-08-09 02:36:44 [ERROR] Service inventory crashed
2025-08-09 06:38:30 [INFO] Cache cleared successfully
2025-08-09 06:55:14 [INFO] Database connection established
2025-08-09 08:58:10 [INFO] Database connection established
2025-08-09 16:48:28 [INFO] Database connection established
2025-08-09 08:41:47 [ERROR] Deadlock detected in transaction ID 3875
2025-08-09 10:25:38 [WARNING] Disk space low: 4158 remaining
2025-08-09 01:02:30 [INFO] Database connection established
2025-08-09 15:51:49 [WARNING] API response time exceeded threshold
2025-08-09 20:06:56 [INFO] File uploaded: data.csv
2025-08-09 04:25:12 [INFO] Cache cleared successfully
2025-08-09 10:55:15 [WARNING] Second failed login attempt for user: bob. Next attempt will ERROR. Retrying...
2025-08-09 23:52:02 [INFO] File uploaded: data.csv
2025-08-09 01:17:26 [INFO] User login successful for user: diana
2025-08-09 19:20:09 [ERROR] Database connection lost
2025-08-09 23:11:04 [INFO] Cache cleared successfully
2025-08-09 05:28:57 [INFO] File uploaded: backup.zip
2025-08-09 09:47:43 [WARNING] Failed login attempt for user: bob. Retrying...
2025-08-09 09:18:51 [WARNING] Configuration file deprecated: config.yml
2025-08-09 20:22:43 [INFO] Service notification started
2025-08-09 06:20:06 [INFO] Cache cleared successfully
2025-08-09 06:22:09 [INFO] File uploaded: report.pdf
2025-08-09 18:29:04 [WARNING] API response time exceeded threshold
2025-08-09 13:42:16 [INFO] Service notification started
2025-08-09 11:10:07 [WARNING] High memory usage detected
2025-08-09 00:54:56 [INFO] User login successful for user: bob
2025-08-09 15:57:09 [INFO] Database connection established
2025-08-09 01:04:48 [DEBUG] Query executed: SELECT * FROM users
2025-08-09 08:20:25 [INFO] Database connection established
2025-08-09 10:08:21 [INFO] User login successful for user: diana
2025-08-09 11:48:56 [ERROR] Database connection lost
2025-08-09 11:00:27 [WARNING] Slow query detected: execution time 2896ms
2025-08-09 02:30:55 [INFO] File uploaded: data.csv
2025-08-09 15:25:49 [ERROR] Deadlock detected in transaction ID 2158
2025-08-09 07:05:16 [INFO] File uploaded: data.csv
2025-08-09 12:31:14 [INFO] Database connection established
2025-08-09 04:16:42 [ERROR] Deadlock detected in transaction ID 1097
2025-08-09 06:07:33 [INFO] Service inventory started
2025-08-09 20:34:22 [WARNING] Failed login attempt for user: charlie. Retrying...
2025-08-09 17:16:46 [ERROR] Unhandled exception: TimeoutError
2025-08-09 03:15:08 [DEBUG] Temporary file created at: report.pdf
2025-08-09 16:24:29 [WARNING] Second failed login attempt for user: charlie. Next attempt will ERROR. Retrying...
2025-08-09 00:46:51 [INFO] Service inventory started
2025-08-09 03:14:41 [ERROR] Database connection lost
2025-08-09 23:49:28 [ERROR] Service auth crashed
2025-08-09 19:48:08 [WARNING] Slow query detected: execution time 3867ms
2025-08-09 13:52:47 [WARNING] Configuration file deprecated: report.pdf
2025-08-09 02:14:37 [INFO] Scheduled backup completed successfully
2025-08-09 07:02:25 [INFO] Database connection established
2025-08-09 09:02:24 [INFO] User login successful for user: diana
2025-08-09 04:32:02 [INFO] Scheduled backup completed successfully
2025-08-09 00:11:29 [INFO] Scheduled backup completed successfully
2025-08-09 13:55:52 [INFO] Cache cleared successfully
2025-08-09 01:43:57 [INFO] Database connection established
2025-08-09 01:05:54 [INFO] Cache cleared successfully
2025-08-09 23:08:09 [INFO] Database connection established
2025-08-09 03:00:43 [ERROR] Service auth crashed
2025-08-09 11:22:57 [INFO] Service payment started
2025-08-09 13:25:10 [ERROR] Unhandled exception: FileNotFoundError
2025-08-09 14:46:52 [INFO] User login successful for user: eve
2025-08-09 00:06:41 [INFO] Scheduled backup completed successfully
2025-08-09 19:40:41 [INFO] Scheduled backup completed successfully
2025-08-09 19:42:43 [INFO] User login successful for user: diana
2025-08-09 15:52:46 [INFO] File uploaded: report.pdf
2025-08-09 04:24:48 [INFO] File uploaded: data.csv
2025-08-09 12:19:20 [WARNING] Configuration file deprecated: data.csv
2025-08-09 01:43:17 [WARNING] Disk space low: 3301 remaining
2025-08-09 01:23:22 [INFO] User login successful for user: charlie
2025-08-09 19:02:24 [WARNING] Slow query detected: execution time 4662ms
2025-08-09 06:44:54 [INFO] Scheduled backup completed successfully
2025-08-09 12:39:34 [INFO] Scheduled backup completed successfully
2025-08-09 12:48:04 [INFO] Scheduled backup completed successfully
2025-08-09 11:36:55 [ERROR] Database connection lost
2025-08-09 03:51:23 [ERROR] Service inventory crashed
2025-08-09 14:07:54 [WARNING] API response time exceeded threshold
2025-08-09 05:35:43 [ERROR] File write failed: report.pdf
2025-08-09 08:21:34 [INFO] Scheduled backup completed successfully
2025-08-09 00:31:58 [INFO] Database connection established
2025-08-09 07:22:17 [ERROR] Deadlock detected in transaction ID 3508
2025-08-09 12:04:15 [ERROR] Unhandled exception: FileNotFoundError
2025-08-09 04:30:29 [INFO] Scheduled backup completed successfully
2025-08-09 01:42:39 [WARNING] Slow query detected: execution time 4883ms
2025-08-09 05:01:39 [INFO] File uploaded: report.pdf
2025-08-09 15:33:52 [WARNING] Second failed login attempt for user: eve. Next attempt will ERROR. Retrying...
2025-08-09 07:18:05 [WARNING] API response time exceeded threshold
2025-08-09 10:22:59 [INFO] Scheduled backup completed successfully
2025-08-09 14:01:59 [WARNING] Disk space low: 375 remaining
2025-08-09 04:45:38 [INFO] Cache cleared successfully
2025-08-09 02:31:13 [INFO] Service notification started
2025-08-09 10:32:58 [WARNING] High memory usage detected
2025-08-09 09:10:31 [WARNING] Configuration file deprecated: data.csv
2025-08-09 13:20:38 [INFO] User login successful for user: charlie
2025-08-09 23:05:00 [ERROR] Database connection lost
2025-08-09 23:00:21 [INFO] Database connection established
2025-08-09 17:12:19 [INFO] Scheduled backup completed successfully
2025-08-09 17:56:05 [INFO] Cache cleared successfully
2025-08-09 14:18:10 [ERROR] Email sending failed to recipient: support@amazon.com
2025-08-09 06:02:32 [INFO] User login successful for user: diana
2025-08-09 18:50:57 [WARNING] Disk space low: 3424 remaining
2025-08-09 08:44:36 [DEBUG] Session token generated for user: eve
2025-08-09 16:48:14 [INFO] User login successful for user: diana
2025-08-09 17:22:35 [INFO] Database connection established
2025-08-09 14:24:34 [WARNING] Configuration file deprecated: data.csv
2025-08-09 16:45:11 [INFO] Database connection established
2025-08-09 11:08:52 [WARNING] API response time exceeded threshold
2025-08-09 05:35:38 [DEBUG] Temporary file created at: data.csv
2025-08-09 01:20:01 [WARNING] Slow query detected: execution time 852ms
2025-08-09 19:30:13 [INFO] Cache cleared successfully
2025-08-09 08:48:13 [ERROR] Unhandled exception: NullPointerException
2025-08-09 08:51:31 [ERROR] Email sending failed to recipient: admin@google.com
2025-08-09 10:22:09 [WARNING] Disk space low: 3232 remaining
2025-08-09 05:28:48 [DEBUG] Variable x has value: 1423
2025-08-09 08:55:22 [WARNING] Disk space low: 4922 remaining
2025-08-09 08:50:51 [INFO] Service notification started
2025-08-09 07:34:23 [INFO] Database connection established
2025-08-09 08:51:24 [ERROR] File write failed: report.pdf
2025-08-09 06:58:34 [ERROR] Email sending failed to recipient: user@gmail.com
2025-08-09 11:11:53 [INFO] Database connection established
2025-08-09 06:15:50 [INFO] Service notification started
2025-08-09 06:59:37 [INFO] Cache cleared successfully
2025-08-09 16:21:37 [INFO] Database connection established
2025-08-09 18:59:28 [INFO] Database connection established
2025-08-09 20:22:03 [INFO] Service auth started
2025-08-09 10:22:43 [INFO] Cache cleared successfully
2025-08-09 14:47:52 [ERROR] Email sending failed to recipient: support@amazon.com
2025-08-09 02:52:03 [ERROR] File write failed: backup.zip
2025-08-09 01:59:46 [INFO] Database connection established
2025-08-09 01:41:21 [INFO] Service payment started
2025-08-09 00:43:49 [ERROR] Email sending failed to recipient: user@gmail.com
2025-08-09 04:47:01 [INFO] File uploaded: report.pdf
2025-08-09 19:56:22 [INFO] Cache cleared successfully
2025-08-09 11:06:11 [ERROR] Email sending failed to recipient: user@gmail.com
2025-08-09 07:28:43 [INFO] Database connection established
2025-08-09 13:13:46 [INFO] Scheduled backup completed successfully
2025-08-09 15:25:43 [INFO] Scheduled backup completed successfully
2025-08-09 13:16:00 [WARNING] Failed login attempt for user: bob. Retrying...
2025-08-09 00:04:42 [INFO] Cache cleared successfully
2025-08-09 01:02:18 [INFO] Service payment started
2025-08-09 09:32:29 [INFO] Database connection established
2025-08-09 23:03:34 [INFO] Service auth started
2025-08-09 16:21:52 [WARNING] Second failed login attempt for user: eve. Next attempt will ERROR. Retrying...
2025-08-09 12:51:54 [WARNING] Failed login attempt for user: diana. Retrying...
2025-08-09 04:07:39 [INFO] Database connection established
2025-08-09 19:16:07 [INFO] File uploaded: backup.zip
2025-08-09 07:17:22 [INFO] Scheduled backup completed successfully
2025-08-09 19:08:16 [INFO] Service auth started
2025-08-09 13:19:09 [INFO] Cache cleared successfully
2025-08-09 23:46:02 [INFO] Scheduled backup completed successfully
2025-08-09 15:18:09 [INFO] Database connection established
2025-08-09 08:36:19 [DEBUG] Temporary file created at: data.csv
2025-08-09 09:30:31 [DEBUG] Session token generated for user: bob
2025-08-09 17:59:13 [INFO] Database connection established
2025-08-09 17:50:35 [WARNING] Slow query detected: execution time 2538ms
2025-08-09 00:02:50 [INFO] File uploaded: backup.zip
2025-08-09 20:11:10 [ERROR] Email sending failed to recipient: admin@google.com
2025-08-09 09:28:54 [INFO] Cache cleared successfully
2025-08-09 15:19:55 [INFO] Service auth started
2025-08-09 00:54:03 [INFO] File uploaded: report.pdf
2025-08-09 04:17:08 [INFO] Service auth started
2025-08-09 17:19:23 [INFO] User login successful for user: diana
2025-08-09 03:35:53 [INFO] Database connection established
2025-08-09 21:52:59 [INFO] File uploaded: report.pdf
2025-08-09 12:22:53 [DEBUG] Entering function send_email with arguments: 8
2025-08-09 07:29:51 [INFO] User login successful for user: bob
2025-08-09 08:20:20 [INFO] User login successful for user: bob
2025-08-09 15:53:33 [ERROR] Deadlock detected in transaction ID 3342
2025-08-09 10:43:33 [WARNING] Configuration file deprecated: backup.zip
2025-08-09 05:10:42 [INFO] Scheduled backup completed successfully
2025-08-09 08:52:27 [INFO] Service notification started
2025-08-09 16:42:04 [WARNING] Disk space low: 1072 remaining
2025-08-09 17:41:43 [ERROR] Deadlock detected in transaction ID 4234
2025-08-09 13:22:19 [INFO] User login successful for user: alice
2025-08-09 10:18:23 [INFO] Database connection established
2025-08-09 23:31:11 [INFO] File uploaded: report.pdf
2025-08-09 01:04:20 [DEBUG] Entering function process_payment with arguments: 7
2025-08-09 02:51:23 [INFO] Scheduled backup completed successfully
2025-08-09 11:18:02 [INFO] Scheduled backup completed successfully
2025-08-09 20:21:00 [WARNING] API response time exceeded threshold
2025-08-09 11:42:55 [WARNING] API response time exceeded threshold
2025-08-09 15:59:34 [INFO] Database connection established
2025-08-09 17:13:41 [INFO] User login successful for user: charlie
2025-08-09 02:48:57 [INFO] Cache cleared successfully
2025-08-09 07:47:36 [ERROR] Service auth crashed
2025-08-09 19:47:25 [WARNING] Slow query detected: execution time 4992ms
2025-08-09 02:40:54 [DEBUG] Temporary file created at: report.pdf
2025-08-09 07:51:20 [INFO] Cache cleared successfully
2025-08-09 20:57:01 [DEBUG] Session token generated for user: bob
2025-08-09 11:41:21 [ERROR] Database connection lost
2025-08-09 05:32:45 [DEBUG] Temporary file created at: report.pdf
2025-08-09 08:51:35 [INFO] Database connection established
2025-08-09 21:05:27 [ERROR] Service inventory crashed
2025-08-09 09:41:05 [INFO] User login successful for user: alice
2025-08-09 17:00:32 [DEBUG] Entering function process_payment with arguments: 5
2025-08-09 11:07:19 [INFO] Cache cleared successfully
2025-08-09 20:27:40 [INFO] File uploaded: data.csv
2025-08-09 23:18:23 [INFO] Cache cleared successfully
2025-08-09 23:30:46 [INFO] Database connection established
2025-08-09 17:46:11 [WARNING] Configuration file deprecated: report.pdf
2025-08-09 23:37:05 [INFO] Database connection established
2025-08-09 01:22:13 [WARNING] API response time exceeded threshold
2025-08-09 22:10:52 [INFO] Database connection established
2025-08-09 17:48:56 [INFO] Database connection established
2025-08-09 00:07:07 [INFO] File uploaded: backup.zip
2025-08-09 23:39:19 [INFO] Scheduled backup completed successfully
2025-08-09 14:53:56 [INFO] Service payment started
2025-08-09 12:38:16 [ERROR] Database connection lost
2025-08-09 04:06:37 [INFO] Database connection established
2025-08-09 22:19:39 [WARNING] High memory usage detected
2025-08-09 01:33:40 [INFO] Cache cleared successfully
2025-08-09 22:11:50 [ERROR] Email sending failed to recipient: support@amazon.com
2025-08-09 05:40:50 [INFO] Cache cleared successfully
2025-08-09 07:41:18 [INFO] Database connection established
2025-08-09 02:32:07 [INFO] Scheduled backup completed successfully
2025-08-09 23:55:05 [INFO] Service notification started
2025-08-09 12:15:05 [WARNING] Second failed login attempt for user: eve. Next attempt will ERROR. Retrying...
2025-08-09 16:10:24 [WARNING] Slow query detected: execution time 1311ms
2025-08-09 00:28:50 [INFO] Service auth started
2025-08-09 17:34:23 [WARNING] High memory usage detected
2025-08-09 01:41:00 [DEBUG] Entering function process_payment with arguments: 5
2025-08-09 00:25:43 [INFO] File uploaded: backup.zip
2025-08-09 22:03:09 [INFO] Scheduled backup completed successfully
2025-08-09 16:39:28 [ERROR] Email sending failed to recipient: support@amazon.com
2025-08-09 07:41:26 [INFO] User login successful for user: alice
2025-08-09 08:26:33 [INFO] Service auth started
2025-08-09 14:04:46 [INFO] User login successful for user: diana
2025-08-09 12:26:48 [INFO] Database connection established
2025-08-09 12:57:51 [INFO] Database connection established
2025-08-09 22:54:25 [INFO] Service payment started
2025-08-09 14:16:06 [DEBUG] Variable x has value: 1341
2025-08-09 14:52:28 [ERROR] Deadlock detected in transaction ID 4353
2025-08-09 09:03:20 [INFO] File uploaded: backup.zip
2025-08-09 08:57:20 [ERROR] Service auth crashed
2025-08-09 23:49:53 [DEBUG] Query executed: SELECT * FROM users
2025-08-09 09:47:54 [INFO] Service inventory started
2025-08-09 16:25:19 [INFO] Cache cleared successfully
2025-08-09 17:23:51 [WARNING] Second failed login attempt for user: alice. Next attempt will ERROR. Retrying...
2025-08-09 01:49:04 [ERROR] Service auth crashed
2025-08-09 20:20:20 [WARNING] Second failed login attempt for user: diana. Next attempt will ERROR. Retrying...
2025-08-09 15:10:44 [INFO] File uploaded: report.pdf
2025-08-09 00:47:46 [INFO] Cache cleared successfully
2025-08-09 15:32:32 [INFO] Service inventory started
2025-08-09 09:15:55 [ERROR] Unhandled exception: NullPointerException
2025-08-09 21:45:02 [INFO] Cache cleared successfully
2025-08-09 00:03:36 [ERROR] File write failed: backup.zip
2025-08-09 10:39:33 [INFO] User login successful for user: alice
2025-08-09 15:01:41 [WARNING] Slow query detected: execution time 3783ms
2025-08-09 16:19:51 [ERROR] Unhandled exception: TimeoutError
2025-08-09 16:54:05 [WARNING] High memory usage detected
2025-08-09 11:51:34 [INFO] Database connection established
2025-08-09 17:03:56 [WARNING] Failed login attempt for user: charlie. Retrying...
2025-08-09 13:46:31 [INFO] Database connection established
2025-08-09 16:01:54 [INFO] User login successful for user: eve
2025-08-09 07:48:55 [INFO] Database connection established
2025-08-09 09:02:42 [ERROR] Unhandled exception: TimeoutError
2025-08-09 10:21:55 [INFO] Service inventory started
2025-08-09 22:20:27 [INFO] Database connection established
2025-08-09 14:20:49 [INFO] Service notification started
2025-08-09 16:06:28 [WARNING] Second failed login attempt for user: bob. Next attempt will ERROR. Retrying...
2025-08-09 13:31:44 [INFO] Scheduled backup completed successfully
2025-08-09 16:12:15 [INFO] Database connection established
2025-08-09 09:44:09 [INFO] Scheduled backup completed successfully
2025-08-09 19:21:36 [INFO] Scheduled backup completed successfully
2025-08-09 15:36:22 [WARNING] High memory usage detected
2025-08-09 16:50:45 [INFO] Database connection established
2025-08-09 08:14:27 [WARNING] Configuration file deprecated: report.pdf
2025-08-09 01:21:58 [INFO] Scheduled backup completed successfully
2025-08-09 12:24:06 [ERROR] Database connection lost
2025-08-09 23:27:00 [INFO] Database connection established
2025-08-09 04:49:13 [INFO] User login successful for user: eve
2025-08-09 18:38:03 [WARNING] Slow query detected: execution time 3548ms
2025-08-09 03:48:20 [INFO] User login successful for user: eve
2025-08-09 13:22:44 [WARNING] Slow query detected: execution time 2086ms
2025-08-09 20:06:54 [INFO] File uploaded: data.csv
2025-08-09 23:58:10 [INFO] File uploaded: backup.zip
2025-08-09 07:03:58 [WARNING] High memory usage detected
2025-08-09 06:11:04 [WARNING] Disk space low: 1087 remaining
2025-08-09 03:33:58 [INFO] Cache cleared successfully
2025-08-09 04:07:50 [WARNING] Configuration file deprecated: report.pdf
2025-08-09 12:50:14 [INFO] File uploaded: report.pdf
2025-08-09 08:37:22 [DEBUG] Variable x has value: 1482
2025-08-09 12:15:35 [INFO] Database connection established
2025-08-09 07:02:42 [ERROR] Unhandled exception: FileNotFoundError
2025-08-09 13:28:18 [WARNING] Second failed login attempt for user: alice. Next attempt will ERROR. Retrying...
2025-08-09 11:48:53 [DEBUG] Query executed: UPDATE orders SET status='shipped' WHERE id=42
2025-08-09 00:19:38 [INFO] Cache cleared successfully
2025-08-09 09:17:16 [INFO] Cache cleared successfully
2025-08-09 07:56:46 [INFO] Cache cleared successfully
2025-08-09 20:56:39 [ERROR] Email sending failed to recipient: support@amazon.com
2025-08-09 17:16:57 [WARNING] Failed login attempt for user: eve. Retrying...
2025-08-09 14:51:40 [INFO] Scheduled backup completed successfully
2025-08-09 04:39:40 [WARNING] Configuration file deprecated: config.yml
2025-08-09 00:37:16 [WARNING] API response time exceeded threshold
2025-08-09 14:15:18 [INFO] Cache cleared successfully
2025-08-09 21:50:21 [WARNING] API response time exceeded threshold
2025-08-09 19:43:15 [INFO] Cache cleared successfully
2025-08-09 17:40:38 [INFO] Scheduled backup completed successfully
2025-08-09 16:42:48 [INFO] Service inventory started
2025-08-09 05:51:12 [INFO] Cache cleared successfully
2025-08-09 03:13:17 [INFO] Database connection established
2025-08-09 05:48:45 [INFO] Cache cleared successfully
2025-08-09 06:59:09 [WARNING] Second failed login attempt for user: alice. Next attempt will ERROR. Retrying...
2025-08-09 21:40:12 [INFO] Database connection established
2025-08-09 21:06:32 [INFO] Scheduled backup completed successfully
2025-08-09 08:00:33 [INFO] Cache cleared successfully
2025-08-09 06:26:17 [INFO] Cache cleared successfully
2025-08-09 08:16:05 [WARNING] High memory usage detected
2025-08-09 08:25:57 [INFO] Scheduled backup completed successfully
2025-08-09 23:14:43 [INFO] Scheduled backup completed successfully
2025-08-09 11:46:06 [INFO] File uploaded: backup.zip
2025-08-09 11:18:03 [INFO] Cache cleared successfully
2025-08-09 04:42:18 [ERROR] Service notification crashed
2025-08-09 18:48:18 [INFO] Service auth started
2025-08-09 04:26:43 [WARNING] Configuration file deprecated: report.pdf
2025-08-09 21:58:14 [ERROR] Deadlock detected in transaction ID 4974
2025-08-09 07:00:01 [INFO] Cache cleared successfully
2025-08-09 09:13:21 [INFO] File uploaded: backup.zip
2025-08-09 19:02:02 [WARNING] Slow query detected: execution time 953ms
2025-08-09 04:34:47 [ERROR] File write failed: data.csv
2025-08-09 09:15:03 [INFO] File uploaded: backup.zip
2025-08-09 05:08:40 [INFO] Service payment started
2025-08-09 11:26:03 [INFO] Database connection established
2025-08-09 23:53:40 [INFO] File uploaded: report.pdf
2025-08-09 15:45:22 [WARNING] Slow query detected: execution time 2469ms
2025-08-09 16:10:04 [WARNING] High memory usage detected
2025-08-09 02:58:00 [WARNING] Failed login attempt for user: charlie. Retrying...
2025-08-09 20:17:26 [ERROR] Deadlock detected in transaction ID 2126
2025-08-09 13:00:45 [INFO] File uploaded: report.pdf
2025-08-09 06:56:23 [INFO] Scheduled backup completed successfully
2025-08-09 13:54:20 [WARNING] Disk space low: 4008 remaining
2025-08-09 11:25:39 [INFO] Database connection established
2025-08-09 11:07:01 [INFO] User login successful for user: eve
2025-08-09 07:05:59 [INFO] Cache cleared successfully
2025-08-09 20:41:03 [INFO] Service inventory started
2025-08-09 11:39:39 [WARNING] High memory usage detected
2025-08-09 08:04:19 [DEBUG] Session token generated for user: bob
2025-08-09 22:14:37 [INFO] Scheduled backup completed successfully
2025-08-09 12:08:41 [ERROR] Deadlock detected in transaction ID 4898
2025-08-09 19:38:21 [DEBUG] Query executed: UPDATE orders SET status='shipped' WHERE id=42
2025-08-09 08:17:44 [INFO] Service inventory started
2025-08-09 11:08:37 [INFO] Scheduled backup completed successfully
2025-08-09 22:35:50 [INFO] Service payment started
2025-08-09 17:15:44 [INFO] File uploaded: backup.zip
2025-08-09 03:51:46 [ERROR] Database connection lost
2025-08-09 11:41:19 [WARNING] Configuration file deprecated: backup.zip
2025-08-09 15:39:50 [INFO] Database connection established
2025-08-09 13:55:16 [WARNING] High memory usage detected
2025-08-09 03:56:04 [WARNING] Configuration file deprecated: backup.zip
2025-08-09 14:47:49 [ERROR] Database connection lost
2025-08-09 23:03:59 [INFO] User login successful for user: bob
2025-08-09 05:27:59 [INFO] User login successful for user: eve
2025-08-09 12:25:16 [INFO] Scheduled backup completed successfully
2025-08-09 00:41:34 [INFO] User login successful for user: alice
2025-08-09 08:49:45 [INFO] User login successful for user: diana
2025-08-09 06:16:45 [WARNING] Slow query detected: execution time 3484ms
2025-08-09 14:08:57 [INFO] Database connection established
2025-08-09 00:55:52 [WARNING] Slow query detected: execution time 114ms
2025-08-09 17:58:18 [INFO] Scheduled backup completed successfully
2025-08-09 11:47:12 [INFO] Database connection established
2025-08-09 18:18:19 [WARNING] High memory usage detected
2025-08-09 22:39:25 [INFO] Scheduled backup completed successfully
2025-08-09 17:15:07 [WARNING] Slow query detected: execution time 4449ms
2025-08-09 01:48:01 [INFO] Service inventory started
2025-08-09 19:00:59 [INFO] File uploaded: report.pdf
2025-08-09 20:43:28 [DEBUG] Entering function generate_report with arguments: 10
2025-08-09 17:41:23 [INFO] File uploaded: config.yml
2025-08-09 04:59:54 [INFO] File uploaded: backup.zip
2025-08-09 23:03:18 [INFO] File uploaded: backup.zip
2025-08-09 11:07:32 [INFO] File uploaded: config.yml
2025-08-09 01:39:55 [INFO] Database connection established
2025-08-09 17:23:06 [INFO] Scheduled backup completed successfully
2025-08-09 14:45:21 [INFO] User login successful for user: eve
2025-08-09 15:58:30 [WARNING] High memory usage detected
2025-08-09 23:16:07 [ERROR] Deadlock detected in transaction ID 3316
2025-08-09 07:25:46 [INFO] User login successful for user: eve
2025-08-09 16:25:54 [INFO] Database connection established
2025-08-09 23:12:27 [WARNING] Second failed login attempt for user: diana. Next attempt will ERROR. Retrying...
2025-08-09 22:20:40 [INFO] File uploaded: config.yml
2025-08-09 11:10:37 [WARNING] Disk space low: 941 remaining
2025-08-09 02:28:59 [INFO] User login successful for user: alice
2025-08-09 23:12:31 [INFO] Service inventory started
2025-08-09 04:11:48 [INFO] Scheduled backup completed successfully
2025-08-09 03:49:09 [DEBUG] Variable x has value: 3904
2025-08-09 09:04:02 [INFO] Service inventory started
2025-08-09 17:26:57 [INFO] Database connection established
2025-08-09 12:51:59 [ERROR] File write failed: config.yml
2025-08-09 23:59:16 [INFO] Cache cleared successfully
2025-08-09 01:07:13 [INFO] Service inventory started
2025-08-09 18:04:20 [WARNING] Slow query detected: execution time 4575ms
2025-08-09 18:45:34 [INFO] Service inventory started
2025-08-09 18:42:41 [WARNING] API response time exceeded threshold
2025-08-09 09:09:47 [DEBUG] Temporary file created at: backup.zip
2025-08-09 14:55:25 [INFO] Database connection established
2025-08-09 16:42:00 [ERROR] File write failed: backup.zip
2025-08-09 11:45:42 [WARNING] Configuration file deprecated: config.yml
2025-08-09 03:57:48 [INFO] File uploaded: config.yml
2025-08-09 12:59:22 [WARNING] API response time exceeded threshold
2025-08-09 16:14:11 [INFO] Service auth started
2025-08-09 20:46:52 [WARNING] Failed login attempt for user: diana. Retrying...
2025-08-09 08:50:52 [INFO] User login successful for user: eve
2025-08-09 22:32:27 [INFO] Scheduled backup completed successfully
2025-08-09 07:59:52 [INFO] Database connection established
2025-08-09 01:38:33 [INFO] Scheduled backup completed successfully
2025-08-09 13:53:55 [INFO] Scheduled backup completed successfully
2025-08-09 11:35:22 [INFO] Database connection established
2025-08-09 15:15:35 [INFO] Database connection established
2025-08-09 05:52:02 [WARNING] Failed login attempt for user: diana. Retrying...
2025-08-09 02:44:08 [INFO] Service notification started
2025-08-09 20:41:24 [INFO] Scheduled backup completed successfully
2025-08-09 21:24:12 [INFO] Cache cleared successfully
2025-08-09 16:24:57 [ERROR] Database connection lost
2025-08-09 19:23:58 [WARNING] Configuration file deprecated: data.csv
2025-08-09 10:59:01 [INFO] Service notification started
2025-08-09 03:36:49 [INFO] User login successful for user: alice
2025-08-09 10:48:08 [ERROR] Service auth crashed
2025-08-09 18:16:48 [INFO] Scheduled backup completed successfully
2025-08-09 06:01:26 [ERROR] File write failed: backup.zip
2025-08-09 20:48:00 [INFO] User login successful for user: eve
2025-08-09 16:25:23 [INFO] Service payment started
2025-08-09 02:14:54 [INFO] User login successful for user: alice
2025-08-09 14:11:06 [INFO] Service notification started
2025-08-09 23:21:15 [ERROR] File write failed: data.csv
2025-08-09 18:13:55 [ERROR] File write failed: config.yml
2025-08-09 15:43:29 [ERROR] Unhandled exception: NullPointerException
2025-08-09 18:13:12 [ERROR] Service payment crashed
2025-08-09 13:48:56 [WARNING] High memory usage detected
2025-08-09 01:24:41 [WARNING] API response time exceeded threshold
2025-08-09 02:38:00 [WARNING] API response time exceeded threshold
2025-08-09 13:38:31 [WARNING] Second failed login attempt for user: alice. Next attempt will ERROR. Retrying...
2025-08-09 16:14:34 [INFO] Database connection established
2025-08-09 13:09:24 [DEBUG] Temporary file created at: data.csv
2025-08-09 16:24:57 [WARNING] Failed login attempt for user: diana. Retrying...
2025-08-09 05:33:46 [INFO] User login successful for user: eve
2025-08-09 14:58:37 [INFO] File uploaded: data.csv
2025-08-09 13:51:27 [INFO] Cache cleared successfully
2025-08-09 00:26:09 [DEBUG] Query executed: SELECT * FROM users
2025-08-09 23:43:16 [INFO] Database connection established
2025-08-09 02:13:57 [INFO] Service notification started
2025-08-09 03:06:08 [INFO] Scheduled backup completed successfully
2025-08-09 17:22:08 [ERROR] Deadlock detected in transaction ID 3539
2025-08-09 02:10:30 [INFO] Service inventory started
2025-08-09 19:37:04 [DEBUG] Session token generated for user: diana
2025-08-09 15:48:10 [ERROR] Service notification crashed
2025-08-09 20:27:19 [INFO] Cache cleared successfully
2025-08-09 08:41:17 [INFO] User login successful for user: diana
2025-08-09 13:06:22 [INFO] Service inventory started
2025-08-09 20:28:48 [WARNING] Configuration file deprecated: report.pdf
2025-08-09 13:26:44 [DEBUG] Entering function generate_report with arguments: 3
2025-08-09 23:12:58 [INFO] User login successful for user: alice
2025-08-09 11:40:51 [INFO] File uploaded: data.csv
2025-08-09 05:39:08 [WARNING] Second failed login attempt for user: alice. Next attempt will ERROR. Retrying...
2025-08-09 16:03:32 [INFO] Database connection established
2025-08-09 22:37:59 [INFO] Scheduled backup completed successfully
2025-08-09 10:21:48 [INFO] File uploaded: backup.zip
2025-08-09 06:44:02 [WARNING] Failed login attempt for user: diana. Retrying...
2025-08-09 15:11:58 [INFO] Scheduled backup completed successfully
2025-08-09 14:05:01 [WARNING] Disk space low: 1487 remaining
2025-08-09 08:42:51 [INFO] Database connection established
2025-08-09 05:46:51 [INFO] Scheduled backup completed successfully
2025-08-09 12:01:22 [WARNING] Second failed login attempt for user: eve. Next attempt will ERROR. Retrying...
2025-08-09 23:34:47 [DEBUG] Temporary file created at: data.csv
2025-08-09 10:01:33 [INFO] Scheduled backup completed successfully
2025-08-09 21:08:21 [INFO] Service auth started
2025-08-09 15:03:58 [INFO] Cache cleared successfully
2025-08-09 07:49:40 [INFO] File uploaded: config.yml
2025-08-09 15:42:41 [INFO] File uploaded: report.pdf
2025-08-09 00:26:11 [INFO] Scheduled backup completed successfully
2025-08-09 16:11:49 [INFO] File uploaded: data.csv
2025-08-09 00:13:31 [ERROR] Database connection lost
2025-08-09 12:07:16 [DEBUG] Session token generated for user: charlie
2025-08-09 15:20:56 [INFO] Cache cleared successfully
2025-08-09 07:36:10 [ERROR] File write failed: report.pdf
2025-08-09 00:24:24 [WARNING] Second failed login attempt for user: bob. Next attempt will ERROR. Retrying...
2025-08-09 00:10:03 [WARNING] Configuration file deprecated: report.pdf
2025-08-09 18:04:33 [INFO] Database connection established
2025-08-09 05:02:39 [WARNING] API response time exceeded threshold
2025-08-09 02:42:05 [INFO] Database connection established
2025-08-09 22:09:56 [INFO] File uploaded: backup.zip
2025-08-09 12:12:10 [ERROR] Database connection lost
2025-08-09 20:11:58 [DEBUG] Variable x has value: 331
2025-08-09 02:27:33 [INFO] User login successful for user: alice
2025-08-09 21:59:45 [INFO] Cache cleared successfully
2025-08-09 22:33:46 [INFO] Scheduled backup completed successfully
2025-08-09 11:57:58 [WARNING] Slow query detected: execution time 268ms
2025-08-09 06:35:54 [INFO] Cache cleared successfully
2025-08-09 04:57:16 [INFO] Database connection established
2025-08-09 22:13:03 [INFO] Scheduled backup completed successfully
2025-08-09 03:03:26 [INFO] Database connection established
2025-08-09 11:32:21 [INFO] User login successful for user: bob
2025-08-09 08:42:52 [INFO] File uploaded: report.pdf
2025-08-09 17:08:43 [WARNING] Disk space low: 793 remaining
2025-08-09 04:06:06 [ERROR] Deadlock detected in transaction ID 3278
2025-08-09 07:07:58 [INFO] Service notification started
2025-08-09 07:25:30 [INFO] File uploaded: report.pdf
2025-08-09 11:31:32 [INFO] File uploaded: data.csv
2025-08-09 02:37:34 [WARNING] Configuration file deprecated: data.csv
2025-08-09 04:47:21 [INFO] File uploaded: backup.zip
2025-08-09 00:27:34 [WARNING] API response time exceeded threshold
2025-08-09 02:09:14 [INFO] Database connection established
2025-08-09 11:06:02 [ERROR] Service notification crashed
2025-08-09 01:17:50 [ERROR] Unhandled exception: FileNotFoundError
2025-08-09 13:14:24 [INFO] Service notification started
2025-08-09 20:06:54 [INFO] Scheduled backup completed successfully
2025-08-09 04:45:58 [INFO] File uploaded: data.csv
2025-08-09 14:04:43 [INFO] Database connection established
2025-08-09 23:34:28 [DEBUG] Variable x has value: 858
2025-08-09 16:38:25 [WARNING] API response time exceeded threshold
2025-08-09 22:45:02 [WARNING] Second failed login attempt for user: bob. Next attempt will ERROR. Retrying...
2025-08-09 16:05:51 [INFO] Service notification started
2025-08-09 05:18:19 [INFO] Database connection established
2025-08-09 07:04:20 [ERROR] Unhandled exception: TimeoutError
2025-08-09 15:01:55 [WARNING] Failed login attempt for user: bob. Retrying...
2025-08-09 12:24:52 [INFO] Service inventory started
2025-08-09 05:11:43 [INFO] Cache cleared successfully
2025-08-09 13:51:44 [ERROR] Unhandled exception: TimeoutError
2025-08-09 09:04:33 [INFO] Database connection established
2025-08-09 04:20:48 [INFO] User login successful for user: bob
2025-08-09 22:15:50 [INFO] Database connection established
2025-08-09 00:57:34 [INFO] Scheduled backup completed successfully
2025-08-09 14:51:21 [DEBUG] Session token generated for user: bob
2025-08-09 03:06:40 [INFO] Cache cleared successfully
2025-08-09 23:40:20 [ERROR] Deadlock detected in transaction ID 559
2025-08-09 20:31:06 [INFO] Cache cleared successfully
2025-08-09 03:47:34 [INFO] Database connection established
2025-08-09 23:35:01 [INFO] Scheduled backup completed successfully
2025-08-09 22:18:41 [ERROR] Service inventory crashed
2025-08-09 04:35:42 [WARNING] Slow query detected: execution time 405ms
2025-08-09 03:37:57 [INFO] Database connection established
2025-08-09 18:01:59 [INFO] Scheduled backup completed successfully
2025-08-09 17:49:09 [ERROR] Database connection lost
2025-08-09 08:12:33 [INFO] Service payment started
2025-08-09 23:44:14 [ERROR] File write failed: report.pdf
2025-08-09 11:00:40 [ERROR] Email sending failed to recipient: admin@google.com
2025-08-09 04:54:25 [WARNING] Failed login attempt for user: diana. Retrying...
2025-08-09 14:19:28 [ERROR] Email sending failed to recipient: support@amazon.com
2025-08-09 05:01:50 [INFO] File uploaded: config.yml
2025-08-09 09:23:25 [WARNING] High memory usage detected
2025-08-09 19:21:34 [INFO] Scheduled backup completed successfully
2025-08-09 17:31:35 [INFO] Database connection established
2025-08-09 11:51:59 [INFO] User login successful for user: bob
2025-08-09 23:50:35 [INFO] Database connection established
2025-08-09 19:21:28 [DEBUG] Temporary file created at: config.yml
2025-08-09 14:30:59 [ERROR] Service payment crashed
2025-08-09 05:50:16 [INFO] Cache cleared successfully
2025-08-09 03:38:19 [DEBUG] Temporary file created at: data.csv
2025-08-09 23:24:31 [INFO] Database connection established
2025-08-09 18:03:37 [ERROR] File write failed: backup.zip
2025-08-09 09:02:32 [INFO] Service inventory started
2025-08-09 01:39:43 [ERROR] Database connection lost
2025-08-09 18:56:20 [INFO] Service auth started
2025-08-09 07:38:50 [DEBUG] Entering function generate_report with arguments: 6
2025-08-09 11:35:15 [ERROR] Database connection lost
2025-08-09 06:49:21 [WARNING] Second failed login attempt for user: alice. Next attempt will ERROR. Retrying...
2025-08-09 23:36:01 [INFO] Service payment started
2025-08-09 06:37:16 [INFO] File uploaded: report.pdf
2025-08-09 03:48:54 [INFO] User login successful for user: diana
2025-08-09 12:37:08 [INFO] Database connection established
2025-08-09 07:08:18 [INFO] Database connection established
2025-08-09 04:57:43 [WARNING] Disk space low: 4999 remaining
2025-08-09 16:25:38 [INFO] File uploaded: data.csv
2025-08-09 03:53:37 [ERROR] Deadlock detected in transaction ID 3364
2025-08-09 13:57:35 [INFO] File uploaded: backup.zip
2025-08-09 07:15:43 [DEBUG] Temporary file created at: backup.zip
2025-08-09 02:38:27 [DEBUG] Session token generated for user: alice
2025-08-09 01:53:27 [INFO] Cache cleared successfully
2025-08-09 01:00:36 [INFO] Service notification started
2025-08-09 21:35:31 [WARNING] Failed login attempt for user: diana. Retrying...
2025-08-09 16:42:39 [INFO] Scheduled backup completed successfully
2025-08-09 04:22:32 [INFO] File uploaded: data.csv
2025-08-09 05:44:52 [WARNING] Configuration file deprecated: config.yml
2025-08-09 10:25:56 [INFO] Service payment started
2025-08-09 07:01:56 [INFO] File uploaded: backup.zip
2025-08-09 01:18:40 [INFO] User login successful for user: alice
2025-08-09 15:56:06 [INFO] Database connection established
2025-08-09 11:14:41 [ERROR] Database connection lost
2025-08-09 00:00:18 [INFO] Scheduled backup completed successfully
2025-08-09 07:54:09 [DEBUG] Variable x has value: 4819
2025-08-09 01:21:58 [INFO] Scheduled backup completed successfully
2025-08-09 01:13:04 [DEBUG] Temporary file created at: data.csv
2025-08-09 17:53:33 [INFO] File uploaded: backup.zip
2025-08-09 23:05:17 [INFO] Cache cleared successfully
2025-08-09 17:45:13 [WARNING] Second failed login attempt for user: alice. Next attempt will ERROR. Retrying...
2025-08-09 10:27:12 [INFO] Database connection established
2025-08-09 17:53:19 [DEBUG] Query executed: UPDATE orders SET status='shipped' WHERE id=42
2025-08-09 12:57:18 [INFO] Scheduled backup completed successfully
2025-08-09 17:11:51 [ERROR] Email sending failed to recipient: admin@google.com
2025-08-09 23:47:51 [INFO] File uploaded: report.pdf
2025-08-09 12:25:44 [INFO] Database connection established
2025-08-09 15:44:12 [WARNING] Slow query detected: execution time 3651ms
2025-08-09 02:47:13 [INFO] Service inventory started
2025-08-09 04:07:26 [INFO] Scheduled backup completed successfully
2025-08-09 22:31:27 [INFO] Cache cleared successfully
2025-08-09 23:37:03 [ERROR] Email sending failed to recipient: user@gmail.com
2025-08-09 05:23:32 [ERROR] Database connection lost
2025-08-09 12:59:15 [INFO] Scheduled backup completed successfully
2025-08-09 08:47:41 [INFO] User login successful for user: diana
2025-08-09 18:37:31 [WARNING] Disk space low: 1612 remaining
2025-08-09 06:13:13 [DEBUG] Temporary file created at: data.csv
2025-08-09 23:49:09 [WARNING] Slow query detected: execution time 3590ms
2025-08-09 02:03:39 [INFO] Service notification started
2025-08-09 07:29:11 [INFO] Service auth started
2025-08-09 16:01:36 [INFO] Cache cleared successfully
2025-08-09 18:27:29 [INFO] Cache cleared successfully
2025-08-09 21:11:25 [INFO] User login successful for user: charlie
2025-08-09 05:28:36 [INFO] Database connection established
2025-08-09 04:26:15 [ERROR] Email sending failed to recipient: user@gmail.com
2025-08-09 08:40:00 [ERROR] File write failed: backup.zip
2025-08-09 21:23:32 [INFO] User login successful for user: charlie
2025-08-09 10:26:19 [DEBUG] Session token generated for user: diana
2025-08-09 07:53:00 [ERROR] Unhandled exception: NullPointerException
2025-08-09 00:16:38 [ERROR] File write failed: backup.zip
2025-08-09 20:03:54 [ERROR] Unhandled exception: TimeoutError
2025-08-09 20:37:16 [INFO] Service inventory started
2025-08-09 03:29:45 [INFO] User login successful for user: eve
2025-08-09 20:40:21 [INFO] Database connection established
2025-08-09 12:08:15 [INFO] Database connection established
2025-08-09 14:29:26 [INFO] Database connection established
2025-08-09 14:17:06 [INFO] Cache cleared successfully
2025-08-09 21:12:48 [WARNING] Disk space low: 2915 remaining
2025-08-09 00:07:08 [DEBUG] Variable x has value: 2536
2025-08-09 11:23:12 [INFO] Scheduled backup completed successfully
2025-08-09 02:56:39 [INFO] User login successful for user: alice
2025-08-09 03:15:49 [INFO] File uploaded: backup.zip
2025-08-09 03:08:58 [WARNING] Failed login attempt for user: charlie. Retrying...
2025-08-09 07:28:17 [INFO] Scheduled backup completed successfully
2025-08-09 18:53:56 [INFO] Database connection established
2025-08-09 05:20:00 [DEBUG] Query executed: SELECT * FROM users
2025-08-09 12:42:14 [INFO] Cache cleared successfully
2025-08-09 16:43:19 [WARNING] Failed login attempt for user: alice. Retrying...
2025-08-09 12:56:24 [INFO] Service inventory started
2025-08-09 17:59:32 [INFO] File uploaded: config.yml
2025-08-09 08:09:22 [ERROR] Database connection lost
2025-08-09 04:30:47 [INFO] Service payment started
2025-08-09 03:32:50 [WARNING] Second failed login attempt for user: bob. Next attempt will ERROR. Retrying...
2025-08-09 06:46:35 [WARNING] Failed login attempt for user: eve. Retrying...
2025-08-09 12:09:43 [INFO] Scheduled backup completed successfully
2025-08-09 03:52:28 [INFO] Scheduled backup completed successfully
2025-08-09 16:05:22 [INFO] Service auth started
2025-08-09 08:18:36 [INFO] Database connection established
2025-08-09 06:20:57 [ERROR] File write failed: config.yml
2025-08-09 01:43:14 [INFO] Cache cleared successfully
2025-08-09 19:59:59 [INFO] Service payment started
2025-08-09 23:48:21 [WARNING] Configuration file deprecated: backup.zip
2025-08-09 07:23:30 [WARNING] Failed login attempt for user: eve. Retrying...
2025-08-09 05:42:29 [WARNING] Slow query detected: execution time 1524ms
2025-08-09 19:20:43 [ERROR] Email sending failed to recipient: support@amazon.com
2025-08-09 20:00:52 [ERROR] Unhandled exception: NullPointerException
2025-08-09 20:23:47 [WARNING] Disk space low: 4419 remaining
2025-08-09 04:11:06 [DEBUG] Temporary file created at: data.csv
2025-08-09 18:24:32 [INFO] User login successful for user: alice
2025-08-09 21:28:31 [INFO] Service payment started
2025-08-09 13:47:37 [INFO] User login successful for user: bob
2025-08-09 15:07:43 [INFO] Scheduled backup completed successfully
2025-08-09 10:40:14 [INFO] File uploaded: report.pdf
2025-08-09 01:47:00 [WARNING] API response time exceeded threshold
2025-08-09 06:34:38 [INFO] Cache cleared successfully
2025-08-09 08:56:09 [ERROR] Unhandled exception: FileNotFoundError
2025-08-09 17:28:51 [WARNING] Second failed login attempt for user: bob. Next attempt will ERROR. Retrying...
2025-08-09 09:35:40 [INFO] Scheduled backup completed successfully
2025-08-09 20:31:21 [INFO] Scheduled backup completed successfully
2025-08-09 03:09:25 [INFO] Scheduled backup completed successfully
2025-08-09 04:11:45 [INFO] Database connection established
2025-08-09 21:16:07 [WARNING] Second failed login attempt for user: charlie. Next attempt will ERROR. Retrying...
2025-08-09 02:42:28 [ERROR] Database connection lost
2025-08-09 22:47:13 [INFO] Scheduled backup completed successfully
2025-08-09 22:20:56 [INFO] Cache cleared successfully
2025-08-09 18:09:32 [INFO] Scheduled backup completed successfully
2025-08-09 16:25:57 [INFO] Cache cleared successfully
2025-08-09 08:38:32 [INFO] User login successful for user: alice
2025-08-09 15:39:06 [INFO] File uploaded: data.csv
2025-08-09 17:41:08 [INFO] File uploaded: data.csv
2025-08-09 09:55:19 [WARNING] Second failed login attempt for user: bob. Next attempt will ERROR. Retrying...
2025-08-09 12:05:55 [WARNING] API response time exceeded threshold
2025-08-09 16:54:00 [INFO] User login successful for user: eve
2025-08-09 16:13:41 [INFO] File uploaded: data.csv
2025-08-09 01:17:33 [INFO] File uploaded: data.csv
2025-08-09 11:19:03 [INFO] File uploaded: config.yml
2025-08-09 12:14:17 [ERROR] Unhandled exception: NullPointerException
2025-08-09 08:04:14 [WARNING] Failed login attempt for user: charlie. Retrying...
2025-08-09 06:12:09 [INFO] Scheduled backup completed successfully
2025-08-09 01:42:32 [INFO] Database connection established
2025-08-09 15:37:02 [INFO] Database connection established
2025-08-09 03:12:25 [INFO] Service auth started
2025-08-09 12:53:46 [WARNING] Second failed login attempt for user: alice. Next attempt will ERROR. Retrying...
2025-08-09 00:01:12 [INFO] Service inventory started
2025-08-09 09:28:27 [INFO] Database connection established
2025-08-09 07:00:35 [WARNING] High memory usage detected
2025-08-09 01:36:55 [INFO] Database connection established
2025-08-09 02:36:56 [INFO] Service inventory started
2025-08-09 01:11:09 [INFO] User login successful for user: diana
2025-08-09 16:25:10 [ERROR] File write failed: config.yml
2025-08-09 16:02:56 [ERROR] Service notification crashed
2025-08-09 17:30:34 [INFO] Database connection established
2025-08-09 23:59:55 [INFO] Database connection established
2025-08-09 16:16:23 [INFO] Service inventory started
2025-08-09 00:00:56 [DEBUG] Variable x has value: 4123
2025-08-09 01:46:42 [ERROR] Unhandled exception: NullPointerException
2025-08-09 11:24:19 [INFO] Database connection established
2025-08-09 14:57:42 [INFO] File uploaded: config.yml
2025-08-09 14:47:33 [ERROR] Service notification crashed
2025-08-09 05:13:15 [INFO] Cache cleared successfully
2025-08-09 14:15:33 [INFO] Scheduled backup completed successfully
2025-08-09 04:02:56 [INFO] Cache cleared successfully
2025-08-09 01:20:42 [INFO] Cache cleared successfully
2025-08-09 11:24:52 [WARNING] Second failed login attempt for user: eve. Next attempt will ERROR. Retrying...
2025-08-09 02:21:17 [INFO] Service inventory started
2025-08-09 08:47:35 [INFO] Database connection established
2025-08-09 15:55:13 [DEBUG] Session token generated for user: bob
2025-08-09 18:46:50 [WARNING] Second failed login attempt for user: bob. Next attempt will ERROR. Retrying...
2025-08-09 02:37:28 [INFO] User login successful for user: charlie
2025-08-09 16:30:10 [INFO] Service inventory started
2025-08-09 03:20:36 [INFO] Service auth started
2025-08-09 14:41:45 [ERROR] File write failed: data.csv
2025-08-09 16:32:36 [INFO] Cache cleared successfully
2025-08-09 13:14:44 [INFO] File uploaded: config.yml
2025-08-09 15:02:32 [WARNING] Second failed login attempt for user: diana. Next attempt will ERROR. Retrying...
2025-08-09 22:38:43 [ERROR] File write failed: data.csv
2025-08-09 10:58:36 [ERROR] Unhandled exception: TimeoutError
2025-08-09 05:47:46 [DEBUG] Session token generated for user: eve
2025-08-09 15:34:29 [ERROR] Unhandled exception: TimeoutError
2025-08-09 11:38:11 [WARNING] Slow query detected: execution time 4857ms
2025-08-09 09:49:10 [INFO] Scheduled backup completed successfully
2025-08-09 20:47:43 [INFO] Service notification started
2025-08-09 02:52:30 [INFO] Scheduled backup completed successfully
2025-08-09 06:50:34 [INFO] Service inventory started
2025-08-09 15:23:18 [INFO] Database connection established
2025-08-09 09:31:40 [INFO] User login successful for user: eve
2025-08-09 10:01:32 [WARNING] Failed login attempt for user: alice. Retrying...
2025-08-09 07:23:12 [WARNING] Failed login attempt for user: charlie. Retrying...
2025-08-09 02:21:53 [INFO] Cache cleared successfully
2025-08-09 00:25:50 [WARNING] Second failed login attempt for user: charlie. Next attempt will ERROR. Retrying...
2025-08-09 16:43:10 [WARNING] High memory usage detected
2025-08-09 13:52:03 [DEBUG] Session token generated for user: eve
2025-08-09 20:28:12 [WARNING] High memory usage detected
2025-08-09 09:58:36 [INFO] Service payment started
2025-08-09 03:16:28 [INFO] Service payment started
2025-08-09 19:25:43 [INFO] Service inventory started
2025-08-09 04:55:32 [INFO] User login successful for user: charlie
2025-08-09 03:11:03 [INFO] Scheduled backup completed successfully
2025-08-09 12:54:59 [WARNING] Failed login attempt for user: eve. Retrying...
2025-08-09 18:01:47 [DEBUG] Variable x has value: 941
2025-08-09 01:50:41 [WARNING] High memory usage detected
2025-08-09 22:14:13 [INFO] Scheduled backup completed successfully
2025-08-09 02:25:43 [ERROR] Database connection lost
2025-08-09 07:24:04 [INFO] Database connection established
2025-08-09 13:33:38 [INFO] User login successful for user: eve
2025-08-09 04:07:40 [INFO] Scheduled backup completed successfully
2025-08-09 18:15:32 [INFO] File uploaded: data.csv
2025-08-09 22:44:45 [ERROR] File write failed: data.csv
2025-08-09 03:04:33 [WARNING] Slow query detected: execution time 1369ms
2025-08-09 11:00:13 [INFO] Database connection established
2025-08-09 22:13:58 [INFO] Cache cleared successfully
2025-08-09 18:16:50 [INFO] Database connection established
2025-08-09 08:28:57 [INFO] Cache cleared successfully
2025-08-09 00:44:46 [ERROR] Database connection lost
2025-08-09 21:19:04 [WARNING] Second failed login attempt for user: eve. Next attempt will ERROR. Retrying...
2025-08-09 07:30:42 [INFO] Cache cleared successfully
2025-08-09 15:07:43 [INFO] User login successful for user: diana
2025-08-09 15:46:25 [WARNING] Disk space low: 2200 remaining
2025-08-09 09:12:39 [WARNING] Second failed login attempt for user: diana. Next attempt will ERROR. Retrying...
2025-08-09 10:17:38 [DEBUG] Entering function send_email with arguments: 2
2025-08-09 11:51:58 [INFO] Scheduled backup completed successfully
2025-08-09 07:31:14 [ERROR] Database connection lost
2025-08-09 06:23:36 [WARNING] High memory usage detected
2025-08-09 16:55:07 [ERROR] Unhandled exception: TimeoutError
2025-08-09 07:20:16 [INFO] User login successful for user: charlie
2025-08-09 08:24:58 [INFO] Scheduled backup completed successfully
2025-08-09 10:38:35 [INFO] Service auth started
2025-08-09 22:00:33 [INFO] Cache cleared successfully
2025-08-09 01:32:13 [INFO] Database connection established
2025-08-09 00:46:24 [WARNING] Second failed login attempt for user: bob. Next attempt will ERROR. Retrying...
2025-08-09 06:13:48 [INFO] Cache cleared successfully
2025-08-09 19:46:54 [INFO] File uploaded: config.yml
2025-08-09 05:39:33 [WARNING] Slow query detected: execution time 159ms
2025-08-09 06:53:05 [INFO] Database connection established
2025-08-09 02:49:08 [DEBUG] Entering function generate_report with arguments: 1
2025-08-09 23:01:26 [ERROR] Database connection lost
2025-08-09 07:41:27 [INFO] Service auth started
2025-08-09 00:08:48 [WARNING] Disk space low: 1078 remaining
2025-08-09 00:10:10 [INFO] Service auth started
2025-08-09 07:51:22 [WARNING] Second failed login attempt for user: alice. Next attempt will ERROR. Retrying...
2025-08-09 01:57:43 [INFO] User login successful for user: charlie
2025-08-09 10:37:12 [INFO] Cache cleared successfully
2025-08-09 01:46:29 [INFO] Scheduled backup completed successfully
2025-08-09 08:53:59 [WARNING] High memory usage detected
2025-08-09 14:13:19 [WARNING] Slow query detected: execution time 4769ms
2025-08-09 13:26:40 [ERROR] Unhandled exception: NullPointerException
2025-08-09 05:31:16 [INFO] Service notification started
2025-08-09 23:21:49 [INFO] Database connection established
2025-08-09 08:00:21 [WARNING] API response time exceeded threshold
2025-08-09 14:16:21 [ERROR] Unhandled exception: NullPointerException
2025-08-09 18:32:50 [INFO] Scheduled backup completed successfully
2025-08-09 11:10:50 [INFO] File uploaded: data.csv
2025-08-09 18:59:18 [WARNING] API response time exceeded threshold
2025-08-09 00:47:45 [INFO] Cache cleared successfully
2025-08-09 11:38:32 [INFO] Database connection established
2025-08-09 03:50:00 [INFO] Scheduled backup completed successfully
