2025-08-12 12:21:15 [INFO] Database connection established
2025-08-12 17:03:36 [WARNING] Second failed login attempt for user: alice. Next attempt will ERROR. Retrying...
2025-08-12 17:26:30 [INFO] Database connection established
2025-08-12 14:12:49 [WARNING] API response time exceeded threshold
2025-08-12 18:28:26 [WARNING] Disk space low: 2536 remaining
2025-08-12 02:20:01 [ERROR] Deadlock detected in transaction ID 4837
2025-08-12 15:32:31 [INFO] Service notification started
2025-08-12 15:58:39 [INFO] User login successful for user: alice
2025-08-12 20:59:08 [WARNING] Configuration file deprecated: report.pdf
2025-08-12 17:35:58 [ERROR] Database connection lost
2025-08-12 10:32:39 [INFO] Scheduled backup completed successfully
2025-08-12 03:18:36 [ERROR] Email sending failed to recipient: support@amazon.com
2025-08-12 20:42:11 [WARNING] Disk space low: 394 remaining
2025-08-12 21:47:28 [INFO] Database connection established
2025-08-12 04:25:18 [WARNING] Slow query detected: execution time 2822ms
2025-08-12 23:04:28 [INFO] Scheduled backup completed successfully
2025-08-12 06:40:48 [INFO] Database connection established
2025-08-12 05:44:10 [ERROR] Email sending failed to recipient: admin@google.com
2025-08-12 08:29:38 [WARNING] Failed login attempt for user: bob. Retrying...
2025-08-12 23:43:42 [INFO] Service auth started
2025-08-12 04:40:32 [INFO] User login successful for user: alice
2025-08-12 21:03:17 [DEBUG] Entering function process_payment with arguments: 7
2025-08-12 23:17:46 [INFO] File uploaded: backup.zip
2025-08-12 19:37:12 [WARNING] High memory usage detected
2025-08-12 16:54:02 [WARNING] API response time exceeded threshold
2025-08-12 08:20:20 [INFO] User login successful for user: charlie
2025-08-12 08:05:11 [INFO] Cache cleared successfully
2025-08-12 07:47:25 [INFO] Service auth started
2025-08-12 17:12:00 [INFO] File uploaded: data.csv
2025-08-12 02:24:30 [WARNING] High memory usage detected
2025-08-12 04:05:23 [INFO] File uploaded: report.pdf
2025-08-12 16:13:29 [ERROR] Deadlock detected in transaction ID 4127
2025-08-12 07:19:56 [INFO] Scheduled backup completed successfully
2025-08-12 18:12:17 [INFO] Cache cleared successfully
2025-08-12 02:29:47 [DEBUG] Variable x has value: 1227
2025-08-12 05:46:38 [INFO] Scheduled backup completed successfully
2025-08-12 11:11:56 [WARNING] Configuration file deprecated: backup.zip
2025-08-12 19:48:11 [WARNING] Failed login attempt for user: charlie. Retrying...
2025-08-12 11:47:04 [INFO] Cache cleared successfully
2025-08-12 10:04:02 [ERROR] Database connection lost
2025-08-12 15:11:44 [INFO] Service payment started
2025-08-12 21:43:02 [INFO] Service notification started
2025-08-12 15:56:49 [INFO] File uploaded: config.yml
2025-08-12 20:26:56 [INFO] Cache cleared successfully
2025-08-12 12:30:11 [INFO] Database connection established
2025-08-12 12:40:05 [WARNING] API response time exceeded threshold
2025-08-12 21:56:12 [DEBUG] Entering function generate_report with arguments: 3
2025-08-12 02:45:06 [ERROR] Database connection lost
2025-08-12 20:25:47 [DEBUG] Temporary file created at: backup.zip
2025-08-12 19:37:54 [DEBUG] Session token generated for user: charlie
2025-08-12 19:27:00 [WARNING] High memory usage detected
2025-08-12 15:11:23 [INFO] User login successful for user: diana
2025-08-12 12:25:40 [INFO] File uploaded: backup.zip
2025-08-12 15:16:39 [INFO] Database connection established
2025-08-12 00:39:34 [INFO] Service inventory started
2025-08-12 04:14:53 [INFO] Database connection established
2025-08-12 22:30:10 [WARNING] Failed login attempt for user: alice. Retrying...
2025-08-12 20:08:25 [INFO] User login successful for user: bob
2025-08-12 11:57:41 [ERROR] File write failed: config.yml
2025-08-12 09:04:41 [INFO] Scheduled backup completed successfully
2025-08-12 01:13:27 [INFO] File uploaded: report.pdf
2025-08-12 22:21:18 [WARNING] Disk space low: 2039 remaining
2025-08-12 05:05:45 [INFO] File uploaded: data.csv
2025-08-12 17:08:19 [ERROR] File write failed: config.yml
2025-08-12 01:32:26 [INFO] Database connection established
2025-08-12 11:50:57 [INFO] File uploaded: data.csv
2025-08-12 08:21:48 [INFO] File uploaded: data.csv
2025-08-12 03:09:54 [INFO] Scheduled backup completed successfully
2025-08-12 22:22:19 [INFO] User login successful for user: charlie
2025-08-12 03:54:00 [WARNING] Slow query detected: execution time 2476ms
2025-08-12 07:05:00 [INFO] User login successful for user: diana
2025-08-12 06:27:37 [WARNING] Disk space low: 1326 remaining
2025-08-12 11:13:23 [INFO] Database connection established
2025-08-12 05:45:08 [WARNING] API response time exceeded threshold
2025-08-12 07:27:41 [INFO] Cache cleared successfully
2025-08-12 19:46:43 [INFO] Database connection established
2025-08-12 21:48:40 [INFO] Database connection established
2025-08-12 20:12:17 [WARNING] Failed login attempt for user: bob. Retrying...
2025-08-12 01:33:13 [INFO] File uploaded: report.pdf
2025-08-12 19:02:19 [INFO] Scheduled backup completed successfully
2025-08-12 09:17:41 [INFO] Service payment started
2025-08-12 04:39:14 [WARNING] Second failed login attempt for user: eve. Next attempt will ERROR. Retrying...
2025-08-12 05:22:02 [INFO] User login successful for user: diana
2025-08-12 06:47:27 [INFO] File uploaded: data.csv
2025-08-12 23:52:40 [ERROR] Database connection lost
2025-08-12 11:00:53 [WARNING] Failed login attempt for user: alice. Retrying...
2025-08-12 17:08:01 [INFO] Cache cleared successfully
2025-08-12 14:07:28 [WARNING] Second failed login attempt for user: bob. Next attempt will ERROR. Retrying...
2025-08-12 22:20:38 [DEBUG] Variable x has value: 198
2025-08-12 21:01:10 [ERROR] Unhandled exception: NullPointerException
2025-08-12 00:44:09 [DEBUG] Temporary file created at: config.yml
2025-08-12 11:58:39 [INFO] File uploaded: report.pdf
2025-08-12 10:02:18 [INFO] User login successful for user: diana
2025-08-12 14:20:57 [INFO] Scheduled backup completed successfully
2025-08-12 22:10:58 [INFO] Cache cleared successfully
2025-08-12 03:40:25 [WARNING] Failed login attempt for user: diana. Retrying...
2025-08-12 17:45:33 [INFO] Database connection established
2025-08-12 16:31:27 [INFO] User login successful for user: bob
2025-08-12 03:15:23 [ERROR] Deadlock detected in transaction ID 2706
2025-08-12 17:54:19 [WARNING] Configuration file deprecated: report.pdf
2025-08-12 03:44:03 [INFO] Cache cleared successfully
2025-08-12 20:47:49 [WARNING] Disk space low: 3005 remaining
2025-08-12 17:32:31 [INFO] Service notification started
2025-08-12 19:54:39 [WARNING] Slow query detected: execution time 4157ms
2025-08-12 07:38:30 [INFO] User login successful for user: bob
2025-08-12 01:48:17 [INFO] File uploaded: config.yml
2025-08-12 08:44:42 [WARNING] Configuration file deprecated: data.csv
2025-08-12 11:01:42 [ERROR] Email sending failed to recipient: user@gmail.com
2025-08-12 02:06:16 [WARNING] Slow query detected: execution time 3344ms
2025-08-12 02:21:31 [WARNING] Configuration file deprecated: data.csv
2025-08-12 16:11:17 [WARNING] Second failed login attempt for user: charlie. Next attempt will ERROR. Retrying...
2025-08-12 16:09:09 [ERROR] Service auth crashed
2025-08-12 03:22:08 [ERROR] Service payment crashed
2025-08-12 15:48:53 [INFO] Scheduled backup completed successfully
2025-08-12 07:22:18 [INFO] Database connection established
2025-08-12 20:03:31 [ERROR] Service payment crashed
2025-08-12 01:05:32 [ERROR] Deadlock detected in transaction ID 1143
2025-08-12 02:10:02 [INFO] Service auth started
2025-08-12 05:02:16 [INFO] User login successful for user: bob
2025-08-12 11:23:05 [INFO] Scheduled backup completed successfully
2025-08-12 19:05:08 [INFO] Scheduled backup completed successfully
2025-08-12 09:54:09 [INFO] Service inventory started
2025-08-12 17:21:33 [INFO] User login successful for user: charlie
2025-08-12 16:00:17 [INFO] Cache cleared successfully
2025-08-12 07:29:34 [INFO] Cache cleared successfully
2025-08-12 20:19:35 [ERROR] File write failed: config.yml
2025-08-12 04:57:52 [INFO] User login successful for user: diana
2025-08-12 07:59:28 [ERROR] Email sending failed to recipient: support@amazon.com
2025-08-12 06:20:43 [INFO] Service inventory started
2025-08-12 12:23:37 [DEBUG] Query executed: SELECT * FROM users
2025-08-12 17:46:10 [INFO] Scheduled backup completed successfully
2025-08-12 02:15:19 [ERROR] Deadlock detected in transaction ID 3182
2025-08-12 12:35:52 [WARNING] Disk space low: 2375 remaining
2025-08-12 02:27:10 [INFO] Scheduled backup completed successfully
2025-08-12 10:31:17 [ERROR] Deadlock detected in transaction ID 4628
2025-08-12 16:09:29 [INFO] Database connection established
2025-08-12 18:04:47 [INFO] Cache cleared successfully
2025-08-12 21:39:10 [DEBUG] Variable x has value: 2696
2025-08-12 04:42:22 [ERROR] Service notification crashed
2025-08-12 23:06:37 [DEBUG] Query executed: SELECT * FROM users
2025-08-12 11:54:59 [INFO] File uploaded: data.csv
2025-08-12 05:13:42 [INFO] Cache cleared successfully
2025-08-12 21:00:09 [INFO] File uploaded: config.yml
2025-08-12 00:13:56 [WARNING] High memory usage detected
2025-08-12 15:39:10 [INFO] Service notification started
2025-08-12 01:42:04 [WARNING] Second failed login attempt for user: alice. Next attempt will ERROR. Retrying...
2025-08-12 18:42:15 [INFO] File uploaded: report.pdf
2025-08-12 10:52:15 [WARNING] API response time exceeded threshold
2025-08-12 03:09:55 [WARNING] High memory usage detected
2025-08-12 06:16:43 [ERROR] Deadlock detected in transaction ID 1816
2025-08-12 10:48:24 [WARNING] Configuration file deprecated: report.pdf
2025-08-12 07:30:56 [INFO] Service notification started
2025-08-12 03:31:07 [ERROR] File write failed: data.csv
2025-08-12 04:56:57 [DEBUG] Temporary file created at: report.pdf
2025-08-12 09:05:51 [INFO] File uploaded: config.yml
2025-08-12 23:30:48 [INFO] Database connection established
2025-08-12 15:14:51 [WARNING] Failed login attempt for user: bob. Retrying...
2025-08-12 16:09:36 [INFO] Scheduled backup completed successfully
2025-08-12 19:07:08 [INFO] File uploaded: backup.zip
2025-08-12 06:57:09 [INFO] Service payment started
2025-08-12 01:47:45 [ERROR] Email sending failed to recipient: admin@google.com
2025-08-12 14:58:25 [INFO] File uploaded: report.pdf
2025-08-12 12:23:57 [WARNING] Disk space low: 3165 remaining
2025-08-12 13:33:17 [WARNING] Slow query detected: execution time 3343ms
2025-08-12 02:32:09 [WARNING] Configuration file deprecated: config.yml
2025-08-12 17:15:25 [INFO] Service payment started
2025-08-12 11:46:33 [ERROR] Database connection lost
2025-08-12 19:04:33 [WARNING] Configuration file deprecated: config.yml
2025-08-12 15:06:32 [INFO] User login successful for user: charlie
2025-08-12 12:06:24 [WARNING] High memory usage detected
2025-08-12 03:05:35 [INFO] Service inventory started
2025-08-12 06:28:21 [INFO] Cache cleared successfully
2025-08-12 17:23:15 [WARNING] Configuration file deprecated: backup.zip
2025-08-12 14:00:58 [INFO] Scheduled backup completed successfully
2025-08-12 08:29:16 [WARNING] Configuration file deprecated: config.yml
2025-08-12 03:25:55 [WARNING] Configuration file deprecated: data.csv
2025-08-12 16:08:53 [INFO] Scheduled backup completed successfully
2025-08-12 03:59:59 [INFO] File uploaded: report.pdf
2025-08-12 11:00:45 [INFO] File uploaded: report.pdf
2025-08-12 07:24:12 [INFO] File uploaded: report.pdf
2025-08-12 11:16:59 [INFO] File uploaded: report.pdf
2025-08-12 00:57:53 [INFO] Service payment started
2025-08-12 13:45:36 [ERROR] Database connection lost
2025-08-12 11:07:36 [INFO] Cache cleared successfully
2025-08-12 05:23:53 [INFO] File uploaded: data.csv
2025-08-12 12:08:03 [INFO] File uploaded: report.pdf
2025-08-12 09:04:40 [ERROR] Service auth crashed
2025-08-12 18:18:49 [INFO] Service notification started
2025-08-12 06:53:27 [WARNING] Disk space low: 225 remaining
2025-08-12 19:56:55 [INFO] Service inventory started
2025-08-12 01:46:40 [ERROR] Unhandled exception: FileNotFoundError
2025-08-12 21:59:51 [ERROR] Deadlock detected in transaction ID 2853
2025-08-12 23:16:28 [INFO] Cache cleared successfully
2025-08-12 00:15:14 [INFO] Cache cleared successfully
2025-08-12 00:29:52 [INFO] User login successful for user: eve
2025-08-12 06:11:25 [INFO] Scheduled backup completed successfully
2025-08-12 02:51:31 [INFO] File uploaded: config.yml
2025-08-12 20:39:50 [INFO] Scheduled backup completed successfully
2025-08-12 22:27:31 [INFO] User login successful for user: charlie
2025-08-12 16:46:55 [ERROR] Service inventory crashed
2025-08-12 05:33:25 [WARNING] High memory usage detected
2025-08-12 11:36:46 [INFO] Cache cleared successfully
2025-08-12 04:20:21 [INFO] File uploaded: backup.zip
2025-08-12 16:43:25 [INFO] User login successful for user: bob
2025-08-12 12:23:34 [ERROR] Unhandled exception: NullPointerException
2025-08-12 00:12:33 [INFO] Cache cleared successfully
2025-08-12 05:02:22 [DEBUG] Session token generated for user: eve
2025-08-12 01:19:42 [WARNING] API response time exceeded threshold
2025-08-12 14:31:50 [INFO] Scheduled backup completed successfully
2025-08-12 08:25:58 [INFO] Database connection established
2025-08-12 07:40:16 [INFO] File uploaded: config.yml
2025-08-12 08:40:49 [DEBUG] Session token generated for user: alice
2025-08-12 01:28:26 [ERROR] Database connection lost
2025-08-12 20:33:09 [INFO] Service payment started
2025-08-12 19:04:01 [WARNING] Second failed login attempt for user: bob. Next attempt will ERROR. Retrying...
2025-08-12 07:21:22 [INFO] Service inventory started
2025-08-12 09:41:54 [INFO] User login successful for user: alice
2025-08-12 16:35:56 [ERROR] Service notification crashed
2025-08-12 15:32:19 [INFO] Cache cleared successfully
2025-08-12 04:15:24 [INFO] Cache cleared successfully
2025-08-12 00:40:11 [INFO] Scheduled backup completed successfully
2025-08-12 15:45:43 [INFO] Scheduled backup completed successfully
2025-08-12 01:03:29 [INFO] Database connection established
2025-08-12 02:20:31 [INFO] Database connection established
2025-08-12 07:26:26 [INFO] Database connection established
2025-08-12 14:21:43 [INFO] Cache cleared successfully
2025-08-12 12:39:17 [WARNING] Failed login attempt for user: charlie. Retrying...
2025-08-12 18:24:58 [INFO] Scheduled backup completed successfully
2025-08-12 17:44:38 [DEBUG] Session token generated for user: diana
2025-08-12 16:59:37 [ERROR] File write failed: config.yml
2025-08-12 07:33:15 [INFO] User login successful for user: charlie
2025-08-12 08:29:52 [INFO] File uploaded: config.yml
2025-08-12 08:48:32 [WARNING] API response time exceeded threshold
2025-08-12 10:32:03 [WARNING] Disk space low: 1247 remaining
2025-08-12 18:38:35 [ERROR] Unhandled exception: FileNotFoundError
2025-08-12 02:25:36 [INFO] Cache cleared successfully
2025-08-12 03:20:10 [INFO] Cache cleared successfully
2025-08-12 23:47:29 [INFO] Service inventory started
2025-08-12 00:30:35 [INFO] Database connection established
2025-08-12 17:14:50 [ERROR] Deadlock detected in transaction ID 848
2025-08-12 01:25:31 [ERROR] Database connection lost
2025-08-12 01:36:53 [INFO] File uploaded: config.yml
2025-08-12 17:00:26 [INFO] Scheduled backup completed successfully
2025-08-12 10:28:08 [INFO] Service inventory started
2025-08-12 10:58:51 [INFO] File uploaded: data.csv
2025-08-12 07:54:17 [INFO] User login successful for user: alice
2025-08-12 02:41:48 [ERROR] Service auth crashed
2025-08-12 22:01:09 [INFO] User login successful for user: eve
2025-08-12 09:58:38 [ERROR] Unhandled exception: TimeoutError
2025-08-12 21:12:47 [INFO] User login successful for user: alice
2025-08-12 22:58:39 [INFO] Database connection established
2025-08-12 03:05:45 [ERROR] Deadlock detected in transaction ID 429
2025-08-12 20:36:39 [INFO] Service auth started
2025-08-12 12:37:18 [INFO] Cache cleared successfully
2025-08-12 20:09:18 [INFO] Database connection established
2025-08-12 07:06:57 [INFO] File uploaded: report.pdf
2025-08-12 16:30:19 [INFO] Cache cleared successfully
2025-08-12 04:09:34 [INFO] Service notification started
2025-08-12 09:06:42 [ERROR] File write failed: backup.zip
2025-08-12 08:55:20 [ERROR] Unhandled exception: FileNotFoundError
2025-08-12 22:27:26 [ERROR] Service payment crashed
2025-08-12 18:04:40 [INFO] User login successful for user: eve
2025-08-12 08:28:56 [WARNING] High memory usage detected
2025-08-12 09:14:47 [INFO] Service auth started
2025-08-12 22:08:28 [WARNING] API response time exceeded threshold
2025-08-12 02:55:36 [INFO] Cache cleared successfully
2025-08-12 16:00:41 [INFO] Service inventory started
2025-08-12 11:37:00 [DEBUG] Variable x has value: 4099
2025-08-12 08:10:12 [INFO] File uploaded: backup.zip
2025-08-12 04:21:24 [INFO] Scheduled backup completed successfully
2025-08-12 05:38:35 [ERROR] Service notification crashed
2025-08-12 18:03:40 [ERROR] File write failed: config.yml
2025-08-12 18:25:30 [INFO] Scheduled backup completed successfully
2025-08-12 08:40:16 [DEBUG] Entering function send_email with arguments: 7
2025-08-12 05:49:45 [INFO] Scheduled backup completed successfully
2025-08-12 20:26:34 [INFO] Database connection established
2025-08-12 19:22:39 [INFO] File uploaded: data.csv
2025-08-12 23:00:06 [WARNING] High memory usage detected
2025-08-12 10:02:08 [INFO] Scheduled backup completed successfully
2025-08-12 04:11:29 [INFO] Service notification started
2025-08-12 00:21:46 [WARNING] Disk space low: 2225 remaining
2025-08-12 02:57:30 [WARNING] API response time exceeded threshold
2025-08-12 03:35:05 [INFO] File uploaded: backup.zip
2025-08-12 17:12:34 [ERROR] Service auth crashed
2025-08-12 05:41:58 [INFO] Scheduled backup completed successfully
2025-08-12 07:36:59 [INFO] Service inventory started
2025-08-12 05:48:46 [INFO] Service inventory started
2025-08-12 17:57:26 [WARNING] Slow query detected: execution time 1648ms
2025-08-12 09:15:34 [ERROR] Unhandled exception: FileNotFoundError
2025-08-12 13:07:32 [ERROR] Unhandled exception: TimeoutError
2025-08-12 03:37:26 [INFO] Database connection established
2025-08-12 10:33:41 [INFO] File uploaded: report.pdf
2025-08-12 22:27:06 [INFO] Service notification started
2025-08-12 08:45:14 [INFO] Scheduled backup completed successfully
2025-08-12 11:55:08 [INFO] Scheduled backup completed successfully
2025-08-12 18:28:09 [INFO] Cache cleared successfully
2025-08-12 14:25:00 [INFO] Cache cleared successfully
2025-08-12 14:05:35 [INFO] User login successful for user: bob
2025-08-12 13:33:26 [ERROR] Database connection lost
2025-08-12 05:46:02 [INFO] User login successful for user: charlie
2025-08-12 21:59:13 [INFO] Cache cleared successfully
2025-08-12 12:41:44 [INFO] Service notification started
2025-08-12 08:15:43 [ERROR] Email sending failed to recipient: admin@google.com
2025-08-12 01:41:12 [WARNING] Configuration file deprecated: backup.zip
2025-08-12 09:14:03 [INFO] User login successful for user: charlie
2025-08-12 10:05:45 [INFO] Service inventory started
2025-08-12 01:58:55 [INFO] User login successful for user: diana
2025-08-12 06:19:05 [WARNING] API response time exceeded threshold
2025-08-12 04:56:14 [WARNING] API response time exceeded threshold
2025-08-12 10:24:47 [INFO] Service notification started
2025-08-12 08:18:49 [INFO] Service inventory started
2025-08-12 04:20:28 [INFO] Database connection established
2025-08-12 11:48:12 [ERROR] Service inventory crashed
2025-08-12 09:03:56 [INFO] Service payment started
2025-08-12 16:45:04 [ERROR] Service inventory crashed
2025-08-12 09:50:27 [INFO] Cache cleared successfully
2025-08-12 20:00:00 [WARNING] Disk space low: 400 remaining
2025-08-12 00:07:58 [WARNING] Disk space low: 1046 remaining
2025-08-12 19:01:18 [ERROR] Unhandled exception: FileNotFoundError
2025-08-12 13:27:53 [WARNING] Disk space low: 1584 remaining
2025-08-12 14:05:05 [INFO] Database connection established
2025-08-12 01:09:49 [INFO] Cache cleared successfully
2025-08-12 00:54:44 [ERROR] Database connection lost
2025-08-12 02:02:26 [INFO] Cache cleared successfully
2025-08-12 04:28:45 [WARNING] Configuration file deprecated: backup.zip
2025-08-12 13:42:02 [INFO] Service auth started
2025-08-12 05:40:10 [WARNING] Configuration file deprecated: backup.zip
2025-08-12 14:23:48 [INFO] Cache cleared successfully
2025-08-12 20:02:20 [ERROR] Email sending failed to recipient: support@amazon.com
2025-08-12 22:48:24 [ERROR] Unhandled exception: TimeoutError
2025-08-12 16:20:03 [INFO] File uploaded: data.csv
2025-08-12 08:55:41 [INFO] Service payment started
2025-08-12 02:56:09 [WARNING] Failed login attempt for user: alice. Retrying...
2025-08-12 22:14:03 [INFO] Scheduled backup completed successfully
2025-08-12 11:53:35 [WARNING] API response time exceeded threshold
2025-08-12 10:15:51 [INFO] Cache cleared successfully
2025-08-12 16:21:38 [INFO] Service auth started
2025-08-12 04:55:00 [DEBUG] Variable x has value: 48
2025-08-12 06:23:25 [INFO] Service payment started
2025-08-12 16:51:03 [WARNING] API response time exceeded threshold
2025-08-12 20:29:45 [INFO] User login successful for user: eve
2025-08-12 14:06:17 [INFO] Database connection established
2025-08-12 16:16:42 [INFO] Cache cleared successfully
2025-08-12 12:40:12 [INFO] Database connection established
2025-08-12 11:23:51 [WARNING] Slow query detected: execution time 2223ms
2025-08-12 04:36:29 [WARNING] API response time exceeded threshold
2025-08-12 19:22:34 [INFO] Service auth started
2025-08-12 18:55:19 [INFO] Scheduled backup completed successfully
2025-08-12 00:22:13 [INFO] File uploaded: config.yml
2025-08-12 04:34:58 [INFO] Scheduled backup completed successfully
2025-08-12 08:29:31 [INFO] Cache cleared successfully
2025-08-12 00:30:34 [INFO] User login successful for user: bob
2025-08-12 05:02:54 [DEBUG] Entering function generate_report with arguments: 6
2025-08-12 02:15:02 [INFO] File uploaded: config.yml
2025-08-12 23:41:51 [INFO] File uploaded: backup.zip
2025-08-12 03:52:57 [INFO] Service payment started
2025-08-12 21:34:36 [ERROR] Deadlock detected in transaction ID 1182
2025-08-12 23:36:43 [INFO] Database connection established
2025-08-12 08:38:00 [INFO] Database connection established
2025-08-12 05:03:42 [ERROR] Service auth crashed
2025-08-12 17:28:25 [INFO] File uploaded: config.yml
2025-08-12 01:11:32 [WARNING] High memory usage detected
2025-08-12 04:05:53 [WARNING] Failed login attempt for user: eve. Retrying...
2025-08-12 08:26:47 [INFO] File uploaded: config.yml
2025-08-12 11:07:28 [WARNING] Disk space low: 3693 remaining
2025-08-12 17:27:16 [INFO] User login successful for user: eve
2025-08-12 23:49:41 [ERROR] Unhandled exception: TimeoutError
2025-08-12 23:36:22 [DEBUG] Variable x has value: 3149
2025-08-12 18:38:11 [WARNING] Disk space low: 1260 remaining
2025-08-12 11:37:33 [INFO] Scheduled backup completed successfully
2025-08-12 09:28:57 [INFO] Cache cleared successfully
2025-08-12 00:36:48 [INFO] Scheduled backup completed successfully
2025-08-12 09:06:18 [INFO] Scheduled backup completed successfully
2025-08-12 03:23:55 [INFO] Database connection established
2025-08-12 00:01:48 [INFO] Scheduled backup completed successfully
2025-08-12 16:30:16 [INFO] Scheduled backup completed successfully
2025-08-12 16:00:31 [DEBUG] Entering function send_email with arguments: 1
2025-08-12 02:22:58 [ERROR] Database connection lost
2025-08-12 04:15:21 [ERROR] Unhandled exception: TimeoutError
2025-08-12 13:52:33 [ERROR] Unhandled exception: FileNotFoundError
2025-08-12 11:26:33 [DEBUG] Query executed: UPDATE orders SET status='shipped' WHERE id=42
2025-08-12 09:48:16 [INFO] User login successful for user: charlie
2025-08-12 11:02:26 [ERROR] File write failed: backup.zip
2025-08-12 07:52:11 [INFO] Scheduled backup completed successfully
2025-08-12 22:22:59 [ERROR] Deadlock detected in transaction ID 1989
2025-08-12 02:21:25 [INFO] File uploaded: data.csv
2025-08-12 23:10:22 [INFO] Cache cleared successfully
2025-08-12 10:17:28 [INFO] Scheduled backup completed successfully
2025-08-12 21:34:15 [INFO] User login successful for user: diana
2025-08-12 12:50:00 [ERROR] Database connection lost
2025-08-12 00:38:44 [WARNING] API response time exceeded threshold
2025-08-12 12:20:46 [DEBUG] Temporary file created at: report.pdf
2025-08-12 00:40:43 [ERROR] File write failed: data.csv
2025-08-12 07:18:16 [WARNING] Slow query detected: execution time 55ms
2025-08-12 21:48:47 [WARNING] Slow query detected: execution time 851ms
2025-08-12 12:04:58 [DEBUG] Session token generated for user: alice
2025-08-12 18:04:25 [INFO] Cache cleared successfully
2025-08-12 12:30:57 [WARNING] Disk space low: 2417 remaining
2025-08-12 19:19:54 [INFO] User login successful for user: charlie
2025-08-12 18:15:49 [INFO] User login successful for user: charlie
2025-08-12 07:42:38 [ERROR] Service auth crashed
2025-08-12 03:40:04 [WARNING] Disk space low: 1600 remaining
2025-08-12 21:45:18 [INFO] Cache cleared successfully
2025-08-12 17:28:45 [INFO] User login successful for user: bob
2025-08-12 18:07:39 [INFO] Cache cleared successfully
2025-08-12 15:42:50 [INFO] Service notification started
2025-08-12 21:32:56 [WARNING] High memory usage detected
2025-08-12 12:56:13 [WARNING] Slow query detected: execution time 585ms
2025-08-12 01:48:42 [INFO] File uploaded: backup.zip
2025-08-12 09:28:38 [WARNING] Slow query detected: execution time 594ms
2025-08-12 07:10:50 [WARNING] Second failed login attempt for user: bob. Next attempt will ERROR. Retrying...
2025-08-12 07:19:08 [INFO] Database connection established
2025-08-12 23:49:29 [INFO] Database connection established
2025-08-12 03:59:01 [DEBUG] Entering function generate_report with arguments: 9
2025-08-12 21:57:09 [INFO] Cache cleared successfully
2025-08-12 01:50:21 [WARNING] Configuration file deprecated: data.csv
2025-08-12 11:24:21 [INFO] Cache cleared successfully
2025-08-12 10:42:35 [INFO] Database connection established
2025-08-12 09:43:30 [ERROR] Unhandled exception: FileNotFoundError
2025-08-12 20:23:52 [ERROR] Service inventory crashed
2025-08-12 16:25:52 [WARNING] API response time exceeded threshold
2025-08-12 19:56:23 [ERROR] Database connection lost
2025-08-12 20:35:06 [INFO] Service notification started
2025-08-12 18:03:13 [DEBUG] Temporary file created at: data.csv
2025-08-12 08:40:37 [INFO] Database connection established
2025-08-12 02:19:00 [WARNING] API response time exceeded threshold
2025-08-12 17:19:50 [WARNING] Disk space low: 4268 remaining
2025-08-12 01:56:44 [WARNING] Configuration file deprecated: config.yml
2025-08-12 01:17:21 [ERROR] Unhandled exception: TimeoutError
2025-08-12 04:06:34 [ERROR] Database connection lost
2025-08-12 12:00:03 [INFO] File uploaded: data.csv
2025-08-12 05:49:46 [ERROR] Email sending failed to recipient: admin@google.com
2025-08-12 05:30:41 [ERROR] Unhandled exception: FileNotFoundError
2025-08-12 20:07:24 [WARNING] Disk space low: 1941 remaining
2025-08-12 04:40:39 [INFO] Service payment started
2025-08-12 13:20:56 [INFO] Database connection established
2025-08-12 20:05:03 [INFO] Cache cleared successfully
2025-08-12 23:21:58 [ERROR] Email sending failed to recipient: user@gmail.com
2025-08-12 02:40:09 [INFO] User login successful for user: diana
2025-08-12 11:27:02 [INFO] User login successful for user: diana
2025-08-12 17:38:45 [INFO] Service inventory started
2025-08-12 10:09:01 [INFO] File uploaded: report.pdf
2025-08-12 13:19:00 [WARNING] Configuration file deprecated: config.yml
2025-08-12 10:57:45 [INFO] Service auth started
2025-08-12 18:58:33 [ERROR] File write failed: backup.zip
2025-08-12 17:29:58 [INFO] File uploaded: report.pdf
2025-08-12 19:17:22 [INFO] Service notification started
2025-08-12 11:55:55 [WARNING] Second failed login attempt for user: charlie. Next attempt will ERROR. Retrying...
2025-08-12 08:33:35 [DEBUG] Session token generated for user: charlie
2025-08-12 19:35:04 [INFO] Cache cleared successfully
2025-08-12 01:34:16 [INFO] Service inventory started
2025-08-12 11:21:44 [ERROR] Deadlock detected in transaction ID 84
2025-08-12 23:38:27 [ERROR] Service payment crashed
2025-08-12 13:40:56 [INFO] Database connection established
2025-08-12 08:31:58 [INFO] Cache cleared successfully
2025-08-12 11:29:37 [WARNING] Second failed login attempt for user: alice. Next attempt will ERROR. Retrying...
2025-08-12 08:15:42 [INFO] Service inventory started
2025-08-12 01:06:15 [ERROR] File write failed: backup.zip
2025-08-12 02:34:03 [ERROR] Email sending failed to recipient: admin@google.com
2025-08-12 20:27:50 [INFO] User login successful for user: charlie
2025-08-12 10:39:10 [INFO] File uploaded: config.yml
2025-08-12 09:31:40 [INFO] Database connection established
2025-08-12 04:50:14 [WARNING] Failed login attempt for user: diana. Retrying...
2025-08-12 12:14:42 [WARNING] Failed login attempt for user: eve. Retrying...
2025-08-12 14:46:38 [INFO] User login successful for user: bob
2025-08-12 20:53:19 [DEBUG] Session token generated for user: eve
2025-08-12 05:09:46 [INFO] File uploaded: backup.zip
2025-08-12 05:31:29 [INFO] Cache cleared successfully
2025-08-12 14:19:58 [INFO] Scheduled backup completed successfully
2025-08-12 01:43:31 [INFO] Scheduled backup completed successfully
2025-08-12 10:06:16 [INFO] Database connection established
2025-08-12 00:05:55 [WARNING] Slow query detected: execution time 2432ms
2025-08-12 16:30:19 [INFO] File uploaded: config.yml
2025-08-12 04:12:32 [ERROR] Service auth crashed
2025-08-12 17:36:02 [INFO] Scheduled backup completed successfully
2025-08-12 16:22:09 [WARNING] Slow query detected: execution time 3395ms
2025-08-12 19:07:29 [WARNING] High memory usage detected
2025-08-12 14:48:11 [INFO] User login successful for user: diana
2025-08-12 10:18:29 [INFO] Cache cleared successfully
2025-08-12 18:11:28 [INFO] Service auth started
2025-08-12 21:36:06 [INFO] User login successful for user: alice
2025-08-12 09:03:45 [INFO] File uploaded: config.yml
2025-08-12 13:21:30 [INFO] Service payment started
2025-08-12 10:20:51 [WARNING] High memory usage detected
2025-08-12 01:27:08 [INFO] Database connection established
2025-08-12 03:39:32 [WARNING] Disk space low: 4833 remaining
2025-08-12 05:39:55 [DEBUG] Session token generated for user: alice
2025-08-12 01:50:19 [INFO] Database connection established
2025-08-12 02:11:04 [INFO] Database connection established
2025-08-12 23:02:37 [INFO] Service inventory started
2025-08-12 04:10:39 [INFO] Service auth started
2025-08-12 12:17:00 [INFO] User login successful for user: alice
2025-08-12 14:13:31 [INFO] Cache cleared successfully
2025-08-12 10:56:48 [ERROR] File write failed: report.pdf
2025-08-12 11:12:40 [INFO] Scheduled backup completed successfully
2025-08-12 07:36:25 [INFO] Cache cleared successfully
2025-08-12 09:25:21 [ERROR] Unhandled exception: TimeoutError
2025-08-12 12:33:11 [DEBUG] Entering function send_email with arguments: 8
2025-08-12 04:12:05 [ERROR] File write failed: report.pdf
2025-08-12 21:01:37 [INFO] Scheduled backup completed successfully
2025-08-12 14:07:37 [WARNING] Failed login attempt for user: charlie. Retrying...
2025-08-12 17:18:46 [ERROR] Service payment crashed
2025-08-12 06:30:18 [DEBUG] Temporary file created at: backup.zip
2025-08-12 15:44:39 [ERROR] Database connection lost
2025-08-12 06:48:29 [INFO] User login successful for user: charlie
2025-08-12 09:02:23 [DEBUG] Session token generated for user: eve
2025-08-12 11:22:48 [INFO] Scheduled backup completed successfully
2025-08-12 21:54:18 [INFO] Service inventory started
2025-08-12 11:03:18 [INFO] File uploaded: config.yml
2025-08-12 12:45:35 [ERROR] Deadlock detected in transaction ID 2415
2025-08-12 16:44:27 [INFO] Cache cleared successfully
2025-08-12 21:58:44 [ERROR] Unhandled exception: TimeoutError
2025-08-12 20:18:49 [WARNING] Failed login attempt for user: charlie. Retrying...
2025-08-12 12:20:32 [INFO] File uploaded: data.csv
2025-08-12 22:21:08 [INFO] File uploaded: report.pdf
2025-08-12 12:34:37 [INFO] Service payment started
2025-08-12 21:11:21 [INFO] User login successful for user: bob
2025-08-12 10:47:45 [ERROR] Database connection lost
2025-08-12 18:17:11 [INFO] Cache cleared successfully
2025-08-12 23:32:06 [DEBUG] Temporary file created at: backup.zip
2025-08-12 23:58:48 [INFO] Cache cleared successfully
2025-08-12 06:25:42 [WARNING] Failed login attempt for user: alice. Retrying...
2025-08-12 08:53:39 [WARNING] Failed login attempt for user: bob. Retrying...
2025-08-12 15:56:48 [WARNING] Slow query detected: execution time 3013ms
2025-08-12 01:07:26 [INFO] File uploaded: backup.zip
2025-08-12 01:54:12 [INFO] Database connection established
2025-08-12 21:48:32 [INFO] Cache cleared successfully
2025-08-12 02:10:13 [INFO] User login successful for user: eve
2025-08-12 17:43:02 [INFO] Service notification started
2025-08-12 21:12:35 [INFO] Cache cleared successfully
2025-08-12 21:19:35 [INFO] Database connection established
2025-08-12 16:21:51 [DEBUG] Session token generated for user: eve
2025-08-12 14:32:47 [DEBUG] Temporary file created at: config.yml
2025-08-12 11:44:04 [INFO] User login successful for user: diana
2025-08-12 23:40:49 [INFO] Database connection established
2025-08-12 17:51:31 [ERROR] Database connection lost
2025-08-12 09:55:21 [INFO] Cache cleared successfully
2025-08-12 23:36:12 [INFO] Cache cleared successfully
2025-08-12 04:47:13 [ERROR] File write failed: data.csv
2025-08-12 09:35:47 [INFO] File uploaded: data.csv
2025-08-12 08:01:54 [INFO] User login successful for user: bob
2025-08-12 07:27:11 [WARNING] Failed login attempt for user: eve. Retrying...
2025-08-12 05:26:15 [WARNING] API response time exceeded threshold
2025-08-12 21:46:24 [INFO] User login successful for user: bob
2025-08-12 16:54:45 [INFO] File uploaded: config.yml
2025-08-12 10:52:16 [WARNING] Second failed login attempt for user: diana. Next attempt will ERROR. Retrying...
2025-08-12 13:29:05 [ERROR] Database connection lost
2025-08-12 20:34:31 [INFO] Database connection established
2025-08-12 03:33:53 [WARNING] API response time exceeded threshold
2025-08-12 23:56:23 [WARNING] Disk space low: 4750 remaining
2025-08-12 09:40:31 [INFO] Database connection established
2025-08-12 11:24:43 [WARNING] Disk space low: 1129 remaining
2025-08-12 21:34:45 [WARNING] Configuration file deprecated: report.pdf
2025-08-12 18:57:52 [INFO] Database connection established
2025-08-12 04:36:04 [INFO] Service inventory started
2025-08-12 11:34:22 [INFO] User login successful for user: charlie
2025-08-12 12:19:53 [INFO] User login successful for user: eve
2025-08-12 22:21:54 [DEBUG] Entering function send_email with arguments: 1
2025-08-12 00:50:57 [INFO] Cache cleared successfully
2025-08-12 14:37:17 [WARNING] Second failed login attempt for user: charlie. Next attempt will ERROR. Retrying...
