2025-08-05 23:38:20 [INFO] Database connection established
2025-08-05 18:17:35 [INFO] Service payment started
2025-08-05 09:58:46 [INFO] Database connection established
2025-08-05 13:59:27 [WARNING] Second failed login attempt for user: alice. Next attempt will ERROR. Retrying...
2025-08-05 18:25:14 [INFO] Database connection established
2025-08-05 07:25:03 [INFO] Cache cleared successfully
2025-08-05 12:40:29 [INFO] Scheduled backup completed successfully
2025-08-05 15:49:49 [INFO] Database connection established
2025-08-05 06:12:02 [INFO] Scheduled backup completed successfully
2025-08-05 12:46:27 [INFO] Database connection established
2025-08-05 16:38:48 [WARNING] High memory usage detected
2025-08-05 15:58:39 [INFO] File uploaded: backup.zip
2025-08-05 20:06:50 [ERROR] Database connection lost
2025-08-05 08:18:01 [INFO] Scheduled backup completed successfully
2025-08-05 23:34:16 [DEBUG] Entering function send_email with arguments: 10
2025-08-05 08:42:40 [INFO] Scheduled backup completed successfully
2025-08-05 14:32:39 [INFO] User login successful for user: diana
2025-08-05 14:52:27 [INFO] Scheduled backup completed successfully
2025-08-05 01:01:57 [INFO] Cache cleared successfully
2025-08-05 05:39:06 [WARNING] API response time exceeded threshold
2025-08-05 22:27:44 [ERROR] Unhandled exception: TimeoutError
2025-08-05 16:23:37 [INFO] File uploaded: config.yml
2025-08-05 03:14:00 [WARNING] High memory usage detected
2025-08-05 12:06:51 [INFO] Cache cleared successfully
2025-08-05 01:19:54 [WARNING] Disk space low: 3557 remaining
2025-08-05 15:33:29 [INFO] User login successful for user: alice
2025-08-05 09:04:37 [INFO] Cache cleared successfully
2025-08-05 14:05:36 [INFO] Service inventory started
2025-08-05 16:13:18 [WARNING] Disk space low: 4721 remaining
2025-08-05 10:04:47 [INFO] Service payment started
2025-08-05 10:34:42 [WARNING] Failed login attempt for user: alice. Retrying...
2025-08-05 00:27:46 [INFO] Service payment started
2025-08-05 16:33:34 [WARNING] Failed login attempt for user: eve. Retrying...
2025-08-05 09:42:25 [INFO] Cache cleared successfully
2025-08-05 10:12:52 [INFO] Service auth started
2025-08-05 09:19:16 [WARNING] Slow query detected: execution time 3308ms
2025-08-05 17:57:51 [INFO] File uploaded: backup.zip
2025-08-05 03:53:03 [INFO] User login successful for user: bob
2025-08-05 18:15:39 [INFO] File uploaded: report.pdf
2025-08-05 23:40:04 [INFO] Scheduled backup completed successfully
2025-08-05 13:34:05 [INFO] Database connection established
2025-08-05 18:38:16 [WARNING] Configuration file deprecated: backup.zip
2025-08-05 01:59:36 [INFO] Scheduled backup completed successfully
2025-08-05 07:44:27 [INFO] Cache cleared successfully
2025-08-05 16:22:07 [INFO] User login successful for user: bob
2025-08-05 20:22:30 [INFO] Service auth started
2025-08-05 10:06:50 [WARNING] High memory usage detected
2025-08-05 15:02:15 [WARNING] Configuration file deprecated: backup.zip
2025-08-05 05:08:01 [INFO] File uploaded: report.pdf
2025-08-05 20:47:55 [INFO] Service auth started
2025-08-05 11:56:33 [WARNING] Disk space low: 2243 remaining
2025-08-05 14:43:54 [INFO] Cache cleared successfully
2025-08-05 00:32:24 [ERROR] Email sending failed to recipient: admin@google.com
2025-08-05 20:48:09 [INFO] Service auth started
2025-08-05 22:48:29 [INFO] User login successful for user: diana
2025-08-05 15:11:31 [INFO] Scheduled backup completed successfully
2025-08-05 08:37:05 [WARNING] Disk space low: 442 remaining
2025-08-05 05:51:04 [INFO] Database connection established
2025-08-05 18:52:38 [INFO] Cache cleared successfully
2025-08-05 01:57:51 [INFO] Service notification started
2025-08-05 11:26:53 [WARNING] Configuration file deprecated: report.pdf
2025-08-05 10:20:48 [WARNING] Second failed login attempt for user: charlie. Next attempt will ERROR. Retrying...
2025-08-05 07:48:58 [ERROR] Service payment crashed
2025-08-05 09:46:15 [ERROR] Deadlock detected in transaction ID 2494
2025-08-05 03:53:37 [WARNING] Slow query detected: execution time 3783ms
2025-08-05 12:25:03 [ERROR] Email sending failed to recipient: user@gmail.com
2025-08-05 05:26:23 [INFO] Scheduled backup completed successfully
2025-08-05 17:54:24 [INFO] Scheduled backup completed successfully
2025-08-05 14:35:14 [INFO] Service auth started
2025-08-05 13:54:14 [INFO] Cache cleared successfully
2025-08-05 23:59:08 [WARNING] Disk space low: 2369 remaining
2025-08-05 01:08:44 [WARNING] API response time exceeded threshold
2025-08-05 02:31:38 [ERROR] Unhandled exception: TimeoutError
2025-08-05 14:42:11 [INFO] File uploaded: config.yml
2025-08-05 23:32:12 [WARNING] Disk space low: 2797 remaining
2025-08-05 16:53:19 [INFO] Service notification started
2025-08-05 01:13:26 [INFO] File uploaded: report.pdf
2025-08-05 07:49:07 [INFO] User login successful for user: diana
2025-08-05 02:49:49 [INFO] Database connection established
2025-08-05 14:35:34 [INFO] Service notification started
2025-08-05 19:10:10 [WARNING] Configuration file deprecated: backup.zip
2025-08-05 07:42:16 [INFO] User login successful for user: bob
2025-08-05 16:55:05 [INFO] Cache cleared successfully
2025-08-05 12:30:10 [INFO] Cache cleared successfully
2025-08-05 06:06:07 [WARNING] Second failed login attempt for user: charlie. Next attempt will ERROR. Retrying...
2025-08-05 16:47:35 [INFO] Database connection established
2025-08-05 18:03:24 [INFO] User login successful for user: alice
2025-08-05 10:12:08 [INFO] Service inventory started
2025-08-05 10:44:52 [INFO] File uploaded: backup.zip
2025-08-05 01:01:14 [INFO] Cache cleared successfully
2025-08-05 15:20:07 [INFO] File uploaded: backup.zip
2025-08-05 03:54:59 [INFO] Cache cleared successfully
2025-08-05 05:58:07 [INFO] Database connection established
2025-08-05 08:48:04 [ERROR] Email sending failed to recipient: support@amazon.com
2025-08-05 19:48:57 [INFO] User login successful for user: diana
2025-08-05 19:57:17 [INFO] Service payment started
2025-08-05 18:21:23 [INFO] Cache cleared successfully
2025-08-05 05:34:25 [WARNING] High memory usage detected
2025-08-05 12:48:27 [INFO] File uploaded: config.yml
2025-08-05 17:41:02 [INFO] Database connection established
2025-08-05 05:52:18 [INFO] Scheduled backup completed successfully
2025-08-05 15:47:23 [WARNING] Configuration file deprecated: backup.zip
2025-08-05 09:13:58 [INFO] File uploaded: backup.zip
2025-08-05 09:29:56 [INFO] File uploaded: data.csv
2025-08-05 20:46:10 [INFO] Cache cleared successfully
2025-08-05 05:09:46 [INFO] Service auth started
2025-08-05 08:06:03 [INFO] Scheduled backup completed successfully
2025-08-05 07:12:36 [INFO] Cache cleared successfully
2025-08-05 13:38:17 [DEBUG] Entering function process_payment with arguments: 6
2025-08-05 19:35:15 [INFO] User login successful for user: alice
2025-08-05 16:24:17 [INFO] File uploaded: config.yml
2025-08-05 04:18:46 [INFO] Service payment started
2025-08-05 03:40:07 [INFO] File uploaded: backup.zip
2025-08-05 16:31:58 [ERROR] Email sending failed to recipient: admin@google.com
2025-08-05 11:51:51 [INFO] Scheduled backup completed successfully
2025-08-05 07:39:12 [DEBUG] Variable x has value: 91
2025-08-05 11:28:05 [WARNING] API response time exceeded threshold
2025-08-05 03:16:52 [INFO] Scheduled backup completed successfully
2025-08-05 15:09:34 [INFO] Database connection established
2025-08-05 17:50:44 [INFO] Scheduled backup completed successfully
2025-08-05 16:42:53 [WARNING] Second failed login attempt for user: charlie. Next attempt will ERROR. Retrying...
2025-08-05 20:43:18 [INFO] Service payment started
2025-08-05 14:35:52 [INFO] Service notification started
2025-08-05 21:53:30 [INFO] Service inventory started
2025-08-05 19:22:14 [INFO] Database connection established
2025-08-05 22:22:23 [INFO] Cache cleared successfully
2025-08-05 01:04:09 [INFO] File uploaded: report.pdf
2025-08-05 13:40:36 [INFO] Database connection established
2025-08-05 17:41:29 [INFO] File uploaded: report.pdf
2025-08-05 02:30:21 [WARNING] API response time exceeded threshold
2025-08-05 14:02:49 [INFO] User login successful for user: eve
2025-08-05 22:46:50 [INFO] Service notification started
2025-08-05 11:40:06 [INFO] User login successful for user: bob
2025-08-05 01:16:23 [INFO] Service notification started
2025-08-05 01:09:35 [DEBUG] Entering function process_payment with arguments: 5
2025-08-05 15:27:42 [INFO] Cache cleared successfully
2025-08-05 12:20:53 [INFO] Scheduled backup completed successfully
2025-08-05 18:44:27 [INFO] Cache cleared successfully
2025-08-05 20:08:56 [INFO] Database connection established
2025-08-05 13:51:02 [INFO] Service inventory started
2025-08-05 20:42:29 [INFO] Database connection established
2025-08-05 05:20:30 [WARNING] Disk space low: 3207 remaining
2025-08-05 14:54:09 [WARNING] Disk space low: 4490 remaining
2025-08-05 20:18:00 [INFO] Cache cleared successfully
2025-08-05 01:18:33 [INFO] User login successful for user: alice
2025-08-05 15:02:08 [ERROR] Deadlock detected in transaction ID 4413
2025-08-05 13:37:24 [INFO] Cache cleared successfully
2025-08-05 04:16:31 [INFO] User login successful for user: eve
2025-08-05 10:24:37 [INFO] Service auth started
2025-08-05 15:18:50 [INFO] User login successful for user: bob
2025-08-05 14:53:52 [WARNING] Disk space low: 4205 remaining
2025-08-05 08:42:52 [INFO] User login successful for user: eve
2025-08-05 22:34:39 [INFO] Scheduled backup completed successfully
2025-08-05 03:15:44 [INFO] User login successful for user: bob
2025-08-05 02:59:00 [WARNING] Configuration file deprecated: report.pdf
2025-08-05 04:33:48 [ERROR] Deadlock detected in transaction ID 766
2025-08-05 23:07:10 [INFO] File uploaded: report.pdf
2025-08-05 22:42:56 [INFO] Cache cleared successfully
2025-08-05 10:31:26 [WARNING] Slow query detected: execution time 2743ms
2025-08-05 09:45:40 [INFO] Database connection established
2025-08-05 17:07:15 [INFO] User login successful for user: diana
2025-08-05 17:13:49 [INFO] Service inventory started
2025-08-05 08:37:14 [DEBUG] Temporary file created at: data.csv
2025-08-05 23:43:24 [INFO] Database connection established
2025-08-05 21:50:48 [INFO] Cache cleared successfully
2025-08-05 09:53:41 [ERROR] Deadlock detected in transaction ID 1030
2025-08-05 19:15:05 [INFO] User login successful for user: diana
2025-08-05 13:10:57 [INFO] Scheduled backup completed successfully
2025-08-05 21:14:27 [INFO] User login successful for user: diana
2025-08-05 03:40:57 [WARNING] Failed login attempt for user: eve. Retrying...
2025-08-05 04:39:02 [INFO] Service inventory started
2025-08-05 06:43:44 [INFO] User login successful for user: diana
2025-08-05 17:34:52 [ERROR] File write failed: data.csv
2025-08-05 16:34:36 [INFO] Scheduled backup completed successfully
2025-08-05 09:36:45 [INFO] User login successful for user: diana
2025-08-05 15:30:32 [DEBUG] Temporary file created at: report.pdf
2025-08-05 01:18:24 [INFO] Scheduled backup completed successfully
2025-08-05 20:40:31 [DEBUG] Entering function process_payment with arguments: 1
2025-08-05 02:13:25 [WARNING] Second failed login attempt for user: charlie. Next attempt will ERROR. Retrying...
2025-08-05 06:59:47 [ERROR] Deadlock detected in transaction ID 3861
2025-08-05 08:23:46 [WARNING] API response time exceeded threshold
2025-08-05 06:51:45 [ERROR] Database connection lost
2025-08-05 22:14:11 [WARNING] High memory usage detected
2025-08-05 19:04:16 [INFO] Database connection established
2025-08-05 12:07:02 [INFO] User login successful for user: bob
2025-08-05 12:41:22 [INFO] File uploaded: report.pdf
2025-08-05 10:35:45 [DEBUG] Temporary file created at: config.yml
2025-08-05 01:18:37 [WARNING] Failed login attempt for user: eve. Retrying...
2025-08-05 04:10:41 [INFO] File uploaded: config.yml
2025-08-05 06:51:07 [INFO] User login successful for user: bob
2025-08-05 17:41:34 [ERROR] Database connection lost
2025-08-05 04:41:37 [INFO] Cache cleared successfully
2025-08-05 06:17:24 [INFO] Cache cleared successfully
2025-08-05 11:41:59 [WARNING] Failed login attempt for user: alice. Retrying...
2025-08-05 03:59:05 [INFO] Scheduled backup completed successfully
2025-08-05 13:47:54 [INFO] Service inventory started
2025-08-05 02:21:59 [ERROR] Email sending failed to recipient: admin@google.com
2025-08-05 16:54:38 [INFO] Cache cleared successfully
2025-08-05 20:30:49 [INFO] Scheduled backup completed successfully
2025-08-05 13:55:26 [INFO] Database connection established
2025-08-05 22:22:19 [WARNING] Second failed login attempt for user: eve. Next attempt will ERROR. Retrying...
2025-08-05 06:57:28 [INFO] Database connection established
2025-08-05 22:11:24 [INFO] Cache cleared successfully
2025-08-05 17:23:17 [WARNING] Disk space low: 1011 remaining
2025-08-05 19:33:08 [INFO] File uploaded: config.yml
2025-08-05 05:16:36 [INFO] File uploaded: backup.zip
2025-08-05 21:26:32 [INFO] Service inventory started
2025-08-05 12:13:16 [WARNING] Configuration file deprecated: backup.zip
2025-08-05 06:21:52 [INFO] Cache cleared successfully
2025-08-05 20:59:23 [INFO] User login successful for user: bob
2025-08-05 08:51:28 [DEBUG] Session token generated for user: eve
2025-08-05 21:57:03 [ERROR] Unhandled exception: TimeoutError
2025-08-05 23:19:31 [INFO] Database connection established
2025-08-05 04:50:33 [INFO] Cache cleared successfully
2025-08-05 21:41:08 [ERROR] Database connection lost
2025-08-05 20:57:42 [ERROR] Service auth crashed
2025-08-05 01:54:14 [INFO] Service notification started
2025-08-05 13:15:22 [DEBUG] Variable x has value: 3301
2025-08-05 08:27:50 [ERROR] File write failed: config.yml
2025-08-05 15:55:32 [INFO] Cache cleared successfully
2025-08-05 17:34:52 [INFO] Database connection established
2025-08-05 08:06:26 [ERROR] Unhandled exception: NullPointerException
2025-08-05 07:14:31 [WARNING] Slow query detected: execution time 4419ms
2025-08-05 07:26:04 [INFO] Cache cleared successfully
2025-08-05 08:24:08 [INFO] File uploaded: report.pdf
2025-08-05 23:04:10 [INFO] User login successful for user: charlie
2025-08-05 22:25:25 [WARNING] API response time exceeded threshold
2025-08-05 02:20:36 [INFO] File uploaded: config.yml
2025-08-05 18:55:55 [INFO] User login successful for user: alice
2025-08-05 17:23:58 [INFO] Database connection established
2025-08-05 09:59:30 [INFO] Database connection established
2025-08-05 03:44:21 [INFO] Service inventory started
2025-08-05 17:06:16 [INFO] Database connection established
2025-08-05 04:46:23 [WARNING] Second failed login attempt for user: charlie. Next attempt will ERROR. Retrying...
2025-08-05 04:04:06 [WARNING] API response time exceeded threshold
2025-08-05 22:27:45 [INFO] Cache cleared successfully
2025-08-05 05:04:57 [INFO] File uploaded: data.csv
2025-08-05 10:56:08 [INFO] File uploaded: data.csv
2025-08-05 19:47:05 [INFO] Service inventory started
2025-08-05 23:24:32 [INFO] Cache cleared successfully
2025-08-05 23:37:29 [INFO] Scheduled backup completed successfully
2025-08-05 02:57:53 [INFO] Scheduled backup completed successfully
2025-08-05 17:59:16 [ERROR] Email sending failed to recipient: user@gmail.com
2025-08-05 19:09:20 [INFO] Cache cleared successfully
2025-08-05 09:27:02 [WARNING] Failed login attempt for user: eve. Retrying...
2025-08-05 12:01:04 [INFO] File uploaded: backup.zip
2025-08-05 03:10:11 [INFO] Scheduled backup completed successfully
2025-08-05 09:49:33 [INFO] User login successful for user: charlie
2025-08-05 23:47:56 [INFO] Service notification started
2025-08-05 09:42:39 [ERROR] Database connection lost
2025-08-05 14:30:32 [ERROR] Unhandled exception: NullPointerException
2025-08-05 17:28:15 [WARNING] High memory usage detected
2025-08-05 19:57:10 [WARNING] Failed login attempt for user: diana. Retrying...
2025-08-05 00:10:10 [WARNING] Failed login attempt for user: diana. Retrying...
2025-08-05 20:47:30 [WARNING] Configuration file deprecated: data.csv
2025-08-05 04:25:34 [INFO] Cache cleared successfully
2025-08-05 13:45:06 [INFO] Scheduled backup completed successfully
2025-08-05 06:43:15 [INFO] Service payment started
2025-08-05 16:46:44 [INFO] File uploaded: backup.zip
2025-08-05 06:57:54 [INFO] User login successful for user: alice
2025-08-05 04:51:42 [WARNING] Disk space low: 2963 remaining
2025-08-05 21:38:38 [INFO] Cache cleared successfully
2025-08-05 08:13:35 [INFO] Scheduled backup completed successfully
2025-08-05 13:19:29 [INFO] Cache cleared successfully
2025-08-05 04:19:31 [ERROR] File write failed: config.yml
2025-08-05 01:23:56 [INFO] Scheduled backup completed successfully
2025-08-05 19:38:45 [INFO] Service inventory started
2025-08-05 03:22:42 [INFO] Service payment started
2025-08-05 10:33:45 [INFO] File uploaded: backup.zip
2025-08-05 19:22:23 [WARNING] API response time exceeded threshold
2025-08-05 02:42:30 [ERROR] Service payment crashed
2025-08-05 21:23:36 [WARNING] Second failed login attempt for user: diana. Next attempt will ERROR. Retrying...
2025-08-05 16:59:11 [INFO] Scheduled backup completed successfully
2025-08-05 01:02:57 [INFO] User login successful for user: alice
2025-08-05 16:00:55 [WARNING] Disk space low: 4960 remaining
2025-08-05 01:03:11 [INFO] Scheduled backup completed successfully
2025-08-05 10:40:09 [INFO] File uploaded: data.csv
2025-08-05 19:10:49 [INFO] Cache cleared successfully
2025-08-05 22:07:59 [WARNING] Slow query detected: execution time 4389ms
2025-08-05 16:38:13 [WARNING] Second failed login attempt for user: eve. Next attempt will ERROR. Retrying...
2025-08-05 03:56:14 [INFO] Cache cleared successfully
2025-08-05 13:17:27 [INFO] Cache cleared successfully
2025-08-05 12:48:45 [ERROR] Database connection lost
2025-08-05 15:27:29 [INFO] Database connection established
2025-08-05 02:59:19 [INFO] File uploaded: data.csv
2025-08-05 00:35:07 [INFO] Cache cleared successfully
2025-08-05 10:41:46 [INFO] Service notification started
2025-08-05 05:25:05 [INFO] Cache cleared successfully
2025-08-05 05:55:37 [INFO] Service auth started
2025-08-05 16:40:53 [INFO] File uploaded: report.pdf
2025-08-05 13:30:02 [WARNING] Second failed login attempt for user: alice. Next attempt will ERROR. Retrying...
2025-08-05 10:35:06 [INFO] File uploaded: data.csv
2025-08-05 20:38:52 [INFO] Scheduled backup completed successfully
2025-08-05 02:17:14 [WARNING] Slow query detected: execution time 2267ms
2025-08-05 18:05:15 [INFO] Cache cleared successfully
2025-08-05 14:27:22 [INFO] File uploaded: data.csv
2025-08-05 03:24:16 [WARNING] Disk space low: 4092 remaining
2025-08-05 22:28:43 [WARNING] Disk space low: 93 remaining
2025-08-05 11:37:27 [INFO] Scheduled backup completed successfully
2025-08-05 04:55:39 [WARNING] Slow query detected: execution time 1631ms
2025-08-05 01:36:15 [INFO] User login successful for user: diana
2025-08-05 15:38:55 [INFO] User login successful for user: alice
2025-08-05 15:56:50 [INFO] Scheduled backup completed successfully
2025-08-05 15:30:10 [WARNING] High memory usage detected
2025-08-05 00:08:37 [ERROR] Unhandled exception: FileNotFoundError
2025-08-05 20:57:38 [INFO] Cache cleared successfully
2025-08-05 07:14:15 [INFO] Cache cleared successfully
2025-08-05 01:49:06 [ERROR] Service notification crashed
2025-08-05 02:28:40 [WARNING] Second failed login attempt for user: eve. Next attempt will ERROR. Retrying...
2025-08-05 14:44:14 [WARNING] API response time exceeded threshold
2025-08-05 10:10:25 [DEBUG] Entering function process_payment with arguments: 3
2025-08-05 01:34:59 [INFO] Cache cleared successfully
2025-08-05 16:37:03 [INFO] Cache cleared successfully
2025-08-05 20:38:05 [INFO] Database connection established
2025-08-05 14:55:03 [INFO] Service inventory started
2025-08-05 21:49:26 [WARNING] Disk space low: 1723 remaining
2025-08-05 17:09:00 [ERROR] Unhandled exception: FileNotFoundError
2025-08-05 22:30:20 [ERROR] Database connection lost
2025-08-05 21:49:05 [INFO] File uploaded: backup.zip
2025-08-05 10:36:49 [INFO] Scheduled backup completed successfully
2025-08-05 17:00:30 [INFO] Database connection established
2025-08-05 23:29:32 [INFO] Database connection established
2025-08-05 11:55:43 [WARNING] Second failed login attempt for user: charlie. Next attempt will ERROR. Retrying...
2025-08-05 12:43:50 [INFO] Service inventory started
2025-08-05 09:44:32 [INFO] User login successful for user: alice
2025-08-05 06:13:51 [INFO] File uploaded: report.pdf
2025-08-05 16:21:14 [INFO] User login successful for user: diana
2025-08-05 22:41:42 [INFO] Cache cleared successfully
2025-08-05 17:26:37 [ERROR] File write failed: config.yml
2025-08-05 04:28:54 [INFO] User login successful for user: alice
2025-08-05 03:25:31 [INFO] User login successful for user: diana
2025-08-05 05:10:29 [WARNING] High memory usage detected
2025-08-05 17:17:04 [INFO] Database connection established
2025-08-05 22:10:46 [WARNING] High memory usage detected
2025-08-05 11:18:49 [INFO] Service notification started
2025-08-05 20:16:16 [INFO] User login successful for user: eve
2025-08-05 20:51:20 [INFO] User login successful for user: charlie
2025-08-05 22:05:55 [WARNING] Disk space low: 946 remaining
2025-08-05 10:06:21 [ERROR] Deadlock detected in transaction ID 4919
2025-08-05 15:32:24 [WARNING] API response time exceeded threshold
2025-08-05 00:51:10 [DEBUG] Session token generated for user: diana
2025-08-05 21:36:52 [WARNING] Configuration file deprecated: backup.zip
2025-08-05 14:52:13 [INFO] Database connection established
2025-08-05 03:55:34 [ERROR] File write failed: report.pdf
2025-08-05 13:04:43 [INFO] Cache cleared successfully
2025-08-05 07:03:14 [INFO] Cache cleared successfully
2025-08-05 12:53:05 [WARNING] Second failed login attempt for user: charlie. Next attempt will ERROR. Retrying...
2025-08-05 01:43:04 [INFO] Service notification started
2025-08-05 01:08:45 [INFO] Database connection established
2025-08-05 19:11:11 [WARNING] High memory usage detected
2025-08-05 19:50:11 [WARNING] API response time exceeded threshold
2025-08-05 10:10:46 [INFO] Scheduled backup completed successfully
2025-08-05 11:43:38 [WARNING] Configuration file deprecated: report.pdf
2025-08-05 01:04:25 [WARNING] Slow query detected: execution time 2734ms
2025-08-05 04:04:44 [INFO] Database connection established
2025-08-05 17:14:57 [DEBUG] Temporary file created at: report.pdf
2025-08-05 07:40:29 [ERROR] Deadlock detected in transaction ID 2413
2025-08-05 11:37:18 [INFO] File uploaded: config.yml
2025-08-05 00:39:22 [INFO] Service notification started
2025-08-05 15:41:16 [INFO] File uploaded: config.yml
2025-08-05 08:47:54 [INFO] File uploaded: config.yml
2025-08-05 04:19:59 [ERROR] Database connection lost
2025-08-05 18:58:32 [WARNING] Failed login attempt for user: diana. Retrying...
2025-08-05 06:21:11 [ERROR] File write failed: config.yml
2025-08-05 02:08:58 [INFO] Scheduled backup completed successfully
2025-08-05 01:49:58 [INFO] Cache cleared successfully
2025-08-05 01:03:18 [WARNING] Configuration file deprecated: report.pdf
2025-08-05 23:17:11 [WARNING] Slow query detected: execution time 878ms
2025-08-05 23:35:25 [ERROR] Database connection lost
2025-08-05 06:33:30 [INFO] Service inventory started
2025-08-05 16:01:28 [INFO] Cache cleared successfully
2025-08-05 22:43:55 [ERROR] Database connection lost
2025-08-05 19:10:21 [INFO] User login successful for user: charlie
2025-08-05 00:57:55 [INFO] User login successful for user: eve
2025-08-05 00:20:04 [ERROR] Email sending failed to recipient: support@amazon.com
2025-08-05 12:46:51 [WARNING] Slow query detected: execution time 3178ms
2025-08-05 10:06:04 [ERROR] Deadlock detected in transaction ID 198
2025-08-05 07:51:28 [ERROR] File write failed: backup.zip
2025-08-05 18:33:09 [INFO] Scheduled backup completed successfully
2025-08-05 18:05:47 [INFO] Cache cleared successfully
2025-08-05 11:26:49 [INFO] Scheduled backup completed successfully
2025-08-05 03:14:27 [INFO] Scheduled backup completed successfully
2025-08-05 17:51:13 [ERROR] Deadlock detected in transaction ID 1475
2025-08-05 10:46:41 [ERROR] File write failed: config.yml
2025-08-05 09:30:50 [INFO] File uploaded: report.pdf
2025-08-05 19:07:22 [ERROR] Database connection lost
2025-08-05 17:46:24 [INFO] User login successful for user: charlie
2025-08-05 03:09:48 [INFO] Database connection established
2025-08-05 04:09:01 [INFO] Database connection established
2025-08-05 12:10:22 [INFO] Database connection established
2025-08-05 10:43:47 [ERROR] Email sending failed to recipient: user@gmail.com
2025-08-05 01:53:48 [WARNING] Disk space low: 4654 remaining
2025-08-05 02:30:36 [INFO] User login successful for user: alice
2025-08-05 09:47:01 [INFO] Database connection established
2025-08-05 13:56:55 [WARNING] Failed login attempt for user: charlie. Retrying...
2025-08-05 16:58:58 [WARNING] API response time exceeded threshold
2025-08-05 23:55:36 [WARNING] Second failed login attempt for user: diana. Next attempt will ERROR. Retrying...
2025-08-05 08:11:24 [INFO] File uploaded: backup.zip
2025-08-05 02:00:58 [INFO] Cache cleared successfully
2025-08-05 09:29:22 [INFO] File uploaded: report.pdf
2025-08-05 18:43:49 [INFO] Service inventory started
2025-08-05 15:00:37 [INFO] Service payment started
2025-08-05 11:35:22 [INFO] Database connection established
2025-08-05 12:09:28 [WARNING] Second failed login attempt for user: bob. Next attempt will ERROR. Retrying...
2025-08-05 17:49:41 [INFO] Cache cleared successfully
2025-08-05 20:30:49 [INFO] Cache cleared successfully
2025-08-05 13:52:21 [INFO] Cache cleared successfully
2025-08-05 13:28:26 [INFO] Database connection established
2025-08-05 10:46:41 [INFO] Scheduled backup completed successfully
2025-08-05 22:20:03 [ERROR] Deadlock detected in transaction ID 385
2025-08-05 22:57:55 [WARNING] Configuration file deprecated: data.csv
2025-08-05 12:59:19 [INFO] Database connection established
2025-08-05 03:12:53 [INFO] Service inventory started
2025-08-05 14:24:36 [INFO] Cache cleared successfully
2025-08-05 00:34:44 [DEBUG] Temporary file created at: backup.zip
2025-08-05 13:32:34 [INFO] User login successful for user: diana
2025-08-05 21:25:19 [INFO] Service payment started
2025-08-05 18:31:46 [DEBUG] Query executed: SELECT * FROM users
2025-08-05 02:08:03 [INFO] File uploaded: report.pdf
2025-08-05 12:51:23 [ERROR] File write failed: backup.zip
2025-08-05 23:19:57 [INFO] Scheduled backup completed successfully
2025-08-05 13:12:30 [INFO] File uploaded: report.pdf
2025-08-05 12:25:08 [INFO] Cache cleared successfully
2025-08-05 06:13:13 [INFO] File uploaded: data.csv
2025-08-05 06:02:38 [INFO] User login successful for user: alice
2025-08-05 00:40:04 [DEBUG] Variable x has value: 3131
2025-08-05 19:48:05 [DEBUG] Temporary file created at: report.pdf
2025-08-05 08:33:29 [INFO] Scheduled backup completed successfully
2025-08-05 01:14:02 [WARNING] High memory usage detected
2025-08-05 13:33:40 [ERROR] Service inventory crashed
2025-08-05 12:34:39 [WARNING] Second failed login attempt for user: bob. Next attempt will ERROR. Retrying...
2025-08-05 01:24:23 [INFO] Service notification started
2025-08-05 19:56:03 [DEBUG] Query executed: UPDATE orders SET status='shipped' WHERE id=42
2025-08-05 01:47:02 [INFO] Scheduled backup completed successfully
2025-08-05 02:28:00 [INFO] File uploaded: data.csv
2025-08-05 06:03:57 [INFO] User login successful for user: diana
2025-08-05 03:57:31 [ERROR] Deadlock detected in transaction ID 3431
2025-08-05 00:54:25 [WARNING] Slow query detected: execution time 1204ms
2025-08-05 16:22:17 [INFO] Cache cleared successfully
2025-08-05 07:17:48 [INFO] File uploaded: report.pdf
2025-08-05 04:15:37 [INFO] User login successful for user: bob
2025-08-05 06:47:49 [WARNING] Failed login attempt for user: diana. Retrying...
2025-08-05 14:33:53 [WARNING] High memory usage detected
2025-08-05 07:35:54 [WARNING] Disk space low: 4513 remaining
2025-08-05 15:07:04 [ERROR] File write failed: report.pdf
2025-08-05 20:06:21 [INFO] User login successful for user: bob
2025-08-05 02:45:30 [INFO] User login successful for user: bob
2025-08-05 19:03:59 [INFO] User login successful for user: bob
2025-08-05 15:39:33 [INFO] Service payment started
2025-08-05 22:25:29 [INFO] Service inventory started
2025-08-05 01:38:15 [INFO] User login successful for user: alice
2025-08-05 16:17:56 [ERROR] Deadlock detected in transaction ID 746
2025-08-05 23:40:57 [WARNING] Slow query detected: execution time 829ms
2025-08-05 15:36:39 [INFO] Cache cleared successfully
2025-08-05 05:40:10 [ERROR] Service payment crashed
2025-08-05 05:15:53 [INFO] File uploaded: report.pdf
2025-08-05 06:59:58 [INFO] Database connection established
2025-08-05 06:24:18 [INFO] Service inventory started
2025-08-05 07:29:18 [INFO] Service inventory started
2025-08-05 06:06:25 [INFO] Cache cleared successfully
2025-08-05 09:27:47 [INFO] User login successful for user: charlie
2025-08-05 21:36:13 [INFO] Database connection established
2025-08-05 11:51:29 [ERROR] Service auth crashed
2025-08-05 14:01:20 [INFO] User login successful for user: charlie
2025-08-05 23:52:54 [WARNING] High memory usage detected
2025-08-05 18:49:07 [INFO] File uploaded: backup.zip
2025-08-05 17:29:55 [ERROR] Service notification crashed
2025-08-05 08:27:34 [INFO] File uploaded: config.yml
2025-08-05 03:53:22 [INFO] File uploaded: backup.zip
2025-08-05 10:08:06 [INFO] User login successful for user: bob
2025-08-05 20:41:55 [INFO] File uploaded: config.yml
2025-08-05 07:53:07 [WARNING] High memory usage detected
2025-08-05 12:10:11 [INFO] Scheduled backup completed successfully
2025-08-05 04:40:45 [ERROR] Service payment crashed
2025-08-05 04:02:50 [INFO] Scheduled backup completed successfully
2025-08-05 19:20:20 [INFO] Service inventory started
2025-08-05 19:47:00 [WARNING] Disk space low: 4059 remaining
2025-08-05 01:01:27 [INFO] File uploaded: config.yml
2025-08-05 20:05:43 [INFO] Scheduled backup completed successfully
2025-08-05 12:54:06 [INFO] Service inventory started
2025-08-05 15:12:23 [ERROR] Email sending failed to recipient: admin@google.com
2025-08-05 14:07:37 [INFO] Scheduled backup completed successfully
2025-08-05 12:33:57 [INFO] Cache cleared successfully
2025-08-05 03:59:30 [ERROR] Database connection lost
2025-08-05 10:20:33 [INFO] User login successful for user: alice
2025-08-05 20:25:41 [WARNING] Disk space low: 4564 remaining
2025-08-05 22:40:53 [ERROR] Unhandled exception: NullPointerException
2025-08-05 16:53:00 [INFO] Service notification started
2025-08-05 08:46:47 [INFO] File uploaded: backup.zip
2025-08-05 19:01:42 [INFO] File uploaded: report.pdf
2025-08-05 02:58:31 [WARNING] High memory usage detected
2025-08-05 12:51:41 [DEBUG] Variable x has value: 2381
2025-08-05 20:49:21 [INFO] Cache cleared successfully
2025-08-05 01:19:17 [INFO] Service inventory started
2025-08-05 11:26:23 [INFO] Database connection established
2025-08-05 17:24:11 [INFO] File uploaded: data.csv
2025-08-05 00:42:41 [INFO] Cache cleared successfully
2025-08-05 04:47:06 [DEBUG] Variable x has value: 4194
2025-08-05 20:07:15 [INFO] Database connection established
2025-08-05 11:39:29 [ERROR] Service auth crashed
2025-08-05 22:29:43 [INFO] User login successful for user: eve
2025-08-05 13:13:10 [WARNING] Configuration file deprecated: backup.zip
2025-08-05 19:34:23 [INFO] Database connection established
2025-08-05 09:26:25 [INFO] File uploaded: data.csv
2025-08-05 03:36:17 [INFO] Database connection established
2025-08-05 02:17:48 [WARNING] Failed login attempt for user: charlie. Retrying...
2025-08-05 14:37:10 [INFO] Cache cleared successfully
2025-08-05 02:26:51 [INFO] Scheduled backup completed successfully
2025-08-05 01:22:44 [INFO] File uploaded: backup.zip
2025-08-05 02:28:19 [INFO] Database connection established
2025-08-05 02:22:17 [INFO] Service inventory started
2025-08-05 08:39:53 [ERROR] Email sending failed to recipient: user@gmail.com
2025-08-05 22:40:55 [INFO] Database connection established
2025-08-05 22:42:44 [INFO] Scheduled backup completed successfully
2025-08-05 18:31:48 [WARNING] Failed login attempt for user: eve. Retrying...
2025-08-05 14:55:19 [WARNING] Configuration file deprecated: report.pdf
2025-08-05 04:17:12 [ERROR] Deadlock detected in transaction ID 4501
2025-08-05 05:58:10 [WARNING] Disk space low: 4082 remaining
2025-08-05 04:15:26 [DEBUG] Variable x has value: 1736
2025-08-05 01:22:07 [WARNING] High memory usage detected
2025-08-05 10:42:04 [INFO] File uploaded: report.pdf
2025-08-05 08:32:18 [ERROR] Database connection lost
2025-08-05 13:25:29 [INFO] Database connection established
2025-08-05 04:20:06 [INFO] Service auth started
2025-08-05 22:21:50 [ERROR] Service payment crashed
2025-08-05 14:53:45 [INFO] Scheduled backup completed successfully
2025-08-05 13:50:18 [WARNING] Slow query detected: execution time 506ms
2025-08-05 08:05:02 [WARNING] Failed login attempt for user: eve. Retrying...
2025-08-05 08:55:50 [WARNING] Second failed login attempt for user: charlie. Next attempt will ERROR. Retrying...
2025-08-05 04:38:43 [ERROR] Service auth crashed
2025-08-05 03:42:50 [WARNING] Slow query detected: execution time 3468ms
2025-08-05 00:55:39 [INFO] User login successful for user: eve
2025-08-05 10:08:12 [WARNING] API response time exceeded threshold
2025-08-05 21:22:15 [INFO] Cache cleared successfully
2025-08-05 19:52:07 [ERROR] File write failed: backup.zip
2025-08-05 20:25:02 [INFO] Database connection established
2025-08-05 10:01:07 [INFO] Scheduled backup completed successfully
2025-08-05 06:04:36 [INFO] Cache cleared successfully
2025-08-05 06:16:52 [DEBUG] Temporary file created at: backup.zip
2025-08-05 08:09:19 [INFO] Scheduled backup completed successfully
2025-08-05 19:06:34 [WARNING] Disk space low: 2753 remaining
2025-08-05 09:39:19 [INFO] Service payment started
2025-08-05 03:40:21 [INFO] User login successful for user: charlie
2025-08-05 03:17:48 [WARNING] Failed login attempt for user: alice. Retrying...
2025-08-05 19:58:56 [WARNING] Second failed login attempt for user: charlie. Next attempt will ERROR. Retrying...
2025-08-05 18:51:45 [ERROR] Deadlock detected in transaction ID 321
2025-08-05 11:44:31 [INFO] File uploaded: backup.zip
2025-08-05 17:10:43 [INFO] File uploaded: report.pdf
2025-08-05 07:46:37 [DEBUG] Temporary file created at: report.pdf
2025-08-05 15:29:32 [INFO] File uploaded: backup.zip
2025-08-05 10:20:35 [ERROR] Email sending failed to recipient: support@amazon.com
2025-08-05 12:30:18 [INFO] Database connection established
2025-08-05 23:53:58 [ERROR] Service payment crashed
2025-08-05 17:02:19 [WARNING] API response time exceeded threshold
2025-08-05 07:36:12 [INFO] Scheduled backup completed successfully
2025-08-05 22:28:43 [INFO] Database connection established
2025-08-05 23:54:49 [INFO] Scheduled backup completed successfully
2025-08-05 13:55:14 [ERROR] File write failed: data.csv
2025-08-05 08:29:01 [INFO] Cache cleared successfully
2025-08-05 10:31:37 [INFO] Service payment started
2025-08-05 17:59:27 [ERROR] Service payment crashed
2025-08-05 11:51:44 [INFO] Cache cleared successfully
2025-08-05 00:55:11 [INFO] File uploaded: data.csv
2025-08-05 19:49:25 [WARNING] Disk space low: 4016 remaining
2025-08-05 12:05:50 [INFO] File uploaded: report.pdf
2025-08-05 08:53:33 [INFO] Cache cleared successfully
2025-08-05 00:44:55 [INFO] User login successful for user: bob
2025-08-05 23:30:29 [INFO] File uploaded: backup.zip
2025-08-05 19:08:15 [ERROR] Email sending failed to recipient: user@gmail.com
2025-08-05 11:26:07 [INFO] File uploaded: data.csv
2025-08-05 06:46:47 [INFO] User login successful for user: alice
2025-08-05 19:56:15 [INFO] File uploaded: report.pdf
2025-08-05 15:03:40 [INFO] Database connection established
2025-08-05 09:41:13 [WARNING] Slow query detected: execution time 1432ms
2025-08-05 00:23:55 [WARNING] High memory usage detected
2025-08-05 01:06:20 [INFO] Service auth started
2025-08-05 14:41:43 [INFO] Scheduled backup completed successfully
2025-08-05 21:13:55 [INFO] Scheduled backup completed successfully
2025-08-05 16:50:38 [ERROR] Database connection lost
2025-08-05 09:33:31 [WARNING] Configuration file deprecated: config.yml
2025-08-05 09:20:41 [INFO] Service auth started
2025-08-05 13:46:53 [INFO] File uploaded: data.csv
2025-08-05 03:33:14 [INFO] Cache cleared successfully
2025-08-05 10:21:54 [DEBUG] Entering function process_payment with arguments: 8
2025-08-05 16:44:15 [WARNING] Failed login attempt for user: diana. Retrying...
2025-08-05 08:56:17 [INFO] Service payment started
2025-08-05 12:37:04 [WARNING] Failed login attempt for user: bob. Retrying...
2025-08-05 21:12:15 [INFO] Scheduled backup completed successfully
2025-08-05 20:08:25 [INFO] Database connection established
2025-08-05 04:14:53 [WARNING] Failed login attempt for user: bob. Retrying...
2025-08-05 03:40:22 [INFO] Database connection established
2025-08-05 04:45:02 [INFO] File uploaded: backup.zip
2025-08-05 07:45:35 [INFO] Database connection established
2025-08-05 00:09:30 [INFO] Database connection established
2025-08-05 07:49:40 [INFO] Scheduled backup completed successfully
2025-08-05 05:26:51 [ERROR] File write failed: config.yml
2025-08-05 19:28:12 [INFO] User login successful for user: bob
2025-08-05 03:35:42 [ERROR] File write failed: report.pdf
2025-08-05 16:27:53 [ERROR] File write failed: report.pdf
2025-08-05 03:17:03 [WARNING] Disk space low: 2193 remaining
2025-08-05 16:55:16 [INFO] Scheduled backup completed successfully
2025-08-05 14:20:24 [INFO] Cache cleared successfully
2025-08-05 18:18:29 [INFO] Service notification started
2025-08-05 22:39:17 [WARNING] Slow query detected: execution time 385ms
2025-08-05 01:07:05 [WARNING] Second failed login attempt for user: alice. Next attempt will ERROR. Retrying...
2025-08-05 05:25:55 [INFO] Service payment started
2025-08-05 18:24:21 [INFO] Cache cleared successfully
2025-08-05 13:05:17 [INFO] Database connection established
2025-08-05 04:34:33 [INFO] Database connection established
2025-08-05 10:16:12 [INFO] File uploaded: config.yml
2025-08-05 21:02:43 [WARNING] Failed login attempt for user: diana. Retrying...
2025-08-05 15:41:40 [WARNING] Second failed login attempt for user: diana. Next attempt will ERROR. Retrying...
2025-08-05 11:16:51 [INFO] File uploaded: backup.zip
2025-08-05 06:15:58 [ERROR] Deadlock detected in transaction ID 449
2025-08-05 13:20:17 [INFO] Scheduled backup completed successfully
2025-08-05 19:15:05 [WARNING] Slow query detected: execution time 1772ms
2025-08-05 04:41:49 [WARNING] Failed login attempt for user: charlie. Retrying...
2025-08-05 16:38:40 [INFO] File uploaded: backup.zip
2025-08-05 10:55:26 [INFO] Service notification started
2025-08-05 13:29:12 [INFO] Service payment started
2025-08-05 09:35:54 [ERROR] Deadlock detected in transaction ID 2706
2025-08-05 22:03:40 [INFO] Scheduled backup completed successfully
2025-08-05 20:40:09 [INFO] User login successful for user: bob
2025-08-05 19:28:27 [WARNING] API response time exceeded threshold
2025-08-05 06:42:37 [INFO] Database connection established
2025-08-05 01:51:24 [ERROR] Service notification crashed
2025-08-05 20:36:57 [INFO] User login successful for user: bob
2025-08-05 13:19:31 [WARNING] High memory usage detected
2025-08-05 14:47:16 [ERROR] Deadlock detected in transaction ID 2138
2025-08-05 14:24:33 [ERROR] File write failed: report.pdf
2025-08-05 13:08:27 [INFO] Scheduled backup completed successfully
2025-08-05 05:47:54 [INFO] File uploaded: config.yml
2025-08-05 06:43:07 [WARNING] Failed login attempt for user: eve. Retrying...
2025-08-05 19:26:39 [WARNING] Configuration file deprecated: config.yml
2025-08-05 01:32:28 [INFO] Scheduled backup completed successfully
2025-08-05 10:54:02 [INFO] Cache cleared successfully
2025-08-05 01:03:26 [INFO] Service inventory started
2025-08-05 13:08:23 [WARNING] API response time exceeded threshold
2025-08-05 05:15:18 [INFO] Cache cleared successfully
2025-08-05 16:43:41 [WARNING] Disk space low: 4727 remaining
2025-08-05 07:14:13 [DEBUG] Temporary file created at: data.csv
2025-08-05 03:07:06 [INFO] Scheduled backup completed successfully
2025-08-05 09:53:26 [ERROR] File write failed: config.yml
2025-08-05 13:32:52 [INFO] Database connection established
2025-08-05 08:23:17 [INFO] File uploaded: config.yml
2025-08-05 05:33:53 [INFO] Scheduled backup completed successfully
2025-08-05 02:48:24 [INFO] Database connection established
2025-08-05 17:25:33 [INFO] Database connection established
