2025-07-12 06:11:14 [INFO] Service auth started
2025-07-12 05:24:17 [ERROR] File write failed: data.csv
2025-07-12 00:35:45 [INFO] Cache cleared successfully
2025-07-12 18:32:19 [DEBUG] Entering function send_email with arguments: 7
2025-07-12 08:59:26 [DEBUG] Query executed: UPDATE orders SET status='shipped' WHERE id=42
2025-07-12 06:46:29 [INFO] Scheduled backup completed successfully
2025-07-12 10:18:22 [INFO] File uploaded: data.csv
2025-07-12 09:35:39 [INFO] Cache cleared successfully
2025-07-12 10:16:40 [INFO] Scheduled backup completed successfully
2025-07-12 13:08:44 [INFO] User login successful for user: bob
2025-07-12 07:49:10 [WARNING] API response time exceeded threshold
2025-07-12 20:47:44 [INFO] Scheduled backup completed successfully
2025-07-12 20:07:08 [INFO] File uploaded: report.pdf
2025-07-12 18:13:51 [WARNING] Disk space low: 3769 remaining
2025-07-12 04:21:13 [INFO] Database connection established
2025-07-12 22:50:21 [INFO] Scheduled backup completed successfully
2025-07-12 14:11:05 [INFO] Scheduled backup completed successfully
2025-07-12 14:23:27 [INFO] User login successful for user: bob
2025-07-12 07:14:20 [WARNING] Slow query detected: execution time 4412ms
2025-07-12 05:12:07 [DEBUG] Query executed: UPDATE orders SET status='shipped' WHERE id=42
2025-07-12 06:34:11 [INFO] File uploaded: config.yml
2025-07-12 22:37:25 [ERROR] Database connection lost
2025-07-12 15:17:47 [ERROR] Email sending failed to recipient: admin@google.com
2025-07-12 18:36:38 [INFO] User login successful for user: alice
2025-07-12 03:05:15 [INFO] User login successful for user: diana
2025-07-12 17:10:40 [INFO] Cache cleared successfully
2025-07-12 06:10:17 [INFO] Scheduled backup completed successfully
2025-07-12 14:45:48 [WARNING] Second failed login attempt for user: bob. Next attempt will ERROR. Retrying...
2025-07-12 22:36:02 [INFO] Scheduled backup completed successfully
2025-07-12 13:31:47 [INFO] User login successful for user: bob
2025-07-12 22:44:18 [ERROR] Database connection lost
2025-07-12 23:45:10 [WARNING] Failed login attempt for user: eve. Retrying...
2025-07-12 10:56:16 [INFO] File uploaded: data.csv
2025-07-12 07:49:26 [INFO] File uploaded: data.csv
2025-07-12 01:51:40 [ERROR] Unhandled exception: FileNotFoundError
2025-07-12 01:43:41 [INFO] File uploaded: data.csv
2025-07-12 18:25:07 [ERROR] File write failed: backup.zip
2025-07-12 16:12:57 [WARNING] Slow query detected: execution time 2991ms
2025-07-12 03:39:01 [ERROR] Service payment crashed
2025-07-12 20:06:45 [INFO] User login successful for user: eve
2025-07-12 09:53:55 [ERROR] Unhandled exception: FileNotFoundError
2025-07-12 08:04:01 [WARNING] Disk space low: 4026 remaining
2025-07-12 15:11:28 [WARNING] Configuration file deprecated: data.csv
2025-07-12 02:21:48 [INFO] File uploaded: config.yml
2025-07-12 14:26:52 [WARNING] Second failed login attempt for user: alice. Next attempt will ERROR. Retrying...
2025-07-12 14:33:29 [INFO] Scheduled backup completed successfully
2025-07-12 00:53:00 [INFO] Service payment started
2025-07-12 10:05:43 [INFO] Scheduled backup completed successfully
2025-07-12 18:22:37 [ERROR] File write failed: backup.zip
2025-07-12 09:36:32 [ERROR] Service inventory crashed
2025-07-12 21:11:52 [INFO] Cache cleared successfully
2025-07-12 11:22:57 [ERROR] Unhandled exception: TimeoutError
2025-07-12 11:20:58 [ERROR] Email sending failed to recipient: user@gmail.com
2025-07-12 15:07:45 [INFO] User login successful for user: alice
2025-07-12 15:07:15 [INFO] File uploaded: data.csv
2025-07-12 21:47:57 [INFO] File uploaded: report.pdf
2025-07-12 07:13:19 [INFO] Cache cleared successfully
2025-07-12 17:48:22 [INFO] Cache cleared successfully
2025-07-12 07:52:18 [INFO] Database connection established
2025-07-12 16:05:02 [WARNING] Configuration file deprecated: backup.zip
2025-07-12 00:22:59 [ERROR] Deadlock detected in transaction ID 3492
2025-07-12 03:36:22 [INFO] Service payment started
2025-07-12 18:36:06 [ERROR] File write failed: backup.zip
2025-07-12 12:08:13 [INFO] User login successful for user: diana
2025-07-12 21:58:01 [ERROR] Unhandled exception: FileNotFoundError
2025-07-12 12:04:02 [INFO] Database connection established
2025-07-12 12:53:59 [INFO] Scheduled backup completed successfully
2025-07-12 20:27:59 [INFO] User login successful for user: eve
2025-07-12 13:00:53 [ERROR] Service auth crashed
2025-07-12 18:29:30 [WARNING] Disk space low: 4916 remaining
2025-07-12 17:07:11 [ERROR] Database connection lost
2025-07-12 06:49:25 [INFO] Scheduled backup completed successfully
2025-07-12 21:08:34 [INFO] File uploaded: config.yml
2025-07-12 21:16:38 [INFO] Scheduled backup completed successfully
2025-07-12 17:07:05 [DEBUG] Temporary file created at: config.yml
2025-07-12 04:42:18 [INFO] Database connection established
2025-07-12 22:09:08 [INFO] Database connection established
2025-07-12 18:15:42 [INFO] File uploaded: report.pdf
2025-07-12 14:50:26 [INFO] Scheduled backup completed successfully
2025-07-12 09:14:26 [DEBUG] Variable x has value: 2860
2025-07-12 20:37:32 [ERROR] Email sending failed to recipient: support@amazon.com
2025-07-12 12:59:10 [DEBUG] Entering function generate_report with arguments: 4
2025-07-12 02:12:53 [ERROR] File write failed: config.yml
2025-07-12 17:53:55 [INFO] Database connection established
2025-07-12 18:42:37 [INFO] Service inventory started
2025-07-12 22:17:04 [INFO] Service auth started
2025-07-12 23:59:36 [INFO] Database connection established
2025-07-12 15:44:06 [WARNING] High memory usage detected
2025-07-12 22:05:15 [WARNING] API response time exceeded threshold
2025-07-12 08:29:16 [DEBUG] Session token generated for user: eve
2025-07-12 18:29:13 [WARNING] Second failed login attempt for user: eve. Next attempt will ERROR. Retrying...
2025-07-12 00:22:09 [INFO] File uploaded: report.pdf
2025-07-12 05:54:21 [WARNING] Configuration file deprecated: report.pdf
2025-07-12 08:46:33 [INFO] Scheduled backup completed successfully
2025-07-12 22:52:03 [WARNING] Disk space low: 2681 remaining
2025-07-12 21:20:10 [WARNING] Configuration file deprecated: report.pdf
2025-07-12 07:31:37 [INFO] Scheduled backup completed successfully
2025-07-12 03:34:00 [INFO] Scheduled backup completed successfully
2025-07-12 20:15:22 [INFO] Database connection established
2025-07-12 21:13:48 [INFO] Database connection established
2025-07-12 17:17:12 [INFO] Database connection established
2025-07-12 08:30:24 [INFO] Cache cleared successfully
2025-07-12 23:49:18 [WARNING] Failed login attempt for user: alice. Retrying...
2025-07-12 16:15:24 [INFO] Database connection established
2025-07-12 21:26:22 [INFO] Database connection established
2025-07-12 22:49:27 [INFO] Service inventory started
2025-07-12 01:11:36 [INFO] Database connection established
2025-07-12 02:16:10 [ERROR] Deadlock detected in transaction ID 2936
2025-07-12 04:40:29 [DEBUG] Variable x has value: 4718
2025-07-12 14:13:03 [INFO] Cache cleared successfully
2025-07-12 16:37:15 [INFO] User login successful for user: diana
2025-07-12 19:30:43 [INFO] Service notification started
2025-07-12 14:25:46 [INFO] Scheduled backup completed successfully
2025-07-12 04:38:43 [INFO] File uploaded: backup.zip
2025-07-12 04:58:04 [INFO] User login successful for user: bob
2025-07-12 18:25:42 [INFO] Cache cleared successfully
2025-07-12 06:00:43 [ERROR] Unhandled exception: NullPointerException
2025-07-12 14:02:57 [WARNING] Disk space low: 4279 remaining
2025-07-12 03:05:38 [INFO] File uploaded: report.pdf
2025-07-12 23:33:01 [INFO] Cache cleared successfully
2025-07-12 17:34:00 [WARNING] High memory usage detected
2025-07-12 22:16:44 [INFO] Service inventory started
2025-07-12 11:04:01 [INFO] Service auth started
2025-07-12 17:18:54 [INFO] File uploaded: config.yml
2025-07-12 05:17:18 [WARNING] Second failed login attempt for user: bob. Next attempt will ERROR. Retrying...
2025-07-12 00:54:01 [INFO] File uploaded: data.csv
2025-07-12 23:50:38 [INFO] File uploaded: config.yml
2025-07-12 19:37:47 [ERROR] Service inventory crashed
2025-07-12 05:42:18 [INFO] Cache cleared successfully
2025-07-12 06:21:56 [INFO] Database connection established
2025-07-12 13:17:36 [INFO] Scheduled backup completed successfully
2025-07-12 23:59:03 [INFO] Service notification started
2025-07-12 05:33:29 [ERROR] File write failed: backup.zip
2025-07-12 18:07:23 [INFO] Cache cleared successfully
2025-07-12 18:34:40 [INFO] File uploaded: config.yml
2025-07-12 06:02:44 [INFO] User login successful for user: alice
2025-07-12 04:17:48 [ERROR] File write failed: config.yml
2025-07-12 09:36:12 [INFO] File uploaded: data.csv
2025-07-12 08:30:09 [DEBUG] Entering function process_payment with arguments: 2
2025-07-12 06:12:34 [INFO] Database connection established
2025-07-12 12:25:59 [ERROR] File write failed: config.yml
2025-07-12 21:14:34 [DEBUG] Session token generated for user: diana
2025-07-12 12:35:32 [ERROR] Deadlock detected in transaction ID 2114
2025-07-12 16:53:17 [INFO] Service notification started
2025-07-12 05:41:29 [INFO] Database connection established
2025-07-12 13:52:15 [WARNING] API response time exceeded threshold
2025-07-12 11:37:10 [INFO] File uploaded: data.csv
2025-07-12 11:42:40 [INFO] User login successful for user: bob
2025-07-12 01:40:31 [WARNING] High memory usage detected
2025-07-12 00:33:53 [INFO] User login successful for user: bob
2025-07-12 19:24:07 [WARNING] Disk space low: 1308 remaining
2025-07-12 20:16:20 [INFO] File uploaded: config.yml
2025-07-12 03:40:17 [DEBUG] Session token generated for user: alice
2025-07-12 23:12:45 [ERROR] Service payment crashed
2025-07-12 16:51:39 [WARNING] Configuration file deprecated: data.csv
2025-07-12 20:53:36 [ERROR] Service inventory crashed
2025-07-12 00:43:36 [DEBUG] Query executed: SELECT * FROM users
2025-07-12 09:09:05 [INFO] Scheduled backup completed successfully
2025-07-12 13:07:05 [WARNING] API response time exceeded threshold
2025-07-12 04:31:59 [WARNING] Disk space low: 4244 remaining
2025-07-12 19:13:01 [INFO] File uploaded: backup.zip
2025-07-12 14:12:41 [INFO] Service notification started
2025-07-12 03:06:24 [INFO] Cache cleared successfully
2025-07-12 07:09:18 [INFO] User login successful for user: diana
2025-07-12 14:07:41 [WARNING] API response time exceeded threshold
2025-07-12 08:58:44 [INFO] Service inventory started
2025-07-12 10:12:04 [ERROR] Unhandled exception: TimeoutError
2025-07-12 13:52:23 [INFO] File uploaded: config.yml
2025-07-12 18:02:37 [INFO] User login successful for user: charlie
2025-07-12 19:17:33 [WARNING] Slow query detected: execution time 1142ms
2025-07-12 09:44:22 [WARNING] API response time exceeded threshold
2025-07-12 02:57:37 [ERROR] File write failed: report.pdf
2025-07-12 06:38:08 [INFO] Cache cleared successfully
2025-07-12 17:54:45 [INFO] Scheduled backup completed successfully
2025-07-12 23:51:37 [INFO] Database connection established
2025-07-12 00:34:20 [INFO] Cache cleared successfully
2025-07-12 09:42:47 [INFO] Service payment started
2025-07-12 02:41:52 [INFO] Scheduled backup completed successfully
2025-07-12 00:38:02 [INFO] Service auth started
2025-07-12 05:21:48 [INFO] Scheduled backup completed successfully
2025-07-12 11:18:21 [INFO] User login successful for user: diana
2025-07-12 05:44:29 [INFO] Scheduled backup completed successfully
2025-07-12 18:10:00 [INFO] Scheduled backup completed successfully
2025-07-12 23:08:02 [INFO] User login successful for user: eve
2025-07-12 13:04:27 [WARNING] Slow query detected: execution time 1658ms
2025-07-12 01:38:25 [WARNING] Slow query detected: execution time 2460ms
2025-07-12 20:40:02 [INFO] Database connection established
2025-07-12 06:17:20 [INFO] File uploaded: report.pdf
2025-07-12 23:58:12 [DEBUG] Temporary file created at: config.yml
2025-07-12 00:21:01 [INFO] Cache cleared successfully
2025-07-12 18:27:46 [DEBUG] Entering function send_email with arguments: 4
2025-07-12 02:01:57 [INFO] File uploaded: data.csv
2025-07-12 00:10:02 [DEBUG] Query executed: SELECT * FROM users
2025-07-12 15:19:13 [WARNING] API response time exceeded threshold
2025-07-12 13:35:28 [INFO] File uploaded: backup.zip
2025-07-12 22:28:04 [INFO] Service inventory started
2025-07-12 01:12:17 [WARNING] API response time exceeded threshold
2025-07-12 10:43:02 [INFO] Database connection established
2025-07-12 05:28:54 [INFO] Database connection established
2025-07-12 12:09:40 [INFO] Database connection established
2025-07-12 03:18:11 [INFO] Cache cleared successfully
2025-07-12 22:22:26 [INFO] Scheduled backup completed successfully
2025-07-12 13:21:30 [ERROR] Database connection lost
2025-07-12 10:32:35 [INFO] Scheduled backup completed successfully
2025-07-12 02:18:21 [WARNING] Configuration file deprecated: backup.zip
2025-07-12 23:00:29 [INFO] Database connection established
2025-07-12 12:18:16 [INFO] Database connection established
2025-07-12 20:20:09 [INFO] Scheduled backup completed successfully
2025-07-12 08:13:43 [WARNING] High memory usage detected
2025-07-12 19:44:35 [WARNING] Configuration file deprecated: report.pdf
2025-07-12 18:14:18 [INFO] Cache cleared successfully
2025-07-12 23:59:06 [WARNING] Slow query detected: execution time 868ms
2025-07-12 18:03:14 [INFO] Service inventory started
2025-07-12 20:37:59 [INFO] Service payment started
2025-07-12 08:13:29 [INFO] Database connection established
2025-07-12 21:41:19 [INFO] Scheduled backup completed successfully
2025-07-12 17:16:52 [WARNING] API response time exceeded threshold
2025-07-12 18:15:21 [WARNING] Second failed login attempt for user: charlie. Next attempt will ERROR. Retrying...
2025-07-12 19:43:36 [INFO] Scheduled backup completed successfully
2025-07-12 08:21:03 [INFO] Database connection established
2025-07-12 10:24:57 [INFO] User login successful for user: charlie
2025-07-12 10:42:11 [INFO] File uploaded: report.pdf
2025-07-12 10:47:38 [INFO] File uploaded: report.pdf
2025-07-12 09:42:42 [WARNING] High memory usage detected
2025-07-12 04:14:16 [ERROR] File write failed: config.yml
2025-07-12 05:27:08 [ERROR] Unhandled exception: NullPointerException
2025-07-12 18:34:24 [INFO] Database connection established
2025-07-12 04:41:09 [INFO] Service payment started
2025-07-12 13:20:50 [INFO] File uploaded: backup.zip
2025-07-12 18:05:01 [DEBUG] Entering function process_payment with arguments: 2
2025-07-12 23:05:51 [INFO] User login successful for user: eve
2025-07-12 21:01:12 [INFO] File uploaded: config.yml
2025-07-12 03:53:29 [WARNING] API response time exceeded threshold
2025-07-12 22:39:07 [DEBUG] Variable x has value: 3030
2025-07-12 14:49:01 [INFO] Database connection established
2025-07-12 06:53:57 [INFO] Service inventory started
2025-07-12 17:10:10 [ERROR] File write failed: data.csv
2025-07-12 15:15:30 [ERROR] Unhandled exception: FileNotFoundError
2025-07-12 03:36:59 [INFO] Scheduled backup completed successfully
2025-07-12 04:41:37 [INFO] File uploaded: backup.zip
2025-07-12 11:28:33 [INFO] Cache cleared successfully
2025-07-12 11:51:54 [INFO] User login successful for user: charlie
2025-07-12 06:39:07 [DEBUG] Query executed: UPDATE orders SET status='shipped' WHERE id=42
2025-07-12 02:25:15 [DEBUG] Variable x has value: 4445
2025-07-12 14:04:34 [WARNING] Second failed login attempt for user: charlie. Next attempt will ERROR. Retrying...
2025-07-12 17:12:22 [INFO] Service auth started
2025-07-12 17:37:32 [WARNING] Slow query detected: execution time 1746ms
2025-07-12 01:18:52 [WARNING] Configuration file deprecated: backup.zip
2025-07-12 14:33:30 [INFO] Cache cleared successfully
2025-07-12 23:46:31 [INFO] Database connection established
2025-07-12 02:18:39 [INFO] Scheduled backup completed successfully
2025-07-12 10:10:01 [WARNING] Disk space low: 1272 remaining
2025-07-12 03:04:56 [INFO] Database connection established
2025-07-12 03:16:16 [INFO] Service auth started
2025-07-12 20:23:18 [INFO] File uploaded: report.pdf
2025-07-12 11:02:10 [DEBUG] Query executed: UPDATE orders SET status='shipped' WHERE id=42
2025-07-12 13:49:33 [INFO] Scheduled backup completed successfully
2025-07-12 21:42:39 [INFO] Scheduled backup completed successfully
2025-07-12 16:12:04 [INFO] File uploaded: config.yml
2025-07-12 23:57:50 [INFO] Service notification started
2025-07-12 19:49:29 [INFO] Cache cleared successfully
2025-07-12 09:20:32 [INFO] Cache cleared successfully
2025-07-12 07:56:36 [ERROR] Email sending failed to recipient: support@amazon.com
2025-07-12 19:11:55 [DEBUG] Variable x has value: 4061
2025-07-12 13:35:06 [INFO] Database connection established
2025-07-12 03:36:11 [WARNING] High memory usage detected
2025-07-12 23:53:07 [WARNING] API response time exceeded threshold
2025-07-12 21:20:22 [INFO] Scheduled backup completed successfully
2025-07-12 18:26:03 [INFO] Database connection established
2025-07-12 22:24:24 [WARNING] Disk space low: 2192 remaining
2025-07-12 23:32:55 [INFO] File uploaded: report.pdf
2025-07-12 23:54:50 [INFO] Service inventory started
2025-07-12 15:53:45 [INFO] Cache cleared successfully
2025-07-12 03:52:40 [ERROR] Database connection lost
2025-07-12 04:51:53 [ERROR] Database connection lost
2025-07-12 21:58:31 [DEBUG] Session token generated for user: bob
2025-07-12 02:36:34 [INFO] Database connection established
2025-07-12 01:00:14 [INFO] Scheduled backup completed successfully
2025-07-12 02:23:20 [INFO] Database connection established
2025-07-12 09:42:14 [ERROR] Unhandled exception: TimeoutError
2025-07-12 06:00:12 [INFO] Scheduled backup completed successfully
2025-07-12 15:30:04 [INFO] Scheduled backup completed successfully
2025-07-12 20:36:39 [WARNING] Failed login attempt for user: diana. Retrying...
2025-07-12 11:34:15 [ERROR] File write failed: backup.zip
2025-07-12 21:51:35 [INFO] Service auth started
2025-07-12 05:36:17 [INFO] Scheduled backup completed successfully
2025-07-12 20:47:09 [WARNING] High memory usage detected
2025-07-12 15:57:35 [INFO] Database connection established
2025-07-12 03:35:00 [ERROR] Email sending failed to recipient: support@amazon.com
2025-07-12 08:24:21 [ERROR] Unhandled exception: TimeoutError
2025-07-12 10:16:14 [INFO] Service inventory started
2025-07-12 09:53:49 [WARNING] Configuration file deprecated: config.yml
2025-07-12 08:00:59 [WARNING] Disk space low: 2493 remaining
2025-07-12 12:05:11 [INFO] Cache cleared successfully
2025-07-12 13:01:58 [ERROR] Database connection lost
2025-07-12 02:30:09 [INFO] Service notification started
2025-07-12 07:31:48 [ERROR] File write failed: backup.zip
2025-07-12 23:04:20 [DEBUG] Session token generated for user: diana
2025-07-12 01:03:26 [INFO] Database connection established
2025-07-12 01:04:17 [INFO] Database connection established
2025-07-12 06:54:38 [INFO] Service payment started
2025-07-12 05:48:35 [INFO] File uploaded: data.csv
2025-07-12 12:56:04 [ERROR] Database connection lost
2025-07-12 17:42:11 [WARNING] Slow query detected: execution time 381ms
2025-07-12 16:39:56 [WARNING] Failed login attempt for user: bob. Retrying...
2025-07-12 03:48:59 [INFO] User login successful for user: eve
2025-07-12 11:53:43 [INFO] Scheduled backup completed successfully
2025-07-12 13:59:55 [INFO] File uploaded: backup.zip
2025-07-12 07:56:47 [INFO] User login successful for user: bob
2025-07-12 03:55:47 [INFO] File uploaded: report.pdf
2025-07-12 09:26:06 [INFO] File uploaded: backup.zip
2025-07-12 03:45:16 [WARNING] Failed login attempt for user: diana. Retrying...
2025-07-12 03:15:27 [INFO] Database connection established
2025-07-12 11:49:03 [ERROR] Unhandled exception: TimeoutError
2025-07-12 00:54:38 [WARNING] High memory usage detected
2025-07-12 01:30:45 [WARNING] Configuration file deprecated: data.csv
2025-07-12 15:10:28 [INFO] Cache cleared successfully
2025-07-12 14:28:01 [INFO] Cache cleared successfully
2025-07-12 05:00:27 [INFO] Service notification started
2025-07-12 09:30:33 [ERROR] Deadlock detected in transaction ID 4246
2025-07-12 19:58:17 [ERROR] File write failed: data.csv
2025-07-12 08:32:06 [INFO] Database connection established
2025-07-12 09:26:21 [ERROR] File write failed: report.pdf
2025-07-12 16:58:30 [INFO] File uploaded: backup.zip
2025-07-12 00:09:44 [ERROR] File write failed: config.yml
2025-07-12 17:40:32 [INFO] Service inventory started
2025-07-12 15:56:29 [INFO] User login successful for user: diana
2025-07-12 19:41:23 [WARNING] Disk space low: 4480 remaining
2025-07-12 17:57:41 [WARNING] Failed login attempt for user: eve. Retrying...
2025-07-12 16:44:38 [INFO] Service notification started
2025-07-12 17:10:04 [ERROR] Deadlock detected in transaction ID 1662
2025-07-12 21:07:36 [WARNING] Slow query detected: execution time 2115ms
2025-07-12 16:15:56 [INFO] Cache cleared successfully
2025-07-12 05:13:09 [INFO] Service inventory started
2025-07-12 05:41:27 [DEBUG] Variable x has value: 4864
2025-07-12 01:29:36 [INFO] Scheduled backup completed successfully
2025-07-12 04:25:49 [ERROR] Service payment crashed
2025-07-12 00:59:15 [DEBUG] Query executed: SELECT * FROM users
2025-07-12 04:36:54 [INFO] Database connection established
2025-07-12 14:14:34 [INFO] File uploaded: data.csv
2025-07-12 18:50:08 [WARNING] Slow query detected: execution time 2962ms
2025-07-12 06:29:47 [ERROR] Database connection lost
2025-07-12 23:56:28 [ERROR] Unhandled exception: TimeoutError
2025-07-12 10:43:04 [ERROR] Service payment crashed
2025-07-12 20:34:13 [ERROR] Service notification crashed
2025-07-12 08:59:52 [INFO] Service auth started
2025-07-12 15:02:46 [ERROR] Service inventory crashed
2025-07-12 10:59:51 [WARNING] Second failed login attempt for user: diana. Next attempt will ERROR. Retrying...
2025-07-12 15:23:12 [INFO] Service inventory started
2025-07-12 19:25:30 [ERROR] Email sending failed to recipient: admin@google.com
2025-07-12 04:45:02 [WARNING] Slow query detected: execution time 723ms
2025-07-12 15:30:56 [INFO] Service inventory started
2025-07-12 10:06:04 [INFO] File uploaded: config.yml
2025-07-12 14:19:44 [INFO] File uploaded: backup.zip
2025-07-12 20:47:25 [INFO] File uploaded: config.yml
2025-07-12 18:47:05 [INFO] Database connection established
2025-07-12 20:39:26 [INFO] Scheduled backup completed successfully
2025-07-12 08:27:29 [WARNING] Slow query detected: execution time 2688ms
2025-07-12 23:41:13 [ERROR] Deadlock detected in transaction ID 107
2025-07-12 14:49:00 [WARNING] Configuration file deprecated: data.csv
2025-07-12 13:36:46 [INFO] Database connection established
2025-07-12 10:18:46 [INFO] Cache cleared successfully
2025-07-12 04:54:17 [INFO] Database connection established
2025-07-12 20:48:37 [INFO] Scheduled backup completed successfully
2025-07-12 14:39:10 [INFO] Cache cleared successfully
2025-07-12 01:17:13 [INFO] User login successful for user: eve
2025-07-12 19:37:47 [INFO] Cache cleared successfully
2025-07-12 13:49:17 [INFO] Cache cleared successfully
2025-07-12 16:04:04 [WARNING] High memory usage detected
2025-07-12 14:06:00 [INFO] Database connection established
2025-07-12 22:22:12 [INFO] File uploaded: report.pdf
2025-07-12 22:18:06 [INFO] File uploaded: data.csv
2025-07-12 16:30:53 [ERROR] Unhandled exception: FileNotFoundError
2025-07-12 00:22:43 [INFO] Database connection established
2025-07-12 13:40:09 [INFO] Service inventory started
2025-07-12 13:41:28 [DEBUG] Session token generated for user: eve
2025-07-12 15:58:18 [ERROR] Email sending failed to recipient: user@gmail.com
2025-07-12 20:21:22 [INFO] Database connection established
2025-07-12 15:37:46 [DEBUG] Entering function send_email with arguments: 9
2025-07-12 19:31:07 [WARNING] Second failed login attempt for user: charlie. Next attempt will ERROR. Retrying...
2025-07-12 03:20:00 [INFO] Database connection established
2025-07-12 07:09:48 [INFO] File uploaded: backup.zip
2025-07-12 11:28:22 [DEBUG] Query executed: UPDATE orders SET status='shipped' WHERE id=42
2025-07-12 22:45:59 [INFO] Scheduled backup completed successfully
2025-07-12 00:13:51 [INFO] User login successful for user: alice
2025-07-12 20:03:44 [WARNING] High memory usage detected
2025-07-12 09:18:32 [WARNING] API response time exceeded threshold
2025-07-12 02:22:42 [WARNING] High memory usage detected
2025-07-12 09:51:52 [ERROR] File write failed: data.csv
2025-07-12 05:19:21 [INFO] Cache cleared successfully
2025-07-12 06:02:32 [INFO] Service payment started
2025-07-12 21:11:26 [INFO] Database connection established
2025-07-12 13:06:09 [DEBUG] Session token generated for user: eve
2025-07-12 12:26:06 [INFO] Database connection established
2025-07-12 13:58:30 [ERROR] Database connection lost
2025-07-12 06:44:32 [INFO] Scheduled backup completed successfully
2025-07-12 09:41:57 [ERROR] Deadlock detected in transaction ID 2036
2025-07-12 15:52:47 [WARNING] Second failed login attempt for user: alice. Next attempt will ERROR. Retrying...
2025-07-12 17:27:38 [ERROR] Unhandled exception: FileNotFoundError
2025-07-12 21:46:51 [ERROR] Unhandled exception: FileNotFoundError
2025-07-12 05:25:21 [ERROR] Service auth crashed
2025-07-12 01:00:23 [ERROR] Database connection lost
2025-07-12 21:49:08 [DEBUG] Temporary file created at: report.pdf
2025-07-12 00:24:06 [INFO] User login successful for user: diana
2025-07-12 07:33:10 [INFO] Database connection established
2025-07-12 21:28:09 [INFO] File uploaded: config.yml
2025-07-12 22:19:09 [INFO] Service notification started
2025-07-12 13:12:34 [INFO] Cache cleared successfully
2025-07-12 11:35:06 [INFO] Service payment started
2025-07-12 23:48:45 [WARNING] Slow query detected: execution time 2804ms
2025-07-12 22:08:13 [INFO] Database connection established
2025-07-12 23:20:03 [ERROR] Unhandled exception: NullPointerException
2025-07-12 11:06:10 [INFO] Cache cleared successfully
2025-07-12 15:35:18 [WARNING] Second failed login attempt for user: eve. Next attempt will ERROR. Retrying...
2025-07-12 17:46:58 [INFO] File uploaded: report.pdf
2025-07-12 09:51:35 [INFO] File uploaded: config.yml
2025-07-12 11:07:07 [WARNING] API response time exceeded threshold
2025-07-12 17:25:42 [INFO] Cache cleared successfully
2025-07-12 18:38:32 [INFO] Database connection established
2025-07-12 11:26:55 [ERROR] Service notification crashed
2025-07-12 17:58:44 [WARNING] Failed login attempt for user: diana. Retrying...
2025-07-12 11:28:06 [WARNING] Failed login attempt for user: diana. Retrying...
2025-07-12 02:27:38 [WARNING] Slow query detected: execution time 1432ms
2025-07-12 09:05:29 [ERROR] Unhandled exception: TimeoutError
2025-07-12 19:54:46 [INFO] Service auth started
2025-07-12 09:43:14 [INFO] Scheduled backup completed successfully
2025-07-12 03:30:17 [INFO] User login successful for user: eve
2025-07-12 13:13:34 [DEBUG] Session token generated for user: charlie
2025-07-12 03:35:36 [ERROR] File write failed: data.csv
2025-07-12 10:32:53 [INFO] Database connection established
2025-07-12 15:02:46 [INFO] Scheduled backup completed successfully
2025-07-12 22:12:50 [DEBUG] Variable x has value: 2517
2025-07-12 17:25:40 [DEBUG] Entering function send_email with arguments: 3
2025-07-12 21:00:01 [INFO] Database connection established
2025-07-12 16:37:00 [WARNING] Slow query detected: execution time 2683ms
2025-07-12 18:30:26 [WARNING] Configuration file deprecated: config.yml
2025-07-12 08:54:00 [INFO] Scheduled backup completed successfully
2025-07-12 01:16:09 [ERROR] File write failed: report.pdf
2025-07-12 12:46:13 [INFO] Cache cleared successfully
2025-07-12 01:16:36 [WARNING] Second failed login attempt for user: bob. Next attempt will ERROR. Retrying...
2025-07-12 12:23:08 [WARNING] Slow query detected: execution time 1808ms
2025-07-12 04:58:43 [INFO] Service inventory started
2025-07-12 08:17:55 [DEBUG] Temporary file created at: backup.zip
2025-07-12 10:10:57 [INFO] Cache cleared successfully
2025-07-12 17:32:34 [INFO] User login successful for user: charlie
2025-07-12 01:24:31 [INFO] User login successful for user: diana
2025-07-12 07:59:43 [WARNING] Failed login attempt for user: alice. Retrying...
2025-07-12 05:06:21 [ERROR] Service notification crashed
2025-07-12 20:39:49 [INFO] User login successful for user: alice
2025-07-12 03:38:37 [DEBUG] Session token generated for user: eve
2025-07-12 12:01:53 [INFO] Scheduled backup completed successfully
2025-07-12 06:16:12 [ERROR] Email sending failed to recipient: support@amazon.com
2025-07-12 23:15:31 [DEBUG] Entering function generate_report with arguments: 8
2025-07-12 16:15:47 [INFO] Scheduled backup completed successfully
2025-07-12 01:48:44 [INFO] User login successful for user: eve
2025-07-12 23:45:40 [WARNING] Configuration file deprecated: data.csv
2025-07-12 16:05:30 [ERROR] Service payment crashed
2025-07-12 12:01:51 [WARNING] Disk space low: 4776 remaining
2025-07-12 04:34:31 [ERROR] Service inventory crashed
2025-07-12 06:43:17 [ERROR] Unhandled exception: FileNotFoundError
2025-07-12 08:37:39 [ERROR] Unhandled exception: NullPointerException
2025-07-12 19:32:18 [INFO] Scheduled backup completed successfully
2025-07-12 09:54:11 [INFO] Service inventory started
2025-07-12 00:38:06 [INFO] Database connection established
2025-07-12 08:56:56 [ERROR] Service inventory crashed
2025-07-12 16:31:15 [WARNING] API response time exceeded threshold
2025-07-12 07:18:55 [ERROR] Database connection lost
2025-07-12 22:05:51 [ERROR] Service notification crashed
2025-07-12 14:06:51 [INFO] Database connection established
2025-07-12 23:42:28 [ERROR] Deadlock detected in transaction ID 4385
2025-07-12 15:04:27 [INFO] Database connection established
2025-07-12 07:09:50 [DEBUG] Variable x has value: 2502
2025-07-12 16:27:21 [INFO] Database connection established
2025-07-12 07:39:36 [INFO] Service auth started
2025-07-12 06:57:47 [WARNING] Disk space low: 2504 remaining
2025-07-12 02:32:11 [INFO] User login successful for user: alice
2025-07-12 12:32:12 [WARNING] Failed login attempt for user: bob. Retrying...
2025-07-12 23:51:08 [INFO] Cache cleared successfully
2025-07-12 13:24:55 [WARNING] API response time exceeded threshold
2025-07-12 14:47:16 [INFO] User login successful for user: bob
2025-07-12 04:23:39 [INFO] File uploaded: config.yml
2025-07-12 20:20:51 [INFO] File uploaded: report.pdf
2025-07-12 18:51:31 [INFO] File uploaded: data.csv
2025-07-12 14:07:48 [INFO] File uploaded: config.yml
2025-07-12 14:11:53 [WARNING] Second failed login attempt for user: diana. Next attempt will ERROR. Retrying...
2025-07-12 15:15:36 [INFO] Cache cleared successfully
2025-07-12 04:04:28 [ERROR] File write failed: backup.zip
2025-07-12 19:48:47 [INFO] Service payment started
2025-07-12 16:45:57 [WARNING] Failed login attempt for user: bob. Retrying...
2025-07-12 22:19:19 [INFO] Service inventory started
2025-07-12 16:53:32 [INFO] Service notification started
2025-07-12 05:11:37 [INFO] Scheduled backup completed successfully
2025-07-12 04:27:54 [ERROR] Service payment crashed
2025-07-12 02:19:32 [INFO] Database connection established
2025-07-12 12:56:58 [INFO] Service payment started
2025-07-12 22:19:53 [ERROR] Deadlock detected in transaction ID 2050
2025-07-12 13:15:27 [ERROR] Database connection lost
2025-07-12 12:37:50 [INFO] File uploaded: data.csv
2025-07-12 06:25:28 [WARNING] Slow query detected: execution time 3568ms
2025-07-12 15:04:39 [WARNING] Configuration file deprecated: config.yml
2025-07-12 21:10:27 [INFO] Cache cleared successfully
2025-07-12 11:48:37 [INFO] Service inventory started
2025-07-12 14:48:56 [INFO] Scheduled backup completed successfully
2025-07-12 20:52:49 [INFO] Database connection established
2025-07-12 19:09:03 [INFO] Service auth started
2025-07-12 15:17:01 [ERROR] File write failed: report.pdf
2025-07-12 23:34:46 [INFO] Service auth started
2025-07-12 12:49:30 [INFO] Scheduled backup completed successfully
2025-07-12 22:37:02 [INFO] Cache cleared successfully
2025-07-12 01:00:38 [INFO] File uploaded: backup.zip
2025-07-12 23:24:21 [INFO] Cache cleared successfully
2025-07-12 11:25:35 [INFO] User login successful for user: alice
2025-07-12 23:50:15 [INFO] File uploaded: backup.zip
2025-07-12 05:50:04 [INFO] Scheduled backup completed successfully
2025-07-12 01:24:46 [INFO] User login successful for user: eve
2025-07-12 01:23:48 [WARNING] Disk space low: 2055 remaining
2025-07-12 23:25:41 [INFO] Scheduled backup completed successfully
2025-07-12 08:41:47 [INFO] Scheduled backup completed successfully
2025-07-12 21:04:57 [INFO] Service payment started
2025-07-12 14:56:30 [ERROR] Email sending failed to recipient: admin@google.com
2025-07-12 20:27:05 [ERROR] File write failed: report.pdf
2025-07-12 12:02:33 [INFO] Cache cleared successfully
2025-07-12 09:05:17 [INFO] Database connection established
2025-07-12 00:56:35 [WARNING] Configuration file deprecated: backup.zip
2025-07-12 04:44:28 [INFO] User login successful for user: charlie
2025-07-12 09:45:39 [INFO] Database connection established
2025-07-12 19:38:27 [INFO] Scheduled backup completed successfully
2025-07-12 06:11:09 [ERROR] Database connection lost
2025-07-12 22:07:34 [WARNING] Configuration file deprecated: report.pdf
2025-07-12 17:11:41 [INFO] Cache cleared successfully
2025-07-12 06:57:50 [WARNING] Failed login attempt for user: diana. Retrying...
2025-07-12 14:22:04 [INFO] Database connection established
2025-07-12 10:39:15 [INFO] User login successful for user: diana
2025-07-12 21:14:28 [INFO] Scheduled backup completed successfully
2025-07-12 15:40:08 [ERROR] Database connection lost
2025-07-12 05:31:21 [INFO] Database connection established
2025-07-12 19:52:59 [INFO] User login successful for user: alice
2025-07-12 09:33:45 [INFO] Cache cleared successfully
2025-07-12 12:06:58 [ERROR] Email sending failed to recipient: support@amazon.com
2025-07-12 00:31:56 [INFO] Scheduled backup completed successfully
2025-07-12 00:32:17 [INFO] Database connection established
2025-07-12 17:17:20 [INFO] Service notification started
2025-07-12 20:26:38 [WARNING] Configuration file deprecated: report.pdf
2025-07-12 01:13:32 [INFO] Cache cleared successfully
2025-07-12 05:31:36 [INFO] Cache cleared successfully
2025-07-12 12:35:35 [WARNING] Failed login attempt for user: eve. Retrying...
2025-07-12 11:18:44 [WARNING] Slow query detected: execution time 191ms
2025-07-12 15:20:20 [INFO] Scheduled backup completed successfully
2025-07-12 00:03:36 [WARNING] Configuration file deprecated: report.pdf
2025-07-12 19:56:01 [DEBUG] Variable x has value: 4023
2025-07-12 20:23:52 [INFO] Database connection established
2025-07-12 13:37:40 [WARNING] API response time exceeded threshold
2025-07-12 01:55:47 [ERROR] File write failed: data.csv
2025-07-12 19:05:42 [INFO] Service payment started
2025-07-12 22:57:49 [INFO] Service inventory started
2025-07-12 14:26:58 [INFO] User login successful for user: bob
2025-07-12 09:25:01 [WARNING] Disk space low: 1603 remaining
2025-07-12 19:02:29 [INFO] User login successful for user: diana
2025-07-12 09:14:15 [INFO] Service auth started
2025-07-12 12:40:53 [DEBUG] Variable x has value: 1482
2025-07-12 10:49:32 [INFO] Cache cleared successfully
2025-07-12 20:23:00 [INFO] Database connection established
2025-07-12 07:35:42 [INFO] User login successful for user: eve
2025-07-12 05:56:59 [WARNING] Disk space low: 2135 remaining
2025-07-12 18:59:34 [INFO] Service notification started
2025-07-12 05:39:53 [WARNING] Disk space low: 1379 remaining
2025-07-12 14:13:08 [INFO] Cache cleared successfully
2025-07-12 05:17:03 [INFO] User login successful for user: alice
2025-07-12 15:55:33 [INFO] File uploaded: data.csv
2025-07-12 11:16:59 [INFO] Database connection established
2025-07-12 21:09:12 [WARNING] API response time exceeded threshold
2025-07-12 23:32:56 [WARNING] Disk space low: 4591 remaining
2025-07-12 03:37:40 [WARNING] API response time exceeded threshold
2025-07-12 08:48:52 [INFO] Scheduled backup completed successfully
2025-07-12 10:07:20 [INFO] Cache cleared successfully
2025-07-12 17:30:21 [ERROR] Deadlock detected in transaction ID 1941
2025-07-12 16:32:14 [INFO] Scheduled backup completed successfully
2025-07-12 09:05:10 [WARNING] High memory usage detected
2025-07-12 01:02:30 [INFO] Service notification started
2025-07-12 02:49:36 [WARNING] Second failed login attempt for user: alice. Next attempt will ERROR. Retrying...
2025-07-12 23:38:55 [INFO] File uploaded: backup.zip
2025-07-12 16:29:18 [INFO] Scheduled backup completed successfully
2025-07-12 19:09:34 [INFO] User login successful for user: diana
2025-07-12 15:14:32 [ERROR] File write failed: backup.zip
2025-07-12 05:00:15 [INFO] File uploaded: backup.zip
2025-07-12 23:59:42 [INFO] User login successful for user: alice
2025-07-12 16:29:11 [INFO] Cache cleared successfully
2025-07-12 15:06:21 [INFO] Scheduled backup completed successfully
2025-07-12 10:00:03 [INFO] Service payment started
2025-07-12 16:08:46 [ERROR] Database connection lost
2025-07-12 18:30:21 [WARNING] Disk space low: 3396 remaining
2025-07-12 02:05:21 [INFO] Service notification started
2025-07-12 04:28:37 [ERROR] File write failed: config.yml
2025-07-12 11:42:09 [WARNING] Failed login attempt for user: eve. Retrying...
2025-07-12 14:13:19 [WARNING] Slow query detected: execution time 2055ms
2025-07-12 08:31:51 [INFO] Cache cleared successfully
2025-07-12 23:27:34 [WARNING] High memory usage detected
2025-07-12 07:58:41 [WARNING] Configuration file deprecated: data.csv
2025-07-12 08:38:25 [INFO] Database connection established
2025-07-12 21:23:11 [INFO] File uploaded: report.pdf
2025-07-12 23:28:57 [INFO] Cache cleared successfully
2025-07-12 11:02:28 [INFO] Database connection established
2025-07-12 14:01:06 [DEBUG] Temporary file created at: data.csv
2025-07-12 09:11:26 [DEBUG] Variable x has value: 4150
2025-07-12 09:44:20 [INFO] Database connection established
2025-07-12 23:29:52 [INFO] Service auth started
2025-07-12 10:15:37 [INFO] Scheduled backup completed successfully
2025-07-12 08:27:15 [INFO] Database connection established
2025-07-12 15:21:27 [ERROR] File write failed: report.pdf
2025-07-12 14:25:37 [INFO] File uploaded: config.yml
2025-07-12 02:11:44 [DEBUG] Variable x has value: 2967
2025-07-12 12:20:44 [INFO] Service auth started
2025-07-12 09:38:32 [WARNING] Failed login attempt for user: bob. Retrying...
2025-07-12 05:57:16 [WARNING] Disk space low: 248 remaining
2025-07-12 10:20:30 [INFO] Scheduled backup completed successfully
2025-07-12 18:15:43 [WARNING] Failed login attempt for user: eve. Retrying...
2025-07-12 00:01:26 [INFO] Service payment started
2025-07-12 22:01:09 [WARNING] Configuration file deprecated: backup.zip
2025-07-12 07:19:44 [INFO] User login successful for user: charlie
2025-07-12 09:49:58 [INFO] Service payment started
2025-07-12 15:36:38 [INFO] Database connection established
2025-07-12 03:50:49 [INFO] User login successful for user: diana
2025-07-12 08:09:50 [INFO] User login successful for user: alice
2025-07-12 20:32:10 [INFO] Service payment started
2025-07-12 16:03:40 [ERROR] File write failed: backup.zip
2025-07-12 07:52:48 [INFO] Scheduled backup completed successfully
2025-07-12 02:41:48 [ERROR] Service auth crashed
2025-07-12 06:30:52 [WARNING] Disk space low: 4464 remaining
2025-07-12 00:43:02 [INFO] Scheduled backup completed successfully
2025-07-12 23:10:13 [WARNING] API response time exceeded threshold
2025-07-12 21:37:42 [INFO] Cache cleared successfully
2025-07-12 12:35:10 [INFO] Service notification started
2025-07-12 18:46:58 [INFO] User login successful for user: alice
2025-07-12 19:39:16 [WARNING] Slow query detected: execution time 3084ms
2025-07-12 11:20:10 [INFO] File uploaded: data.csv
2025-07-12 15:32:03 [INFO] User login successful for user: eve
2025-07-12 20:27:01 [INFO] Service inventory started
2025-07-12 13:30:54 [INFO] File uploaded: data.csv
2025-07-12 02:24:49 [ERROR] Email sending failed to recipient: user@gmail.com
2025-07-12 20:16:21 [DEBUG] Variable x has value: 827
2025-07-12 17:55:47 [ERROR] Deadlock detected in transaction ID 3436
2025-07-12 17:13:39 [INFO] Database connection established
2025-07-12 17:07:38 [INFO] Scheduled backup completed successfully
2025-07-12 22:55:27 [DEBUG] Query executed: UPDATE orders SET status='shipped' WHERE id=42
2025-07-12 23:34:01 [INFO] Cache cleared successfully
2025-07-12 16:48:51 [WARNING] Failed login attempt for user: bob. Retrying...
2025-07-12 19:47:33 [ERROR] Deadlock detected in transaction ID 756
2025-07-12 21:25:27 [INFO] Database connection established
2025-07-12 14:17:23 [ERROR] File write failed: config.yml
2025-07-12 21:41:00 [WARNING] High memory usage detected
2025-07-12 18:44:58 [INFO] Scheduled backup completed successfully
2025-07-12 00:07:36 [ERROR] File write failed: config.yml
2025-07-12 23:09:05 [INFO] Scheduled backup completed successfully
2025-07-12 22:45:15 [INFO] Scheduled backup completed successfully
2025-07-12 16:07:20 [DEBUG] Query executed: UPDATE orders SET status='shipped' WHERE id=42
2025-07-12 12:24:12 [ERROR] File write failed: config.yml
2025-07-12 23:09:19 [INFO] Service inventory started
2025-07-12 13:03:39 [INFO] Cache cleared successfully
2025-07-12 08:04:25 [DEBUG] Variable x has value: 1851
2025-07-12 20:21:12 [WARNING] Second failed login attempt for user: eve. Next attempt will ERROR. Retrying...
2025-07-12 12:29:01 [INFO] User login successful for user: charlie
2025-07-12 00:59:48 [INFO] Service notification started
2025-07-12 06:23:02 [ERROR] Email sending failed to recipient: support@amazon.com
2025-07-12 22:40:57 [INFO] Cache cleared successfully
2025-07-12 20:49:30 [INFO] Cache cleared successfully
2025-07-12 06:12:41 [DEBUG] Temporary file created at: data.csv
2025-07-12 03:24:52 [WARNING] Disk space low: 2705 remaining
2025-07-12 12:29:59 [INFO] User login successful for user: diana
2025-07-12 02:54:15 [INFO] Database connection established
2025-07-12 20:03:56 [INFO] Database connection established
2025-07-12 21:32:09 [INFO] User login successful for user: alice
2025-07-12 11:10:15 [INFO] Service inventory started
2025-07-12 22:06:05 [ERROR] File write failed: report.pdf
2025-07-12 13:22:46 [INFO] Service inventory started
2025-07-12 17:41:31 [ERROR] Email sending failed to recipient: admin@google.com
2025-07-12 18:41:30 [WARNING] Slow query detected: execution time 3899ms
2025-07-12 20:35:12 [INFO] Database connection established
2025-07-12 12:04:36 [ERROR] Deadlock detected in transaction ID 2124
2025-07-12 03:39:21 [WARNING] Slow query detected: execution time 1961ms
2025-07-12 20:20:28 [WARNING] High memory usage detected
2025-07-12 08:17:38 [ERROR] Unhandled exception: TimeoutError
2025-07-12 17:55:21 [INFO] Scheduled backup completed successfully
2025-07-12 01:13:20 [WARNING] High memory usage detected
2025-07-12 19:23:28 [ERROR] Deadlock detected in transaction ID 3256
2025-07-12 23:46:32 [INFO] Scheduled backup completed successfully
2025-07-12 20:42:05 [DEBUG] Temporary file created at: config.yml
2025-07-12 15:22:56 [INFO] File uploaded: report.pdf
2025-07-12 17:22:55 [INFO] Scheduled backup completed successfully
2025-07-12 18:47:28 [ERROR] File write failed: report.pdf
2025-07-12 14:00:43 [INFO] Scheduled backup completed successfully
2025-07-12 02:34:26 [INFO] User login successful for user: bob
2025-07-12 16:00:10 [INFO] User login successful for user: alice
2025-07-12 07:46:08 [INFO] Cache cleared successfully
2025-07-12 18:11:46 [WARNING] Slow query detected: execution time 1029ms
2025-07-12 21:11:03 [WARNING] High memory usage detected
2025-07-12 18:44:36 [INFO] Service notification started
2025-07-12 21:19:31 [INFO] File uploaded: config.yml
2025-07-12 15:51:07 [INFO] File uploaded: data.csv
2025-07-12 17:12:00 [INFO] User login successful for user: alice
2025-07-12 18:38:48 [ERROR] Deadlock detected in transaction ID 175
2025-07-12 22:28:49 [INFO] File uploaded: report.pdf
2025-07-12 07:22:59 [ERROR] File write failed: data.csv
2025-07-12 01:58:43 [INFO] Service notification started
2025-07-12 21:09:28 [WARNING] Configuration file deprecated: config.yml
2025-07-12 07:54:12 [INFO] User login successful for user: charlie
2025-07-12 15:12:06 [WARNING] API response time exceeded threshold
2025-07-12 18:34:09 [WARNING] Configuration file deprecated: report.pdf
2025-07-12 06:42:36 [WARNING] Slow query detected: execution time 764ms
2025-07-12 01:11:34 [WARNING] Slow query detected: execution time 2338ms
2025-07-12 02:53:10 [ERROR] Service payment crashed
2025-07-12 11:49:56 [INFO] Scheduled backup completed successfully
2025-07-12 17:19:57 [ERROR] Unhandled exception: TimeoutError
2025-07-12 08:22:29 [INFO] Service auth started
2025-07-12 01:17:08 [WARNING] Configuration file deprecated: data.csv
2025-07-12 11:06:49 [INFO] Scheduled backup completed successfully
2025-07-12 19:58:02 [ERROR] Service payment crashed
2025-07-12 04:17:20 [ERROR] File write failed: report.pdf
2025-07-12 15:22:12 [WARNING] API response time exceeded threshold
2025-07-12 15:05:29 [ERROR] Deadlock detected in transaction ID 3977
2025-07-12 03:00:36 [INFO] File uploaded: report.pdf
2025-07-12 10:43:25 [INFO] File uploaded: config.yml
2025-07-12 05:02:07 [ERROR] Service auth crashed
2025-07-12 05:20:21 [INFO] Cache cleared successfully
2025-07-12 13:20:39 [DEBUG] Entering function send_email with arguments: 3
2025-07-12 03:07:58 [INFO] File uploaded: backup.zip
2025-07-12 12:50:18 [ERROR] Database connection lost
2025-07-12 13:18:15 [WARNING] API response time exceeded threshold
2025-07-12 03:15:43 [INFO] File uploaded: config.yml
2025-07-12 02:39:58 [INFO] Scheduled backup completed successfully
2025-07-12 16:06:24 [WARNING] Configuration file deprecated: backup.zip
2025-07-12 11:25:00 [INFO] File uploaded: data.csv
2025-07-12 16:27:31 [INFO] Scheduled backup completed successfully
2025-07-12 08:03:57 [INFO] Database connection established
2025-07-12 17:42:16 [INFO] Database connection established
2025-07-12 07:40:15 [INFO] Cache cleared successfully
2025-07-12 17:35:43 [DEBUG] Variable x has value: 1362
2025-07-12 13:48:48 [INFO] Database connection established
2025-07-12 07:56:33 [ERROR] Email sending failed to recipient: user@gmail.com
2025-07-12 20:56:05 [WARNING] Second failed login attempt for user: alice. Next attempt will ERROR. Retrying...
2025-07-12 17:45:46 [INFO] Service inventory started
2025-07-12 10:10:16 [ERROR] Deadlock detected in transaction ID 1257
2025-07-12 08:10:34 [INFO] Scheduled backup completed successfully
2025-07-12 22:36:21 [WARNING] High memory usage detected
2025-07-12 05:17:13 [INFO] Scheduled backup completed successfully
2025-07-12 03:23:24 [INFO] Cache cleared successfully
2025-07-12 17:06:32 [INFO] Service inventory started
2025-07-12 03:34:34 [WARNING] Second failed login attempt for user: charlie. Next attempt will ERROR. Retrying...
2025-07-12 08:53:40 [INFO] Service notification started
2025-07-12 19:34:48 [WARNING] Second failed login attempt for user: eve. Next attempt will ERROR. Retrying...
2025-07-12 15:08:25 [ERROR] File write failed: report.pdf
2025-07-12 19:05:37 [WARNING] High memory usage detected
2025-07-12 05:33:06 [DEBUG] Variable x has value: 4691
2025-07-12 23:21:23 [INFO] Database connection established
2025-07-12 01:53:18 [WARNING] API response time exceeded threshold
2025-07-12 18:12:31 [WARNING] High memory usage detected
2025-07-12 07:38:44 [ERROR] Deadlock detected in transaction ID 384
2025-07-12 23:00:05 [ERROR] Service auth crashed
2025-07-12 23:00:00 [WARNING] API response time exceeded threshold
2025-07-12 17:50:05 [DEBUG] Query executed: SELECT * FROM users
2025-07-12 22:44:16 [ERROR] Unhandled exception: FileNotFoundError
2025-07-12 17:25:44 [INFO] Cache cleared successfully
2025-07-12 07:14:33 [DEBUG] Temporary file created at: backup.zip
2025-07-12 16:24:42 [INFO] Cache cleared successfully
2025-07-12 20:33:26 [WARNING] High memory usage detected
2025-07-12 21:58:16 [INFO] Scheduled backup completed successfully
2025-07-12 01:16:37 [INFO] Scheduled backup completed successfully
2025-07-12 22:20:11 [INFO] Service payment started
2025-07-12 11:37:27 [INFO] Cache cleared successfully
2025-07-12 11:52:11 [INFO] Database connection established
2025-07-12 12:28:15 [INFO] File uploaded: backup.zip
2025-07-12 14:28:17 [WARNING] Disk space low: 2057 remaining
2025-07-12 14:24:42 [INFO] Service payment started
2025-07-12 15:32:59 [INFO] User login successful for user: charlie
2025-07-12 00:32:06 [INFO] User login successful for user: eve
2025-07-12 21:43:32 [INFO] File uploaded: config.yml
2025-07-12 06:09:53 [ERROR] Unhandled exception: FileNotFoundError
2025-07-12 12:26:49 [INFO] Cache cleared successfully
