2025-08-12 22:23:45 [ERROR] Database connection lost
2025-08-12 08:30:53 [WARNING] Second failed login attempt for user: bob. Next attempt will ERROR. Retrying...
2025-08-12 20:15:37 [INFO] Cache cleared successfully
2025-08-12 15:54:29 [INFO] File uploaded: backup.zip
2025-08-12 05:19:25 [WARNING] Slow query detected: execution time 351ms
2025-08-12 09:02:26 [INFO] Cache cleared successfully
2025-08-12 21:08:35 [WARNING] Configuration file deprecated: report.pdf
2025-08-12 00:51:14 [INFO] User login successful for user: charlie
2025-08-12 01:52:18 [INFO] Scheduled backup completed successfully
2025-08-12 11:16:37 [INFO] Database connection established
2025-08-12 10:06:01 [WARNING] Failed login attempt for user: bob. Retrying...
2025-08-12 01:43:14 [WARNING] Second failed login attempt for user: bob. Next attempt will ERROR. Retrying...
2025-08-12 02:14:54 [ERROR] Deadlock detected in transaction ID 3999
2025-08-12 08:14:40 [ERROR] Deadlock detected in transaction ID 1135
2025-08-12 21:02:53 [INFO] Service notification started
2025-08-12 21:10:28 [INFO] Scheduled backup completed successfully
2025-08-12 14:50:06 [INFO] Scheduled backup completed successfully
2025-08-12 17:43:32 [DEBUG] Session token generated for user: charlie
2025-08-12 16:21:45 [INFO] Service auth started
2025-08-12 05:12:32 [INFO] User login successful for user: charlie
2025-08-12 10:55:15 [ERROR] Unhandled exception: FileNotFoundError
2025-08-12 09:26:07 [WARNING] API response time exceeded threshold
2025-08-12 14:38:26 [INFO] Scheduled backup completed successfully
2025-08-12 13:29:35 [WARNING] Second failed login attempt for user: charlie. Next attempt will ERROR. Retrying...
2025-08-12 22:27:55 [INFO] Database connection established
2025-08-12 07:25:45 [INFO] Scheduled backup completed successfully
2025-08-12 04:21:04 [ERROR] File write failed: backup.zip
2025-08-12 22:50:36 [INFO] Service notification started
2025-08-12 05:54:31 [INFO] Cache cleared successfully
2025-08-12 21:59:10 [WARNING] Disk space low: 1836 remaining
2025-08-12 14:54:39 [WARNING] Slow query detected: execution time 2533ms
2025-08-12 02:51:18 [ERROR] Database connection lost
2025-08-12 19:14:00 [WARNING] High memory usage detected
2025-08-12 13:07:42 [INFO] Service notification started
2025-08-12 16:37:20 [ERROR] Database connection lost
2025-08-12 16:33:42 [INFO] Service auth started
2025-08-12 10:40:30 [INFO] File uploaded: config.yml
2025-08-12 15:43:55 [DEBUG] Query executed: SELECT * FROM users
2025-08-12 07:31:57 [INFO] Service notification started
2025-08-12 10:47:28 [INFO] File uploaded: backup.zip
2025-08-12 01:32:54 [INFO] User login successful for user: bob
2025-08-12 07:26:23 [INFO] Scheduled backup completed successfully
2025-08-12 17:32:55 [INFO] Database connection established
2025-08-12 17:01:32 [INFO] Database connection established
2025-08-12 20:08:58 [INFO] Cache cleared successfully
2025-08-12 17:48:53 [WARNING] Configuration file deprecated: report.pdf
2025-08-12 13:51:16 [INFO] Service notification started
2025-08-12 21:18:45 [INFO] Service payment started
2025-08-12 03:04:21 [INFO] User login successful for user: diana
2025-08-12 01:35:42 [INFO] Service inventory started
2025-08-12 08:22:35 [ERROR] Database connection lost
2025-08-12 16:58:46 [INFO] Cache cleared successfully
2025-08-12 16:29:18 [WARNING] High memory usage detected
2025-08-12 13:12:43 [WARNING] High memory usage detected
2025-08-12 08:57:37 [INFO] Service inventory started
2025-08-12 19:47:58 [INFO] Cache cleared successfully
2025-08-12 10:10:06 [INFO] Cache cleared successfully
2025-08-12 13:30:10 [INFO] Cache cleared successfully
2025-08-12 02:13:07 [INFO] Scheduled backup completed successfully
2025-08-12 03:33:01 [INFO] File uploaded: data.csv
2025-08-12 20:13:32 [INFO] Scheduled backup completed successfully
2025-08-12 23:19:31 [INFO] Service auth started
2025-08-12 06:42:54 [INFO] Cache cleared successfully
2025-08-12 12:09:22 [ERROR] Database connection lost
2025-08-12 10:42:35 [WARNING] Configuration file deprecated: config.yml
2025-08-12 01:59:36 [INFO] User login successful for user: eve
2025-08-12 13:24:12 [INFO] Scheduled backup completed successfully
2025-08-12 00:16:01 [DEBUG] Variable x has value: 4243
2025-08-12 15:04:30 [INFO] Cache cleared successfully
2025-08-12 17:47:33 [INFO] File uploaded: backup.zip
2025-08-12 00:19:15 [ERROR] Service notification crashed
2025-08-12 23:40:38 [WARNING] API response time exceeded threshold
2025-08-12 00:48:57 [ERROR] Deadlock detected in transaction ID 2535
2025-08-12 11:03:09 [WARNING] Configuration file deprecated: backup.zip
2025-08-12 16:50:48 [WARNING] Slow query detected: execution time 3427ms
2025-08-12 16:44:15 [INFO] User login successful for user: charlie
2025-08-12 23:25:05 [INFO] User login successful for user: diana
2025-08-12 14:05:26 [INFO] Service payment started
2025-08-12 20:05:02 [WARNING] High memory usage detected
2025-08-12 14:33:00 [INFO] Cache cleared successfully
2025-08-12 16:45:21 [WARNING] Slow query detected: execution time 4516ms
2025-08-12 08:27:05 [INFO] Service auth started
2025-08-12 09:12:52 [DEBUG] Session token generated for user: alice
2025-08-12 09:34:27 [INFO] Service payment started
2025-08-12 13:31:17 [WARNING] Second failed login attempt for user: eve. Next attempt will ERROR. Retrying...
2025-08-12 23:56:28 [INFO] File uploaded: config.yml
2025-08-12 13:28:15 [INFO] Cache cleared successfully
2025-08-12 01:37:43 [ERROR] Service notification crashed
2025-08-12 13:59:20 [ERROR] Unhandled exception: FileNotFoundError
2025-08-12 20:31:35 [INFO] Service payment started
2025-08-12 01:29:26 [INFO] Service auth started
2025-08-12 13:50:06 [INFO] Scheduled backup completed successfully
2025-08-12 08:33:54 [INFO] Service notification started
2025-08-12 15:11:39 [INFO] Database connection established
2025-08-12 17:36:29 [DEBUG] Session token generated for user: eve
2025-08-12 23:00:01 [INFO] Database connection established
2025-08-12 09:02:00 [INFO] Database connection established
2025-08-12 22:25:23 [INFO] File uploaded: backup.zip
2025-08-12 16:19:22 [INFO] Service payment started
2025-08-12 04:51:00 [DEBUG] Entering function send_email with arguments: 9
2025-08-12 21:52:00 [WARNING] Configuration file deprecated: config.yml
2025-08-12 05:36:41 [INFO] Cache cleared successfully
2025-08-12 17:23:32 [INFO] Database connection established
2025-08-12 16:34:15 [ERROR] Service auth crashed
2025-08-12 01:04:35 [WARNING] API response time exceeded threshold
2025-08-12 22:27:38 [ERROR] Database connection lost
2025-08-12 05:43:55 [INFO] Cache cleared successfully
2025-08-12 12:29:25 [WARNING] Disk space low: 344 remaining
2025-08-12 11:52:35 [INFO] User login successful for user: charlie
2025-08-12 18:54:42 [WARNING] Configuration file deprecated: backup.zip
2025-08-12 02:23:06 [INFO] File uploaded: data.csv
2025-08-12 09:03:56 [INFO] Database connection established
2025-08-12 23:16:53 [WARNING] Slow query detected: execution time 596ms
2025-08-12 15:03:45 [INFO] Database connection established
2025-08-12 00:52:40 [INFO] Scheduled backup completed successfully
2025-08-12 16:46:01 [INFO] Database connection established
2025-08-12 04:49:57 [ERROR] Deadlock detected in transaction ID 3279
2025-08-12 05:48:35 [WARNING] Second failed login attempt for user: alice. Next attempt will ERROR. Retrying...
2025-08-12 19:45:53 [WARNING] High memory usage detected
2025-08-12 19:33:55 [INFO] Service inventory started
2025-08-12 18:21:26 [INFO] User login successful for user: alice
2025-08-12 06:35:05 [INFO] Scheduled backup completed successfully
2025-08-12 04:06:25 [WARNING] Second failed login attempt for user: bob. Next attempt will ERROR. Retrying...
2025-08-12 12:43:57 [INFO] User login successful for user: diana
2025-08-12 01:28:15 [WARNING] High memory usage detected
2025-08-12 19:41:40 [INFO] Cache cleared successfully
2025-08-12 14:31:44 [ERROR] Deadlock detected in transaction ID 1679
2025-08-12 01:03:55 [INFO] File uploaded: backup.zip
2025-08-12 02:31:48 [INFO] Service payment started
2025-08-12 14:00:32 [WARNING] High memory usage detected
2025-08-12 15:57:24 [INFO] Service auth started
2025-08-12 06:41:40 [ERROR] File write failed: data.csv
2025-08-12 01:17:14 [WARNING] Configuration file deprecated: config.yml
2025-08-12 00:24:20 [INFO] Scheduled backup completed successfully
2025-08-12 04:52:39 [INFO] File uploaded: data.csv
2025-08-12 08:13:38 [ERROR] File write failed: config.yml
2025-08-12 23:09:31 [ERROR] Database connection lost
2025-08-12 08:07:54 [ERROR] Unhandled exception: TimeoutError
2025-08-12 21:44:45 [INFO] Cache cleared successfully
2025-08-12 22:08:11 [INFO] Database connection established
2025-08-12 08:50:06 [WARNING] Failed login attempt for user: bob. Retrying...
2025-08-12 10:16:59 [ERROR] File write failed: data.csv
2025-08-12 21:13:17 [DEBUG] Query executed: UPDATE orders SET status='shipped' WHERE id=42
2025-08-12 04:22:20 [DEBUG] Query executed: UPDATE orders SET status='shipped' WHERE id=42
2025-08-12 05:37:18 [DEBUG] Variable x has value: 1081
2025-08-12 08:01:49 [INFO] Service notification started
2025-08-12 22:03:36 [DEBUG] Query executed: SELECT * FROM users
2025-08-12 02:36:05 [INFO] Scheduled backup completed successfully
2025-08-12 00:54:56 [WARNING] Failed login attempt for user: charlie. Retrying...
2025-08-12 03:00:22 [INFO] User login successful for user: diana
2025-08-12 13:50:07 [ERROR] Email sending failed to recipient: user@gmail.com
2025-08-12 14:37:57 [INFO] Service notification started
2025-08-12 20:39:16 [INFO] User login successful for user: charlie
2025-08-12 06:03:18 [INFO] File uploaded: report.pdf
2025-08-12 06:44:31 [ERROR] Unhandled exception: TimeoutError
2025-08-12 00:44:59 [INFO] Service payment started
2025-08-12 15:48:07 [ERROR] Deadlock detected in transaction ID 4293
2025-08-12 06:21:25 [WARNING] Disk space low: 553 remaining
2025-08-12 02:17:38 [INFO] Service auth started
2025-08-12 12:10:05 [WARNING] API response time exceeded threshold
2025-08-12 09:43:57 [DEBUG] Temporary file created at: report.pdf
2025-08-12 05:51:21 [DEBUG] Entering function generate_report with arguments: 8
2025-08-12 03:03:26 [INFO] Service auth started
2025-08-12 11:31:35 [INFO] Cache cleared successfully
2025-08-12 02:27:36 [INFO] Database connection established
2025-08-12 09:25:00 [INFO] Cache cleared successfully
2025-08-12 23:49:09 [DEBUG] Query executed: UPDATE orders SET status='shipped' WHERE id=42
2025-08-12 12:27:11 [DEBUG] Temporary file created at: report.pdf
2025-08-12 07:28:02 [INFO] Database connection established
2025-08-12 10:15:37 [INFO] User login successful for user: alice
2025-08-12 14:34:24 [INFO] User login successful for user: eve
2025-08-12 13:54:04 [WARNING] Configuration file deprecated: data.csv
2025-08-12 14:40:31 [INFO] Scheduled backup completed successfully
2025-08-12 16:58:48 [INFO] File uploaded: config.yml
2025-08-12 00:52:40 [INFO] User login successful for user: alice
2025-08-12 03:45:44 [INFO] File uploaded: report.pdf
2025-08-12 02:26:20 [INFO] Service notification started
2025-08-12 23:51:02 [INFO] User login successful for user: diana
2025-08-12 11:15:31 [ERROR] Deadlock detected in transaction ID 4857
2025-08-12 08:13:30 [INFO] User login successful for user: charlie
2025-08-12 14:50:54 [INFO] User login successful for user: charlie
2025-08-12 01:50:47 [INFO] Cache cleared successfully
2025-08-12 07:00:24 [ERROR] Database connection lost
2025-08-12 23:44:40 [INFO] Database connection established
2025-08-12 09:22:19 [INFO] Service auth started
2025-08-12 21:39:40 [DEBUG] Temporary file created at: backup.zip
2025-08-12 11:36:57 [INFO] Database connection established
2025-08-12 03:54:43 [ERROR] Deadlock detected in transaction ID 4348
2025-08-12 20:08:49 [ERROR] Database connection lost
2025-08-12 17:45:09 [INFO] Service inventory started
2025-08-12 23:08:50 [WARNING] High memory usage detected
2025-08-12 15:08:04 [WARNING] Second failed login attempt for user: diana. Next attempt will ERROR. Retrying...
2025-08-12 21:16:37 [WARNING] Disk space low: 3403 remaining
2025-08-12 16:49:38 [INFO] Cache cleared successfully
2025-08-12 21:28:35 [ERROR] Deadlock detected in transaction ID 4061
2025-08-12 03:24:45 [INFO] User login successful for user: charlie
2025-08-12 21:23:14 [INFO] User login successful for user: bob
2025-08-12 09:59:58 [WARNING] Configuration file deprecated: report.pdf
2025-08-12 13:30:06 [INFO] Scheduled backup completed successfully
2025-08-12 16:30:32 [WARNING] Second failed login attempt for user: charlie. Next attempt will ERROR. Retrying...
2025-08-12 10:16:41 [WARNING] Disk space low: 2800 remaining
2025-08-12 12:43:01 [WARNING] Disk space low: 1997 remaining
2025-08-12 00:36:48 [INFO] Service payment started
2025-08-12 20:07:58 [INFO] User login successful for user: diana
2025-08-12 12:19:02 [INFO] File uploaded: config.yml
2025-08-12 08:52:01 [INFO] Scheduled backup completed successfully
2025-08-12 19:09:57 [WARNING] Configuration file deprecated: backup.zip
2025-08-12 12:14:58 [WARNING] Slow query detected: execution time 2711ms
2025-08-12 00:12:17 [INFO] File uploaded: report.pdf
2025-08-12 15:35:04 [WARNING] Second failed login attempt for user: diana. Next attempt will ERROR. Retrying...
2025-08-12 22:46:15 [INFO] File uploaded: report.pdf
2025-08-12 05:16:23 [INFO] User login successful for user: eve
2025-08-12 03:51:24 [ERROR] File write failed: report.pdf
2025-08-12 02:22:57 [INFO] Scheduled backup completed successfully
2025-08-12 10:39:23 [INFO] Cache cleared successfully
2025-08-12 16:23:02 [INFO] Scheduled backup completed successfully
2025-08-12 14:25:11 [INFO] File uploaded: report.pdf
2025-08-12 06:32:15 [ERROR] Service inventory crashed
2025-08-12 08:17:42 [INFO] Service notification started
2025-08-12 05:14:17 [INFO] User login successful for user: eve
2025-08-12 11:23:50 [INFO] File uploaded: backup.zip
2025-08-12 18:06:02 [INFO] Database connection established
2025-08-12 00:45:46 [INFO] Database connection established
2025-08-12 16:18:20 [INFO] Service auth started
2025-08-12 01:15:12 [INFO] Scheduled backup completed successfully
2025-08-12 16:55:53 [WARNING] Disk space low: 4567 remaining
2025-08-12 06:03:30 [INFO] Service inventory started
2025-08-12 13:57:52 [INFO] Cache cleared successfully
2025-08-12 15:02:43 [ERROR] Email sending failed to recipient: user@gmail.com
2025-08-12 12:32:18 [WARNING] Disk space low: 2484 remaining
2025-08-12 02:26:01 [INFO] Service auth started
2025-08-12 12:25:22 [INFO] File uploaded: report.pdf
2025-08-12 21:36:32 [INFO] User login successful for user: eve
2025-08-12 10:59:28 [WARNING] Slow query detected: execution time 27ms
2025-08-12 05:06:03 [INFO] File uploaded: config.yml
2025-08-12 07:48:33 [WARNING] Failed login attempt for user: eve. Retrying...
2025-08-12 07:43:05 [INFO] Database connection established
2025-08-12 21:40:05 [INFO] Cache cleared successfully
2025-08-12 21:45:04 [INFO] User login successful for user: eve
2025-08-12 23:06:58 [INFO] User login successful for user: diana
2025-08-12 11:25:08 [INFO] Database connection established
2025-08-12 04:11:16 [INFO] Cache cleared successfully
2025-08-12 17:42:00 [INFO] File uploaded: config.yml
2025-08-12 23:38:19 [DEBUG] Query executed: SELECT * FROM users
2025-08-12 17:31:39 [INFO] Scheduled backup completed successfully
2025-08-12 15:41:11 [INFO] User login successful for user: diana
2025-08-12 09:08:15 [WARNING] Configuration file deprecated: backup.zip
2025-08-12 07:27:14 [INFO] Cache cleared successfully
2025-08-12 06:10:54 [WARNING] API response time exceeded threshold
2025-08-12 10:46:18 [INFO] Service payment started
2025-08-12 18:38:58 [INFO] Scheduled backup completed successfully
2025-08-12 10:07:11 [INFO] Database connection established
2025-08-12 21:53:49 [ERROR] Unhandled exception: NullPointerException
2025-08-12 12:41:12 [INFO] Database connection established
2025-08-12 12:22:56 [ERROR] File write failed: data.csv
2025-08-12 01:34:39 [INFO] Database connection established
2025-08-12 07:42:32 [WARNING] Disk space low: 1191 remaining
2025-08-12 10:11:21 [INFO] Database connection established
2025-08-12 13:38:40 [INFO] Service inventory started
2025-08-12 00:30:08 [ERROR] Service auth crashed
2025-08-12 07:03:08 [INFO] Cache cleared successfully
2025-08-12 08:21:27 [INFO] Service payment started
2025-08-12 10:33:47 [INFO] User login successful for user: eve
2025-08-12 04:34:19 [WARNING] Disk space low: 165 remaining
2025-08-12 08:27:57 [WARNING] Disk space low: 4126 remaining
2025-08-12 09:20:51 [ERROR] Database connection lost
2025-08-12 03:04:59 [INFO] Scheduled backup completed successfully
2025-08-12 03:40:50 [WARNING] Configuration file deprecated: report.pdf
2025-08-12 06:33:24 [INFO] File uploaded: data.csv
2025-08-12 16:53:11 [INFO] Service auth started
2025-08-12 09:10:45 [INFO] Scheduled backup completed successfully
2025-08-12 03:18:16 [INFO] Service notification started
2025-08-12 22:44:48 [INFO] Service auth started
2025-08-12 19:52:36 [DEBUG] Query executed: UPDATE orders SET status='shipped' WHERE id=42
2025-08-12 20:47:45 [WARNING] Slow query detected: execution time 3401ms
2025-08-12 04:01:59 [INFO] Cache cleared successfully
2025-08-12 06:51:42 [WARNING] High memory usage detected
2025-08-12 15:00:58 [WARNING] API response time exceeded threshold
2025-08-12 13:07:31 [INFO] File uploaded: data.csv
2025-08-12 12:48:03 [INFO] Service auth started
2025-08-12 20:45:49 [WARNING] API response time exceeded threshold
2025-08-12 14:46:43 [INFO] Service notification started
2025-08-12 08:58:57 [WARNING] Configuration file deprecated: backup.zip
2025-08-12 01:50:34 [INFO] User login successful for user: diana
2025-08-12 01:35:28 [INFO] File uploaded: data.csv
2025-08-12 11:03:40 [WARNING] Failed login attempt for user: diana. Retrying...
2025-08-12 10:27:20 [WARNING] Second failed login attempt for user: charlie. Next attempt will ERROR. Retrying...
2025-08-12 11:09:43 [INFO] User login successful for user: diana
2025-08-12 07:23:24 [INFO] User login successful for user: eve
2025-08-12 08:14:57 [WARNING] API response time exceeded threshold
2025-08-12 01:31:20 [WARNING] High memory usage detected
2025-08-12 23:23:56 [INFO] User login successful for user: diana
2025-08-12 06:38:09 [INFO] User login successful for user: eve
2025-08-12 12:59:25 [INFO] File uploaded: report.pdf
2025-08-12 03:27:18 [INFO] Cache cleared successfully
2025-08-12 23:32:01 [INFO] Database connection established
2025-08-12 13:15:39 [WARNING] Failed login attempt for user: eve. Retrying...
2025-08-12 02:32:08 [ERROR] Service payment crashed
2025-08-12 19:17:19 [INFO] Cache cleared successfully
2025-08-12 08:54:20 [INFO] Scheduled backup completed successfully
2025-08-12 04:27:02 [INFO] File uploaded: config.yml
2025-08-12 19:06:51 [INFO] Scheduled backup completed successfully
2025-08-12 13:24:15 [INFO] Scheduled backup completed successfully
2025-08-12 20:41:56 [WARNING] API response time exceeded threshold
2025-08-12 21:21:53 [INFO] Scheduled backup completed successfully
2025-08-12 14:35:36 [INFO] Database connection established
2025-08-12 09:07:32 [ERROR] Database connection lost
2025-08-12 20:52:39 [INFO] Service auth started
2025-08-12 11:47:32 [INFO] Service notification started
2025-08-12 08:08:12 [INFO] Scheduled backup completed successfully
2025-08-12 21:30:26 [INFO] Cache cleared successfully
2025-08-12 11:37:45 [INFO] Scheduled backup completed successfully
2025-08-12 16:31:57 [INFO] File uploaded: report.pdf
2025-08-12 17:35:20 [WARNING] API response time exceeded threshold
2025-08-12 10:41:52 [WARNING] Configuration file deprecated: backup.zip
2025-08-12 00:37:48 [ERROR] Unhandled exception: NullPointerException
2025-08-12 04:41:32 [WARNING] Slow query detected: execution time 3586ms
2025-08-12 06:28:38 [INFO] File uploaded: report.pdf
2025-08-12 15:21:46 [ERROR] File write failed: report.pdf
2025-08-12 13:54:49 [INFO] Database connection established
2025-08-12 17:16:37 [INFO] User login successful for user: alice
2025-08-12 00:07:18 [INFO] User login successful for user: diana
2025-08-12 02:56:35 [INFO] Scheduled backup completed successfully
2025-08-12 07:15:00 [DEBUG] Temporary file created at: data.csv
2025-08-12 01:25:09 [DEBUG] Temporary file created at: report.pdf
2025-08-12 23:46:11 [ERROR] Unhandled exception: NullPointerException
2025-08-12 21:27:24 [INFO] User login successful for user: diana
2025-08-12 06:09:46 [INFO] Cache cleared successfully
2025-08-12 11:27:43 [INFO] File uploaded: data.csv
2025-08-12 23:53:00 [INFO] Cache cleared successfully
2025-08-12 14:25:46 [ERROR] Database connection lost
2025-08-12 20:37:04 [INFO] File uploaded: report.pdf
2025-08-12 08:06:59 [INFO] Service payment started
2025-08-12 23:00:33 [INFO] Service payment started
2025-08-12 02:15:41 [INFO] File uploaded: report.pdf
2025-08-12 03:11:56 [INFO] File uploaded: data.csv
2025-08-12 00:10:53 [ERROR] Deadlock detected in transaction ID 3785
2025-08-12 05:59:33 [INFO] File uploaded: config.yml
2025-08-12 16:19:34 [INFO] User login successful for user: alice
2025-08-12 15:22:08 [INFO] File uploaded: data.csv
2025-08-12 21:32:23 [WARNING] High memory usage detected
2025-08-12 07:05:50 [INFO] User login successful for user: alice
2025-08-12 00:17:08 [INFO] Service inventory started
2025-08-12 15:06:09 [INFO] File uploaded: config.yml
2025-08-12 19:26:26 [INFO] Cache cleared successfully
2025-08-12 18:45:32 [ERROR] Unhandled exception: NullPointerException
2025-08-12 01:15:24 [INFO] Database connection established
2025-08-12 15:59:04 [INFO] Cache cleared successfully
2025-08-12 18:02:39 [WARNING] Disk space low: 1673 remaining
2025-08-12 12:41:42 [INFO] Database connection established
2025-08-12 11:52:37 [INFO] File uploaded: report.pdf
2025-08-12 23:41:25 [INFO] Database connection established
2025-08-12 19:26:17 [INFO] Service notification started
2025-08-12 19:31:07 [WARNING] Second failed login attempt for user: alice. Next attempt will ERROR. Retrying...
2025-08-12 05:46:27 [INFO] File uploaded: data.csv
2025-08-12 21:24:08 [INFO] File uploaded: backup.zip
2025-08-12 18:23:11 [INFO] Scheduled backup completed successfully
2025-08-12 19:23:18 [INFO] User login successful for user: eve
2025-08-12 12:12:02 [INFO] User login successful for user: charlie
2025-08-12 11:37:16 [INFO] User login successful for user: charlie
2025-08-12 08:03:37 [DEBUG] Temporary file created at: config.yml
2025-08-12 14:16:38 [ERROR] Service payment crashed
2025-08-12 00:26:31 [INFO] User login successful for user: eve
2025-08-12 20:43:09 [INFO] File uploaded: config.yml
2025-08-12 19:06:02 [DEBUG] Session token generated for user: bob
2025-08-12 08:51:12 [ERROR] Deadlock detected in transaction ID 1369
2025-08-12 02:57:54 [INFO] User login successful for user: alice
2025-08-12 03:17:42 [INFO] Cache cleared successfully
2025-08-12 11:33:33 [INFO] Service inventory started
2025-08-12 02:08:41 [WARNING] Slow query detected: execution time 1249ms
2025-08-12 06:06:23 [INFO] Scheduled backup completed successfully
2025-08-12 14:09:27 [ERROR] Database connection lost
2025-08-12 04:13:25 [INFO] Database connection established
2025-08-12 08:45:43 [INFO] Database connection established
2025-08-12 06:33:11 [DEBUG] Query executed: SELECT * FROM users
2025-08-12 16:22:35 [ERROR] File write failed: report.pdf
2025-08-12 18:11:22 [INFO] Service inventory started
2025-08-12 13:33:03 [WARNING] High memory usage detected
2025-08-12 13:37:41 [INFO] User login successful for user: bob
2025-08-12 22:02:47 [WARNING] Slow query detected: execution time 63ms
2025-08-12 02:58:57 [ERROR] Unhandled exception: TimeoutError
2025-08-12 07:30:12 [INFO] File uploaded: config.yml
2025-08-12 10:29:53 [INFO] User login successful for user: eve
2025-08-12 18:00:24 [INFO] Scheduled backup completed successfully
2025-08-12 08:24:05 [INFO] File uploaded: backup.zip
2025-08-12 02:30:41 [INFO] User login successful for user: bob
2025-08-12 04:45:42 [WARNING] Failed login attempt for user: bob. Retrying...
2025-08-12 06:21:13 [INFO] Service inventory started
2025-08-12 21:43:23 [INFO] User login successful for user: alice
2025-08-12 20:57:51 [INFO] Service payment started
2025-08-12 15:27:21 [INFO] Service payment started
2025-08-12 21:49:01 [ERROR] File write failed: backup.zip
2025-08-12 02:46:47 [INFO] Database connection established
2025-08-12 20:43:08 [INFO] User login successful for user: charlie
2025-08-12 21:33:53 [INFO] Service auth started
2025-08-12 08:48:00 [ERROR] Service notification crashed
2025-08-12 15:49:48 [INFO] Service notification started
2025-08-12 10:13:18 [WARNING] High memory usage detected
2025-08-12 20:16:52 [DEBUG] Variable x has value: 2012
2025-08-12 07:20:55 [INFO] Cache cleared successfully
2025-08-12 19:47:41 [INFO] Scheduled backup completed successfully
2025-08-12 19:32:50 [INFO] Scheduled backup completed successfully
2025-08-12 04:34:15 [INFO] Database connection established
2025-08-12 02:55:39 [INFO] Database connection established
2025-08-12 10:21:44 [INFO] Scheduled backup completed successfully
2025-08-12 01:11:30 [ERROR] Email sending failed to recipient: support@amazon.com
2025-08-12 23:28:03 [ERROR] Service payment crashed
2025-08-12 02:54:17 [WARNING] Second failed login attempt for user: charlie. Next attempt will ERROR. Retrying...
2025-08-12 11:16:16 [WARNING] Slow query detected: execution time 672ms
2025-08-12 07:12:33 [INFO] Scheduled backup completed successfully
2025-08-12 14:00:38 [INFO] File uploaded: backup.zip
2025-08-12 20:13:43 [ERROR] Service auth crashed
2025-08-12 07:45:48 [INFO] Cache cleared successfully
2025-08-12 01:59:08 [ERROR] File write failed: data.csv
2025-08-12 16:59:25 [INFO] Cache cleared successfully
2025-08-12 17:55:53 [INFO] Scheduled backup completed successfully
2025-08-12 12:52:54 [WARNING] High memory usage detected
2025-08-12 02:38:00 [INFO] File uploaded: config.yml
2025-08-12 09:33:01 [INFO] Cache cleared successfully
2025-08-12 14:53:39 [INFO] Service auth started
2025-08-12 01:08:53 [INFO] Scheduled backup completed successfully
2025-08-12 16:06:22 [INFO] File uploaded: backup.zip
2025-08-12 20:41:19 [INFO] Database connection established
2025-08-12 08:24:54 [INFO] Database connection established
2025-08-12 04:33:42 [INFO] User login successful for user: bob
2025-08-12 06:06:33 [WARNING] Disk space low: 2974 remaining
2025-08-12 21:43:45 [WARNING] API response time exceeded threshold
2025-08-12 15:18:04 [WARNING] API response time exceeded threshold
2025-08-12 07:49:34 [ERROR] Database connection lost
2025-08-12 05:27:12 [WARNING] Failed login attempt for user: charlie. Retrying...
2025-08-12 03:39:27 [INFO] Cache cleared successfully
2025-08-12 12:08:34 [INFO] Scheduled backup completed successfully
2025-08-12 18:19:15 [ERROR] Deadlock detected in transaction ID 1277
2025-08-12 15:46:51 [INFO] Database connection established
2025-08-12 12:55:36 [INFO] File uploaded: data.csv
2025-08-12 20:52:44 [INFO] Scheduled backup completed successfully
2025-08-12 18:30:11 [DEBUG] Session token generated for user: bob
2025-08-12 09:34:38 [INFO] Cache cleared successfully
2025-08-12 22:59:00 [WARNING] Configuration file deprecated: config.yml
2025-08-12 21:30:31 [INFO] Database connection established
2025-08-12 03:08:19 [WARNING] Configuration file deprecated: config.yml
2025-08-12 01:47:25 [INFO] User login successful for user: diana
2025-08-12 22:10:37 [INFO] File uploaded: data.csv
2025-08-12 07:48:17 [INFO] Cache cleared successfully
2025-08-12 10:15:33 [INFO] Service auth started
2025-08-12 22:28:02 [INFO] File uploaded: report.pdf
2025-08-12 23:05:33 [INFO] File uploaded: config.yml
2025-08-12 07:12:03 [WARNING] Slow query detected: execution time 3449ms
2025-08-12 22:53:35 [WARNING] Second failed login attempt for user: eve. Next attempt will ERROR. Retrying...
2025-08-12 05:05:25 [DEBUG] Variable x has value: 2677
2025-08-12 02:39:41 [WARNING] High memory usage detected
2025-08-12 04:41:38 [ERROR] Unhandled exception: NullPointerException
2025-08-12 01:29:44 [INFO] File uploaded: backup.zip
2025-08-12 09:34:12 [INFO] Scheduled backup completed successfully
2025-08-12 02:54:58 [INFO] Scheduled backup completed successfully
2025-08-12 07:10:49 [INFO] Scheduled backup completed successfully
2025-08-12 17:39:58 [INFO] Cache cleared successfully
2025-08-12 12:31:44 [INFO] User login successful for user: charlie
2025-08-12 05:40:32 [WARNING] Configuration file deprecated: report.pdf
2025-08-12 06:59:29 [ERROR] File write failed: backup.zip
2025-08-12 21:06:33 [INFO] Scheduled backup completed successfully
2025-08-12 04:05:04 [ERROR] Unhandled exception: TimeoutError
2025-08-12 21:53:13 [WARNING] Disk space low: 997 remaining
2025-08-12 18:27:47 [INFO] File uploaded: config.yml
2025-08-12 12:08:25 [INFO] User login successful for user: diana
2025-08-12 18:36:40 [INFO] Scheduled backup completed successfully
2025-08-12 20:37:20 [INFO] User login successful for user: alice
2025-08-12 18:15:12 [INFO] User login successful for user: bob
2025-08-12 23:16:25 [WARNING] High memory usage detected
2025-08-12 22:02:14 [INFO] Service auth started
2025-08-12 09:20:17 [WARNING] Slow query detected: execution time 2493ms
2025-08-12 19:21:38 [INFO] Cache cleared successfully
2025-08-12 01:08:56 [INFO] Service inventory started
2025-08-12 21:01:56 [INFO] Database connection established
2025-08-12 01:17:48 [ERROR] File write failed: config.yml
2025-08-12 13:16:59 [ERROR] Email sending failed to recipient: admin@google.com
2025-08-12 11:46:47 [INFO] File uploaded: report.pdf
2025-08-12 06:34:45 [ERROR] Service notification crashed
2025-08-12 12:43:44 [ERROR] Database connection lost
2025-08-12 16:02:10 [ERROR] Email sending failed to recipient: user@gmail.com
2025-08-12 04:58:08 [INFO] Service payment started
2025-08-12 01:56:44 [ERROR] File write failed: backup.zip
2025-08-12 05:08:13 [INFO] Scheduled backup completed successfully
2025-08-12 23:54:29 [INFO] Database connection established
2025-08-12 23:50:26 [INFO] Service payment started
2025-08-12 01:23:45 [INFO] User login successful for user: eve
2025-08-12 04:41:45 [INFO] Database connection established
2025-08-12 03:10:02 [ERROR] Database connection lost
2025-08-12 21:51:38 [INFO] Service auth started
2025-08-12 05:25:47 [INFO] Service inventory started
