2025-07-25 22:54:32 [INFO] User login successful for user: charlie
2025-07-25 20:49:49 [INFO] Service auth started
2025-07-25 02:04:46 [WARNING] Disk space low: 1742 remaining
2025-07-25 15:44:33 [WARNING] Disk space low: 488 remaining
2025-07-25 19:22:34 [INFO] Scheduled backup completed successfully
2025-07-25 00:20:50 [WARNING] Disk space low: 2992 remaining
2025-07-25 04:28:38 [ERROR] Deadlock detected in transaction ID 1670
2025-07-25 21:01:16 [INFO] Cache cleared successfully
2025-07-25 22:24:51 [ERROR] Service payment crashed
2025-07-25 00:51:40 [INFO] Scheduled backup completed successfully
2025-07-25 21:12:01 [INFO] Service notification started
2025-07-25 05:22:27 [ERROR] File write failed: data.csv
2025-07-25 06:43:48 [INFO] Database connection established
2025-07-25 20:02:38 [INFO] Cache cleared successfully
2025-07-25 13:00:42 [WARNING] Failed login attempt for user: charlie. Retrying...
2025-07-25 14:07:53 [INFO] Service inventory started
2025-07-25 04:38:57 [DEBUG] Temporary file created at: report.pdf
2025-07-25 14:01:51 [INFO] Database connection established
2025-07-25 10:37:44 [INFO] User login successful for user: diana
2025-07-25 07:23:29 [INFO] Scheduled backup completed successfully
2025-07-25 12:11:53 [WARNING] Slow query detected: execution time 2293ms
2025-07-25 02:53:39 [INFO] Database connection established
2025-07-25 03:08:25 [INFO] Service inventory started
2025-07-25 06:48:01 [WARNING] Configuration file deprecated: backup.zip
2025-07-25 15:44:29 [INFO] Database connection established
2025-07-25 07:35:28 [ERROR] Database connection lost
2025-07-25 18:14:29 [INFO] Scheduled backup completed successfully
2025-07-25 07:54:20 [INFO] Scheduled backup completed successfully
2025-07-25 23:52:50 [WARNING] Configuration file deprecated: data.csv
2025-07-25 01:17:28 [INFO] User login successful for user: diana
2025-07-25 13:52:48 [WARNING] Second failed login attempt for user: bob. Next attempt will ERROR. Retrying...
2025-07-25 07:28:38 [WARNING] API response time exceeded threshold
2025-07-25 15:36:02 [ERROR] File write failed: backup.zip
2025-07-25 03:25:35 [ERROR] Database connection lost
2025-07-25 15:21:36 [INFO] Service inventory started
2025-07-25 11:30:52 [INFO] Scheduled backup completed successfully
2025-07-25 07:26:26 [INFO] User login successful for user: bob
2025-07-25 01:37:02 [DEBUG] Temporary file created at: config.yml
2025-07-25 00:28:39 [INFO] File uploaded: data.csv
2025-07-25 19:08:46 [INFO] User login successful for user: eve
2025-07-25 22:16:30 [INFO] Cache cleared successfully
2025-07-25 07:52:15 [WARNING] Failed login attempt for user: diana. Retrying...
2025-07-25 19:17:00 [INFO] File uploaded: config.yml
2025-07-25 18:38:28 [ERROR] File write failed: data.csv
2025-07-25 12:58:20 [INFO] Service notification started
2025-07-25 20:12:43 [WARNING] Slow query detected: execution time 2188ms
2025-07-25 12:17:31 [INFO] Scheduled backup completed successfully
2025-07-25 20:18:52 [WARNING] Disk space low: 3412 remaining
2025-07-25 11:38:06 [INFO] User login successful for user: alice
2025-07-25 08:14:42 [INFO] Cache cleared successfully
2025-07-25 09:34:46 [INFO] Database connection established
2025-07-25 02:27:57 [INFO] File uploaded: backup.zip
2025-07-25 10:37:57 [INFO] User login successful for user: charlie
2025-07-25 20:13:46 [INFO] Service payment started
2025-07-25 05:11:36 [INFO] Service auth started
2025-07-25 05:08:44 [WARNING] Second failed login attempt for user: charlie. Next attempt will ERROR. Retrying...
2025-07-25 14:59:20 [INFO] Scheduled backup completed successfully
2025-07-25 21:02:08 [INFO] Cache cleared successfully
2025-07-25 06:04:04 [INFO] Scheduled backup completed successfully
2025-07-25 22:47:02 [INFO] Service payment started
2025-07-25 07:06:25 [INFO] Scheduled backup completed successfully
2025-07-25 09:51:48 [ERROR] Email sending failed to recipient: admin@google.com
2025-07-25 22:49:07 [INFO] Service auth started
2025-07-25 02:24:06 [INFO] Database connection established
2025-07-25 13:35:01 [INFO] Database connection established
2025-07-25 21:51:08 [DEBUG] Variable x has value: 3247
2025-07-25 04:43:36 [WARNING] Failed login attempt for user: diana. Retrying...
2025-07-25 07:36:21 [INFO] Scheduled backup completed successfully
2025-07-25 14:31:01 [WARNING] Disk space low: 3467 remaining
2025-07-25 16:53:45 [INFO] Database connection established
2025-07-25 09:30:46 [WARNING] Slow query detected: execution time 3515ms
2025-07-25 05:57:30 [ERROR] File write failed: config.yml
2025-07-25 05:57:09 [INFO] Cache cleared successfully
2025-07-25 03:09:26 [WARNING] Second failed login attempt for user: charlie. Next attempt will ERROR. Retrying...
2025-07-25 11:26:33 [INFO] User login successful for user: charlie
2025-07-25 12:23:04 [INFO] Database connection established
2025-07-25 07:49:59 [WARNING] Disk space low: 2780 remaining
2025-07-25 07:03:29 [INFO] Cache cleared successfully
2025-07-25 05:24:06 [INFO] File uploaded: report.pdf
2025-07-25 19:08:52 [WARNING] High memory usage detected
2025-07-25 21:59:16 [INFO] File uploaded: report.pdf
2025-07-25 23:54:52 [WARNING] Slow query detected: execution time 622ms
2025-07-25 02:40:49 [WARNING] Second failed login attempt for user: alice. Next attempt will ERROR. Retrying...
2025-07-25 11:39:01 [INFO] Cache cleared successfully
2025-07-25 00:00:42 [INFO] Database connection established
2025-07-25 17:31:46 [INFO] User login successful for user: diana
2025-07-25 14:00:12 [ERROR] Deadlock detected in transaction ID 25
2025-07-25 21:37:16 [ERROR] Database connection lost
2025-07-25 17:59:11 [ERROR] Email sending failed to recipient: admin@google.com
2025-07-25 11:35:05 [INFO] Service inventory started
2025-07-25 20:49:59 [INFO] User login successful for user: charlie
2025-07-25 08:14:16 [ERROR] Service auth crashed
2025-07-25 18:43:12 [ERROR] Deadlock detected in transaction ID 2155
2025-07-25 22:22:45 [WARNING] Disk space low: 1746 remaining
2025-07-25 18:05:14 [ERROR] Unhandled exception: NullPointerException
2025-07-25 23:40:15 [INFO] Scheduled backup completed successfully
2025-07-25 14:24:28 [INFO] Cache cleared successfully
2025-07-25 20:06:58 [WARNING] Failed login attempt for user: alice. Retrying...
2025-07-25 11:52:52 [ERROR] Email sending failed to recipient: support@amazon.com
2025-07-25 10:36:28 [WARNING] High memory usage detected
2025-07-25 20:27:57 [INFO] Database connection established
2025-07-25 00:42:47 [ERROR] Email sending failed to recipient: admin@google.com
2025-07-25 07:57:46 [INFO] Cache cleared successfully
2025-07-25 15:39:07 [DEBUG] Session token generated for user: diana
2025-07-25 05:45:21 [INFO] Database connection established
2025-07-25 04:25:36 [ERROR] Database connection lost
2025-07-25 10:56:03 [WARNING] High memory usage detected
2025-07-25 22:24:52 [ERROR] Service auth crashed
2025-07-25 23:26:24 [DEBUG] Variable x has value: 733
2025-07-25 01:12:19 [INFO] Cache cleared successfully
2025-07-25 05:00:29 [INFO] Service auth started
2025-07-25 09:17:54 [WARNING] Disk space low: 1085 remaining
2025-07-25 02:43:41 [ERROR] Deadlock detected in transaction ID 922
2025-07-25 20:32:55 [WARNING] Configuration file deprecated: report.pdf
2025-07-25 01:29:12 [INFO] Scheduled backup completed successfully
2025-07-25 20:42:32 [INFO] Service auth started
2025-07-25 03:17:30 [WARNING] Slow query detected: execution time 2206ms
2025-07-25 20:49:11 [ERROR] Database connection lost
2025-07-25 02:04:21 [INFO] Cache cleared successfully
2025-07-25 21:56:15 [ERROR] Service auth crashed
2025-07-25 00:00:02 [INFO] Scheduled backup completed successfully
2025-07-25 01:59:33 [ERROR] Unhandled exception: TimeoutError
2025-07-25 22:55:39 [INFO] Cache cleared successfully
2025-07-25 09:44:43 [INFO] File uploaded: data.csv
2025-07-25 10:25:35 [INFO] User login successful for user: charlie
2025-07-25 05:23:53 [WARNING] Slow query detected: execution time 3341ms
2025-07-25 05:54:23 [INFO] File uploaded: data.csv
2025-07-25 15:04:45 [INFO] Service notification started
2025-07-25 05:05:19 [ERROR] Unhandled exception: FileNotFoundError
2025-07-25 22:17:31 [INFO] File uploaded: report.pdf
2025-07-25 02:58:56 [INFO] File uploaded: report.pdf
2025-07-25 13:22:55 [INFO] Scheduled backup completed successfully
2025-07-25 17:26:13 [INFO] Scheduled backup completed successfully
2025-07-25 03:08:41 [WARNING] Disk space low: 2746 remaining
2025-07-25 18:27:02 [ERROR] Unhandled exception: FileNotFoundError
2025-07-25 10:07:18 [INFO] Scheduled backup completed successfully
2025-07-25 20:45:49 [WARNING] Configuration file deprecated: config.yml
2025-07-25 10:09:38 [WARNING] Slow query detected: execution time 975ms
2025-07-25 03:48:04 [INFO] Scheduled backup completed successfully
2025-07-25 22:32:34 [WARNING] Disk space low: 2458 remaining
2025-07-25 08:58:09 [WARNING] API response time exceeded threshold
2025-07-25 04:44:50 [INFO] File uploaded: data.csv
2025-07-25 06:46:05 [INFO] Cache cleared successfully
2025-07-25 09:39:49 [INFO] File uploaded: report.pdf
2025-07-25 23:03:09 [INFO] Cache cleared successfully
2025-07-25 02:56:15 [INFO] File uploaded: config.yml
2025-07-25 19:15:06 [INFO] Scheduled backup completed successfully
2025-07-25 17:04:34 [INFO] Service auth started
2025-07-25 07:47:26 [WARNING] Second failed login attempt for user: alice. Next attempt will ERROR. Retrying...
2025-07-25 20:08:48 [INFO] File uploaded: backup.zip
2025-07-25 15:05:51 [INFO] User login successful for user: charlie
2025-07-25 08:02:47 [INFO] Database connection established
2025-07-25 17:52:28 [INFO] Database connection established
2025-07-25 23:05:03 [INFO] Scheduled backup completed successfully
2025-07-25 17:36:30 [INFO] Cache cleared successfully
2025-07-25 04:10:21 [WARNING] Disk space low: 2452 remaining
2025-07-25 16:20:27 [WARNING] Second failed login attempt for user: diana. Next attempt will ERROR. Retrying...
2025-07-25 00:17:56 [INFO] Cache cleared successfully
2025-07-25 05:27:44 [DEBUG] Temporary file created at: report.pdf
2025-07-25 09:26:37 [INFO] Cache cleared successfully
2025-07-25 00:31:20 [INFO] Cache cleared successfully
2025-07-25 06:47:24 [INFO] Cache cleared successfully
2025-07-25 09:55:21 [INFO] Service inventory started
2025-07-25 14:23:12 [INFO] Cache cleared successfully
2025-07-25 17:12:26 [WARNING] Failed login attempt for user: diana. Retrying...
2025-07-25 07:07:16 [WARNING] Slow query detected: execution time 1588ms
2025-07-25 14:58:16 [ERROR] Email sending failed to recipient: support@amazon.com
2025-07-25 00:57:16 [DEBUG] Entering function process_payment with arguments: 7
2025-07-25 04:56:55 [INFO] Database connection established
2025-07-25 05:12:56 [INFO] Database connection established
2025-07-25 18:17:54 [INFO] Scheduled backup completed successfully
2025-07-25 05:52:25 [INFO] Cache cleared successfully
2025-07-25 16:26:07 [INFO] User login successful for user: bob
2025-07-25 03:40:32 [INFO] File uploaded: backup.zip
2025-07-25 23:23:02 [INFO] File uploaded: data.csv
2025-07-25 00:40:14 [ERROR] Service notification crashed
2025-07-25 16:31:25 [INFO] Scheduled backup completed successfully
2025-07-25 22:44:38 [INFO] User login successful for user: eve
2025-07-25 17:02:56 [WARNING] Disk space low: 588 remaining
2025-07-25 23:38:55 [INFO] Database connection established
2025-07-25 21:14:03 [WARNING] Failed login attempt for user: eve. Retrying...
2025-07-25 07:09:23 [WARNING] API response time exceeded threshold
2025-07-25 01:38:10 [INFO] Cache cleared successfully
2025-07-25 09:27:34 [INFO] Cache cleared successfully
2025-07-25 01:53:04 [INFO] Service auth started
2025-07-25 09:16:08 [WARNING] Second failed login attempt for user: eve. Next attempt will ERROR. Retrying...
2025-07-25 21:16:04 [ERROR] Email sending failed to recipient: user@gmail.com
2025-07-25 14:28:50 [INFO] File uploaded: backup.zip
2025-07-25 23:38:52 [WARNING] Configuration file deprecated: report.pdf
2025-07-25 09:03:44 [INFO] Scheduled backup completed successfully
2025-07-25 11:58:45 [INFO] File uploaded: config.yml
2025-07-25 05:22:21 [INFO] File uploaded: config.yml
2025-07-25 01:13:56 [ERROR] Email sending failed to recipient: support@amazon.com
2025-07-25 04:23:17 [INFO] Service notification started
2025-07-25 06:01:20 [ERROR] Deadlock detected in transaction ID 2717
2025-07-25 19:45:42 [WARNING] Configuration file deprecated: data.csv
2025-07-25 17:12:53 [WARNING] API response time exceeded threshold
2025-07-25 14:48:35 [INFO] Scheduled backup completed successfully
2025-07-25 06:10:52 [WARNING] High memory usage detected
2025-07-25 17:43:19 [INFO] Scheduled backup completed successfully
2025-07-25 01:05:42 [INFO] File uploaded: report.pdf
2025-07-25 23:10:12 [INFO] Database connection established
2025-07-25 00:44:00 [INFO] User login successful for user: charlie
2025-07-25 14:25:41 [INFO] Database connection established
2025-07-25 04:30:32 [DEBUG] Session token generated for user: eve
2025-07-25 01:21:11 [INFO] Scheduled backup completed successfully
2025-07-25 23:54:04 [ERROR] Deadlock detected in transaction ID 1333
2025-07-25 10:01:33 [INFO] File uploaded: backup.zip
2025-07-25 18:57:32 [INFO] Cache cleared successfully
2025-07-25 21:05:33 [INFO] Database connection established
2025-07-25 02:43:01 [INFO] File uploaded: backup.zip
2025-07-25 18:47:29 [INFO] Service auth started
2025-07-25 13:29:48 [ERROR] Service auth crashed
2025-07-25 08:11:05 [INFO] Scheduled backup completed successfully
2025-07-25 08:39:01 [INFO] Database connection established
2025-07-25 01:42:37 [INFO] User login successful for user: alice
2025-07-25 08:08:31 [INFO] Service payment started
2025-07-25 03:39:17 [INFO] File uploaded: data.csv
2025-07-25 06:20:08 [ERROR] Unhandled exception: NullPointerException
2025-07-25 08:01:58 [INFO] Database connection established
2025-07-25 18:07:21 [DEBUG] Variable x has value: 178
2025-07-25 15:56:41 [INFO] Service inventory started
2025-07-25 08:24:57 [WARNING] High memory usage detected
2025-07-25 21:16:49 [INFO] Service payment started
2025-07-25 12:38:33 [WARNING] Second failed login attempt for user: eve. Next attempt will ERROR. Retrying...
2025-07-25 09:12:17 [WARNING] Failed login attempt for user: alice. Retrying...
2025-07-25 05:46:24 [INFO] File uploaded: data.csv
2025-07-25 02:36:46 [ERROR] File write failed: backup.zip
2025-07-25 12:06:35 [INFO] Service auth started
2025-07-25 12:36:21 [INFO] File uploaded: config.yml
2025-07-25 14:00:35 [ERROR] Service inventory crashed
2025-07-25 16:17:32 [ERROR] Deadlock detected in transaction ID 1294
2025-07-25 17:19:04 [INFO] Database connection established
2025-07-25 06:50:23 [INFO] Scheduled backup completed successfully
2025-07-25 21:33:38 [INFO] Service notification started
2025-07-25 09:37:05 [INFO] Scheduled backup completed successfully
2025-07-25 14:32:27 [ERROR] Unhandled exception: FileNotFoundError
2025-07-25 21:23:17 [INFO] User login successful for user: diana
2025-07-25 06:59:47 [INFO] Database connection established
2025-07-25 10:49:24 [INFO] User login successful for user: charlie
2025-07-25 03:53:11 [WARNING] Slow query detected: execution time 833ms
2025-07-25 09:52:12 [ERROR] Database connection lost
2025-07-25 19:04:48 [ERROR] Email sending failed to recipient: admin@google.com
2025-07-25 08:17:18 [INFO] Cache cleared successfully
2025-07-25 07:24:47 [WARNING] Second failed login attempt for user: alice. Next attempt will ERROR. Retrying...
2025-07-25 11:06:38 [INFO] File uploaded: report.pdf
2025-07-25 15:44:32 [INFO] Database connection established
2025-07-25 07:10:34 [INFO] Cache cleared successfully
2025-07-25 09:40:26 [DEBUG] Variable x has value: 2194
2025-07-25 13:17:33 [WARNING] Second failed login attempt for user: alice. Next attempt will ERROR. Retrying...
2025-07-25 16:38:21 [INFO] File uploaded: data.csv
2025-07-25 03:25:32 [ERROR] Service notification crashed
2025-07-25 18:43:13 [INFO] File uploaded: backup.zip
2025-07-25 16:03:37 [WARNING] Slow query detected: execution time 3929ms
2025-07-25 20:41:43 [INFO] User login successful for user: charlie
2025-07-25 01:21:13 [INFO] File uploaded: backup.zip
2025-07-25 12:50:39 [WARNING] Failed login attempt for user: eve. Retrying...
2025-07-25 09:27:05 [INFO] File uploaded: data.csv
2025-07-25 02:33:41 [DEBUG] Session token generated for user: diana
2025-07-25 19:05:48 [ERROR] File write failed: data.csv
2025-07-25 22:24:41 [INFO] User login successful for user: diana
2025-07-25 12:52:53 [INFO] Scheduled backup completed successfully
2025-07-25 11:02:57 [INFO] Scheduled backup completed successfully
2025-07-25 02:25:09 [INFO] Service inventory started
2025-07-25 03:38:12 [DEBUG] Entering function process_payment with arguments: 3
2025-07-25 16:42:49 [WARNING] Second failed login attempt for user: bob. Next attempt will ERROR. Retrying...
2025-07-25 02:15:33 [ERROR] Deadlock detected in transaction ID 1940
2025-07-25 06:20:41 [INFO] User login successful for user: diana
2025-07-25 01:57:12 [INFO] Database connection established
2025-07-25 22:06:55 [ERROR] Email sending failed to recipient: user@gmail.com
2025-07-25 11:28:42 [WARNING] API response time exceeded threshold
2025-07-25 06:20:21 [INFO] Scheduled backup completed successfully
2025-07-25 10:35:33 [INFO] Cache cleared successfully
2025-07-25 21:45:48 [WARNING] High memory usage detected
2025-07-25 19:18:10 [INFO] Cache cleared successfully
2025-07-25 08:28:13 [INFO] Service notification started
2025-07-25 12:37:34 [ERROR] Service notification crashed
2025-07-25 06:15:37 [DEBUG] Variable x has value: 1451
2025-07-25 08:06:29 [INFO] File uploaded: report.pdf
2025-07-25 00:41:51 [INFO] Service auth started
2025-07-25 12:37:37 [WARNING] Disk space low: 3958 remaining
2025-07-25 10:21:05 [INFO] File uploaded: data.csv
2025-07-25 16:19:15 [INFO] File uploaded: config.yml
2025-07-25 07:18:11 [INFO] Cache cleared successfully
2025-07-25 05:08:55 [WARNING] Second failed login attempt for user: alice. Next attempt will ERROR. Retrying...
2025-07-25 05:16:16 [INFO] File uploaded: data.csv
2025-07-25 22:52:19 [INFO] File uploaded: data.csv
2025-07-25 16:31:48 [DEBUG] Variable x has value: 363
2025-07-25 13:24:43 [DEBUG] Temporary file created at: data.csv
2025-07-25 02:17:56 [ERROR] File write failed: backup.zip
2025-07-25 12:56:01 [ERROR] Deadlock detected in transaction ID 2113
2025-07-25 21:48:47 [ERROR] Service inventory crashed
2025-07-25 21:04:46 [INFO] File uploaded: data.csv
2025-07-25 11:26:38 [ERROR] Database connection lost
2025-07-25 07:06:36 [INFO] Scheduled backup completed successfully
2025-07-25 05:32:01 [INFO] Scheduled backup completed successfully
2025-07-25 13:34:09 [WARNING] High memory usage detected
2025-07-25 05:06:45 [INFO] Cache cleared successfully
2025-07-25 10:00:48 [ERROR] Deadlock detected in transaction ID 4127
2025-07-25 14:21:19 [ERROR] Service notification crashed
2025-07-25 15:42:41 [ERROR] Deadlock detected in transaction ID 1364
2025-07-25 12:01:11 [INFO] Scheduled backup completed successfully
2025-07-25 13:50:19 [INFO] File uploaded: backup.zip
2025-07-25 10:57:25 [ERROR] Database connection lost
2025-07-25 16:57:10 [ERROR] Email sending failed to recipient: user@gmail.com
2025-07-25 17:37:15 [INFO] File uploaded: report.pdf
2025-07-25 15:23:19 [INFO] Scheduled backup completed successfully
2025-07-25 11:59:21 [INFO] Scheduled backup completed successfully
2025-07-25 21:49:23 [INFO] File uploaded: report.pdf
2025-07-25 23:19:35 [INFO] User login successful for user: bob
2025-07-25 12:16:38 [WARNING] Disk space low: 2214 remaining
2025-07-25 04:06:53 [WARNING] Second failed login attempt for user: charlie. Next attempt will ERROR. Retrying...
2025-07-25 11:22:01 [ERROR] Unhandled exception: NullPointerException
2025-07-25 15:06:30 [ERROR] Database connection lost
2025-07-25 12:12:08 [WARNING] API response time exceeded threshold
2025-07-25 15:08:44 [INFO] Database connection established
2025-07-25 05:26:32 [INFO] User login successful for user: diana
2025-07-25 19:40:58 [INFO] File uploaded: report.pdf
2025-07-25 01:43:23 [INFO] Cache cleared successfully
2025-07-25 12:58:40 [INFO] File uploaded: config.yml
2025-07-25 15:53:09 [INFO] Cache cleared successfully
2025-07-25 04:52:22 [INFO] Database connection established
2025-07-25 07:54:37 [INFO] File uploaded: backup.zip
2025-07-25 17:02:22 [WARNING] Disk space low: 2073 remaining
2025-07-25 12:40:44 [DEBUG] Variable x has value: 2413
2025-07-25 16:11:34 [INFO] File uploaded: report.pdf
2025-07-25 14:43:18 [ERROR] Email sending failed to recipient: user@gmail.com
2025-07-25 16:00:29 [WARNING] Disk space low: 640 remaining
2025-07-25 07:23:04 [ERROR] Service notification crashed
2025-07-25 09:33:43 [DEBUG] Query executed: UPDATE orders SET status='shipped' WHERE id=42
2025-07-25 18:45:38 [INFO] User login successful for user: diana
2025-07-25 21:25:50 [WARNING] Configuration file deprecated: config.yml
2025-07-25 12:58:02 [WARNING] Failed login attempt for user: bob. Retrying...
2025-07-25 07:26:20 [DEBUG] Query executed: UPDATE orders SET status='shipped' WHERE id=42
2025-07-25 16:28:32 [INFO] Cache cleared successfully
2025-07-25 20:41:56 [INFO] File uploaded: data.csv
2025-07-25 18:36:30 [INFO] Service notification started
2025-07-25 04:52:02 [DEBUG] Session token generated for user: charlie
2025-07-25 11:18:04 [INFO] File uploaded: data.csv
2025-07-25 08:50:13 [INFO] User login successful for user: bob
2025-07-25 21:07:39 [INFO] Service notification started
2025-07-25 03:52:13 [WARNING] API response time exceeded threshold
2025-07-25 10:27:15 [ERROR] Email sending failed to recipient: support@amazon.com
2025-07-25 13:06:50 [INFO] Database connection established
2025-07-25 15:05:05 [INFO] File uploaded: report.pdf
2025-07-25 21:15:59 [WARNING] Slow query detected: execution time 2591ms
2025-07-25 10:27:16 [WARNING] Second failed login attempt for user: alice. Next attempt will ERROR. Retrying...
2025-07-25 00:52:11 [INFO] User login successful for user: alice
2025-07-25 02:48:02 [INFO] Cache cleared successfully
2025-07-25 18:58:22 [INFO] User login successful for user: eve
2025-07-25 17:54:30 [ERROR] Database connection lost
2025-07-25 22:28:18 [WARNING] Failed login attempt for user: alice. Retrying...
2025-07-25 07:45:58 [INFO] Service inventory started
2025-07-25 09:50:55 [ERROR] File write failed: data.csv
2025-07-25 19:31:43 [INFO] File uploaded: report.pdf
2025-07-25 02:42:06 [DEBUG] Entering function generate_report with arguments: 9
2025-07-25 14:22:47 [INFO] File uploaded: data.csv
2025-07-25 22:04:38 [DEBUG] Temporary file created at: config.yml
2025-07-25 17:05:56 [INFO] Service notification started
2025-07-25 15:37:06 [WARNING] Disk space low: 2486 remaining
2025-07-25 20:20:27 [INFO] File uploaded: report.pdf
2025-07-25 07:07:18 [WARNING] API response time exceeded threshold
2025-07-25 14:48:29 [INFO] Service payment started
2025-07-25 10:13:32 [ERROR] Email sending failed to recipient: admin@google.com
2025-07-25 18:38:40 [WARNING] High memory usage detected
2025-07-25 00:26:09 [WARNING] Configuration file deprecated: data.csv
2025-07-25 05:50:05 [ERROR] Deadlock detected in transaction ID 1112
2025-07-25 16:25:11 [WARNING] Disk space low: 4305 remaining
2025-07-25 00:18:21 [ERROR] Deadlock detected in transaction ID 3099
2025-07-25 00:05:35 [ERROR] Deadlock detected in transaction ID 645
2025-07-25 11:53:30 [INFO] Cache cleared successfully
2025-07-25 03:53:37 [ERROR] Unhandled exception: NullPointerException
2025-07-25 16:52:04 [WARNING] API response time exceeded threshold
2025-07-25 12:46:42 [INFO] Scheduled backup completed successfully
2025-07-25 20:25:30 [INFO] Service notification started
2025-07-25 02:56:38 [DEBUG] Session token generated for user: bob
2025-07-25 12:35:07 [INFO] Service payment started
2025-07-25 22:54:19 [WARNING] Configuration file deprecated: backup.zip
2025-07-25 18:14:58 [INFO] File uploaded: report.pdf
2025-07-25 03:18:47 [INFO] Service auth started
2025-07-25 15:30:41 [INFO] Scheduled backup completed successfully
2025-07-25 15:36:40 [WARNING] API response time exceeded threshold
2025-07-25 00:10:38 [ERROR] File write failed: report.pdf
2025-07-25 18:29:03 [INFO] File uploaded: config.yml
2025-07-25 02:28:20 [INFO] Scheduled backup completed successfully
2025-07-25 03:38:34 [INFO] Cache cleared successfully
2025-07-25 09:42:09 [WARNING] Configuration file deprecated: data.csv
2025-07-25 05:36:48 [INFO] Cache cleared successfully
2025-07-25 21:22:08 [WARNING] Slow query detected: execution time 295ms
2025-07-25 09:27:12 [WARNING] Slow query detected: execution time 4937ms
2025-07-25 19:38:44 [WARNING] Failed login attempt for user: alice. Retrying...
2025-07-25 23:23:56 [INFO] Service auth started
2025-07-25 12:39:24 [INFO] Service auth started
2025-07-25 06:40:44 [WARNING] Disk space low: 4741 remaining
2025-07-25 14:31:13 [ERROR] Service auth crashed
2025-07-25 11:42:14 [DEBUG] Entering function process_payment with arguments: 7
2025-07-25 19:15:30 [INFO] Database connection established
2025-07-25 01:37:01 [ERROR] File write failed: config.yml
2025-07-25 09:11:17 [INFO] Cache cleared successfully
2025-07-25 12:07:30 [INFO] Database connection established
2025-07-25 11:43:34 [INFO] Scheduled backup completed successfully
2025-07-25 14:08:45 [WARNING] Failed login attempt for user: alice. Retrying...
2025-07-25 17:21:16 [INFO] Service notification started
2025-07-25 08:41:29 [INFO] Cache cleared successfully
2025-07-25 19:19:38 [ERROR] File write failed: data.csv
2025-07-25 08:20:29 [WARNING] Configuration file deprecated: backup.zip
2025-07-25 12:05:48 [WARNING] Slow query detected: execution time 1643ms
2025-07-25 01:43:53 [INFO] Service inventory started
2025-07-25 22:40:35 [ERROR] Service inventory crashed
2025-07-25 16:23:32 [INFO] User login successful for user: eve
2025-07-25 15:08:57 [ERROR] Database connection lost
2025-07-25 06:46:22 [DEBUG] Variable x has value: 341
2025-07-25 22:25:04 [WARNING] Slow query detected: execution time 2600ms
2025-07-25 01:24:16 [ERROR] Email sending failed to recipient: user@gmail.com
2025-07-25 01:27:38 [INFO] Database connection established
2025-07-25 13:21:16 [WARNING] Disk space low: 4547 remaining
2025-07-25 11:57:57 [INFO] Service payment started
2025-07-25 03:47:57 [INFO] Database connection established
2025-07-25 03:56:24 [ERROR] Email sending failed to recipient: support@amazon.com
2025-07-25 19:48:28 [INFO] User login successful for user: charlie
2025-07-25 06:30:53 [ERROR] File write failed: backup.zip
2025-07-25 18:49:54 [WARNING] Second failed login attempt for user: diana. Next attempt will ERROR. Retrying...
2025-07-25 01:24:54 [ERROR] Database connection lost
2025-07-25 20:00:40 [ERROR] Service auth crashed
2025-07-25 03:27:43 [WARNING] Slow query detected: execution time 4119ms
2025-07-25 11:31:03 [INFO] Cache cleared successfully
2025-07-25 12:21:11 [DEBUG] Temporary file created at: report.pdf
2025-07-25 13:56:26 [INFO] File uploaded: data.csv
2025-07-25 05:32:31 [ERROR] Email sending failed to recipient: admin@google.com
2025-07-25 12:32:36 [INFO] File uploaded: data.csv
2025-07-25 20:33:30 [WARNING] Configuration file deprecated: data.csv
2025-07-25 11:21:22 [INFO] Database connection established
2025-07-25 22:14:28 [INFO] User login successful for user: eve
2025-07-25 22:40:03 [INFO] Service inventory started
2025-07-25 09:05:52 [INFO] Database connection established
2025-07-25 18:19:59 [INFO] Database connection established
2025-07-25 05:35:48 [ERROR] File write failed: config.yml
2025-07-25 22:31:17 [INFO] File uploaded: data.csv
2025-07-25 20:43:44 [INFO] File uploaded: backup.zip
2025-07-25 09:28:07 [INFO] Cache cleared successfully
2025-07-25 22:39:01 [INFO] User login successful for user: bob
2025-07-25 04:08:16 [INFO] Scheduled backup completed successfully
2025-07-25 00:50:40 [ERROR] Service inventory crashed
2025-07-25 09:15:55 [INFO] File uploaded: data.csv
2025-07-25 07:41:23 [INFO] Database connection established
2025-07-25 05:23:28 [INFO] File uploaded: data.csv
2025-07-25 00:58:28 [ERROR] Unhandled exception: FileNotFoundError
2025-07-25 21:11:46 [INFO] File uploaded: data.csv
2025-07-25 14:11:55 [WARNING] API response time exceeded threshold
2025-07-25 03:33:07 [INFO] Database connection established
2025-07-25 19:02:01 [ERROR] Database connection lost
2025-07-25 04:27:31 [WARNING] Disk space low: 4678 remaining
2025-07-25 05:50:14 [ERROR] Unhandled exception: NullPointerException
2025-07-25 18:51:27 [ERROR] Unhandled exception: TimeoutError
2025-07-25 06:39:23 [INFO] Cache cleared successfully
2025-07-25 14:22:35 [ERROR] File write failed: data.csv
2025-07-25 18:55:57 [INFO] User login successful for user: eve
2025-07-25 23:42:03 [INFO] Scheduled backup completed successfully
2025-07-25 12:40:49 [WARNING] Failed login attempt for user: bob. Retrying...
2025-07-25 04:43:58 [DEBUG] Session token generated for user: bob
2025-07-25 08:21:34 [INFO] Service payment started
2025-07-25 13:27:11 [INFO] User login successful for user: alice
2025-07-25 03:40:42 [INFO] File uploaded: config.yml
2025-07-25 08:54:30 [ERROR] Email sending failed to recipient: support@amazon.com
2025-07-25 09:57:15 [INFO] File uploaded: backup.zip
2025-07-25 18:37:22 [INFO] Database connection established
2025-07-25 03:41:02 [INFO] Database connection established
2025-07-25 22:50:20 [WARNING] High memory usage detected
2025-07-25 18:22:17 [WARNING] Configuration file deprecated: config.yml
2025-07-25 14:07:14 [ERROR] Unhandled exception: NullPointerException
2025-07-25 09:56:08 [INFO] User login successful for user: diana
2025-07-25 03:25:53 [ERROR] Database connection lost
2025-07-25 12:14:16 [INFO] User login successful for user: diana
2025-07-25 05:29:41 [INFO] Service inventory started
2025-07-25 09:41:10 [INFO] Scheduled backup completed successfully
2025-07-25 02:48:54 [INFO] File uploaded: backup.zip
2025-07-25 23:44:38 [WARNING] API response time exceeded threshold
2025-07-25 07:05:15 [INFO] Cache cleared successfully
2025-07-25 23:40:23 [WARNING] Configuration file deprecated: config.yml
2025-07-25 23:04:03 [ERROR] Unhandled exception: TimeoutError
2025-07-25 22:03:35 [INFO] Cache cleared successfully
2025-07-25 04:28:08 [INFO] User login successful for user: diana
2025-07-25 16:01:09 [INFO] Scheduled backup completed successfully
2025-07-25 14:22:55 [WARNING] High memory usage detected
2025-07-25 16:21:34 [ERROR] Unhandled exception: NullPointerException
2025-07-25 12:19:21 [WARNING] Slow query detected: execution time 2074ms
2025-07-25 14:25:29 [WARNING] API response time exceeded threshold
2025-07-25 02:33:45 [INFO] Database connection established
2025-07-25 23:09:57 [ERROR] Email sending failed to recipient: admin@google.com
2025-07-25 18:35:08 [INFO] File uploaded: data.csv
2025-07-25 18:08:20 [INFO] Service auth started
2025-07-25 08:17:51 [INFO] Cache cleared successfully
2025-07-25 08:23:33 [WARNING] API response time exceeded threshold
2025-07-25 17:50:29 [INFO] Cache cleared successfully
2025-07-25 16:18:56 [INFO] File uploaded: report.pdf
2025-07-25 19:20:49 [INFO] Cache cleared successfully
2025-07-25 04:32:12 [INFO] Database connection established
2025-07-25 10:40:59 [INFO] Database connection established
2025-07-25 16:11:35 [WARNING] Disk space low: 2713 remaining
2025-07-25 14:27:54 [WARNING] Disk space low: 4533 remaining
2025-07-25 19:54:38 [INFO] Cache cleared successfully
2025-07-25 21:33:43 [INFO] Cache cleared successfully
2025-07-25 20:36:14 [ERROR] Unhandled exception: FileNotFoundError
2025-07-25 09:43:39 [INFO] User login successful for user: eve
2025-07-25 21:44:35 [ERROR] Unhandled exception: FileNotFoundError
2025-07-25 08:40:37 [DEBUG] Session token generated for user: charlie
2025-07-25 13:59:19 [INFO] Database connection established
2025-07-25 08:44:17 [INFO] Scheduled backup completed successfully
2025-07-25 03:50:54 [ERROR] Email sending failed to recipient: admin@google.com
2025-07-25 00:27:39 [INFO] Scheduled backup completed successfully
2025-07-25 22:04:53 [INFO] User login successful for user: bob
2025-07-25 21:03:55 [INFO] File uploaded: data.csv
2025-07-25 11:58:15 [ERROR] File write failed: data.csv
2025-07-25 01:38:05 [DEBUG] Session token generated for user: alice
2025-07-25 10:05:13 [WARNING] Second failed login attempt for user: alice. Next attempt will ERROR. Retrying...
2025-07-25 17:57:35 [INFO] Scheduled backup completed successfully
2025-07-25 07:30:12 [WARNING] Configuration file deprecated: backup.zip
2025-07-25 08:23:39 [DEBUG] Query executed: SELECT * FROM users
2025-07-25 01:10:24 [INFO] Database connection established
2025-07-25 14:39:32 [ERROR] Service inventory crashed
2025-07-25 08:15:38 [WARNING] API response time exceeded threshold
2025-07-25 05:57:59 [INFO] File uploaded: config.yml
2025-07-25 12:56:22 [ERROR] Deadlock detected in transaction ID 2810
2025-07-25 23:42:06 [DEBUG] Temporary file created at: data.csv
2025-07-25 07:15:48 [INFO] Database connection established
2025-07-25 23:32:21 [INFO] File uploaded: config.yml
2025-07-25 04:53:43 [INFO] Cache cleared successfully
2025-07-25 14:11:06 [INFO] Scheduled backup completed successfully
2025-07-25 00:45:03 [INFO] Service payment started
2025-07-25 03:38:39 [ERROR] Email sending failed to recipient: admin@google.com
2025-07-25 12:33:09 [INFO] Scheduled backup completed successfully
2025-07-25 06:45:43 [INFO] File uploaded: report.pdf
2025-07-25 11:19:56 [WARNING] Disk space low: 3058 remaining
2025-07-25 23:14:20 [WARNING] Slow query detected: execution time 1387ms
2025-07-25 08:28:29 [INFO] User login successful for user: charlie
2025-07-25 23:33:09 [ERROR] Deadlock detected in transaction ID 4358
2025-07-25 03:07:36 [ERROR] Deadlock detected in transaction ID 2867
2025-07-25 09:21:56 [INFO] Cache cleared successfully
2025-07-25 16:06:19 [INFO] Service inventory started
2025-07-25 06:58:24 [INFO] Service notification started
2025-07-25 20:32:00 [INFO] Database connection established
2025-07-25 18:26:25 [WARNING] Configuration file deprecated: data.csv
2025-07-25 10:22:58 [INFO] User login successful for user: alice
2025-07-25 02:22:27 [INFO] Database connection established
2025-07-25 23:46:55 [INFO] Scheduled backup completed successfully
2025-07-25 00:37:05 [INFO] Scheduled backup completed successfully
2025-07-25 06:58:29 [INFO] Service inventory started
2025-07-25 20:12:51 [WARNING] Slow query detected: execution time 4105ms
2025-07-25 20:49:38 [INFO] File uploaded: data.csv
2025-07-25 10:48:44 [ERROR] Deadlock detected in transaction ID 3149
2025-07-25 07:40:13 [INFO] User login successful for user: charlie
2025-07-25 03:02:26 [INFO] User login successful for user: diana
2025-07-25 03:59:12 [INFO] Service inventory started
2025-07-25 04:49:52 [WARNING] Disk space low: 723 remaining
2025-07-25 15:35:07 [INFO] Scheduled backup completed successfully
2025-07-25 01:50:55 [INFO] Cache cleared successfully
2025-07-25 01:38:58 [ERROR] File write failed: config.yml
2025-07-25 15:18:11 [DEBUG] Entering function generate_report with arguments: 5
2025-07-25 16:10:09 [INFO] File uploaded: config.yml
2025-07-25 21:03:59 [INFO] File uploaded: report.pdf
2025-07-25 09:09:32 [INFO] User login successful for user: charlie
2025-07-25 21:19:53 [INFO] User login successful for user: eve
2025-07-25 12:18:53 [ERROR] Database connection lost
2025-07-25 16:00:27 [DEBUG] Entering function generate_report with arguments: 9
