2025-07-12 07:56:45 [ERROR] Unhandled exception: NullPointerException
2025-07-12 13:46:11 [DEBUG] Variable x has value: 3558
2025-07-12 11:13:16 [INFO] User login successful for user: diana
2025-07-12 13:42:19 [WARNING] Second failed login attempt for user: charlie. Next attempt will ERROR. Retrying...
2025-07-12 15:26:51 [INFO] Database connection established
2025-07-12 21:17:32 [INFO] Service notification started
2025-07-12 23:42:38 [WARNING] Configuration file deprecated: data.csv
2025-07-12 15:18:03 [INFO] User login successful for user: diana
2025-07-12 01:25:00 [DEBUG] Temporary file created at: report.pdf
2025-07-12 08:47:48 [INFO] Database connection established
2025-07-12 14:48:15 [WARNING] Failed login attempt for user: diana. Retrying...
2025-07-12 09:12:26 [WARNING] Failed login attempt for user: charlie. Retrying...
2025-07-12 08:01:01 [INFO] Service notification started
2025-07-12 14:58:18 [ERROR] Email sending failed to recipient: admin@google.com
2025-07-12 15:53:00 [INFO] Cache cleared successfully
2025-07-12 23:18:04 [WARNING] API response time exceeded threshold
2025-07-12 22:31:26 [DEBUG] Temporary file created at: config.yml
2025-07-12 23:33:21 [WARNING] Second failed login attempt for user: bob. Next attempt will ERROR. Retrying...
2025-07-12 03:13:45 [INFO] User login successful for user: diana
2025-07-12 09:25:22 [ERROR] File write failed: config.yml
2025-07-12 19:15:20 [INFO] Scheduled backup completed successfully
2025-07-12 21:09:34 [ERROR] Email sending failed to recipient: support@amazon.com
2025-07-12 12:19:41 [WARNING] API response time exceeded threshold
2025-07-12 08:25:45 [DEBUG] Temporary file created at: backup.zip
2025-07-12 21:01:26 [DEBUG] Variable x has value: 3828
2025-07-12 03:23:38 [INFO] Cache cleared successfully
2025-07-12 14:30:31 [INFO] Database connection established
2025-07-12 04:37:12 [INFO] Service notification started
2025-07-12 15:50:02 [ERROR] Unhandled exception: TimeoutError
2025-07-12 18:48:23 [ERROR] Deadlock detected in transaction ID 3793
2025-07-12 15:00:43 [INFO] File uploaded: data.csv
2025-07-12 02:06:42 [INFO] Database connection established
2025-07-12 07:13:17 [INFO] Service auth started
2025-07-12 13:04:23 [WARNING] Failed login attempt for user: bob. Retrying...
2025-07-12 07:29:03 [WARNING] Second failed login attempt for user: diana. Next attempt will ERROR. Retrying...
2025-07-12 18:32:32 [INFO] User login successful for user: charlie
2025-07-12 18:33:09 [ERROR] Email sending failed to recipient: support@amazon.com
2025-07-12 23:25:19 [INFO] Database connection established
2025-07-12 16:01:57 [INFO] Service payment started
2025-07-12 05:13:55 [ERROR] File write failed: config.yml
2025-07-12 11:59:39 [WARNING] API response time exceeded threshold
2025-07-12 18:44:39 [WARNING] Configuration file deprecated: data.csv
2025-07-12 00:50:21 [INFO] User login successful for user: alice
2025-07-12 22:52:00 [INFO] Cache cleared successfully
2025-07-12 04:42:46 [WARNING] Slow query detected: execution time 1522ms
2025-07-12 20:01:09 [INFO] File uploaded: report.pdf
2025-07-12 10:52:25 [ERROR] Deadlock detected in transaction ID 4642
2025-07-12 17:40:47 [WARNING] API response time exceeded threshold
2025-07-12 23:00:52 [WARNING] Slow query detected: execution time 4117ms
2025-07-12 22:40:06 [ERROR] Email sending failed to recipient: user@gmail.com
2025-07-12 20:32:29 [INFO] Service inventory started
2025-07-12 17:37:02 [WARNING] API response time exceeded threshold
2025-07-12 16:16:08 [INFO] Scheduled backup completed successfully
2025-07-12 20:33:32 [INFO] Database connection established
2025-07-12 19:17:12 [INFO] Scheduled backup completed successfully
2025-07-12 16:23:44 [WARNING] Configuration file deprecated: report.pdf
2025-07-12 03:24:36 [INFO] Service payment started
2025-07-12 04:16:30 [INFO] Database connection established
2025-07-12 21:55:57 [INFO] Cache cleared successfully
2025-07-12 00:34:56 [INFO] File uploaded: config.yml
2025-07-12 16:54:17 [INFO] User login successful for user: charlie
2025-07-12 00:30:10 [INFO] Cache cleared successfully
2025-07-12 13:58:53 [WARNING] API response time exceeded threshold
2025-07-12 08:28:15 [INFO] File uploaded: report.pdf
2025-07-12 06:19:22 [ERROR] Deadlock detected in transaction ID 2609
2025-07-12 06:11:05 [INFO] Cache cleared successfully
2025-07-12 07:28:47 [INFO] Scheduled backup completed successfully
2025-07-12 13:18:43 [INFO] Cache cleared successfully
2025-07-12 14:53:15 [WARNING] Failed login attempt for user: eve. Retrying...
2025-07-12 15:27:23 [INFO] Scheduled backup completed successfully
2025-07-12 05:04:55 [INFO] File uploaded: data.csv
2025-07-12 19:25:50 [INFO] Service inventory started
2025-07-12 18:21:26 [INFO] Database connection established
2025-07-12 15:04:51 [WARNING] Slow query detected: execution time 663ms
2025-07-12 01:04:10 [DEBUG] Variable x has value: 361
2025-07-12 16:53:00 [INFO] Scheduled backup completed successfully
2025-07-12 22:49:48 [INFO] Scheduled backup completed successfully
2025-07-12 01:42:13 [INFO] Database connection established
2025-07-12 00:39:35 [WARNING] Slow query detected: execution time 164ms
2025-07-12 08:33:43 [WARNING] Second failed login attempt for user: alice. Next attempt will ERROR. Retrying...
2025-07-12 21:30:01 [INFO] Scheduled backup completed successfully
2025-07-12 01:37:38 [DEBUG] Entering function generate_report with arguments: 3
2025-07-12 23:46:22 [INFO] Service notification started
2025-07-12 13:25:21 [INFO] Cache cleared successfully
2025-07-12 22:34:20 [INFO] Cache cleared successfully
2025-07-12 16:04:53 [INFO] Scheduled backup completed successfully
2025-07-12 03:41:15 [INFO] File uploaded: data.csv
2025-07-12 02:15:38 [INFO] Cache cleared successfully
2025-07-12 01:31:52 [ERROR] Email sending failed to recipient: user@gmail.com
2025-07-12 21:08:31 [INFO] Cache cleared successfully
2025-07-12 22:54:45 [INFO] File uploaded: backup.zip
2025-07-12 12:20:10 [INFO] Database connection established
2025-07-12 21:33:10 [INFO] Service payment started
2025-07-12 17:21:03 [INFO] Cache cleared successfully
2025-07-12 16:52:59 [INFO] File uploaded: report.pdf
2025-07-12 06:05:11 [ERROR] File write failed: data.csv
2025-07-12 21:13:48 [ERROR] Unhandled exception: FileNotFoundError
2025-07-12 00:42:05 [INFO] User login successful for user: eve
2025-07-12 16:03:04 [ERROR] Service auth crashed
2025-07-12 22:57:33 [INFO] User login successful for user: eve
2025-07-12 07:18:41 [ERROR] Email sending failed to recipient: admin@google.com
2025-07-12 21:13:44 [ERROR] Email sending failed to recipient: user@gmail.com
2025-07-12 14:01:03 [ERROR] File write failed: backup.zip
2025-07-12 16:12:12 [ERROR] File write failed: data.csv
2025-07-12 04:10:23 [INFO] Database connection established
2025-07-12 22:12:01 [ERROR] File write failed: report.pdf
2025-07-12 08:50:42 [INFO] Service inventory started
2025-07-12 17:52:19 [ERROR] File write failed: config.yml
2025-07-12 16:34:53 [INFO] Scheduled backup completed successfully
2025-07-12 08:47:55 [INFO] User login successful for user: diana
2025-07-12 18:09:15 [WARNING] Disk space low: 1833 remaining
2025-07-12 08:53:53 [INFO] Service inventory started
2025-07-12 08:14:50 [WARNING] Second failed login attempt for user: bob. Next attempt will ERROR. Retrying...
2025-07-12 16:58:26 [INFO] File uploaded: data.csv
2025-07-12 22:33:44 [INFO] Scheduled backup completed successfully
2025-07-12 12:13:24 [DEBUG] Variable x has value: 2963
2025-07-12 13:35:35 [INFO] Cache cleared successfully
2025-07-12 17:15:53 [INFO] File uploaded: report.pdf
2025-07-12 03:37:56 [WARNING] Configuration file deprecated: backup.zip
2025-07-12 21:40:12 [INFO] Cache cleared successfully
2025-07-12 19:30:54 [ERROR] Deadlock detected in transaction ID 2555
2025-07-12 11:53:55 [ERROR] Unhandled exception: NullPointerException
2025-07-12 09:03:16 [ERROR] File write failed: config.yml
2025-07-12 04:52:13 [INFO] File uploaded: backup.zip
2025-07-12 08:49:58 [INFO] File uploaded: report.pdf
2025-07-12 05:20:23 [ERROR] Deadlock detected in transaction ID 4156
2025-07-12 01:41:04 [INFO] Database connection established
2025-07-12 05:53:12 [INFO] User login successful for user: diana
2025-07-12 11:11:11 [WARNING] Slow query detected: execution time 114ms
2025-07-12 15:05:20 [INFO] Cache cleared successfully
2025-07-12 10:26:39 [INFO] Service notification started
2025-07-12 21:54:00 [ERROR] Unhandled exception: TimeoutError
2025-07-12 18:39:03 [INFO] User login successful for user: alice
2025-07-12 23:36:18 [INFO] Database connection established
2025-07-12 04:18:01 [WARNING] Failed login attempt for user: charlie. Retrying...
2025-07-12 12:07:29 [WARNING] Slow query detected: execution time 2299ms
2025-07-12 01:13:42 [INFO] User login successful for user: alice
2025-07-12 03:26:34 [WARNING] Configuration file deprecated: config.yml
2025-07-12 17:18:23 [WARNING] Disk space low: 4051 remaining
2025-07-12 07:21:37 [INFO] Cache cleared successfully
2025-07-12 10:42:14 [WARNING] Configuration file deprecated: config.yml
2025-07-12 21:57:51 [INFO] Cache cleared successfully
2025-07-12 06:28:24 [ERROR] File write failed: report.pdf
2025-07-12 09:27:01 [INFO] Database connection established
2025-07-12 04:58:11 [INFO] Database connection established
2025-07-12 01:08:22 [DEBUG] Entering function send_email with arguments: 7
2025-07-12 23:03:52 [INFO] Database connection established
2025-07-12 16:39:18 [ERROR] Deadlock detected in transaction ID 1411
2025-07-12 06:30:01 [INFO] File uploaded: data.csv
2025-07-12 05:23:39 [INFO] File uploaded: backup.zip
2025-07-12 02:04:08 [INFO] Scheduled backup completed successfully
2025-07-12 20:51:36 [INFO] Cache cleared successfully
2025-07-12 22:29:14 [INFO] Service inventory started
2025-07-12 13:00:17 [INFO] Cache cleared successfully
2025-07-12 14:34:06 [WARNING] API response time exceeded threshold
2025-07-12 09:00:12 [INFO] File uploaded: config.yml
2025-07-12 03:16:16 [INFO] Database connection established
2025-07-12 19:34:19 [INFO] Service payment started
2025-07-12 18:48:41 [INFO] Service payment started
2025-07-12 00:06:33 [INFO] Scheduled backup completed successfully
2025-07-12 10:57:51 [INFO] User login successful for user: diana
2025-07-12 23:19:56 [WARNING] Second failed login attempt for user: alice. Next attempt will ERROR. Retrying...
2025-07-12 22:54:42 [WARNING] Second failed login attempt for user: charlie. Next attempt will ERROR. Retrying...
2025-07-12 19:26:40 [INFO] User login successful for user: bob
2025-07-12 21:14:50 [ERROR] Database connection lost
2025-07-12 08:11:11 [INFO] User login successful for user: bob
2025-07-12 04:04:17 [DEBUG] Temporary file created at: report.pdf
2025-07-12 09:14:11 [INFO] Scheduled backup completed successfully
2025-07-12 10:23:44 [INFO] Scheduled backup completed successfully
2025-07-12 06:04:35 [WARNING] Disk space low: 2536 remaining
2025-07-12 21:49:12 [INFO] Database connection established
2025-07-12 21:45:37 [WARNING] High memory usage detected
2025-07-12 13:36:31 [INFO] User login successful for user: alice
2025-07-12 22:25:41 [WARNING] High memory usage detected
2025-07-12 23:17:47 [INFO] Cache cleared successfully
2025-07-12 17:30:34 [ERROR] Service inventory crashed
2025-07-12 07:27:37 [INFO] User login successful for user: charlie
2025-07-12 07:14:10 [DEBUG] Query executed: UPDATE orders SET status='shipped' WHERE id=42
2025-07-12 12:07:13 [INFO] User login successful for user: charlie
2025-07-12 21:26:59 [WARNING] Failed login attempt for user: eve. Retrying...
2025-07-12 06:17:11 [INFO] User login successful for user: eve
2025-07-12 09:55:25 [INFO] Service notification started
2025-07-12 08:58:33 [ERROR] Service notification crashed
2025-07-12 14:15:23 [WARNING] High memory usage detected
2025-07-12 04:07:50 [ERROR] Unhandled exception: TimeoutError
2025-07-12 22:58:03 [ERROR] Database connection lost
2025-07-12 18:28:06 [INFO] User login successful for user: eve
2025-07-12 13:13:58 [INFO] Service auth started
2025-07-12 08:41:41 [INFO] Service payment started
2025-07-12 18:14:02 [ERROR] Email sending failed to recipient: support@amazon.com
2025-07-12 18:09:29 [WARNING] Second failed login attempt for user: diana. Next attempt will ERROR. Retrying...
2025-07-12 16:13:31 [ERROR] Service inventory crashed
2025-07-12 19:23:40 [WARNING] API response time exceeded threshold
2025-07-12 00:45:36 [INFO] Database connection established
2025-07-12 05:18:15 [WARNING] High memory usage detected
2025-07-12 23:47:34 [ERROR] Email sending failed to recipient: user@gmail.com
2025-07-12 15:21:18 [INFO] Service notification started
2025-07-12 01:57:40 [INFO] Database connection established
2025-07-12 14:55:14 [INFO] Scheduled backup completed successfully
2025-07-12 23:52:43 [WARNING] Configuration file deprecated: backup.zip
2025-07-12 06:00:48 [WARNING] Disk space low: 3027 remaining
2025-07-12 19:29:24 [INFO] File uploaded: data.csv
2025-07-12 03:44:53 [WARNING] Failed login attempt for user: diana. Retrying...
2025-07-12 08:00:35 [INFO] User login successful for user: diana
2025-07-12 11:49:02 [INFO] Database connection established
2025-07-12 13:49:45 [INFO] Database connection established
2025-07-12 06:40:13 [INFO] User login successful for user: eve
2025-07-12 08:59:18 [INFO] Cache cleared successfully
2025-07-12 18:01:59 [ERROR] Database connection lost
2025-07-12 13:58:31 [INFO] Service auth started
2025-07-12 19:54:32 [INFO] User login successful for user: bob
2025-07-12 18:11:31 [WARNING] High memory usage detected
2025-07-12 01:20:12 [WARNING] Configuration file deprecated: config.yml
2025-07-12 21:43:08 [WARNING] Configuration file deprecated: backup.zip
2025-07-12 02:27:55 [WARNING] Configuration file deprecated: backup.zip
2025-07-12 11:36:52 [INFO] Cache cleared successfully
2025-07-12 16:30:21 [ERROR] Unhandled exception: TimeoutError
2025-07-12 17:27:16 [INFO] Database connection established
2025-07-12 04:41:26 [INFO] Cache cleared successfully
2025-07-12 16:05:09 [ERROR] Unhandled exception: NullPointerException
2025-07-12 18:16:48 [INFO] Cache cleared successfully
2025-07-12 09:19:00 [ERROR] Unhandled exception: NullPointerException
2025-07-12 03:06:42 [ERROR] Deadlock detected in transaction ID 4184
2025-07-12 21:16:14 [INFO] Service payment started
2025-07-12 16:23:14 [ERROR] Email sending failed to recipient: admin@google.com
2025-07-12 12:04:37 [INFO] Database connection established
2025-07-12 15:03:15 [ERROR] Deadlock detected in transaction ID 2345
2025-07-12 10:16:34 [INFO] Scheduled backup completed successfully
2025-07-12 17:49:55 [DEBUG] Session token generated for user: alice
2025-07-12 11:18:03 [INFO] Cache cleared successfully
2025-07-12 10:09:26 [INFO] User login successful for user: alice
2025-07-12 17:05:02 [INFO] Database connection established
2025-07-12 01:16:58 [DEBUG] Session token generated for user: diana
2025-07-12 23:46:00 [INFO] Cache cleared successfully
2025-07-12 14:52:08 [ERROR] Email sending failed to recipient: user@gmail.com
2025-07-12 12:30:52 [INFO] Scheduled backup completed successfully
2025-07-12 06:32:26 [INFO] Cache cleared successfully
2025-07-12 11:24:30 [INFO] User login successful for user: charlie
2025-07-12 11:10:39 [INFO] Scheduled backup completed successfully
2025-07-12 11:14:35 [INFO] Cache cleared successfully
2025-07-12 16:40:36 [INFO] User login successful for user: alice
2025-07-12 01:36:58 [INFO] File uploaded: backup.zip
2025-07-12 14:13:56 [WARNING] Failed login attempt for user: bob. Retrying...
2025-07-12 04:36:10 [INFO] Service payment started
2025-07-12 09:12:28 [WARNING] Failed login attempt for user: bob. Retrying...
2025-07-12 16:17:42 [ERROR] File write failed: report.pdf
2025-07-12 19:12:18 [ERROR] Database connection lost
2025-07-12 04:56:11 [INFO] Service payment started
2025-07-12 07:49:03 [DEBUG] Query executed: UPDATE orders SET status='shipped' WHERE id=42
2025-07-12 05:00:17 [INFO] Service payment started
2025-07-12 15:22:12 [INFO] File uploaded: report.pdf
2025-07-12 13:00:21 [INFO] Cache cleared successfully
2025-07-12 21:16:41 [INFO] Database connection established
2025-07-12 13:16:55 [INFO] User login successful for user: bob
2025-07-12 11:00:17 [INFO] Service auth started
2025-07-12 21:51:04 [INFO] File uploaded: backup.zip
2025-07-12 16:23:41 [INFO] Database connection established
2025-07-12 12:37:37 [INFO] File uploaded: backup.zip
2025-07-12 22:08:01 [INFO] User login successful for user: diana
2025-07-12 13:12:02 [INFO] Service payment started
2025-07-12 07:43:45 [INFO] Service payment started
2025-07-12 07:22:37 [INFO] Database connection established
2025-07-12 20:36:22 [INFO] Service notification started
2025-07-12 22:16:19 [INFO] Database connection established
2025-07-12 06:57:58 [ERROR] File write failed: config.yml
2025-07-12 14:23:53 [INFO] Service notification started
2025-07-12 12:50:19 [INFO] User login successful for user: diana
2025-07-12 00:13:32 [WARNING] Disk space low: 3248 remaining
2025-07-12 13:48:40 [DEBUG] Variable x has value: 2282
2025-07-12 13:24:39 [WARNING] Configuration file deprecated: backup.zip
2025-07-12 04:05:30 [WARNING] Second failed login attempt for user: diana. Next attempt will ERROR. Retrying...
2025-07-12 12:10:51 [WARNING] Disk space low: 4582 remaining
2025-07-12 16:00:12 [INFO] Cache cleared successfully
2025-07-12 22:37:01 [ERROR] Database connection lost
2025-07-12 01:01:08 [INFO] File uploaded: backup.zip
2025-07-12 18:25:00 [ERROR] Service payment crashed
2025-07-12 12:36:47 [INFO] File uploaded: config.yml
2025-07-12 06:48:31 [INFO] Cache cleared successfully
2025-07-12 08:09:07 [WARNING] Failed login attempt for user: charlie. Retrying...
2025-07-12 04:48:35 [INFO] Cache cleared successfully
2025-07-12 17:47:40 [WARNING] Second failed login attempt for user: eve. Next attempt will ERROR. Retrying...
2025-07-12 01:24:10 [WARNING] API response time exceeded threshold
2025-07-12 12:05:25 [INFO] Scheduled backup completed successfully
2025-07-12 14:38:11 [INFO] Cache cleared successfully
2025-07-12 03:47:36 [ERROR] Database connection lost
2025-07-12 12:50:17 [INFO] Cache cleared successfully
2025-07-12 10:27:09 [WARNING] Failed login attempt for user: diana. Retrying...
2025-07-12 04:43:21 [WARNING] High memory usage detected
2025-07-12 02:50:57 [INFO] File uploaded: data.csv
2025-07-12 19:44:57 [WARNING] Configuration file deprecated: config.yml
2025-07-12 23:38:11 [WARNING] Disk space low: 2197 remaining
2025-07-12 16:13:13 [ERROR] File write failed: data.csv
2025-07-12 16:46:04 [INFO] User login successful for user: alice
2025-07-12 13:32:37 [INFO] File uploaded: config.yml
2025-07-12 03:56:00 [INFO] Service inventory started
2025-07-12 11:46:29 [INFO] User login successful for user: bob
2025-07-12 07:12:36 [INFO] Scheduled backup completed successfully
2025-07-12 20:43:51 [INFO] User login successful for user: charlie
2025-07-12 06:46:55 [INFO] Database connection established
2025-07-12 07:53:00 [ERROR] Database connection lost
2025-07-12 02:04:45 [INFO] Database connection established
2025-07-12 03:32:03 [ERROR] Database connection lost
2025-07-12 03:32:24 [INFO] Database connection established
2025-07-12 02:05:25 [WARNING] Second failed login attempt for user: eve. Next attempt will ERROR. Retrying...
2025-07-12 22:23:42 [INFO] Scheduled backup completed successfully
2025-07-12 04:38:15 [INFO] Service auth started
2025-07-12 07:49:46 [ERROR] Unhandled exception: NullPointerException
2025-07-12 17:43:13 [WARNING] Configuration file deprecated: backup.zip
2025-07-12 23:51:16 [WARNING] High memory usage detected
2025-07-12 12:44:43 [INFO] Cache cleared successfully
2025-07-12 09:16:30 [INFO] Database connection established
2025-07-12 19:29:52 [INFO] File uploaded: report.pdf
2025-07-12 04:59:17 [INFO] File uploaded: report.pdf
2025-07-12 09:40:08 [INFO] Database connection established
2025-07-12 12:05:47 [INFO] Scheduled backup completed successfully
2025-07-12 23:35:39 [INFO] Database connection established
2025-07-12 10:45:29 [INFO] Service inventory started
2025-07-12 02:09:37 [INFO] Service inventory started
2025-07-12 03:00:43 [INFO] Database connection established
2025-07-12 19:29:33 [WARNING] Second failed login attempt for user: bob. Next attempt will ERROR. Retrying...
2025-07-12 10:20:48 [INFO] User login successful for user: diana
2025-07-12 14:41:06 [INFO] Scheduled backup completed successfully
2025-07-12 16:56:14 [INFO] File uploaded: report.pdf
2025-07-12 19:01:47 [INFO] File uploaded: report.pdf
2025-07-12 22:42:06 [INFO] Service notification started
2025-07-12 04:22:23 [DEBUG] Query executed: UPDATE orders SET status='shipped' WHERE id=42
2025-07-12 01:38:53 [ERROR] Database connection lost
2025-07-12 14:13:19 [INFO] Service payment started
2025-07-12 06:14:58 [INFO] Scheduled backup completed successfully
2025-07-12 07:06:05 [ERROR] Service auth crashed
2025-07-12 15:47:54 [ERROR] File write failed: report.pdf
2025-07-12 22:19:01 [INFO] Cache cleared successfully
2025-07-12 02:15:06 [INFO] Service inventory started
2025-07-12 23:55:23 [INFO] Cache cleared successfully
2025-07-12 08:03:47 [INFO] Service auth started
2025-07-12 20:52:39 [INFO] Service payment started
2025-07-12 21:19:15 [WARNING] API response time exceeded threshold
2025-07-12 00:14:22 [WARNING] Failed login attempt for user: alice. Retrying...
2025-07-12 18:45:09 [INFO] Service payment started
2025-07-12 09:56:30 [ERROR] Deadlock detected in transaction ID 727
2025-07-12 09:13:49 [DEBUG] Entering function process_payment with arguments: 2
2025-07-12 02:33:40 [INFO] Cache cleared successfully
2025-07-12 05:11:05 [INFO] Scheduled backup completed successfully
2025-07-12 05:10:55 [INFO] Cache cleared successfully
2025-07-12 23:13:58 [INFO] Cache cleared successfully
2025-07-12 23:44:21 [INFO] User login successful for user: diana
2025-07-12 22:04:03 [DEBUG] Entering function generate_report with arguments: 2
2025-07-12 03:35:11 [WARNING] API response time exceeded threshold
2025-07-12 16:58:29 [INFO] Database connection established
2025-07-12 10:44:14 [INFO] File uploaded: data.csv
2025-07-12 18:18:48 [ERROR] File write failed: data.csv
2025-07-12 19:51:38 [INFO] Cache cleared successfully
2025-07-12 02:05:04 [WARNING] Disk space low: 65 remaining
2025-07-12 20:08:20 [INFO] Scheduled backup completed successfully
2025-07-12 21:09:14 [INFO] User login successful for user: alice
2025-07-12 15:11:52 [WARNING] Second failed login attempt for user: eve. Next attempt will ERROR. Retrying...
2025-07-12 18:01:47 [INFO] Scheduled backup completed successfully
2025-07-12 12:37:57 [INFO] User login successful for user: diana
2025-07-12 13:31:26 [INFO] Database connection established
2025-07-12 10:19:46 [INFO] Database connection established
2025-07-12 09:01:43 [ERROR] File write failed: data.csv
2025-07-12 14:41:05 [INFO] File uploaded: backup.zip
2025-07-12 05:32:35 [INFO] File uploaded: config.yml
2025-07-12 09:05:46 [ERROR] Email sending failed to recipient: admin@google.com
2025-07-12 17:07:37 [ERROR] Email sending failed to recipient: admin@google.com
2025-07-12 09:53:09 [WARNING] Failed login attempt for user: eve. Retrying...
2025-07-12 18:19:28 [WARNING] Configuration file deprecated: backup.zip
2025-07-12 17:29:37 [WARNING] Disk space low: 4821 remaining
2025-07-12 18:35:56 [INFO] User login successful for user: alice
2025-07-12 11:37:53 [INFO] File uploaded: report.pdf
2025-07-12 09:52:56 [INFO] Cache cleared successfully
2025-07-12 20:02:03 [INFO] Service inventory started
2025-07-12 00:42:55 [INFO] Cache cleared successfully
2025-07-12 18:18:05 [DEBUG] Session token generated for user: diana
2025-07-12 10:32:13 [INFO] Database connection established
2025-07-12 20:58:53 [INFO] File uploaded: backup.zip
2025-07-12 19:09:46 [INFO] Database connection established
2025-07-12 07:18:46 [DEBUG] Session token generated for user: bob
2025-07-12 23:34:02 [WARNING] Slow query detected: execution time 3186ms
2025-07-12 13:02:05 [INFO] File uploaded: config.yml
2025-07-12 18:31:09 [INFO] Scheduled backup completed successfully
2025-07-12 12:13:48 [INFO] File uploaded: backup.zip
2025-07-12 17:22:23 [INFO] Database connection established
2025-07-12 20:24:21 [INFO] File uploaded: report.pdf
2025-07-12 21:56:22 [INFO] Cache cleared successfully
2025-07-12 03:33:48 [INFO] File uploaded: backup.zip
2025-07-12 22:52:30 [INFO] Scheduled backup completed successfully
2025-07-12 14:17:22 [WARNING] Failed login attempt for user: bob. Retrying...
2025-07-12 23:41:59 [INFO] Service auth started
2025-07-12 04:40:13 [ERROR] Service auth crashed
2025-07-12 21:14:21 [WARNING] Failed login attempt for user: bob. Retrying...
2025-07-12 17:35:39 [INFO] User login successful for user: charlie
2025-07-12 12:04:52 [ERROR] Database connection lost
2025-07-12 12:36:59 [WARNING] Slow query detected: execution time 3112ms
2025-07-12 05:29:51 [ERROR] Unhandled exception: NullPointerException
2025-07-12 22:24:11 [INFO] Database connection established
2025-07-12 16:07:00 [DEBUG] Query executed: SELECT * FROM users
2025-07-12 06:23:09 [WARNING] Disk space low: 984 remaining
2025-07-12 05:48:31 [INFO] Database connection established
2025-07-12 07:51:01 [ERROR] Email sending failed to recipient: user@gmail.com
2025-07-12 04:42:33 [WARNING] Failed login attempt for user: eve. Retrying...
2025-07-12 01:38:58 [INFO] Scheduled backup completed successfully
2025-07-12 19:07:31 [ERROR] File write failed: data.csv
2025-07-12 15:48:01 [INFO] Database connection established
2025-07-12 12:30:27 [INFO] Cache cleared successfully
2025-07-12 19:20:08 [ERROR] Deadlock detected in transaction ID 4697
2025-07-12 03:35:12 [INFO] User login successful for user: bob
2025-07-12 02:11:00 [INFO] Database connection established
2025-07-12 11:43:42 [INFO] File uploaded: data.csv
2025-07-12 04:45:39 [INFO] Database connection established
2025-07-12 13:54:41 [WARNING] Slow query detected: execution time 2060ms
2025-07-12 05:04:44 [INFO] User login successful for user: charlie
2025-07-12 18:24:51 [INFO] Scheduled backup completed successfully
2025-07-12 13:33:50 [INFO] Database connection established
2025-07-12 08:28:03 [WARNING] API response time exceeded threshold
2025-07-12 04:12:09 [INFO] Service auth started
2025-07-12 13:04:15 [DEBUG] Entering function send_email with arguments: 4
2025-07-12 15:56:33 [WARNING] Slow query detected: execution time 984ms
2025-07-12 09:05:01 [WARNING] Second failed login attempt for user: charlie. Next attempt will ERROR. Retrying...
2025-07-12 22:37:43 [WARNING] Second failed login attempt for user: charlie. Next attempt will ERROR. Retrying...
2025-07-12 15:03:12 [INFO] Cache cleared successfully
2025-07-12 17:05:21 [INFO] Service inventory started
2025-07-12 22:20:47 [INFO] Service inventory started
2025-07-12 21:24:48 [INFO] User login successful for user: alice
2025-07-12 23:46:42 [INFO] Cache cleared successfully
2025-07-12 21:04:21 [DEBUG] Entering function send_email with arguments: 4
2025-07-12 06:05:11 [INFO] User login successful for user: alice
2025-07-12 05:36:23 [INFO] User login successful for user: bob
2025-07-12 21:20:35 [ERROR] Deadlock detected in transaction ID 170
2025-07-12 16:36:51 [WARNING] Configuration file deprecated: report.pdf
2025-07-12 05:54:12 [WARNING] Disk space low: 1208 remaining
2025-07-12 03:02:30 [INFO] User login successful for user: alice
2025-07-12 14:28:24 [INFO] Cache cleared successfully
2025-07-12 01:48:01 [ERROR] File write failed: backup.zip
2025-07-12 08:31:27 [WARNING] Second failed login attempt for user: charlie. Next attempt will ERROR. Retrying...
2025-07-12 22:18:04 [WARNING] Configuration file deprecated: data.csv
2025-07-12 21:33:53 [ERROR] Database connection lost
2025-07-12 19:55:20 [INFO] User login successful for user: bob
2025-07-12 03:07:33 [INFO] File uploaded: report.pdf
2025-07-12 13:29:42 [ERROR] Database connection lost
2025-07-12 08:31:08 [ERROR] Service inventory crashed
2025-07-12 20:31:15 [WARNING] Configuration file deprecated: report.pdf
2025-07-12 07:54:54 [WARNING] Second failed login attempt for user: diana. Next attempt will ERROR. Retrying...
2025-07-12 02:00:42 [INFO] User login successful for user: alice
2025-07-12 01:01:25 [ERROR] File write failed: report.pdf
2025-07-12 12:39:36 [WARNING] Slow query detected: execution time 3885ms
2025-07-12 06:18:26 [INFO] Cache cleared successfully
2025-07-12 17:50:20 [INFO] Database connection established
2025-07-12 04:06:42 [INFO] Scheduled backup completed successfully
2025-07-12 03:21:31 [ERROR] Database connection lost
2025-07-12 10:34:20 [ERROR] Database connection lost
2025-07-12 12:06:26 [INFO] File uploaded: report.pdf
2025-07-12 23:22:03 [INFO] Cache cleared successfully
2025-07-12 23:03:54 [INFO] User login successful for user: bob
2025-07-12 08:40:50 [ERROR] Deadlock detected in transaction ID 1043
2025-07-12 17:04:18 [INFO] Cache cleared successfully
2025-07-12 13:39:12 [INFO] Database connection established
2025-07-12 17:26:23 [INFO] Cache cleared successfully
2025-07-12 01:20:49 [WARNING] Slow query detected: execution time 4423ms
2025-07-12 04:58:38 [ERROR] Unhandled exception: TimeoutError
2025-07-12 10:26:51 [INFO] Service notification started
2025-07-12 21:33:42 [INFO] Database connection established
2025-07-12 03:27:48 [INFO] User login successful for user: bob
2025-07-12 00:13:20 [INFO] Scheduled backup completed successfully
2025-07-12 03:37:45 [INFO] File uploaded: backup.zip
2025-07-12 06:06:50 [DEBUG] Query executed: UPDATE orders SET status='shipped' WHERE id=42
2025-07-12 13:02:29 [INFO] Scheduled backup completed successfully
2025-07-12 08:55:18 [WARNING] Configuration file deprecated: report.pdf
2025-07-12 11:04:53 [INFO] File uploaded: backup.zip
2025-07-12 09:07:36 [INFO] Cache cleared successfully
2025-07-12 17:24:35 [ERROR] Service auth crashed
2025-07-12 23:40:35 [INFO] Database connection established
2025-07-12 17:06:38 [DEBUG] Entering function process_payment with arguments: 1
2025-07-12 14:32:30 [INFO] User login successful for user: bob
2025-07-12 23:48:13 [WARNING] Second failed login attempt for user: diana. Next attempt will ERROR. Retrying...
2025-07-12 06:44:35 [INFO] User login successful for user: eve
2025-07-12 09:26:48 [INFO] Scheduled backup completed successfully
2025-07-12 16:26:24 [INFO] Cache cleared successfully
2025-07-12 12:44:34 [INFO] Cache cleared successfully
2025-07-12 02:04:32 [INFO] User login successful for user: alice
2025-07-12 12:56:25 [INFO] Database connection established
2025-07-12 08:00:59 [WARNING] API response time exceeded threshold
2025-07-12 14:38:37 [WARNING] Second failed login attempt for user: charlie. Next attempt will ERROR. Retrying...
2025-07-12 10:52:03 [INFO] Database connection established
2025-07-12 21:43:11 [WARNING] Slow query detected: execution time 2124ms
2025-07-12 22:27:38 [INFO] User login successful for user: charlie
2025-07-12 04:02:22 [INFO] Cache cleared successfully
2025-07-12 23:32:23 [ERROR] Email sending failed to recipient: user@gmail.com
2025-07-12 07:33:10 [INFO] Scheduled backup completed successfully
2025-07-12 06:34:09 [INFO] Service payment started
2025-07-12 21:20:28 [WARNING] Slow query detected: execution time 1794ms
2025-07-12 16:18:12 [WARNING] Disk space low: 3888 remaining
2025-07-12 08:41:41 [ERROR] File write failed: report.pdf
2025-07-12 17:59:05 [DEBUG] Session token generated for user: eve
2025-07-12 12:20:07 [INFO] File uploaded: backup.zip
2025-07-12 04:55:16 [INFO] Service payment started
2025-07-12 03:27:36 [INFO] Service notification started
2025-07-12 16:07:21 [INFO] File uploaded: data.csv
2025-07-12 01:43:27 [INFO] Scheduled backup completed successfully
2025-07-12 15:38:25 [ERROR] File write failed: report.pdf
2025-07-12 10:26:49 [WARNING] Failed login attempt for user: alice. Retrying...
2025-07-12 06:04:54 [INFO] Service notification started
2025-07-12 04:51:04 [ERROR] Unhandled exception: TimeoutError
2025-07-12 15:45:50 [INFO] Scheduled backup completed successfully
2025-07-12 13:04:59 [ERROR] Unhandled exception: TimeoutError
2025-07-12 04:13:46 [INFO] User login successful for user: charlie
2025-07-12 16:08:09 [INFO] File uploaded: data.csv
2025-07-12 08:30:02 [WARNING] Second failed login attempt for user: charlie. Next attempt will ERROR. Retrying...
2025-07-12 02:57:02 [DEBUG] Variable x has value: 2329
2025-07-12 12:28:49 [INFO] File uploaded: data.csv
2025-07-12 13:05:54 [ERROR] File write failed: backup.zip
2025-07-12 00:57:08 [INFO] Database connection established
2025-07-12 13:41:59 [INFO] Database connection established
2025-07-12 02:39:32 [ERROR] File write failed: config.yml
2025-07-12 00:41:27 [INFO] Database connection established
2025-07-12 23:37:00 [INFO] Database connection established
2025-07-12 19:39:56 [INFO] Scheduled backup completed successfully
2025-07-12 05:56:13 [INFO] User login successful for user: charlie
2025-07-12 08:56:24 [WARNING] Slow query detected: execution time 3702ms
2025-07-12 10:08:16 [INFO] File uploaded: backup.zip
2025-07-12 21:45:23 [INFO] Database connection established
2025-07-12 19:33:44 [INFO] Scheduled backup completed successfully
2025-07-12 23:26:30 [INFO] Cache cleared successfully
2025-07-12 02:35:31 [WARNING] Disk space low: 1621 remaining
2025-07-12 03:01:04 [INFO] Cache cleared successfully
2025-07-12 23:04:21 [INFO] Service notification started
2025-07-12 00:01:09 [INFO] Cache cleared successfully
2025-07-12 12:38:52 [INFO] Cache cleared successfully
2025-07-12 15:33:44 [ERROR] File write failed: data.csv
2025-07-12 06:48:10 [INFO] File uploaded: config.yml
2025-07-12 11:31:59 [INFO] Scheduled backup completed successfully
2025-07-12 02:17:04 [INFO] User login successful for user: eve
2025-07-12 17:09:21 [INFO] Cache cleared successfully
2025-07-12 08:56:06 [INFO] File uploaded: data.csv
2025-07-12 13:18:11 [INFO] User login successful for user: alice
2025-07-12 23:42:02 [INFO] Cache cleared successfully
2025-07-12 02:42:19 [INFO] Database connection established
2025-07-12 02:51:09 [DEBUG] Query executed: SELECT * FROM users
2025-07-12 23:11:16 [ERROR] Database connection lost
2025-07-12 05:33:40 [INFO] User login successful for user: charlie
2025-07-12 04:00:28 [INFO] Cache cleared successfully
2025-07-12 17:44:26 [INFO] Cache cleared successfully
2025-07-12 11:40:03 [INFO] Scheduled backup completed successfully
2025-07-12 18:56:42 [INFO] Database connection established
2025-07-12 15:24:57 [WARNING] Slow query detected: execution time 3291ms
2025-07-12 04:21:46 [ERROR] File write failed: backup.zip
2025-07-12 15:49:51 [WARNING] High memory usage detected
2025-07-12 10:33:38 [INFO] Scheduled backup completed successfully
2025-07-12 23:01:33 [INFO] Service inventory started
2025-07-12 19:07:39 [INFO] Scheduled backup completed successfully
2025-07-12 06:46:47 [WARNING] High memory usage detected
2025-07-12 07:29:30 [INFO] File uploaded: backup.zip
2025-07-12 02:42:14 [INFO] Cache cleared successfully
2025-07-12 13:57:39 [ERROR] Database connection lost
2025-07-12 08:04:26 [ERROR] Deadlock detected in transaction ID 4289
2025-07-12 23:01:29 [WARNING] Failed login attempt for user: diana. Retrying...
2025-07-12 07:12:55 [INFO] Cache cleared successfully
2025-07-12 13:11:06 [WARNING] Slow query detected: execution time 3738ms
2025-07-12 14:05:21 [INFO] User login successful for user: bob
2025-07-12 08:21:14 [INFO] Cache cleared successfully
2025-07-12 20:27:40 [DEBUG] Temporary file created at: config.yml
2025-07-12 11:08:44 [WARNING] Configuration file deprecated: backup.zip
2025-07-12 09:47:00 [WARNING] Second failed login attempt for user: alice. Next attempt will ERROR. Retrying...
2025-07-12 23:51:24 [INFO] User login successful for user: diana
2025-07-12 21:18:42 [ERROR] Database connection lost
2025-07-12 14:03:25 [ERROR] Deadlock detected in transaction ID 3105
2025-07-12 19:47:14 [ERROR] Unhandled exception: NullPointerException
2025-07-12 07:22:27 [DEBUG] Variable x has value: 2580
2025-07-12 00:07:10 [WARNING] High memory usage detected
2025-07-12 13:38:12 [WARNING] High memory usage detected
2025-07-12 08:18:14 [ERROR] Service payment crashed
2025-07-12 01:18:47 [INFO] File uploaded: config.yml
2025-07-12 22:46:53 [INFO] Service notification started
2025-07-12 14:52:21 [INFO] Service inventory started
2025-07-12 01:07:07 [INFO] File uploaded: backup.zip
2025-07-12 17:12:51 [WARNING] High memory usage detected
2025-07-12 04:30:38 [WARNING] Slow query detected: execution time 2377ms
2025-07-12 23:49:23 [WARNING] Configuration file deprecated: report.pdf
2025-07-12 19:59:28 [INFO] Scheduled backup completed successfully
2025-07-12 21:07:51 [INFO] Scheduled backup completed successfully
2025-07-12 09:42:42 [INFO] File uploaded: report.pdf
2025-07-12 11:01:37 [ERROR] File write failed: data.csv
2025-07-12 19:49:59 [INFO] Database connection established
2025-07-12 18:16:41 [INFO] File uploaded: backup.zip
2025-07-12 16:33:17 [WARNING] Slow query detected: execution time 1262ms
2025-07-12 01:49:12 [INFO] Scheduled backup completed successfully
2025-07-12 21:50:24 [ERROR] Unhandled exception: TimeoutError
2025-07-12 10:35:02 [INFO] File uploaded: config.yml
2025-07-12 02:53:25 [DEBUG] Temporary file created at: backup.zip
2025-07-12 01:12:43 [WARNING] Second failed login attempt for user: charlie. Next attempt will ERROR. Retrying...
2025-07-12 06:33:28 [WARNING] Second failed login attempt for user: eve. Next attempt will ERROR. Retrying...
2025-07-12 13:43:30 [WARNING] Configuration file deprecated: report.pdf
2025-07-12 12:14:06 [ERROR] File write failed: report.pdf
2025-07-12 21:03:27 [INFO] User login successful for user: bob
2025-07-12 18:35:26 [ERROR] Database connection lost
2025-07-12 10:09:24 [WARNING] Second failed login attempt for user: bob. Next attempt will ERROR. Retrying...
2025-07-12 00:24:07 [WARNING] Second failed login attempt for user: diana. Next attempt will ERROR. Retrying...
2025-07-12 17:29:45 [INFO] Service auth started
2025-07-12 22:23:12 [INFO] File uploaded: backup.zip
2025-07-12 02:18:37 [INFO] User login successful for user: alice
2025-07-12 21:28:03 [INFO] Service auth started
2025-07-12 21:53:33 [INFO] Scheduled backup completed successfully
2025-07-12 01:08:51 [WARNING] Slow query detected: execution time 1177ms
2025-07-12 22:54:37 [INFO] Scheduled backup completed successfully
2025-07-12 00:33:30 [INFO] User login successful for user: alice
2025-07-12 21:39:42 [WARNING] Second failed login attempt for user: eve. Next attempt will ERROR. Retrying...
2025-07-12 15:45:18 [INFO] Scheduled backup completed successfully
2025-07-12 22:12:00 [INFO] User login successful for user: bob
2025-07-12 20:53:05 [INFO] Database connection established
2025-07-12 10:31:53 [INFO] User login successful for user: eve
2025-07-12 20:52:47 [ERROR] Unhandled exception: TimeoutError
2025-07-12 20:11:55 [INFO] Cache cleared successfully
2025-07-12 19:45:18 [WARNING] API response time exceeded threshold
2025-07-12 07:24:21 [INFO] File uploaded: backup.zip
2025-07-12 01:34:22 [INFO] User login successful for user: eve
2025-07-12 09:04:30 [INFO] Cache cleared successfully
2025-07-12 07:51:46 [ERROR] Email sending failed to recipient: support@amazon.com
2025-07-12 03:03:27 [INFO] Database connection established
2025-07-12 23:52:19 [WARNING] API response time exceeded threshold
2025-07-12 01:15:35 [ERROR] Database connection lost
2025-07-12 13:11:40 [INFO] Scheduled backup completed successfully
2025-07-12 10:56:11 [WARNING] Second failed login attempt for user: eve. Next attempt will ERROR. Retrying...
2025-07-12 10:36:16 [INFO] Service inventory started
2025-07-12 08:59:59 [INFO] File uploaded: config.yml
2025-07-12 14:02:35 [INFO] Database connection established
2025-07-12 10:19:55 [INFO] Database connection established
2025-07-12 15:52:40 [ERROR] Unhandled exception: TimeoutError
2025-07-12 16:46:58 [INFO] Service notification started
2025-07-12 17:32:28 [INFO] User login successful for user: eve
2025-07-12 14:30:27 [INFO] Cache cleared successfully
2025-07-12 06:08:35 [INFO] Service inventory started
2025-07-12 22:46:00 [INFO] File uploaded: data.csv
2025-07-12 23:26:54 [INFO] Scheduled backup completed successfully
2025-07-12 13:04:54 [WARNING] Second failed login attempt for user: bob. Next attempt will ERROR. Retrying...
2025-07-12 13:17:49 [WARNING] Failed login attempt for user: bob. Retrying...
2025-07-12 20:09:05 [INFO] Cache cleared successfully
2025-07-12 06:39:24 [ERROR] Unhandled exception: NullPointerException
2025-07-12 15:18:29 [INFO] User login successful for user: charlie
2025-07-12 11:58:35 [INFO] User login successful for user: charlie
2025-07-12 16:28:31 [INFO] User login successful for user: alice
2025-07-12 23:40:56 [ERROR] Service notification crashed
2025-07-12 08:11:49 [INFO] User login successful for user: alice
2025-07-12 22:17:41 [INFO] User login successful for user: bob
2025-07-12 11:40:07 [INFO] User login successful for user: eve
2025-07-12 17:48:37 [WARNING] Disk space low: 2354 remaining
2025-07-12 15:25:28 [INFO] Cache cleared successfully
2025-07-12 20:53:41 [ERROR] Deadlock detected in transaction ID 1968
2025-07-12 14:26:46 [ERROR] Service inventory crashed
2025-07-12 19:05:31 [INFO] Cache cleared successfully
2025-07-12 11:23:53 [INFO] User login successful for user: charlie
2025-07-12 05:49:26 [INFO] Scheduled backup completed successfully
2025-07-12 16:30:18 [WARNING] Configuration file deprecated: config.yml
2025-07-12 02:04:02 [INFO] Cache cleared successfully
2025-07-12 05:02:34 [INFO] Cache cleared successfully
2025-07-12 03:10:42 [INFO] Cache cleared successfully
2025-07-12 04:13:47 [WARNING] API response time exceeded threshold
2025-07-12 17:49:39 [INFO] Cache cleared successfully
2025-07-12 00:29:42 [ERROR] Database connection lost
2025-07-12 13:00:44 [ERROR] Deadlock detected in transaction ID 1039
2025-07-12 00:30:19 [INFO] Scheduled backup completed successfully
2025-07-12 16:13:51 [INFO] Scheduled backup completed successfully
2025-07-12 04:35:07 [INFO] Cache cleared successfully
2025-07-12 18:07:26 [DEBUG] Temporary file created at: backup.zip
2025-07-12 12:06:26 [INFO] Service inventory started
2025-07-12 12:32:16 [DEBUG] Entering function process_payment with arguments: 5
2025-07-12 15:41:57 [WARNING] Disk space low: 4168 remaining
2025-07-12 11:58:17 [DEBUG] Temporary file created at: data.csv
2025-07-12 20:20:11 [INFO] File uploaded: report.pdf
2025-07-12 21:21:16 [INFO] Database connection established
2025-07-12 14:12:34 [INFO] Cache cleared successfully
2025-07-12 03:10:22 [INFO] Scheduled backup completed successfully
2025-07-12 10:50:56 [INFO] Service auth started
2025-07-12 11:33:52 [INFO] Database connection established
2025-07-12 15:23:26 [INFO] File uploaded: backup.zip
2025-07-12 09:32:44 [INFO] File uploaded: report.pdf
2025-07-12 05:24:59 [INFO] Cache cleared successfully
2025-07-12 14:34:17 [INFO] Service notification started
2025-07-12 08:45:44 [WARNING] High memory usage detected
2025-07-12 05:45:19 [INFO] User login successful for user: charlie
2025-07-12 14:14:39 [INFO] Database connection established
2025-07-12 11:21:13 [DEBUG] Entering function process_payment with arguments: 1
2025-07-12 08:46:16 [ERROR] Deadlock detected in transaction ID 2912
2025-07-12 08:15:07 [ERROR] Unhandled exception: FileNotFoundError
2025-07-12 04:20:03 [ERROR] File write failed: data.csv
2025-07-12 12:23:50 [INFO] User login successful for user: alice
2025-07-12 13:18:40 [INFO] Cache cleared successfully
2025-07-12 21:37:24 [WARNING] API response time exceeded threshold
2025-07-12 17:06:48 [ERROR] Database connection lost
2025-07-12 09:20:05 [INFO] Scheduled backup completed successfully
2025-07-12 08:41:32 [INFO] Database connection established
2025-07-12 14:37:29 [WARNING] Slow query detected: execution time 4545ms
2025-07-12 15:26:33 [ERROR] File write failed: report.pdf
2025-07-12 16:32:50 [INFO] Scheduled backup completed successfully
2025-07-12 19:37:45 [INFO] Database connection established
2025-07-12 03:07:51 [ERROR] Email sending failed to recipient: support@amazon.com
2025-07-12 16:33:04 [DEBUG] Session token generated for user: diana
2025-07-12 01:11:33 [INFO] Database connection established
2025-07-12 23:51:53 [INFO] Cache cleared successfully
2025-07-12 04:54:09 [INFO] User login successful for user: diana
2025-07-12 02:53:49 [INFO] Database connection established
2025-07-12 07:13:11 [INFO] User login successful for user: diana
2025-07-12 22:26:28 [INFO] Database connection established
2025-07-12 13:19:07 [WARNING] API response time exceeded threshold
2025-07-12 18:28:14 [INFO] Scheduled backup completed successfully
2025-07-12 19:46:44 [INFO] Scheduled backup completed successfully
2025-07-12 15:58:30 [ERROR] Email sending failed to recipient: admin@google.com
2025-07-12 09:59:15 [INFO] Cache cleared successfully
2025-07-12 15:44:13 [INFO] File uploaded: data.csv
2025-07-12 15:19:43 [ERROR] Database connection lost
2025-07-12 14:55:17 [ERROR] Database connection lost
2025-07-12 17:53:35 [INFO] Service inventory started
2025-07-12 16:15:39 [WARNING] Configuration file deprecated: config.yml
2025-07-12 04:28:26 [WARNING] API response time exceeded threshold
2025-07-12 23:41:58 [INFO] Scheduled backup completed successfully
2025-07-12 01:30:16 [INFO] User login successful for user: diana
2025-07-12 05:56:52 [ERROR] Email sending failed to recipient: user@gmail.com
2025-07-12 11:21:42 [INFO] Scheduled backup completed successfully
2025-07-12 05:49:18 [INFO] Service auth started
2025-07-12 07:05:18 [INFO] Cache cleared successfully
2025-07-12 07:21:23 [INFO] Scheduled backup completed successfully
2025-07-12 00:09:25 [ERROR] Deadlock detected in transaction ID 426
2025-07-12 12:11:28 [INFO] Service payment started
2025-07-12 05:48:15 [INFO] Service notification started
2025-07-12 07:59:06 [INFO] Cache cleared successfully
2025-07-12 04:16:00 [WARNING] Configuration file deprecated: data.csv
2025-07-12 11:59:08 [INFO] Service inventory started
2025-07-12 14:53:09 [INFO] User login successful for user: diana
2025-07-12 10:46:52 [INFO] Cache cleared successfully
2025-07-12 06:55:37 [INFO] File uploaded: config.yml
2025-07-12 03:16:13 [WARNING] Configuration file deprecated: data.csv
2025-07-12 22:23:12 [WARNING] Configuration file deprecated: data.csv
2025-07-12 02:26:33 [WARNING] Configuration file deprecated: data.csv
2025-07-12 20:15:07 [INFO] Service inventory started
2025-07-12 01:26:56 [INFO] Scheduled backup completed successfully
2025-07-12 20:23:04 [INFO] User login successful for user: bob
2025-07-12 23:45:34 [WARNING] High memory usage detected
2025-07-12 20:00:47 [INFO] Database connection established
2025-07-12 21:23:34 [INFO] File uploaded: config.yml
2025-07-12 12:45:24 [ERROR] Email sending failed to recipient: user@gmail.com
2025-07-12 09:11:45 [INFO] Database connection established
2025-07-12 11:25:45 [INFO] Cache cleared successfully
2025-07-12 06:12:42 [INFO] Database connection established
2025-07-12 13:09:04 [ERROR] Deadlock detected in transaction ID 2523
2025-07-12 00:05:19 [INFO] Cache cleared successfully
2025-07-12 16:58:37 [WARNING] API response time exceeded threshold
2025-07-12 21:58:35 [INFO] User login successful for user: charlie
2025-07-12 02:35:20 [INFO] Scheduled backup completed successfully
2025-07-12 08:57:23 [ERROR] Deadlock detected in transaction ID 4630
2025-07-12 21:48:44 [INFO] Service inventory started
2025-07-12 15:59:26 [INFO] File uploaded: config.yml
2025-07-12 05:59:25 [WARNING] High memory usage detected
2025-07-12 10:44:15 [WARNING] API response time exceeded threshold
2025-07-12 04:06:08 [INFO] Service inventory started
2025-07-12 11:45:51 [INFO] File uploaded: backup.zip
2025-07-12 17:46:15 [DEBUG] Temporary file created at: data.csv
2025-07-12 04:08:45 [INFO] Scheduled backup completed successfully
2025-07-12 20:08:57 [INFO] File uploaded: config.yml
2025-07-12 08:59:37 [INFO] Cache cleared successfully
2025-07-12 14:35:11 [WARNING] Failed login attempt for user: alice. Retrying...
2025-07-12 03:21:28 [INFO] Cache cleared successfully
2025-07-12 06:18:57 [INFO] Cache cleared successfully
2025-07-12 04:22:46 [INFO] User login successful for user: eve
2025-07-12 11:38:01 [WARNING] API response time exceeded threshold
2025-07-12 01:00:59 [INFO] User login successful for user: alice
2025-07-12 11:10:02 [INFO] Database connection established
2025-07-12 23:35:59 [INFO] User login successful for user: diana
2025-07-12 04:54:55 [WARNING] High memory usage detected
2025-07-12 18:35:59 [INFO] User login successful for user: eve
2025-07-12 00:38:46 [INFO] Cache cleared successfully
2025-07-12 18:58:43 [ERROR] Database connection lost
2025-07-12 20:01:23 [DEBUG] Query executed: SELECT * FROM users
2025-07-12 12:26:56 [INFO] Scheduled backup completed successfully
2025-07-12 03:05:04 [INFO] Service auth started
2025-07-12 09:08:05 [WARNING] Failed login attempt for user: charlie. Retrying...
2025-07-12 12:11:36 [INFO] Scheduled backup completed successfully
2025-07-12 09:40:39 [INFO] Scheduled backup completed successfully
2025-07-12 08:44:46 [WARNING] Failed login attempt for user: bob. Retrying...
2025-07-12 10:22:22 [ERROR] File write failed: backup.zip
2025-07-12 00:20:46 [INFO] Database connection established
2025-07-12 04:43:59 [WARNING] API response time exceeded threshold
2025-07-12 16:59:11 [INFO] File uploaded: data.csv
2025-07-12 08:16:57 [ERROR] Unhandled exception: FileNotFoundError
2025-07-12 20:11:47 [INFO] Cache cleared successfully
2025-07-12 01:05:42 [INFO] Service notification started
2025-07-12 20:08:11 [WARNING] Slow query detected: execution time 2972ms
2025-07-12 01:55:56 [WARNING] API response time exceeded threshold
2025-07-12 10:55:26 [INFO] User login successful for user: alice
2025-07-12 17:49:14 [ERROR] Email sending failed to recipient: user@gmail.com
2025-07-12 06:41:58 [INFO] User login successful for user: bob
2025-07-12 12:31:25 [INFO] Service auth started
2025-07-12 04:44:46 [INFO] Cache cleared successfully
2025-07-12 23:14:33 [ERROR] Unhandled exception: TimeoutError
2025-07-12 00:48:18 [INFO] Service auth started
2025-07-12 19:26:24 [INFO] Cache cleared successfully
2025-07-12 05:35:35 [INFO] File uploaded: config.yml
2025-07-12 08:02:27 [ERROR] Database connection lost
2025-07-12 04:11:02 [WARNING] Second failed login attempt for user: diana. Next attempt will ERROR. Retrying...
2025-07-12 23:14:12 [INFO] File uploaded: data.csv
2025-07-12 14:36:32 [INFO] Cache cleared successfully
2025-07-12 16:10:35 [INFO] User login successful for user: diana
2025-07-12 21:44:13 [INFO] File uploaded: backup.zip
2025-07-12 10:12:43 [INFO] Cache cleared successfully
2025-07-12 02:06:54 [ERROR] Database connection lost
2025-07-12 21:02:19 [INFO] Service auth started
2025-07-12 13:35:37 [DEBUG] Temporary file created at: data.csv
2025-07-12 00:19:47 [INFO] File uploaded: data.csv
2025-07-12 04:15:30 [ERROR] Deadlock detected in transaction ID 85
2025-07-12 07:28:51 [ERROR] Service inventory crashed
2025-07-12 09:03:12 [INFO] Database connection established
2025-07-12 01:50:23 [INFO] Scheduled backup completed successfully
2025-07-12 10:56:46 [INFO] Scheduled backup completed successfully
2025-07-12 10:23:24 [WARNING] Failed login attempt for user: alice. Retrying...
2025-07-12 03:15:21 [INFO] File uploaded: config.yml
2025-07-12 08:45:27 [INFO] Scheduled backup completed successfully
2025-07-12 14:24:17 [ERROR] Deadlock detected in transaction ID 3493
2025-07-12 09:02:14 [INFO] Scheduled backup completed successfully
2025-07-12 15:40:44 [INFO] File uploaded: config.yml
2025-07-12 22:54:28 [WARNING] High memory usage detected
2025-07-12 13:29:40 [INFO] Scheduled backup completed successfully
2025-07-12 11:53:53 [INFO] Service notification started
2025-07-12 04:57:19 [ERROR] Service notification crashed
2025-07-12 17:28:22 [INFO] Service inventory started
2025-07-12 22:48:17 [INFO] Service payment started
2025-07-12 16:32:27 [INFO] Scheduled backup completed successfully
2025-07-12 04:04:15 [INFO] User login successful for user: alice
2025-07-12 15:12:44 [INFO] User login successful for user: eve
2025-07-12 14:05:20 [INFO] File uploaded: backup.zip
2025-07-12 05:01:25 [WARNING] Failed login attempt for user: eve. Retrying...
2025-07-12 14:54:57 [INFO] Cache cleared successfully
2025-07-12 03:13:21 [ERROR] File write failed: data.csv
2025-07-12 02:59:07 [INFO] File uploaded: data.csv
2025-07-12 23:44:20 [INFO] File uploaded: backup.zip
2025-07-12 18:12:43 [ERROR] Email sending failed to recipient: user@gmail.com
2025-07-12 06:48:09 [WARNING] Slow query detected: execution time 4514ms
2025-07-12 16:15:37 [INFO] Database connection established
2025-07-12 03:46:03 [DEBUG] Entering function send_email with arguments: 7
2025-07-12 02:22:46 [INFO] User login successful for user: eve
2025-07-12 04:31:47 [INFO] File uploaded: backup.zip
2025-07-12 11:41:18 [WARNING] Configuration file deprecated: data.csv
2025-07-12 20:22:17 [DEBUG] Temporary file created at: report.pdf
2025-07-12 16:26:26 [INFO] Scheduled backup completed successfully
2025-07-12 18:11:59 [INFO] File uploaded: report.pdf
2025-07-12 09:00:14 [INFO] Service notification started
2025-07-12 02:41:06 [ERROR] Unhandled exception: NullPointerException
2025-07-12 01:28:31 [DEBUG] Query executed: UPDATE orders SET status='shipped' WHERE id=42
2025-07-12 09:12:22 [INFO] Scheduled backup completed successfully
2025-07-12 05:03:21 [INFO] File uploaded: data.csv
2025-07-12 00:09:05 [INFO] User login successful for user: alice
2025-07-12 05:08:34 [ERROR] Deadlock detected in transaction ID 2621
2025-07-12 07:27:39 [INFO] Database connection established
2025-07-12 11:41:01 [DEBUG] Variable x has value: 1752
2025-07-12 01:34:39 [INFO] Scheduled backup completed successfully
2025-07-12 23:30:54 [INFO] Database connection established
2025-07-12 14:24:00 [INFO] Service payment started
2025-07-12 08:17:30 [INFO] User login successful for user: eve
2025-07-12 14:15:22 [ERROR] Database connection lost
2025-07-12 18:58:25 [ERROR] Deadlock detected in transaction ID 2271
2025-07-12 04:18:03 [WARNING] Disk space low: 2304 remaining
2025-07-12 22:30:01 [INFO] Service inventory started
2025-07-12 02:25:10 [INFO] Service payment started
2025-07-12 16:59:44 [INFO] User login successful for user: alice
2025-07-12 09:00:56 [INFO] User login successful for user: bob
2025-07-12 18:34:40 [INFO] Database connection established
2025-07-12 18:47:58 [ERROR] Service notification crashed
2025-07-12 03:45:15 [WARNING] Failed login attempt for user: alice. Retrying...
2025-07-12 14:50:12 [ERROR] Service inventory crashed
2025-07-12 06:14:37 [INFO] Scheduled backup completed successfully
2025-07-12 04:03:24 [INFO] Cache cleared successfully
2025-07-12 01:09:55 [ERROR] Database connection lost
2025-07-12 02:08:54 [INFO] File uploaded: backup.zip
2025-07-12 13:51:53 [WARNING] Configuration file deprecated: backup.zip
2025-07-12 22:45:01 [ERROR] Service inventory crashed
2025-07-12 20:46:24 [INFO] File uploaded: config.yml
2025-07-12 20:45:46 [INFO] Scheduled backup completed successfully
2025-07-12 00:16:29 [INFO] Service auth started
2025-07-12 15:54:45 [INFO] File uploaded: report.pdf
2025-07-12 14:44:02 [ERROR] Database connection lost
2025-07-12 08:54:39 [WARNING] Slow query detected: execution time 2523ms
2025-07-12 17:08:59 [ERROR] Unhandled exception: FileNotFoundError
2025-07-12 06:23:29 [ERROR] File write failed: config.yml
2025-07-12 05:41:00 [INFO] Database connection established
2025-07-12 10:51:17 [INFO] User login successful for user: alice
2025-07-12 19:16:59 [INFO] Scheduled backup completed successfully
2025-07-12 15:57:12 [INFO] User login successful for user: charlie
2025-07-12 05:30:57 [ERROR] Unhandled exception: FileNotFoundError
2025-07-12 17:52:35 [INFO] File uploaded: backup.zip
2025-07-12 13:51:32 [INFO] Database connection established
2025-07-12 19:33:52 [ERROR] Email sending failed to recipient: support@amazon.com
2025-07-12 17:37:51 [WARNING] Failed login attempt for user: eve. Retrying...
2025-07-12 09:14:53 [ERROR] Database connection lost
2025-07-12 11:50:14 [INFO] File uploaded: backup.zip
2025-07-12 17:51:55 [WARNING] Configuration file deprecated: backup.zip
2025-07-12 18:14:58 [WARNING] Failed login attempt for user: diana. Retrying...
2025-07-12 23:58:49 [INFO] Cache cleared successfully
2025-07-12 14:16:51 [ERROR] File write failed: report.pdf
2025-07-12 06:46:41 [INFO] Database connection established
2025-07-12 01:02:21 [WARNING] Disk space low: 2370 remaining
2025-07-12 11:47:17 [ERROR] Database connection lost
2025-07-12 06:02:18 [INFO] Scheduled backup completed successfully
2025-07-12 20:57:12 [DEBUG] Entering function generate_report with arguments: 6
2025-07-12 21:51:20 [ERROR] Deadlock detected in transaction ID 3897
2025-07-12 14:55:04 [WARNING] Configuration file deprecated: config.yml
2025-07-12 21:23:41 [WARNING] Slow query detected: execution time 4377ms
2025-07-12 15:28:22 [ERROR] Email sending failed to recipient: support@amazon.com
2025-07-12 05:38:18 [INFO] User login successful for user: charlie
2025-07-12 08:17:32 [INFO] Database connection established
2025-07-12 12:57:16 [INFO] Scheduled backup completed successfully
2025-07-12 07:40:45 [INFO] File uploaded: report.pdf
2025-07-12 22:08:03 [DEBUG] Temporary file created at: report.pdf
2025-07-12 09:20:48 [WARNING] Slow query detected: execution time 798ms
2025-07-12 10:43:09 [ERROR] Database connection lost
2025-07-12 00:11:19 [INFO] Cache cleared successfully
2025-07-12 22:52:07 [ERROR] Database connection lost
2025-07-12 14:20:47 [INFO] User login successful for user: eve
2025-07-12 20:56:23 [WARNING] Configuration file deprecated: backup.zip
2025-07-12 03:09:46 [ERROR] Email sending failed to recipient: admin@google.com
2025-07-12 21:32:30 [INFO] Database connection established
2025-07-12 03:08:46 [INFO] Database connection established
2025-07-12 12:47:51 [INFO] Cache cleared successfully
2025-07-12 22:46:29 [WARNING] High memory usage detected
2025-07-12 01:43:40 [INFO] Scheduled backup completed successfully
2025-07-12 19:59:03 [INFO] File uploaded: backup.zip
2025-07-12 06:10:17 [INFO] Scheduled backup completed successfully
2025-07-12 09:17:57 [ERROR] Service auth crashed
2025-07-12 11:07:46 [ERROR] Database connection lost
2025-07-12 23:40:58 [WARNING] Failed login attempt for user: alice. Retrying...
2025-07-12 01:39:16 [WARNING] High memory usage detected
2025-07-12 03:50:40 [INFO] Cache cleared successfully
2025-07-12 21:04:20 [INFO] Scheduled backup completed successfully
