2025-07-15 18:23:53 [INFO] Scheduled backup completed successfully
2025-07-15 07:28:21 [DEBUG] Variable x has value: 1538
2025-07-15 23:10:35 [WARNING] API response time exceeded threshold
2025-07-15 13:38:52 [INFO] Scheduled backup completed successfully
2025-07-15 19:57:57 [INFO] Cache cleared successfully
2025-07-15 05:52:10 [WARNING] API response time exceeded threshold
2025-07-15 03:25:32 [INFO] Database connection established
2025-07-15 01:39:52 [ERROR] Service inventory crashed
2025-07-15 09:05:33 [INFO] File uploaded: data.csv
2025-07-15 11:23:34 [INFO] Cache cleared successfully
2025-07-15 18:20:41 [INFO] User login successful for user: bob
2025-07-15 10:48:15 [ERROR] Email sending failed to recipient: admin@google.com
2025-07-15 09:42:36 [INFO] Service inventory started
2025-07-15 18:32:00 [INFO] Service notification started
2025-07-15 23:52:53 [WARNING] High memory usage detected
2025-07-15 12:58:06 [INFO] Database connection established
2025-07-15 02:58:22 [INFO] Service payment started
2025-07-15 23:40:18 [WARNING] Second failed login attempt for user: eve. Next attempt will ERROR. Retrying...
2025-07-15 20:09:30 [INFO] Scheduled backup completed successfully
2025-07-15 12:01:28 [INFO] Cache cleared successfully
2025-07-15 01:57:38 [INFO] Service notification started
2025-07-15 10:18:22 [WARNING] Configuration file deprecated: config.yml
2025-07-15 02:25:30 [INFO] File uploaded: data.csv
2025-07-15 03:15:45 [INFO] Cache cleared successfully
2025-07-15 00:29:06 [INFO] Database connection established
2025-07-15 02:45:21 [INFO] File uploaded: backup.zip
2025-07-15 04:59:51 [ERROR] Unhandled exception: NullPointerException
2025-07-15 10:05:40 [INFO] Scheduled backup completed successfully
2025-07-15 11:41:57 [WARNING] Configuration file deprecated: backup.zip
2025-07-15 01:08:56 [ERROR] Email sending failed to recipient: support@amazon.com
2025-07-15 20:53:51 [ERROR] Unhandled exception: NullPointerException
2025-07-15 23:38:48 [WARNING] API response time exceeded threshold
2025-07-15 10:58:38 [DEBUG] Query executed: SELECT * FROM users
2025-07-15 19:19:59 [INFO] Database connection established
2025-07-15 15:23:07 [INFO] Cache cleared successfully
2025-07-15 14:45:23 [DEBUG] Session token generated for user: eve
2025-07-15 09:11:08 [DEBUG] Entering function generate_report with arguments: 6
2025-07-15 10:18:59 [WARNING] Disk space low: 3071 remaining
2025-07-15 10:07:18 [INFO] Cache cleared successfully
2025-07-15 03:14:57 [WARNING] Second failed login attempt for user: bob. Next attempt will ERROR. Retrying...
2025-07-15 21:16:28 [DEBUG] Session token generated for user: charlie
2025-07-15 05:41:13 [ERROR] Email sending failed to recipient: user@gmail.com
2025-07-15 11:03:06 [INFO] User login successful for user: eve
2025-07-15 14:29:55 [INFO] User login successful for user: alice
2025-07-15 01:04:19 [INFO] File uploaded: report.pdf
2025-07-15 07:29:54 [INFO] Database connection established
2025-07-15 23:54:39 [WARNING] Disk space low: 2255 remaining
2025-07-15 04:22:07 [ERROR] Unhandled exception: TimeoutError
2025-07-15 16:56:24 [INFO] File uploaded: data.csv
2025-07-15 15:13:55 [INFO] Database connection established
2025-07-15 11:36:55 [WARNING] High memory usage detected
2025-07-15 02:33:50 [DEBUG] Entering function send_email with arguments: 9
2025-07-15 20:47:07 [WARNING] Failed login attempt for user: bob. Retrying...
2025-07-15 18:14:32 [DEBUG] Variable x has value: 1539
2025-07-15 13:44:13 [INFO] Scheduled backup completed successfully
2025-07-15 15:19:46 [ERROR] Service payment crashed
2025-07-15 14:44:20 [ERROR] Email sending failed to recipient: support@amazon.com
2025-07-15 16:58:54 [INFO] Scheduled backup completed successfully
2025-07-15 07:47:17 [INFO] Cache cleared successfully
2025-07-15 06:24:06 [WARNING] Disk space low: 3113 remaining
2025-07-15 05:42:41 [INFO] Cache cleared successfully
2025-07-15 20:22:29 [INFO] Cache cleared successfully
2025-07-15 01:49:49 [INFO] Service payment started
2025-07-15 13:41:09 [DEBUG] Variable x has value: 3091
2025-07-15 01:54:18 [INFO] Service notification started
2025-07-15 16:50:43 [ERROR] Service inventory crashed
2025-07-15 17:46:44 [ERROR] File write failed: config.yml
2025-07-15 20:58:45 [INFO] Cache cleared successfully
2025-07-15 23:14:58 [WARNING] API response time exceeded threshold
2025-07-15 13:01:23 [INFO] Cache cleared successfully
2025-07-15 00:43:11 [INFO] User login successful for user: eve
2025-07-15 05:40:54 [INFO] Service inventory started
2025-07-15 05:10:20 [WARNING] Failed login attempt for user: alice. Retrying...
2025-07-15 13:47:57 [INFO] File uploaded: backup.zip
2025-07-15 03:39:58 [INFO] Service inventory started
2025-07-15 10:25:14 [INFO] Database connection established
2025-07-15 11:53:24 [INFO] File uploaded: data.csv
2025-07-15 17:07:33 [ERROR] Unhandled exception: TimeoutError
2025-07-15 10:00:16 [INFO] User login successful for user: bob
2025-07-15 14:13:23 [INFO] Service notification started
2025-07-15 02:23:28 [WARNING] High memory usage detected
2025-07-15 00:02:49 [ERROR] Unhandled exception: FileNotFoundError
2025-07-15 07:35:21 [WARNING] Slow query detected: execution time 3684ms
2025-07-15 21:34:51 [WARNING] Second failed login attempt for user: eve. Next attempt will ERROR. Retrying...
2025-07-15 19:16:11 [ERROR] Unhandled exception: NullPointerException
2025-07-15 12:13:33 [INFO] Scheduled backup completed successfully
2025-07-15 05:14:03 [INFO] Scheduled backup completed successfully
2025-07-15 11:57:36 [INFO] Scheduled backup completed successfully
2025-07-15 23:41:44 [INFO] File uploaded: data.csv
2025-07-15 21:29:02 [ERROR] Database connection lost
2025-07-15 18:24:21 [INFO] File uploaded: backup.zip
2025-07-15 11:56:37 [WARNING] Failed login attempt for user: charlie. Retrying...
2025-07-15 04:11:22 [INFO] Cache cleared successfully
2025-07-15 13:27:32 [WARNING] Failed login attempt for user: charlie. Retrying...
2025-07-15 00:04:37 [ERROR] Database connection lost
2025-07-15 16:12:30 [WARNING] Configuration file deprecated: data.csv
2025-07-15 11:49:59 [INFO] Scheduled backup completed successfully
2025-07-15 22:42:21 [INFO] Cache cleared successfully
2025-07-15 05:17:37 [INFO] User login successful for user: eve
2025-07-15 01:42:24 [DEBUG] Query executed: UPDATE orders SET status='shipped' WHERE id=42
2025-07-15 03:12:44 [INFO] Database connection established
2025-07-15 04:18:09 [WARNING] Slow query detected: execution time 2095ms
2025-07-15 19:46:28 [INFO] Scheduled backup completed successfully
2025-07-15 22:02:52 [WARNING] High memory usage detected
2025-07-15 05:28:35 [INFO] Cache cleared successfully
2025-07-15 20:02:57 [ERROR] File write failed: config.yml
2025-07-15 15:37:22 [WARNING] Second failed login attempt for user: charlie. Next attempt will ERROR. Retrying...
2025-07-15 17:37:42 [INFO] Scheduled backup completed successfully
2025-07-15 13:41:24 [ERROR] Database connection lost
2025-07-15 05:37:59 [ERROR] File write failed: report.pdf
2025-07-15 13:34:35 [INFO] Database connection established
2025-07-15 16:09:21 [WARNING] High memory usage detected
2025-07-15 04:16:43 [INFO] Database connection established
2025-07-15 00:06:07 [INFO] Cache cleared successfully
2025-07-15 01:34:10 [INFO] User login successful for user: eve
2025-07-15 19:13:30 [DEBUG] Session token generated for user: diana
2025-07-15 06:11:48 [INFO] File uploaded: config.yml
2025-07-15 10:05:24 [INFO] File uploaded: data.csv
2025-07-15 13:31:23 [INFO] User login successful for user: alice
2025-07-15 14:04:45 [DEBUG] Variable x has value: 1730
2025-07-15 18:09:56 [INFO] File uploaded: report.pdf
2025-07-15 21:35:35 [DEBUG] Variable x has value: 484
2025-07-15 20:14:25 [ERROR] Database connection lost
2025-07-15 04:14:03 [INFO] Database connection established
2025-07-15 07:30:13 [INFO] Scheduled backup completed successfully
2025-07-15 23:09:19 [INFO] File uploaded: config.yml
2025-07-15 10:14:37 [INFO] File uploaded: data.csv
2025-07-15 07:05:24 [INFO] Scheduled backup completed successfully
2025-07-15 04:04:29 [ERROR] Deadlock detected in transaction ID 1652
2025-07-15 03:12:40 [WARNING] Second failed login attempt for user: eve. Next attempt will ERROR. Retrying...
2025-07-15 02:06:36 [INFO] Cache cleared successfully
2025-07-15 23:22:42 [WARNING] High memory usage detected
2025-07-15 09:17:53 [INFO] Cache cleared successfully
2025-07-15 15:58:27 [INFO] Cache cleared successfully
2025-07-15 04:37:54 [INFO] Database connection established
2025-07-15 17:47:13 [INFO] Scheduled backup completed successfully
2025-07-15 16:03:19 [INFO] Database connection established
2025-07-15 09:19:41 [INFO] Database connection established
2025-07-15 06:27:59 [INFO] Service payment started
2025-07-15 04:03:50 [INFO] File uploaded: config.yml
2025-07-15 20:39:27 [INFO] File uploaded: report.pdf
2025-07-15 18:47:52 [INFO] Cache cleared successfully
2025-07-15 08:24:22 [WARNING] Second failed login attempt for user: charlie. Next attempt will ERROR. Retrying...
2025-07-15 09:23:25 [INFO] File uploaded: config.yml
2025-07-15 06:13:54 [WARNING] Failed login attempt for user: charlie. Retrying...
2025-07-15 13:55:27 [DEBUG] Temporary file created at: config.yml
2025-07-15 23:46:26 [INFO] Service payment started
2025-07-15 21:45:33 [INFO] Cache cleared successfully
2025-07-15 06:08:55 [INFO] File uploaded: backup.zip
2025-07-15 20:21:51 [WARNING] API response time exceeded threshold
2025-07-15 15:59:47 [WARNING] Slow query detected: execution time 3007ms
2025-07-15 09:23:31 [ERROR] Unhandled exception: FileNotFoundError
2025-07-15 04:52:35 [WARNING] Slow query detected: execution time 2168ms
2025-07-15 15:18:54 [ERROR] File write failed: data.csv
2025-07-15 08:49:22 [ERROR] Database connection lost
2025-07-15 15:29:30 [INFO] Service auth started
2025-07-15 22:35:42 [ERROR] Database connection lost
2025-07-15 11:19:15 [ERROR] Email sending failed to recipient: admin@google.com
2025-07-15 17:32:02 [WARNING] API response time exceeded threshold
2025-07-15 20:11:27 [WARNING] Disk space low: 3913 remaining
2025-07-15 11:14:02 [INFO] File uploaded: report.pdf
2025-07-15 00:26:23 [ERROR] Unhandled exception: TimeoutError
2025-07-15 16:06:22 [INFO] Scheduled backup completed successfully
2025-07-15 01:58:11 [WARNING] High memory usage detected
2025-07-15 22:43:05 [INFO] Service payment started
2025-07-15 01:35:07 [DEBUG] Temporary file created at: report.pdf
2025-07-15 11:27:51 [INFO] Database connection established
2025-07-15 22:21:00 [INFO] Service notification started
2025-07-15 20:11:53 [INFO] Scheduled backup completed successfully
2025-07-15 19:07:04 [ERROR] File write failed: config.yml
2025-07-15 16:02:37 [WARNING] Configuration file deprecated: backup.zip
2025-07-15 18:19:08 [INFO] Cache cleared successfully
2025-07-15 12:46:46 [INFO] Service inventory started
2025-07-15 11:53:48 [INFO] Cache cleared successfully
2025-07-15 12:52:46 [WARNING] Failed login attempt for user: charlie. Retrying...
2025-07-15 01:10:27 [WARNING] Failed login attempt for user: diana. Retrying...
2025-07-15 12:20:29 [ERROR] Deadlock detected in transaction ID 2589
2025-07-15 14:22:15 [INFO] Cache cleared successfully
2025-07-15 18:43:27 [WARNING] Second failed login attempt for user: eve. Next attempt will ERROR. Retrying...
2025-07-15 09:05:21 [INFO] User login successful for user: diana
2025-07-15 05:34:28 [ERROR] Email sending failed to recipient: user@gmail.com
2025-07-15 01:09:38 [INFO] File uploaded: data.csv
2025-07-15 01:57:41 [ERROR] Deadlock detected in transaction ID 3016
2025-07-15 08:49:57 [WARNING] Configuration file deprecated: report.pdf
2025-07-15 01:32:34 [WARNING] Configuration file deprecated: config.yml
2025-07-15 08:06:05 [INFO] Cache cleared successfully
2025-07-15 21:50:47 [INFO] Service payment started
2025-07-15 06:53:38 [INFO] User login successful for user: eve
2025-07-15 16:53:43 [INFO] Service notification started
2025-07-15 08:34:03 [INFO] Service auth started
2025-07-15 06:28:36 [ERROR] Database connection lost
2025-07-15 22:08:12 [ERROR] File write failed: report.pdf
2025-07-15 15:11:04 [INFO] Service inventory started
2025-07-15 00:52:07 [INFO] Database connection established
2025-07-15 05:39:25 [INFO] User login successful for user: charlie
2025-07-15 00:35:30 [INFO] Database connection established
2025-07-15 03:30:13 [ERROR] Email sending failed to recipient: admin@google.com
2025-07-15 06:30:27 [INFO] User login successful for user: diana
2025-07-15 06:54:19 [INFO] Service inventory started
2025-07-15 21:37:04 [INFO] User login successful for user: eve
2025-07-15 07:07:19 [WARNING] Disk space low: 4011 remaining
2025-07-15 12:45:08 [INFO] Cache cleared successfully
2025-07-15 23:10:13 [INFO] Database connection established
2025-07-15 22:23:26 [INFO] Cache cleared successfully
2025-07-15 23:45:12 [WARNING] Failed login attempt for user: eve. Retrying...
2025-07-15 19:51:45 [ERROR] Unhandled exception: FileNotFoundError
2025-07-15 22:23:10 [INFO] User login successful for user: diana
2025-07-15 02:59:38 [WARNING] High memory usage detected
2025-07-15 10:10:50 [INFO] Scheduled backup completed successfully
2025-07-15 22:32:42 [INFO] File uploaded: config.yml
2025-07-15 03:35:00 [ERROR] Service auth crashed
2025-07-15 03:57:15 [INFO] User login successful for user: charlie
2025-07-15 14:11:09 [WARNING] Slow query detected: execution time 930ms
2025-07-15 16:25:09 [INFO] File uploaded: config.yml
2025-07-15 19:12:08 [ERROR] Service notification crashed
2025-07-15 19:47:56 [WARNING] High memory usage detected
2025-07-15 02:13:48 [INFO] Cache cleared successfully
2025-07-15 18:19:10 [INFO] File uploaded: config.yml
2025-07-15 07:59:53 [INFO] Database connection established
2025-07-15 17:40:19 [INFO] Service inventory started
2025-07-15 03:08:43 [WARNING] API response time exceeded threshold
2025-07-15 18:19:34 [INFO] User login successful for user: alice
2025-07-15 15:36:19 [DEBUG] Session token generated for user: diana
2025-07-15 14:11:40 [INFO] User login successful for user: diana
2025-07-15 16:05:40 [INFO] User login successful for user: alice
2025-07-15 21:21:02 [INFO] Database connection established
2025-07-15 11:40:17 [INFO] Database connection established
2025-07-15 17:00:54 [INFO] Database connection established
2025-07-15 12:30:18 [INFO] Service inventory started
2025-07-15 00:46:03 [INFO] User login successful for user: eve
2025-07-15 17:27:45 [WARNING] Disk space low: 4830 remaining
2025-07-15 23:15:50 [INFO] Service notification started
2025-07-15 18:35:04 [INFO] Scheduled backup completed successfully
2025-07-15 05:50:31 [ERROR] Service notification crashed
2025-07-15 01:54:37 [WARNING] Failed login attempt for user: charlie. Retrying...
2025-07-15 12:13:51 [WARNING] Slow query detected: execution time 3172ms
2025-07-15 04:58:16 [INFO] User login successful for user: diana
2025-07-15 17:29:34 [INFO] Cache cleared successfully
2025-07-15 16:07:44 [INFO] Scheduled backup completed successfully
2025-07-15 01:47:46 [WARNING] High memory usage detected
2025-07-15 19:51:27 [INFO] File uploaded: data.csv
2025-07-15 19:47:02 [ERROR] File write failed: backup.zip
2025-07-15 14:04:36 [INFO] User login successful for user: eve
2025-07-15 09:49:20 [INFO] File uploaded: backup.zip
2025-07-15 02:59:58 [INFO] Service payment started
2025-07-15 18:21:42 [INFO] User login successful for user: diana
2025-07-15 06:30:10 [WARNING] Failed login attempt for user: alice. Retrying...
2025-07-15 09:20:48 [WARNING] Configuration file deprecated: report.pdf
2025-07-15 09:43:23 [ERROR] File write failed: config.yml
2025-07-15 18:11:09 [INFO] File uploaded: backup.zip
2025-07-15 07:18:49 [INFO] Service payment started
2025-07-15 22:51:24 [INFO] User login successful for user: bob
2025-07-15 20:20:35 [INFO] User login successful for user: eve
2025-07-15 00:23:27 [INFO] File uploaded: data.csv
2025-07-15 14:24:41 [INFO] User login successful for user: diana
2025-07-15 03:37:55 [INFO] Scheduled backup completed successfully
2025-07-15 18:40:35 [ERROR] Service payment crashed
2025-07-15 18:01:11 [INFO] Cache cleared successfully
2025-07-15 03:52:46 [INFO] Cache cleared successfully
2025-07-15 02:59:03 [INFO] Database connection established
2025-07-15 13:17:46 [INFO] Cache cleared successfully
2025-07-15 17:25:57 [WARNING] Second failed login attempt for user: eve. Next attempt will ERROR. Retrying...
2025-07-15 22:35:38 [ERROR] Database connection lost
2025-07-15 16:47:36 [INFO] Scheduled backup completed successfully
2025-07-15 21:37:55 [ERROR] Deadlock detected in transaction ID 2106
2025-07-15 21:44:15 [INFO] File uploaded: report.pdf
2025-07-15 20:07:14 [ERROR] File write failed: backup.zip
2025-07-15 00:03:00 [WARNING] Failed login attempt for user: charlie. Retrying...
2025-07-15 10:43:04 [INFO] Scheduled backup completed successfully
2025-07-15 13:30:58 [INFO] Cache cleared successfully
2025-07-15 05:58:01 [INFO] File uploaded: backup.zip
2025-07-15 13:58:33 [INFO] User login successful for user: bob
2025-07-15 18:52:14 [ERROR] Email sending failed to recipient: user@gmail.com
2025-07-15 06:29:02 [ERROR] Email sending failed to recipient: support@amazon.com
2025-07-15 20:52:01 [INFO] Scheduled backup completed successfully
2025-07-15 00:13:00 [INFO] Scheduled backup completed successfully
2025-07-15 12:57:05 [INFO] User login successful for user: charlie
2025-07-15 12:43:38 [WARNING] Second failed login attempt for user: eve. Next attempt will ERROR. Retrying...
2025-07-15 20:40:09 [INFO] Cache cleared successfully
2025-07-15 23:22:33 [WARNING] Second failed login attempt for user: bob. Next attempt will ERROR. Retrying...
2025-07-15 09:59:03 [INFO] User login successful for user: diana
2025-07-15 13:16:14 [INFO] Cache cleared successfully
2025-07-15 09:25:09 [WARNING] Disk space low: 224 remaining
2025-07-15 11:51:34 [ERROR] File write failed: report.pdf
2025-07-15 16:08:59 [DEBUG] Query executed: SELECT * FROM users
2025-07-15 20:57:37 [DEBUG] Entering function process_payment with arguments: 2
2025-07-15 15:47:53 [INFO] Scheduled backup completed successfully
2025-07-15 20:14:47 [WARNING] Failed login attempt for user: eve. Retrying...
2025-07-15 07:10:01 [WARNING] High memory usage detected
2025-07-15 04:36:25 [INFO] Scheduled backup completed successfully
2025-07-15 17:15:10 [INFO] Service notification started
2025-07-15 07:10:13 [INFO] Scheduled backup completed successfully
2025-07-15 03:34:58 [ERROR] Service auth crashed
2025-07-15 19:56:41 [ERROR] Email sending failed to recipient: user@gmail.com
2025-07-15 08:43:48 [INFO] Service payment started
2025-07-15 10:49:43 [WARNING] Failed login attempt for user: charlie. Retrying...
2025-07-15 00:07:44 [ERROR] Deadlock detected in transaction ID 4011
2025-07-15 23:08:53 [WARNING] Failed login attempt for user: bob. Retrying...
2025-07-15 19:51:43 [INFO] Cache cleared successfully
2025-07-15 22:21:00 [WARNING] High memory usage detected
2025-07-15 21:01:56 [INFO] Scheduled backup completed successfully
2025-07-15 03:46:53 [INFO] Service payment started
2025-07-15 23:11:45 [INFO] Service auth started
2025-07-15 06:06:52 [INFO] Scheduled backup completed successfully
2025-07-15 21:11:01 [WARNING] Second failed login attempt for user: bob. Next attempt will ERROR. Retrying...
2025-07-15 19:41:46 [INFO] Cache cleared successfully
2025-07-15 21:22:18 [INFO] Service notification started
2025-07-15 03:46:08 [INFO] Service inventory started
2025-07-15 14:33:08 [WARNING] Failed login attempt for user: charlie. Retrying...
2025-07-15 08:15:16 [ERROR] Unhandled exception: NullPointerException
2025-07-15 05:48:58 [INFO] Cache cleared successfully
2025-07-15 03:58:38 [INFO] Scheduled backup completed successfully
2025-07-15 23:31:03 [ERROR] Service payment crashed
2025-07-15 14:16:38 [WARNING] High memory usage detected
2025-07-15 05:15:05 [INFO] Cache cleared successfully
2025-07-15 18:27:52 [WARNING] API response time exceeded threshold
2025-07-15 01:27:07 [INFO] Scheduled backup completed successfully
2025-07-15 00:34:56 [INFO] File uploaded: backup.zip
2025-07-15 04:31:27 [INFO] File uploaded: backup.zip
2025-07-15 04:56:28 [WARNING] High memory usage detected
2025-07-15 05:19:05 [INFO] Service auth started
2025-07-15 19:38:23 [DEBUG] Query executed: SELECT * FROM users
2025-07-15 10:24:38 [WARNING] Disk space low: 896 remaining
2025-07-15 19:38:12 [INFO] Service payment started
2025-07-15 09:26:26 [INFO] User login successful for user: charlie
2025-07-15 23:02:06 [INFO] Service auth started
2025-07-15 02:42:43 [INFO] Scheduled backup completed successfully
2025-07-15 17:49:36 [WARNING] Configuration file deprecated: data.csv
2025-07-15 02:09:16 [INFO] Service notification started
2025-07-15 21:03:16 [WARNING] Configuration file deprecated: backup.zip
2025-07-15 16:28:20 [DEBUG] Query executed: SELECT * FROM users
2025-07-15 20:39:04 [DEBUG] Entering function send_email with arguments: 6
2025-07-15 06:06:55 [INFO] Cache cleared successfully
2025-07-15 15:00:27 [INFO] Service inventory started
2025-07-15 20:57:46 [INFO] File uploaded: backup.zip
2025-07-15 06:46:32 [INFO] Database connection established
2025-07-15 09:38:36 [ERROR] Deadlock detected in transaction ID 1490
2025-07-15 04:09:25 [INFO] Database connection established
2025-07-15 20:38:25 [WARNING] Disk space low: 4533 remaining
2025-07-15 07:23:38 [WARNING] Failed login attempt for user: alice. Retrying...
2025-07-15 11:05:26 [INFO] Service auth started
2025-07-15 02:11:37 [WARNING] Disk space low: 4829 remaining
2025-07-15 02:53:15 [ERROR] Email sending failed to recipient: support@amazon.com
2025-07-15 11:02:22 [INFO] Database connection established
2025-07-15 18:52:40 [WARNING] High memory usage detected
2025-07-15 01:57:52 [INFO] File uploaded: config.yml
2025-07-15 02:30:55 [ERROR] Database connection lost
2025-07-15 05:17:07 [WARNING] Slow query detected: execution time 2147ms
2025-07-15 10:38:21 [INFO] Database connection established
2025-07-15 10:00:09 [ERROR] Unhandled exception: FileNotFoundError
2025-07-15 22:05:44 [INFO] Service inventory started
2025-07-15 00:11:49 [WARNING] API response time exceeded threshold
2025-07-15 21:55:30 [INFO] Cache cleared successfully
2025-07-15 12:14:59 [INFO] Database connection established
2025-07-15 00:32:00 [ERROR] Email sending failed to recipient: support@amazon.com
2025-07-15 22:44:31 [INFO] Scheduled backup completed successfully
2025-07-15 10:17:13 [ERROR] Email sending failed to recipient: support@amazon.com
2025-07-15 09:19:39 [INFO] File uploaded: report.pdf
2025-07-15 15:30:42 [INFO] Service auth started
2025-07-15 04:20:53 [INFO] User login successful for user: diana
2025-07-15 09:49:13 [INFO] Database connection established
2025-07-15 06:20:37 [INFO] Scheduled backup completed successfully
2025-07-15 21:12:01 [INFO] Service auth started
2025-07-15 00:21:54 [INFO] File uploaded: report.pdf
2025-07-15 13:58:31 [INFO] Database connection established
2025-07-15 02:02:34 [INFO] Database connection established
2025-07-15 12:43:32 [WARNING] Failed login attempt for user: eve. Retrying...
2025-07-15 04:54:26 [INFO] User login successful for user: diana
2025-07-15 11:06:04 [ERROR] Email sending failed to recipient: admin@google.com
2025-07-15 00:54:25 [WARNING] Disk space low: 3778 remaining
2025-07-15 22:41:04 [INFO] User login successful for user: eve
2025-07-15 21:29:09 [INFO] Service notification started
2025-07-15 04:34:15 [ERROR] Service notification crashed
2025-07-15 13:14:24 [WARNING] Configuration file deprecated: report.pdf
2025-07-15 20:54:17 [DEBUG] Variable x has value: 1319
2025-07-15 22:28:13 [ERROR] Email sending failed to recipient: admin@google.com
2025-07-15 23:19:53 [INFO] Service notification started
2025-07-15 14:53:27 [INFO] Scheduled backup completed successfully
2025-07-15 08:48:41 [INFO] Database connection established
2025-07-15 06:14:43 [WARNING] Failed login attempt for user: bob. Retrying...
2025-07-15 00:27:04 [ERROR] Deadlock detected in transaction ID 2143
2025-07-15 23:20:59 [INFO] Database connection established
2025-07-15 09:39:51 [INFO] File uploaded: backup.zip
2025-07-15 19:05:47 [INFO] Service notification started
2025-07-15 18:41:31 [INFO] Scheduled backup completed successfully
2025-07-15 15:36:00 [INFO] Scheduled backup completed successfully
2025-07-15 09:15:36 [INFO] File uploaded: report.pdf
2025-07-15 22:27:07 [INFO] User login successful for user: bob
2025-07-15 14:36:07 [INFO] Scheduled backup completed successfully
2025-07-15 04:05:33 [WARNING] High memory usage detected
2025-07-15 18:57:07 [INFO] Service inventory started
2025-07-15 10:34:34 [INFO] Service payment started
2025-07-15 06:42:46 [INFO] Service notification started
2025-07-15 08:21:13 [WARNING] Configuration file deprecated: report.pdf
2025-07-15 09:24:20 [INFO] User login successful for user: diana
2025-07-15 19:08:06 [DEBUG] Entering function process_payment with arguments: 6
2025-07-15 16:02:44 [WARNING] Failed login attempt for user: eve. Retrying...
2025-07-15 20:28:49 [INFO] User login successful for user: diana
2025-07-15 19:47:29 [WARNING] Disk space low: 262 remaining
2025-07-15 14:22:57 [WARNING] API response time exceeded threshold
2025-07-15 20:05:50 [WARNING] High memory usage detected
2025-07-15 10:16:33 [INFO] Service auth started
2025-07-15 13:42:02 [INFO] Scheduled backup completed successfully
2025-07-15 16:35:30 [WARNING] High memory usage detected
2025-07-15 05:40:18 [INFO] Cache cleared successfully
2025-07-15 00:46:51 [WARNING] High memory usage detected
2025-07-15 07:42:28 [ERROR] Service auth crashed
2025-07-15 23:13:30 [INFO] Database connection established
2025-07-15 15:27:57 [ERROR] Unhandled exception: TimeoutError
2025-07-15 17:20:55 [INFO] File uploaded: config.yml
2025-07-15 13:04:50 [INFO] User login successful for user: charlie
2025-07-15 07:32:19 [INFO] Database connection established
2025-07-15 15:59:41 [INFO] Scheduled backup completed successfully
2025-07-15 23:21:29 [INFO] Scheduled backup completed successfully
2025-07-15 00:23:17 [DEBUG] Temporary file created at: backup.zip
2025-07-15 04:13:02 [INFO] Database connection established
2025-07-15 14:29:41 [INFO] User login successful for user: bob
2025-07-15 04:25:15 [ERROR] Database connection lost
2025-07-15 00:09:58 [INFO] Scheduled backup completed successfully
2025-07-15 04:05:32 [WARNING] Slow query detected: execution time 421ms
2025-07-15 01:41:36 [WARNING] Slow query detected: execution time 2256ms
2025-07-15 19:27:16 [WARNING] Configuration file deprecated: backup.zip
2025-07-15 02:06:13 [INFO] Cache cleared successfully
2025-07-15 15:18:52 [INFO] Cache cleared successfully
2025-07-15 02:54:21 [WARNING] Disk space low: 3471 remaining
2025-07-15 05:57:15 [WARNING] Slow query detected: execution time 1406ms
2025-07-15 06:41:30 [WARNING] API response time exceeded threshold
2025-07-15 07:34:19 [INFO] File uploaded: config.yml
2025-07-15 04:54:27 [INFO] File uploaded: data.csv
2025-07-15 21:39:30 [INFO] File uploaded: config.yml
2025-07-15 14:43:58 [INFO] User login successful for user: eve
2025-07-15 20:29:27 [INFO] File uploaded: backup.zip
2025-07-15 21:48:25 [WARNING] API response time exceeded threshold
2025-07-15 05:28:53 [WARNING] High memory usage detected
2025-07-15 11:48:01 [ERROR] Unhandled exception: TimeoutError
2025-07-15 07:29:25 [DEBUG] Entering function send_email with arguments: 9
2025-07-15 05:27:56 [INFO] Service notification started
2025-07-15 07:34:49 [ERROR] Database connection lost
2025-07-15 22:05:06 [WARNING] High memory usage detected
2025-07-15 11:44:55 [WARNING] API response time exceeded threshold
2025-07-15 11:48:11 [WARNING] Configuration file deprecated: config.yml
2025-07-15 13:42:47 [WARNING] Second failed login attempt for user: diana. Next attempt will ERROR. Retrying...
2025-07-15 15:00:25 [INFO] Database connection established
2025-07-15 11:25:59 [INFO] File uploaded: config.yml
2025-07-15 18:21:56 [INFO] Cache cleared successfully
2025-07-15 07:51:39 [INFO] Cache cleared successfully
2025-07-15 22:57:34 [INFO] Service payment started
2025-07-15 00:03:59 [ERROR] File write failed: config.yml
2025-07-15 11:54:37 [INFO] Scheduled backup completed successfully
2025-07-15 13:49:57 [INFO] Database connection established
2025-07-15 12:40:37 [INFO] User login successful for user: diana
2025-07-15 14:26:23 [DEBUG] Entering function send_email with arguments: 5
2025-07-15 23:20:58 [INFO] Database connection established
2025-07-15 16:51:57 [ERROR] Unhandled exception: FileNotFoundError
2025-07-15 11:48:05 [INFO] File uploaded: config.yml
2025-07-15 04:42:57 [INFO] User login successful for user: alice
2025-07-15 04:18:31 [WARNING] API response time exceeded threshold
2025-07-15 04:25:08 [WARNING] Second failed login attempt for user: charlie. Next attempt will ERROR. Retrying...
2025-07-15 18:13:32 [INFO] Cache cleared successfully
2025-07-15 09:40:57 [WARNING] API response time exceeded threshold
2025-07-15 04:20:04 [INFO] Scheduled backup completed successfully
2025-07-15 10:55:22 [INFO] User login successful for user: eve
2025-07-15 13:04:40 [INFO] User login successful for user: charlie
2025-07-15 07:09:47 [WARNING] Failed login attempt for user: alice. Retrying...
2025-07-15 00:24:37 [INFO] Database connection established
2025-07-15 19:33:52 [INFO] File uploaded: backup.zip
2025-07-15 10:17:53 [INFO] Cache cleared successfully
2025-07-15 20:59:56 [INFO] Cache cleared successfully
2025-07-15 03:32:38 [INFO] Cache cleared successfully
2025-07-15 02:11:43 [INFO] Scheduled backup completed successfully
2025-07-15 15:53:10 [INFO] Database connection established
2025-07-15 22:04:49 [INFO] Database connection established
2025-07-15 21:13:00 [INFO] Database connection established
2025-07-15 14:57:21 [INFO] User login successful for user: alice
2025-07-15 21:13:43 [INFO] Scheduled backup completed successfully
2025-07-15 12:10:59 [INFO] File uploaded: data.csv
2025-07-15 03:21:58 [WARNING] Failed login attempt for user: diana. Retrying...
2025-07-15 02:23:19 [INFO] User login successful for user: bob
2025-07-15 20:58:17 [INFO] Service auth started
2025-07-15 01:56:20 [WARNING] Disk space low: 4652 remaining
2025-07-15 21:32:30 [WARNING] Second failed login attempt for user: bob. Next attempt will ERROR. Retrying...
2025-07-15 21:13:03 [WARNING] Second failed login attempt for user: diana. Next attempt will ERROR. Retrying...
2025-07-15 08:57:21 [WARNING] Failed login attempt for user: diana. Retrying...
2025-07-15 00:53:23 [INFO] File uploaded: backup.zip
2025-07-15 15:00:20 [INFO] Scheduled backup completed successfully
2025-07-15 02:56:50 [INFO] Scheduled backup completed successfully
2025-07-15 14:44:50 [INFO] User login successful for user: charlie
2025-07-15 15:49:39 [ERROR] Service inventory crashed
2025-07-15 11:55:25 [INFO] Scheduled backup completed successfully
2025-07-15 11:35:47 [DEBUG] Entering function process_payment with arguments: 10
2025-07-15 01:32:33 [WARNING] API response time exceeded threshold
2025-07-15 01:35:28 [WARNING] API response time exceeded threshold
2025-07-15 17:24:23 [WARNING] High memory usage detected
2025-07-15 03:00:48 [INFO] Scheduled backup completed successfully
2025-07-15 02:53:50 [INFO] User login successful for user: alice
2025-07-15 07:07:48 [INFO] Scheduled backup completed successfully
2025-07-15 18:00:33 [ERROR] Service auth crashed
2025-07-15 06:03:53 [DEBUG] Entering function send_email with arguments: 3
2025-07-15 17:01:07 [WARNING] Slow query detected: execution time 4952ms
2025-07-15 04:41:34 [INFO] Database connection established
2025-07-15 20:22:42 [ERROR] Database connection lost
2025-07-15 13:20:48 [INFO] Database connection established
2025-07-15 08:51:04 [DEBUG] Query executed: SELECT * FROM users
2025-07-15 11:26:53 [INFO] User login successful for user: alice
2025-07-15 17:09:09 [INFO] User login successful for user: eve
2025-07-15 20:52:24 [INFO] User login successful for user: alice
2025-07-15 21:27:08 [WARNING] API response time exceeded threshold
2025-07-15 13:38:42 [WARNING] Configuration file deprecated: backup.zip
2025-07-15 09:45:05 [WARNING] Disk space low: 353 remaining
2025-07-15 16:58:21 [INFO] Scheduled backup completed successfully
2025-07-15 05:38:47 [INFO] Cache cleared successfully
2025-07-15 16:01:46 [INFO] Service auth started
2025-07-15 05:17:40 [WARNING] Slow query detected: execution time 989ms
2025-07-15 06:42:51 [DEBUG] Entering function process_payment with arguments: 6
2025-07-15 17:18:30 [WARNING] Configuration file deprecated: data.csv
2025-07-15 13:15:27 [INFO] User login successful for user: bob
2025-07-15 14:20:57 [INFO] Cache cleared successfully
2025-07-15 03:08:08 [WARNING] API response time exceeded threshold
2025-07-15 17:28:18 [INFO] Cache cleared successfully
2025-07-15 20:43:59 [WARNING] API response time exceeded threshold
2025-07-15 13:38:00 [INFO] Service payment started
2025-07-15 20:11:25 [INFO] Scheduled backup completed successfully
2025-07-15 09:58:25 [INFO] User login successful for user: bob
2025-07-15 20:48:53 [INFO] Database connection established
2025-07-15 22:51:29 [INFO] Cache cleared successfully
2025-07-15 03:50:16 [WARNING] Slow query detected: execution time 4820ms
2025-07-15 18:28:44 [WARNING] Slow query detected: execution time 2884ms
2025-07-15 20:12:25 [INFO] Service inventory started
2025-07-15 09:35:15 [INFO] User login successful for user: charlie
2025-07-15 22:56:05 [INFO] Scheduled backup completed successfully
2025-07-15 05:09:18 [DEBUG] Entering function send_email with arguments: 7
2025-07-15 14:59:34 [DEBUG] Query executed: UPDATE orders SET status='shipped' WHERE id=42
2025-07-15 17:36:53 [INFO] User login successful for user: bob
2025-07-15 01:33:44 [INFO] File uploaded: report.pdf
2025-07-15 08:03:21 [INFO] File uploaded: data.csv
2025-07-15 08:33:10 [INFO] Database connection established
2025-07-15 20:20:45 [WARNING] Failed login attempt for user: diana. Retrying...
2025-07-15 05:14:09 [INFO] Database connection established
2025-07-15 06:26:29 [INFO] Service inventory started
2025-07-15 08:00:15 [INFO] Service inventory started
2025-07-15 19:08:37 [WARNING] Slow query detected: execution time 4829ms
2025-07-15 01:59:24 [INFO] File uploaded: data.csv
2025-07-15 03:44:29 [INFO] Cache cleared successfully
2025-07-15 00:49:18 [INFO] Cache cleared successfully
2025-07-15 00:24:02 [INFO] Scheduled backup completed successfully
2025-07-15 20:51:50 [WARNING] API response time exceeded threshold
2025-07-15 11:11:17 [INFO] Cache cleared successfully
2025-07-15 17:07:45 [INFO] File uploaded: report.pdf
2025-07-15 02:37:49 [ERROR] Database connection lost
2025-07-15 17:38:19 [WARNING] API response time exceeded threshold
2025-07-15 12:14:27 [DEBUG] Session token generated for user: eve
2025-07-15 14:40:17 [WARNING] Failed login attempt for user: alice. Retrying...
2025-07-15 17:46:09 [INFO] File uploaded: config.yml
2025-07-15 20:02:47 [WARNING] High memory usage detected
2025-07-15 10:49:21 [WARNING] High memory usage detected
2025-07-15 15:23:58 [WARNING] Disk space low: 4460 remaining
2025-07-15 02:16:40 [INFO] Scheduled backup completed successfully
2025-07-15 13:38:31 [ERROR] Unhandled exception: NullPointerException
2025-07-15 07:04:35 [WARNING] API response time exceeded threshold
2025-07-15 05:18:39 [ERROR] Database connection lost
2025-07-15 13:24:22 [INFO] User login successful for user: charlie
2025-07-15 02:16:09 [WARNING] Failed login attempt for user: bob. Retrying...
2025-07-15 17:03:23 [INFO] User login successful for user: diana
2025-07-15 15:02:04 [ERROR] Database connection lost
2025-07-15 19:03:57 [INFO] Scheduled backup completed successfully
2025-07-15 00:30:45 [DEBUG] Session token generated for user: charlie
2025-07-15 15:46:39 [INFO] Database connection established
2025-07-15 13:07:46 [INFO] User login successful for user: alice
2025-07-15 03:13:38 [WARNING] Disk space low: 376 remaining
2025-07-15 05:11:14 [INFO] User login successful for user: diana
2025-07-15 11:18:11 [INFO] Service inventory started
2025-07-15 22:35:18 [INFO] File uploaded: report.pdf
2025-07-15 21:13:39 [INFO] Database connection established
2025-07-15 05:56:58 [WARNING] Failed login attempt for user: bob. Retrying...
2025-07-15 21:19:07 [INFO] Service auth started
2025-07-15 12:40:19 [ERROR] Email sending failed to recipient: admin@google.com
2025-07-15 16:31:00 [INFO] File uploaded: config.yml
2025-07-15 00:57:34 [DEBUG] Temporary file created at: config.yml
2025-07-15 23:17:50 [WARNING] Configuration file deprecated: backup.zip
2025-07-15 21:51:18 [INFO] User login successful for user: charlie
2025-07-15 00:01:47 [INFO] User login successful for user: charlie
2025-07-15 00:24:36 [INFO] Cache cleared successfully
2025-07-15 01:06:47 [INFO] Cache cleared successfully
2025-07-15 07:58:52 [INFO] File uploaded: config.yml
2025-07-15 17:30:30 [ERROR] Email sending failed to recipient: support@amazon.com
2025-07-15 20:47:46 [INFO] Database connection established
2025-07-15 14:18:17 [INFO] Service auth started
2025-07-15 22:16:14 [INFO] Cache cleared successfully
2025-07-15 12:37:06 [INFO] Cache cleared successfully
2025-07-15 05:17:40 [INFO] Scheduled backup completed successfully
2025-07-15 04:02:18 [WARNING] Configuration file deprecated: backup.zip
2025-07-15 17:06:59 [WARNING] Failed login attempt for user: diana. Retrying...
2025-07-15 03:24:29 [INFO] Scheduled backup completed successfully
2025-07-15 22:43:52 [INFO] Cache cleared successfully
2025-07-15 13:47:18 [DEBUG] Session token generated for user: alice
2025-07-15 09:25:09 [INFO] Service payment started
2025-07-15 11:00:09 [INFO] User login successful for user: diana
2025-07-15 15:59:56 [INFO] Scheduled backup completed successfully
2025-07-15 20:55:12 [DEBUG] Temporary file created at: data.csv
2025-07-15 01:34:24 [ERROR] Unhandled exception: NullPointerException
2025-07-15 01:14:34 [INFO] Scheduled backup completed successfully
2025-07-15 23:52:08 [ERROR] File write failed: report.pdf
2025-07-15 05:32:07 [INFO] Cache cleared successfully
2025-07-15 09:21:21 [INFO] User login successful for user: diana
2025-07-15 00:34:50 [INFO] Cache cleared successfully
2025-07-15 09:41:41 [INFO] File uploaded: report.pdf
2025-07-15 06:02:31 [WARNING] Configuration file deprecated: backup.zip
2025-07-15 05:51:38 [WARNING] Failed login attempt for user: bob. Retrying...
2025-07-15 04:52:08 [WARNING] Second failed login attempt for user: eve. Next attempt will ERROR. Retrying...
2025-07-15 19:34:53 [INFO] Scheduled backup completed successfully
2025-07-15 08:59:39 [INFO] Cache cleared successfully
2025-07-15 23:33:59 [INFO] Cache cleared successfully
2025-07-15 22:19:21 [ERROR] File write failed: config.yml
2025-07-15 17:08:00 [INFO] Database connection established
2025-07-15 09:42:06 [ERROR] File write failed: backup.zip
2025-07-15 13:20:23 [INFO] File uploaded: report.pdf
2025-07-15 19:58:00 [INFO] Service notification started
2025-07-15 06:20:02 [ERROR] Service notification crashed
2025-07-15 10:39:50 [INFO] Cache cleared successfully
2025-07-15 13:57:25 [INFO] Database connection established
2025-07-15 03:15:00 [INFO] Database connection established
2025-07-15 04:05:57 [ERROR] File write failed: backup.zip
2025-07-15 11:14:49 [INFO] Database connection established
2025-07-15 13:48:29 [INFO] File uploaded: config.yml
2025-07-15 01:43:49 [INFO] Cache cleared successfully
2025-07-15 00:49:18 [WARNING] High memory usage detected
2025-07-15 03:14:18 [INFO] Service auth started
2025-07-15 12:56:10 [INFO] File uploaded: config.yml
2025-07-15 21:05:47 [INFO] User login successful for user: charlie
2025-07-15 05:35:19 [INFO] Service payment started
2025-07-15 01:17:01 [INFO] Service notification started
2025-07-15 00:10:38 [ERROR] Deadlock detected in transaction ID 1974
2025-07-15 06:32:37 [WARNING] Second failed login attempt for user: charlie. Next attempt will ERROR. Retrying...
2025-07-15 09:00:09 [INFO] Cache cleared successfully
2025-07-15 15:45:33 [WARNING] API response time exceeded threshold
2025-07-15 10:19:51 [INFO] Scheduled backup completed successfully
2025-07-15 07:28:57 [WARNING] Second failed login attempt for user: charlie. Next attempt will ERROR. Retrying...
2025-07-15 13:44:43 [ERROR] Database connection lost
2025-07-15 02:12:44 [INFO] Service auth started
2025-07-15 15:13:02 [WARNING] High memory usage detected
2025-07-15 08:36:22 [INFO] Database connection established
2025-07-15 02:05:13 [INFO] Scheduled backup completed successfully
2025-07-15 19:25:00 [INFO] Cache cleared successfully
2025-07-15 15:26:51 [INFO] Cache cleared successfully
2025-07-15 21:33:49 [INFO] User login successful for user: diana
2025-07-15 23:04:26 [INFO] User login successful for user: alice
2025-07-15 12:29:17 [DEBUG] Temporary file created at: report.pdf
2025-07-15 11:24:44 [INFO] Cache cleared successfully
2025-07-15 14:34:25 [INFO] Service payment started
2025-07-15 05:41:29 [DEBUG] Temporary file created at: config.yml
2025-07-15 13:03:09 [INFO] Database connection established
2025-07-15 17:30:03 [INFO] Scheduled backup completed successfully
2025-07-15 19:09:49 [WARNING] Slow query detected: execution time 1477ms
2025-07-15 19:43:48 [INFO] Cache cleared successfully
2025-07-15 16:25:08 [DEBUG] Session token generated for user: eve
2025-07-15 09:47:49 [ERROR] Deadlock detected in transaction ID 4109
2025-07-15 01:46:27 [ERROR] Deadlock detected in transaction ID 423
2025-07-15 14:26:25 [WARNING] Second failed login attempt for user: eve. Next attempt will ERROR. Retrying...
2025-07-15 17:42:39 [INFO] Cache cleared successfully
2025-07-15 16:15:53 [INFO] User login successful for user: bob
2025-07-15 23:40:24 [WARNING] Failed login attempt for user: alice. Retrying...
2025-07-15 10:23:39 [INFO] File uploaded: config.yml
2025-07-15 00:43:36 [INFO] File uploaded: config.yml
2025-07-15 07:45:09 [ERROR] Deadlock detected in transaction ID 3050
2025-07-15 07:28:43 [INFO] Cache cleared successfully
2025-07-15 01:19:05 [INFO] Service inventory started
2025-07-15 02:06:37 [INFO] User login successful for user: diana
2025-07-15 15:25:28 [DEBUG] Session token generated for user: charlie
2025-07-15 05:08:12 [WARNING] Configuration file deprecated: data.csv
2025-07-15 04:53:36 [INFO] Service inventory started
2025-07-15 17:59:40 [WARNING] Failed login attempt for user: alice. Retrying...
2025-07-15 12:02:48 [INFO] File uploaded: report.pdf
2025-07-15 17:02:59 [INFO] Cache cleared successfully
2025-07-15 04:29:02 [INFO] User login successful for user: eve
2025-07-15 05:13:12 [INFO] Scheduled backup completed successfully
2025-07-15 10:38:42 [ERROR] Email sending failed to recipient: user@gmail.com
2025-07-15 13:28:37 [INFO] Scheduled backup completed successfully
2025-07-15 06:14:10 [INFO] Database connection established
2025-07-15 11:27:04 [INFO] File uploaded: data.csv
2025-07-15 06:45:17 [INFO] Cache cleared successfully
2025-07-15 13:43:04 [INFO] Scheduled backup completed successfully
2025-07-15 05:55:13 [INFO] User login successful for user: eve
2025-07-15 07:51:05 [INFO] Cache cleared successfully
2025-07-15 09:31:31 [INFO] Scheduled backup completed successfully
2025-07-15 11:15:45 [INFO] Database connection established
2025-07-15 00:32:53 [INFO] Cache cleared successfully
2025-07-15 02:09:15 [INFO] Service inventory started
2025-07-15 05:46:32 [INFO] Database connection established
2025-07-15 21:51:02 [INFO] File uploaded: data.csv
2025-07-15 07:13:08 [WARNING] API response time exceeded threshold
2025-07-15 11:06:54 [INFO] Service payment started
2025-07-15 14:56:40 [ERROR] Database connection lost
2025-07-15 01:29:23 [INFO] Cache cleared successfully
2025-07-15 13:41:07 [INFO] Scheduled backup completed successfully
2025-07-15 22:35:03 [INFO] Database connection established
2025-07-15 15:16:12 [INFO] Scheduled backup completed successfully
2025-07-15 06:18:49 [DEBUG] Session token generated for user: charlie
2025-07-15 12:37:47 [WARNING] Configuration file deprecated: backup.zip
2025-07-15 18:45:54 [INFO] Scheduled backup completed successfully
2025-07-15 21:07:57 [INFO] Service notification started
2025-07-15 06:36:46 [WARNING] Disk space low: 134 remaining
2025-07-15 07:19:08 [INFO] User login successful for user: eve
2025-07-15 03:41:13 [INFO] File uploaded: config.yml
2025-07-15 20:09:29 [INFO] Scheduled backup completed successfully
2025-07-15 10:57:45 [ERROR] File write failed: data.csv
2025-07-15 20:14:26 [ERROR] Service payment crashed
2025-07-15 16:44:44 [INFO] Service payment started
2025-07-15 22:33:37 [INFO] Scheduled backup completed successfully
2025-07-15 15:55:39 [ERROR] Unhandled exception: TimeoutError
2025-07-15 20:08:31 [INFO] Scheduled backup completed successfully
2025-07-15 10:09:49 [INFO] File uploaded: backup.zip
2025-07-15 22:08:59 [INFO] File uploaded: config.yml
