{"turn": 0, "action": "baseline", "mutation": null, "passed": 0, "failed": 4, "decision": "n/a", "oracle_intact": true, "t_wall": 1785629541.484, "cost_usd": 0.0, "tokens": 0}
{"turn": 1, "action": "candidate", "mutation": "const_flip:const_flip#35(1->0)", "passed": 1, "failed": 3, "decision": "accepted", "oracle_intact": true, "elapsed_s": 1.184, "t_wall": 1785629542.095, "cost_usd": 0.0, "tokens": 0}
{"turn": 2, "action": "candidate", "mutation": "const_flip:const_flip#35(0->1)", "passed": 0, "failed": 4, "decision": "rejected", "oracle_intact": true, "elapsed_s": 1.799, "t_wall": 1785629542.711, "cost_usd": 0.0, "tokens": 0}
{"turn": 3, "action": "candidate", "mutation": "const_flip:const_flip#65(1->0)", "passed": 2, "failed": 2, "decision": "accepted", "oracle_intact": true, "elapsed_s": 2.387, "t_wall": 1785629543.299, "cost_usd": 0.0, "tokens": 0}
{"turn": 4, "action": "candidate", "mutation": "const_flip:const_flip#35(0->1)", "passed": 1, "failed": 3, "decision": "rejected", "oracle_intact": true, "elapsed_s": 2.989, "t_wall": 1785629543.901, "cost_usd": 0.0, "tokens": 0}
{"turn": 5, "action": "candidate", "mutation": "cmp_flip:cmp_flip#23", "passed": 2, "failed": 2, "decision": "rejected", "oracle_intact": true, "elapsed_s": 3.584, "t_wall": 1785629544.495, "cost_usd": 0.0, "tokens": 0}
{"turn": 6, "action": "candidate", "mutation": "cmp_flip:cmp_flip#25", "passed": 3, "failed": 1, "decision": "accepted", "oracle_intact": true, "elapsed_s": 4.159, "t_wall": 1785629545.07, "cost_usd": 0.0, "tokens": 0}
{"turn": 7, "action": "candidate", "mutation": "cmp_flip:cmp_flip#23", "passed": 2, "failed": 2, "decision": "rejected", "oracle_intact": true, "elapsed_s": 4.734, "t_wall": 1785629545.645, "cost_usd": 0.0, "tokens": 0}
{"turn": 8, "action": "candidate", "mutation": "arith_op_flip:arith_flip#17", "passed": 4, "failed": 0, "decision": "accepted", "oracle_intact": true, "elapsed_s": 5.3, "t_wall": 1785629546.211, "cost_usd": 0.0, "tokens": 0}
