2025-07-30 08:46:36 [INFO] Cache cleared successfully
2025-07-30 17:29:53 [INFO] User login successful for user: charlie
2025-07-30 00:15:30 [INFO] User login successful for user: alice
2025-07-30 19:02:22 [DEBUG] Temporary file created at: config.yml
2025-07-30 12:51:35 [INFO] File uploaded: config.yml
2025-07-30 12:53:46 [INFO] Service payment started
2025-07-30 19:04:36 [WARNING] Slow query detected: execution time 3587ms
2025-07-30 18:06:05 [WARNING] Failed login attempt for user: eve. Retrying...
2025-07-30 05:39:46 [ERROR] File write failed: config.yml
2025-07-30 22:19:16 [ERROR] Service payment crashed
2025-07-30 15:33:13 [INFO] Cache cleared successfully
2025-07-30 18:33:19 [ERROR] Database connection lost
2025-07-30 03:13:55 [INFO] Scheduled backup completed successfully
2025-07-30 12:51:35 [INFO] Scheduled backup completed successfully
2025-07-30 02:08:01 [INFO] User login successful for user: alice
2025-07-30 11:15:31 [INFO] File uploaded: config.yml
2025-07-30 01:44:13 [ERROR] Unhandled exception: NullPointerException
2025-07-30 18:30:49 [INFO] Database connection established
2025-07-30 14:10:04 [INFO] Database connection established
2025-07-30 23:35:37 [INFO] Database connection established
2025-07-30 18:35:09 [INFO] Database connection established
2025-07-30 08:01:00 [INFO] Cache cleared successfully
2025-07-30 12:31:20 [ERROR] Service inventory crashed
2025-07-30 15:07:47 [WARNING] Configuration file deprecated: report.pdf
2025-07-30 11:35:00 [INFO] Cache cleared successfully
2025-07-30 03:23:47 [WARNING] Slow query detected: execution time 1015ms
2025-07-30 05:09:32 [INFO] Cache cleared successfully
2025-07-30 08:22:59 [DEBUG] Temporary file created at: config.yml
2025-07-30 17:01:28 [ERROR] Deadlock detected in transaction ID 2627
2025-07-30 09:12:53 [WARNING] Disk space low: 2752 remaining
2025-07-30 06:12:45 [DEBUG] Entering function process_payment with arguments: 5
2025-07-30 04:40:19 [ERROR] Unhandled exception: FileNotFoundError
2025-07-30 13:49:01 [INFO] Service inventory started
2025-07-30 09:48:14 [WARNING] Disk space low: 4004 remaining
2025-07-30 03:28:03 [INFO] Service auth started
2025-07-30 10:27:42 [WARNING] High memory usage detected
2025-07-30 01:27:21 [INFO] Scheduled backup completed successfully
2025-07-30 21:01:23 [WARNING] High memory usage detected
2025-07-30 08:27:02 [INFO] Scheduled backup completed successfully
2025-07-30 15:19:35 [WARNING] Slow query detected: execution time 1453ms
2025-07-30 01:13:11 [INFO] File uploaded: config.yml
2025-07-30 14:11:14 [INFO] Service notification started
2025-07-30 18:05:41 [INFO] Database connection established
2025-07-30 03:00:25 [INFO] File uploaded: config.yml
2025-07-30 03:10:21 [WARNING] API response time exceeded threshold
2025-07-30 14:18:28 [INFO] Scheduled backup completed successfully
2025-07-30 18:20:13 [WARNING] Slow query detected: execution time 1106ms
2025-07-30 16:48:15 [INFO] Cache cleared successfully
2025-07-30 08:47:32 [ERROR] Email sending failed to recipient: support@amazon.com
2025-07-30 12:31:58 [INFO] File uploaded: data.csv
2025-07-30 06:00:44 [INFO] File uploaded: report.pdf
2025-07-30 15:22:24 [INFO] File uploaded: report.pdf
2025-07-30 18:17:00 [INFO] Database connection established
2025-07-30 16:25:09 [WARNING] Configuration file deprecated: report.pdf
2025-07-30 09:41:58 [INFO] Cache cleared successfully
2025-07-30 08:37:51 [INFO] Service inventory started
2025-07-30 01:07:15 [WARNING] Slow query detected: execution time 3074ms
2025-07-30 10:45:19 [DEBUG] Variable x has value: 653
2025-07-30 16:19:27 [ERROR] Service auth crashed
2025-07-30 09:04:25 [INFO] User login successful for user: bob
2025-07-30 21:36:41 [INFO] File uploaded: report.pdf
2025-07-30 18:14:23 [INFO] Database connection established
2025-07-30 14:11:54 [INFO] Service auth started
2025-07-30 03:12:25 [ERROR] File write failed: config.yml
2025-07-30 05:32:48 [INFO] Service auth started
2025-07-30 12:16:08 [WARNING] Second failed login attempt for user: diana. Next attempt will ERROR. Retrying...
2025-07-30 16:15:35 [INFO] Scheduled backup completed successfully
2025-07-30 23:57:30 [ERROR] Database connection lost
2025-07-30 02:35:57 [INFO] File uploaded: backup.zip
2025-07-30 08:30:45 [INFO] Cache cleared successfully
2025-07-30 06:57:12 [INFO] File uploaded: report.pdf
2025-07-30 00:27:19 [INFO] Service notification started
2025-07-30 19:55:09 [WARNING] Slow query detected: execution time 3172ms
2025-07-30 03:21:43 [WARNING] Configuration file deprecated: config.yml
2025-07-30 00:32:26 [INFO] Scheduled backup completed successfully
2025-07-30 15:58:47 [ERROR] Service payment crashed
2025-07-30 09:08:16 [INFO] Cache cleared successfully
2025-07-30 07:43:01 [INFO] Scheduled backup completed successfully
2025-07-30 07:15:31 [WARNING] Configuration file deprecated: backup.zip
2025-07-30 21:16:57 [WARNING] API response time exceeded threshold
2025-07-30 23:03:27 [INFO] Scheduled backup completed successfully
2025-07-30 12:51:15 [INFO] User login successful for user: eve
2025-07-30 14:32:50 [INFO] Database connection established
2025-07-30 04:02:12 [INFO] Service auth started
2025-07-30 14:50:38 [INFO] Service inventory started
2025-07-30 15:11:43 [WARNING] API response time exceeded threshold
2025-07-30 20:07:06 [INFO] File uploaded: backup.zip
2025-07-30 11:15:46 [INFO] Cache cleared successfully
2025-07-30 14:29:01 [ERROR] Deadlock detected in transaction ID 2453
2025-07-30 00:11:57 [INFO] User login successful for user: bob
2025-07-30 19:54:02 [INFO] User login successful for user: diana
2025-07-30 03:02:13 [INFO] Database connection established
2025-07-30 00:58:53 [WARNING] Configuration file deprecated: report.pdf
2025-07-30 04:01:59 [INFO] User login successful for user: diana
2025-07-30 09:30:40 [INFO] User login successful for user: eve
2025-07-30 21:44:25 [WARNING] Disk space low: 2529 remaining
2025-07-30 22:12:46 [WARNING] Configuration file deprecated: report.pdf
2025-07-30 07:13:00 [ERROR] Email sending failed to recipient: admin@google.com
2025-07-30 03:38:31 [INFO] File uploaded: data.csv
2025-07-30 03:26:48 [INFO] User login successful for user: alice
2025-07-30 20:17:37 [WARNING] High memory usage detected
2025-07-30 08:14:21 [INFO] File uploaded: backup.zip
2025-07-30 04:19:10 [WARNING] Failed login attempt for user: charlie. Retrying...
2025-07-30 20:14:19 [DEBUG] Session token generated for user: diana
2025-07-30 07:38:03 [INFO] Database connection established
2025-07-30 06:38:22 [INFO] Database connection established
2025-07-30 01:50:41 [WARNING] Second failed login attempt for user: diana. Next attempt will ERROR. Retrying...
2025-07-30 11:05:45 [WARNING] Slow query detected: execution time 159ms
2025-07-30 16:46:15 [INFO] File uploaded: config.yml
2025-07-30 08:09:31 [INFO] File uploaded: data.csv
2025-07-30 02:05:41 [INFO] Service notification started
2025-07-30 21:58:14 [INFO] User login successful for user: alice
2025-07-30 05:36:43 [INFO] Scheduled backup completed successfully
2025-07-30 10:50:59 [INFO] Service payment started
2025-07-30 01:15:24 [INFO] Cache cleared successfully
2025-07-30 07:13:49 [INFO] Scheduled backup completed successfully
2025-07-30 16:15:38 [ERROR] Database connection lost
2025-07-30 03:52:08 [INFO] Scheduled backup completed successfully
2025-07-30 06:09:45 [INFO] Service notification started
2025-07-30 22:24:02 [INFO] File uploaded: data.csv
2025-07-30 18:13:47 [ERROR] Service notification crashed
2025-07-30 19:00:07 [INFO] User login successful for user: bob
2025-07-30 01:32:48 [WARNING] Second failed login attempt for user: bob. Next attempt will ERROR. Retrying...
2025-07-30 17:09:55 [INFO] User login successful for user: bob
2025-07-30 01:10:18 [ERROR] Database connection lost
2025-07-30 21:44:24 [WARNING] Configuration file deprecated: config.yml
2025-07-30 05:34:10 [INFO] File uploaded: config.yml
2025-07-30 08:28:51 [INFO] Scheduled backup completed successfully
2025-07-30 14:49:02 [INFO] File uploaded: data.csv
2025-07-30 03:49:57 [WARNING] High memory usage detected
2025-07-30 06:17:40 [INFO] Scheduled backup completed successfully
2025-07-30 08:09:56 [WARNING] API response time exceeded threshold
2025-07-30 06:40:07 [INFO] Database connection established
2025-07-30 12:45:15 [WARNING] Slow query detected: execution time 2715ms
2025-07-30 11:42:40 [INFO] Cache cleared successfully
2025-07-30 11:06:22 [INFO] Service auth started
2025-07-30 19:36:03 [INFO] File uploaded: data.csv
2025-07-30 23:36:35 [INFO] User login successful for user: diana
2025-07-30 14:35:54 [ERROR] Service inventory crashed
2025-07-30 04:12:13 [INFO] Cache cleared successfully
2025-07-30 23:09:12 [INFO] Service inventory started
2025-07-30 07:35:55 [WARNING] High memory usage detected
2025-07-30 15:52:28 [INFO] File uploaded: report.pdf
2025-07-30 00:28:05 [WARNING] Second failed login attempt for user: alice. Next attempt will ERROR. Retrying...
2025-07-30 00:04:25 [WARNING] High memory usage detected
2025-07-30 12:35:07 [WARNING] Slow query detected: execution time 1830ms
2025-07-30 11:08:45 [INFO] Service auth started
2025-07-30 03:55:11 [WARNING] Failed login attempt for user: alice. Retrying...
2025-07-30 22:53:30 [INFO] Cache cleared successfully
2025-07-30 22:48:49 [INFO] Service notification started
2025-07-30 14:43:13 [INFO] Service auth started
2025-07-30 02:51:07 [ERROR] Database connection lost
2025-07-30 12:05:25 [INFO] Service inventory started
2025-07-30 04:05:18 [WARNING] Slow query detected: execution time 2968ms
2025-07-30 00:20:50 [INFO] User login successful for user: diana
2025-07-30 18:40:24 [INFO] Scheduled backup completed successfully
2025-07-30 08:53:36 [INFO] File uploaded: report.pdf
2025-07-30 00:05:44 [WARNING] Slow query detected: execution time 3404ms
2025-07-30 03:53:41 [INFO] Database connection established
2025-07-30 06:54:42 [INFO] File uploaded: data.csv
2025-07-30 04:49:22 [DEBUG] Variable x has value: 1884
2025-07-30 22:14:24 [INFO] Database connection established
2025-07-30 23:39:09 [INFO] Database connection established
2025-07-30 13:57:37 [ERROR] Database connection lost
2025-07-30 16:20:45 [ERROR] Deadlock detected in transaction ID 139
2025-07-30 17:23:57 [INFO] User login successful for user: eve
2025-07-30 11:58:19 [INFO] Service inventory started
2025-07-30 04:08:37 [ERROR] Database connection lost
2025-07-30 15:13:39 [WARNING] High memory usage detected
2025-07-30 10:21:30 [INFO] Service auth started
2025-07-30 07:54:17 [ERROR] Unhandled exception: NullPointerException
2025-07-30 11:33:41 [INFO] File uploaded: backup.zip
2025-07-30 03:19:22 [INFO] Service auth started
2025-07-30 13:38:18 [WARNING] High memory usage detected
2025-07-30 05:19:09 [INFO] Database connection established
2025-07-30 13:17:00 [INFO] File uploaded: data.csv
2025-07-30 16:34:48 [ERROR] Deadlock detected in transaction ID 4080
2025-07-30 13:34:35 [INFO] Service auth started
2025-07-30 05:44:32 [ERROR] File write failed: report.pdf
2025-07-30 10:56:57 [INFO] Cache cleared successfully
2025-07-30 08:47:17 [INFO] Service notification started
2025-07-30 19:12:09 [INFO] Cache cleared successfully
2025-07-30 23:33:41 [WARNING] Second failed login attempt for user: alice. Next attempt will ERROR. Retrying...
2025-07-30 12:46:31 [DEBUG] Query executed: SELECT * FROM users
2025-07-30 19:18:06 [WARNING] Configuration file deprecated: data.csv
2025-07-30 17:31:01 [WARNING] Second failed login attempt for user: diana. Next attempt will ERROR. Retrying...
2025-07-30 19:44:22 [INFO] File uploaded: data.csv
2025-07-30 08:32:57 [INFO] User login successful for user: diana
2025-07-30 04:25:20 [INFO] Service payment started
2025-07-30 10:41:52 [WARNING] Disk space low: 3576 remaining
2025-07-30 02:25:22 [INFO] Scheduled backup completed successfully
2025-07-30 11:01:30 [WARNING] Slow query detected: execution time 4273ms
2025-07-30 17:52:42 [INFO] File uploaded: config.yml
2025-07-30 08:43:55 [INFO] User login successful for user: charlie
2025-07-30 20:55:09 [ERROR] Email sending failed to recipient: user@gmail.com
2025-07-30 02:28:40 [INFO] User login successful for user: alice
2025-07-30 06:18:44 [INFO] User login successful for user: charlie
2025-07-30 02:48:10 [INFO] Service inventory started
2025-07-30 05:48:01 [INFO] Database connection established
2025-07-30 22:17:57 [INFO] Service notification started
2025-07-30 03:01:27 [INFO] Database connection established
2025-07-30 01:39:30 [WARNING] High memory usage detected
2025-07-30 07:50:02 [DEBUG] Variable x has value: 3807
2025-07-30 12:52:51 [INFO] Cache cleared successfully
2025-07-30 05:53:39 [ERROR] Unhandled exception: TimeoutError
2025-07-30 05:24:50 [WARNING] Slow query detected: execution time 879ms
2025-07-30 12:44:46 [INFO] Cache cleared successfully
2025-07-30 04:35:49 [INFO] Service auth started
2025-07-30 20:20:45 [INFO] Service notification started
2025-07-30 04:33:40 [INFO] File uploaded: config.yml
2025-07-30 16:21:14 [WARNING] High memory usage detected
2025-07-30 13:49:27 [ERROR] File write failed: data.csv
2025-07-30 05:21:51 [INFO] Scheduled backup completed successfully
2025-07-30 01:20:50 [ERROR] Database connection lost
2025-07-30 00:14:51 [INFO] Service inventory started
2025-07-30 10:20:49 [INFO] Service auth started
2025-07-30 13:55:37 [INFO] File uploaded: report.pdf
2025-07-30 20:21:12 [INFO] File uploaded: config.yml
2025-07-30 17:01:04 [WARNING] Slow query detected: execution time 530ms
2025-07-30 20:25:25 [INFO] Service payment started
2025-07-30 01:47:12 [ERROR] File write failed: report.pdf
2025-07-30 17:18:42 [INFO] Cache cleared successfully
2025-07-30 14:21:32 [DEBUG] Temporary file created at: backup.zip
2025-07-30 02:59:51 [WARNING] High memory usage detected
