2025-07-26 13:04:54 [INFO] File uploaded: backup.zip
2025-07-26 17:10:04 [ERROR] Database connection lost
2025-07-26 01:53:26 [INFO] Cache cleared successfully
2025-07-26 04:52:46 [INFO] Service notification started
2025-07-26 22:17:55 [INFO] Service payment started
2025-07-26 11:41:38 [ERROR] Deadlock detected in transaction ID 804
2025-07-26 04:37:51 [ERROR] Unhandled exception: TimeoutError
2025-07-26 13:32:32 [INFO] File uploaded: backup.zip
2025-07-26 23:09:25 [WARNING] Slow query detected: execution time 1724ms
2025-07-26 17:08:59 [INFO] User login successful for user: charlie
2025-07-26 01:20:00 [INFO] File uploaded: backup.zip
2025-07-26 19:57:54 [INFO] File uploaded: data.csv
2025-07-26 17:02:29 [INFO] File uploaded: report.pdf
2025-07-26 05:35:54 [INFO] File uploaded: report.pdf
2025-07-26 09:21:45 [INFO] User login successful for user: alice
2025-07-26 13:02:22 [INFO] Database connection established
2025-07-26 13:52:43 [ERROR] Service notification crashed
2025-07-26 14:04:37 [INFO] File uploaded: backup.zip
2025-07-26 02:25:56 [ERROR] Unhandled exception: FileNotFoundError
2025-07-26 07:07:48 [INFO] Scheduled backup completed successfully
2025-07-26 04:24:09 [INFO] File uploaded: data.csv
2025-07-26 15:44:59 [WARNING] Second failed login attempt for user: bob. Next attempt will ERROR. Retrying...
2025-07-26 14:21:14 [INFO] User login successful for user: charlie
2025-07-26 01:43:47 [INFO] Service payment started
2025-07-26 12:37:21 [ERROR] Database connection lost
2025-07-26 19:04:39 [INFO] File uploaded: data.csv
2025-07-26 10:43:17 [INFO] Service payment started
2025-07-26 17:19:12 [INFO] Cache cleared successfully
2025-07-26 04:38:01 [INFO] User login successful for user: bob
2025-07-26 22:54:50 [INFO] File uploaded: data.csv
2025-07-26 23:01:40 [INFO] File uploaded: config.yml
2025-07-26 00:04:29 [DEBUG] Variable x has value: 1147
2025-07-26 01:37:55 [INFO] User login successful for user: charlie
2025-07-26 01:34:48 [INFO] User login successful for user: eve
2025-07-26 17:30:49 [INFO] Service auth started
2025-07-26 18:26:20 [INFO] Cache cleared successfully
2025-07-26 13:43:47 [INFO] Service notification started
2025-07-26 03:56:19 [INFO] Database connection established
2025-07-26 19:43:22 [WARNING] Slow query detected: execution time 498ms
2025-07-26 20:16:43 [INFO] Service payment started
2025-07-26 18:46:15 [WARNING] High memory usage detected
2025-07-26 08:40:46 [WARNING] Second failed login attempt for user: diana. Next attempt will ERROR. Retrying...
2025-07-26 09:27:54 [ERROR] File write failed: config.yml
2025-07-26 18:25:55 [INFO] Scheduled backup completed successfully
2025-07-26 07:24:19 [INFO] Scheduled backup completed successfully
2025-07-26 04:33:08 [ERROR] Database connection lost
2025-07-26 19:46:17 [INFO] Cache cleared successfully
2025-07-26 05:24:48 [ERROR] Email sending failed to recipient: admin@google.com
2025-07-26 14:34:02 [INFO] Database connection established
2025-07-26 12:55:39 [INFO] Cache cleared successfully
2025-07-26 14:50:05 [WARNING] API response time exceeded threshold
2025-07-26 05:54:05 [ERROR] Email sending failed to recipient: admin@google.com
2025-07-26 11:44:03 [INFO] Database connection established
2025-07-26 11:53:17 [ERROR] Email sending failed to recipient: support@amazon.com
2025-07-26 06:27:56 [INFO] Cache cleared successfully
2025-07-26 14:20:26 [INFO] User login successful for user: eve
2025-07-26 05:31:35 [INFO] Cache cleared successfully
2025-07-26 01:39:48 [WARNING] Failed login attempt for user: alice. Retrying...
2025-07-26 01:29:02 [INFO] Database connection established
2025-07-26 12:57:39 [INFO] User login successful for user: alice
2025-07-26 10:24:30 [INFO] Cache cleared successfully
2025-07-26 18:17:52 [INFO] Service payment started
2025-07-26 16:20:56 [WARNING] Disk space low: 3919 remaining
2025-07-26 08:07:53 [INFO] Cache cleared successfully
2025-07-26 06:01:59 [INFO] File uploaded: data.csv
2025-07-26 04:54:34 [INFO] Cache cleared successfully
2025-07-26 17:07:14 [INFO] Database connection established
2025-07-26 10:29:14 [INFO] Database connection established
2025-07-26 23:03:06 [INFO] Cache cleared successfully
2025-07-26 18:13:04 [ERROR] File write failed: report.pdf
2025-07-26 07:16:58 [WARNING] Second failed login attempt for user: bob. Next attempt will ERROR. Retrying...
2025-07-26 05:50:51 [INFO] Service notification started
2025-07-26 19:43:25 [INFO] User login successful for user: charlie
2025-07-26 08:35:28 [ERROR] File write failed: data.csv
2025-07-26 04:21:36 [WARNING] High memory usage detected
2025-07-26 11:05:50 [ERROR] Deadlock detected in transaction ID 572
2025-07-26 15:57:56 [INFO] Database connection established
2025-07-26 04:23:03 [INFO] File uploaded: backup.zip
2025-07-26 16:05:25 [INFO] Database connection established
2025-07-26 04:45:55 [INFO] Scheduled backup completed successfully
2025-07-26 09:28:18 [INFO] File uploaded: config.yml
2025-07-26 12:23:10 [INFO] Scheduled backup completed successfully
2025-07-26 23:47:05 [INFO] Service inventory started
2025-07-26 18:49:39 [INFO] Cache cleared successfully
2025-07-26 05:29:26 [DEBUG] Entering function generate_report with arguments: 4
2025-07-26 07:28:47 [INFO] File uploaded: backup.zip
2025-07-26 11:07:31 [DEBUG] Entering function generate_report with arguments: 2
2025-07-26 06:35:54 [INFO] Cache cleared successfully
2025-07-26 13:25:17 [INFO] User login successful for user: bob
2025-07-26 01:32:41 [INFO] Database connection established
2025-07-26 06:40:13 [WARNING] Configuration file deprecated: backup.zip
2025-07-26 21:05:33 [INFO] User login successful for user: bob
2025-07-26 13:38:17 [INFO] User login successful for user: eve
2025-07-26 23:07:08 [WARNING] High memory usage detected
2025-07-26 07:32:22 [WARNING] Second failed login attempt for user: diana. Next attempt will ERROR. Retrying...
2025-07-26 17:50:44 [INFO] Cache cleared successfully
2025-07-26 14:14:16 [INFO] User login successful for user: diana
2025-07-26 09:25:19 [INFO] Scheduled backup completed successfully
2025-07-26 22:00:16 [ERROR] Unhandled exception: TimeoutError
2025-07-26 08:19:13 [INFO] Scheduled backup completed successfully
2025-07-26 01:24:13 [INFO] Scheduled backup completed successfully
2025-07-26 23:00:23 [WARNING] API response time exceeded threshold
2025-07-26 04:00:42 [INFO] File uploaded: config.yml
2025-07-26 22:10:31 [INFO] Cache cleared successfully
2025-07-26 17:52:56 [INFO] Database connection established
2025-07-26 04:57:32 [ERROR] Deadlock detected in transaction ID 4663
2025-07-26 12:49:24 [WARNING] High memory usage detected
2025-07-26 17:36:43 [INFO] Service auth started
2025-07-26 02:13:18 [DEBUG] Temporary file created at: backup.zip
2025-07-26 04:43:22 [WARNING] Second failed login attempt for user: charlie. Next attempt will ERROR. Retrying...
2025-07-26 16:47:10 [INFO] User login successful for user: diana
2025-07-26 02:47:06 [INFO] Cache cleared successfully
2025-07-26 00:40:24 [INFO] File uploaded: backup.zip
2025-07-26 05:55:29 [DEBUG] Session token generated for user: diana
2025-07-26 18:14:12 [INFO] Database connection established
2025-07-26 11:41:29 [INFO] Cache cleared successfully
2025-07-26 22:37:45 [WARNING] Configuration file deprecated: data.csv
2025-07-26 05:46:08 [ERROR] Deadlock detected in transaction ID 3411
2025-07-26 15:54:30 [INFO] Service auth started
2025-07-26 04:09:08 [INFO] Service auth started
2025-07-26 08:20:59 [INFO] Cache cleared successfully
2025-07-26 04:29:34 [INFO] Service auth started
2025-07-26 19:41:07 [INFO] Scheduled backup completed successfully
2025-07-26 19:38:35 [DEBUG] Temporary file created at: data.csv
2025-07-26 01:47:00 [INFO] User login successful for user: charlie
2025-07-26 18:02:27 [INFO] Database connection established
2025-07-26 07:53:20 [INFO] User login successful for user: bob
2025-07-26 05:18:21 [WARNING] Failed login attempt for user: bob. Retrying...
2025-07-26 04:24:53 [INFO] Scheduled backup completed successfully
2025-07-26 18:57:27 [INFO] Database connection established
2025-07-26 04:00:48 [INFO] Cache cleared successfully
2025-07-26 10:07:01 [INFO] File uploaded: config.yml
2025-07-26 05:30:00 [INFO] Service auth started
2025-07-26 04:02:49 [INFO] User login successful for user: diana
2025-07-26 15:25:36 [ERROR] Database connection lost
2025-07-26 23:31:58 [ERROR] Database connection lost
2025-07-26 04:56:56 [WARNING] Configuration file deprecated: backup.zip
2025-07-26 20:30:15 [ERROR] Service inventory crashed
2025-07-26 21:15:39 [INFO] Database connection established
2025-07-26 11:22:14 [WARNING] API response time exceeded threshold
2025-07-26 18:16:33 [INFO] Database connection established
2025-07-26 09:19:31 [WARNING] Second failed login attempt for user: bob. Next attempt will ERROR. Retrying...
2025-07-26 10:36:57 [INFO] Cache cleared successfully
2025-07-26 05:33:30 [DEBUG] Variable x has value: 3016
2025-07-26 02:03:14 [WARNING] Slow query detected: execution time 1856ms
2025-07-26 02:42:56 [INFO] File uploaded: backup.zip
2025-07-26 03:49:39 [INFO] Scheduled backup completed successfully
2025-07-26 20:33:42 [DEBUG] Variable x has value: 40
2025-07-26 02:16:57 [ERROR] Email sending failed to recipient: admin@google.com
2025-07-26 00:08:32 [INFO] User login successful for user: diana
2025-07-26 23:51:44 [WARNING] High memory usage detected
2025-07-26 04:31:18 [INFO] User login successful for user: charlie
2025-07-26 09:12:02 [WARNING] Disk space low: 320 remaining
2025-07-26 17:42:47 [WARNING] Configuration file deprecated: config.yml
2025-07-26 11:35:58 [INFO] Database connection established
2025-07-26 11:56:06 [INFO] User login successful for user: alice
2025-07-26 16:12:42 [WARNING] Failed login attempt for user: alice. Retrying...
2025-07-26 08:17:37 [INFO] User login successful for user: bob
2025-07-26 08:28:59 [ERROR] Database connection lost
2025-07-26 04:04:16 [WARNING] Configuration file deprecated: backup.zip
2025-07-26 22:12:57 [ERROR] Email sending failed to recipient: support@amazon.com
2025-07-26 16:16:14 [INFO] File uploaded: backup.zip
2025-07-26 20:10:17 [INFO] File uploaded: backup.zip
2025-07-26 22:58:51 [DEBUG] Query executed: UPDATE orders SET status='shipped' WHERE id=42
2025-07-26 05:15:10 [INFO] File uploaded: backup.zip
2025-07-26 06:08:41 [INFO] Scheduled backup completed successfully
2025-07-26 14:59:41 [INFO] Service payment started
2025-07-26 01:19:33 [ERROR] File write failed: config.yml
2025-07-26 11:49:56 [INFO] Cache cleared successfully
2025-07-26 12:36:08 [INFO] Scheduled backup completed successfully
2025-07-26 13:30:19 [INFO] File uploaded: data.csv
2025-07-26 02:49:41 [INFO] Scheduled backup completed successfully
2025-07-26 01:20:45 [ERROR] Email sending failed to recipient: support@amazon.com
2025-07-26 01:16:34 [WARNING] API response time exceeded threshold
2025-07-26 09:40:57 [INFO] Cache cleared successfully
2025-07-26 08:06:53 [ERROR] Unhandled exception: NullPointerException
2025-07-26 09:16:51 [DEBUG] Variable x has value: 2546
2025-07-26 06:40:41 [INFO] Service payment started
2025-07-26 15:19:23 [INFO] User login successful for user: bob
2025-07-26 07:29:26 [INFO] User login successful for user: charlie
2025-07-26 17:32:41 [WARNING] Slow query detected: execution time 1241ms
2025-07-26 04:07:49 [WARNING] Second failed login attempt for user: charlie. Next attempt will ERROR. Retrying...
2025-07-26 01:49:58 [INFO] Database connection established
2025-07-26 00:55:35 [ERROR] Service payment crashed
2025-07-26 13:14:08 [INFO] Scheduled backup completed successfully
2025-07-26 20:24:26 [INFO] File uploaded: data.csv
2025-07-26 19:49:32 [INFO] Cache cleared successfully
2025-07-26 03:43:25 [WARNING] Slow query detected: execution time 4492ms
2025-07-26 11:46:51 [INFO] Database connection established
2025-07-26 05:39:10 [INFO] Scheduled backup completed successfully
2025-07-26 01:04:45 [INFO] Service inventory started
2025-07-26 21:03:29 [INFO] Cache cleared successfully
2025-07-26 11:48:00 [INFO] Scheduled backup completed successfully
2025-07-26 09:14:43 [INFO] User login successful for user: charlie
2025-07-26 12:42:08 [INFO] Service inventory started
2025-07-26 12:06:51 [INFO] User login successful for user: alice
2025-07-26 19:23:37 [INFO] File uploaded: report.pdf
2025-07-26 23:54:14 [INFO] Scheduled backup completed successfully
2025-07-26 00:03:12 [ERROR] Deadlock detected in transaction ID 4933
2025-07-26 10:21:48 [ERROR] Deadlock detected in transaction ID 4826
2025-07-26 16:36:23 [INFO] User login successful for user: diana
2025-07-26 03:15:25 [INFO] Database connection established
2025-07-26 07:00:26 [INFO] User login successful for user: alice
2025-07-26 09:39:24 [INFO] File uploaded: report.pdf
2025-07-26 22:25:21 [ERROR] File write failed: data.csv
2025-07-26 15:29:26 [WARNING] Configuration file deprecated: report.pdf
2025-07-26 01:26:37 [WARNING] Disk space low: 2631 remaining
2025-07-26 00:19:48 [INFO] File uploaded: report.pdf
2025-07-26 16:32:37 [INFO] User login successful for user: diana
2025-07-26 20:24:51 [INFO] User login successful for user: charlie
2025-07-26 21:21:51 [INFO] Cache cleared successfully
2025-07-26 20:13:23 [WARNING] Second failed login attempt for user: bob. Next attempt will ERROR. Retrying...
2025-07-26 13:58:57 [INFO] File uploaded: config.yml
2025-07-26 00:35:59 [INFO] Cache cleared successfully
2025-07-26 23:38:55 [WARNING] API response time exceeded threshold
2025-07-26 21:25:10 [INFO] Cache cleared successfully
2025-07-26 17:00:10 [ERROR] Unhandled exception: TimeoutError
2025-07-26 04:26:36 [WARNING] Slow query detected: execution time 3230ms
2025-07-26 00:10:26 [INFO] Service payment started
2025-07-26 07:09:12 [INFO] Scheduled backup completed successfully
2025-07-26 06:53:13 [WARNING] Configuration file deprecated: data.csv
2025-07-26 06:05:35 [INFO] User login successful for user: charlie
2025-07-26 11:15:57 [INFO] User login successful for user: eve
2025-07-26 20:57:04 [WARNING] Slow query detected: execution time 4857ms
2025-07-26 19:06:37 [INFO] Database connection established
2025-07-26 10:15:49 [INFO] File uploaded: report.pdf
2025-07-26 14:45:29 [INFO] File uploaded: data.csv
2025-07-26 06:00:36 [INFO] Scheduled backup completed successfully
2025-07-26 02:25:03 [WARNING] API response time exceeded threshold
2025-07-26 07:36:30 [WARNING] Slow query detected: execution time 3687ms
2025-07-26 20:09:10 [ERROR] Service auth crashed
2025-07-26 09:22:53 [INFO] Service inventory started
2025-07-26 11:33:35 [ERROR] Unhandled exception: NullPointerException
2025-07-26 10:22:40 [INFO] File uploaded: report.pdf
2025-07-26 06:42:01 [WARNING] High memory usage detected
2025-07-26 06:31:57 [INFO] Cache cleared successfully
2025-07-26 12:32:52 [ERROR] Email sending failed to recipient: user@gmail.com
2025-07-26 15:25:53 [INFO] User login successful for user: eve
2025-07-26 02:39:15 [ERROR] File write failed: data.csv
2025-07-26 18:47:58 [INFO] File uploaded: report.pdf
2025-07-26 10:32:26 [INFO] Scheduled backup completed successfully
2025-07-26 09:19:45 [INFO] Service auth started
2025-07-26 23:23:37 [INFO] Database connection established
2025-07-26 05:31:10 [DEBUG] Session token generated for user: bob
2025-07-26 02:16:42 [INFO] Cache cleared successfully
2025-07-26 16:31:25 [ERROR] Deadlock detected in transaction ID 4076
2025-07-26 09:59:33 [INFO] Scheduled backup completed successfully
2025-07-26 18:51:03 [WARNING] Disk space low: 3622 remaining
2025-07-26 08:01:04 [INFO] Database connection established
2025-07-26 02:26:02 [INFO] Cache cleared successfully
2025-07-26 05:18:49 [WARNING] Failed login attempt for user: charlie. Retrying...
2025-07-26 14:00:41 [INFO] Database connection established
2025-07-26 03:05:39 [ERROR] Deadlock detected in transaction ID 1004
2025-07-26 10:08:34 [INFO] Service payment started
2025-07-26 20:00:59 [INFO] Scheduled backup completed successfully
2025-07-26 17:42:56 [ERROR] Email sending failed to recipient: user@gmail.com
2025-07-26 07:07:07 [INFO] Service inventory started
2025-07-26 04:46:15 [WARNING] Failed login attempt for user: bob. Retrying...
2025-07-26 08:36:34 [DEBUG] Query executed: UPDATE orders SET status='shipped' WHERE id=42
2025-07-26 01:44:23 [INFO] Cache cleared successfully
2025-07-26 18:54:46 [ERROR] Email sending failed to recipient: admin@google.com
2025-07-26 10:33:57 [INFO] User login successful for user: charlie
2025-07-26 12:02:52 [INFO] Database connection established
2025-07-26 03:33:34 [INFO] User login successful for user: eve
2025-07-26 02:02:13 [WARNING] Second failed login attempt for user: diana. Next attempt will ERROR. Retrying...
2025-07-26 15:10:22 [WARNING] High memory usage detected
2025-07-26 23:00:03 [ERROR] File write failed: backup.zip
2025-07-26 22:27:54 [INFO] Database connection established
2025-07-26 01:31:44 [ERROR] Service notification crashed
2025-07-26 16:20:08 [ERROR] Service inventory crashed
2025-07-26 15:12:03 [INFO] Scheduled backup completed successfully
2025-07-26 15:55:30 [INFO] Scheduled backup completed successfully
2025-07-26 03:23:15 [WARNING] Disk space low: 2105 remaining
2025-07-26 19:18:08 [INFO] Scheduled backup completed successfully
2025-07-26 21:08:26 [INFO] Service notification started
2025-07-26 04:35:14 [INFO] User login successful for user: charlie
2025-07-26 02:28:57 [WARNING] API response time exceeded threshold
2025-07-26 04:43:56 [ERROR] Unhandled exception: FileNotFoundError
2025-07-26 16:08:52 [INFO] Cache cleared successfully
2025-07-26 21:55:07 [DEBUG] Entering function send_email with arguments: 2
2025-07-26 13:11:44 [WARNING] Second failed login attempt for user: charlie. Next attempt will ERROR. Retrying...
2025-07-26 08:01:21 [INFO] Service auth started
2025-07-26 03:37:49 [INFO] Cache cleared successfully
2025-07-26 17:22:04 [ERROR] Unhandled exception: NullPointerException
2025-07-26 00:54:41 [INFO] Database connection established
2025-07-26 20:51:52 [ERROR] Email sending failed to recipient: support@amazon.com
2025-07-26 11:39:31 [INFO] Database connection established
2025-07-26 23:23:23 [INFO] File uploaded: config.yml
2025-07-26 21:03:00 [INFO] Cache cleared successfully
2025-07-26 16:39:51 [INFO] File uploaded: backup.zip
2025-07-26 11:08:15 [ERROR] Database connection lost
2025-07-26 10:56:05 [DEBUG] Variable x has value: 3161
2025-07-26 06:31:07 [INFO] Service payment started
2025-07-26 00:53:11 [INFO] Service inventory started
2025-07-26 08:02:39 [WARNING] High memory usage detected
2025-07-26 18:59:42 [WARNING] Disk space low: 1519 remaining
2025-07-26 04:50:07 [DEBUG] Query executed: UPDATE orders SET status='shipped' WHERE id=42
2025-07-26 06:42:38 [ERROR] Unhandled exception: NullPointerException
2025-07-26 22:57:09 [ERROR] Deadlock detected in transaction ID 3696
2025-07-26 06:34:13 [INFO] Database connection established
2025-07-26 22:10:10 [ERROR] File write failed: data.csv
2025-07-26 09:05:46 [INFO] File uploaded: backup.zip
2025-07-26 20:46:00 [INFO] User login successful for user: charlie
2025-07-26 00:42:00 [INFO] User login successful for user: charlie
2025-07-26 09:00:23 [INFO] Scheduled backup completed successfully
2025-07-26 17:24:13 [INFO] Database connection established
2025-07-26 14:42:24 [WARNING] API response time exceeded threshold
2025-07-26 12:12:40 [WARNING] High memory usage detected
2025-07-26 13:32:28 [INFO] User login successful for user: alice
2025-07-26 18:54:12 [INFO] Cache cleared successfully
2025-07-26 05:04:17 [WARNING] Second failed login attempt for user: bob. Next attempt will ERROR. Retrying...
2025-07-26 16:23:45 [INFO] Database connection established
2025-07-26 08:54:22 [WARNING] Slow query detected: execution time 2677ms
2025-07-26 00:08:43 [INFO] Cache cleared successfully
2025-07-26 05:52:44 [INFO] User login successful for user: diana
2025-07-26 15:48:58 [WARNING] API response time exceeded threshold
2025-07-26 16:47:56 [ERROR] Service auth crashed
2025-07-26 18:10:20 [ERROR] Service auth crashed
2025-07-26 15:16:31 [INFO] User login successful for user: eve
2025-07-26 19:34:11 [INFO] User login successful for user: diana
2025-07-26 11:09:45 [WARNING] Disk space low: 4590 remaining
2025-07-26 22:19:14 [INFO] Service auth started
2025-07-26 15:58:35 [WARNING] Slow query detected: execution time 4669ms
2025-07-26 13:44:52 [INFO] Cache cleared successfully
2025-07-26 19:12:04 [INFO] User login successful for user: bob
2025-07-26 15:22:32 [WARNING] Disk space low: 489 remaining
2025-07-26 12:00:05 [INFO] Scheduled backup completed successfully
2025-07-26 03:41:50 [INFO] User login successful for user: charlie
2025-07-26 17:18:22 [INFO] Database connection established
2025-07-26 05:52:01 [DEBUG] Query executed: SELECT * FROM users
2025-07-26 09:46:07 [WARNING] Slow query detected: execution time 2572ms
2025-07-26 20:05:13 [INFO] Scheduled backup completed successfully
2025-07-26 14:45:31 [WARNING] Configuration file deprecated: config.yml
2025-07-26 17:36:06 [ERROR] File write failed: data.csv
2025-07-26 01:53:06 [WARNING] Second failed login attempt for user: diana. Next attempt will ERROR. Retrying...
2025-07-26 12:53:30 [INFO] Cache cleared successfully
2025-07-26 06:11:06 [DEBUG] Query executed: UPDATE orders SET status='shipped' WHERE id=42
2025-07-26 18:47:35 [INFO] Cache cleared successfully
2025-07-26 06:51:29 [WARNING] Second failed login attempt for user: alice. Next attempt will ERROR. Retrying...
2025-07-26 20:16:33 [WARNING] API response time exceeded threshold
2025-07-26 02:13:10 [DEBUG] Variable x has value: 3643
2025-07-26 12:34:45 [INFO] Service payment started
2025-07-26 02:39:30 [INFO] User login successful for user: diana
2025-07-26 02:23:35 [DEBUG] Entering function generate_report with arguments: 5
2025-07-26 02:51:54 [INFO] Scheduled backup completed successfully
2025-07-26 20:05:27 [INFO] Cache cleared successfully
2025-07-26 21:36:49 [INFO] User login successful for user: eve
2025-07-26 21:38:40 [INFO] Cache cleared successfully
2025-07-26 17:15:36 [INFO] Cache cleared successfully
2025-07-26 20:48:48 [ERROR] Database connection lost
2025-07-26 11:34:06 [WARNING] Slow query detected: execution time 2513ms
2025-07-26 10:00:25 [INFO] Cache cleared successfully
2025-07-26 03:51:22 [ERROR] Deadlock detected in transaction ID 4713
2025-07-26 14:48:46 [ERROR] Database connection lost
2025-07-26 20:51:15 [INFO] Scheduled backup completed successfully
2025-07-26 03:23:51 [INFO] File uploaded: backup.zip
2025-07-26 10:06:42 [WARNING] Failed login attempt for user: eve. Retrying...
2025-07-26 05:03:17 [INFO] Scheduled backup completed successfully
2025-07-26 16:02:53 [DEBUG] Variable x has value: 4758
2025-07-26 07:14:51 [ERROR] Email sending failed to recipient: admin@google.com
2025-07-26 22:54:42 [ERROR] File write failed: config.yml
2025-07-26 06:41:52 [INFO] Service inventory started
2025-07-26 03:41:39 [WARNING] Slow query detected: execution time 232ms
2025-07-26 15:54:12 [INFO] Service inventory started
2025-07-26 20:54:13 [WARNING] Failed login attempt for user: diana. Retrying...
2025-07-26 11:21:31 [INFO] Cache cleared successfully
2025-07-26 05:54:27 [INFO] Database connection established
2025-07-26 05:41:57 [ERROR] Database connection lost
2025-07-26 02:10:55 [ERROR] Deadlock detected in transaction ID 3049
2025-07-26 09:33:20 [INFO] User login successful for user: bob
2025-07-26 21:20:47 [WARNING] Second failed login attempt for user: bob. Next attempt will ERROR. Retrying...
2025-07-26 20:17:42 [INFO] File uploaded: backup.zip
2025-07-26 22:34:16 [INFO] User login successful for user: bob
2025-07-26 06:20:11 [INFO] Cache cleared successfully
2025-07-26 19:41:21 [ERROR] File write failed: backup.zip
