2025-07-15 09:47:09 [ERROR] Email sending failed to recipient: admin@google.com
2025-07-15 23:22:55 [WARNING] Configuration file deprecated: config.yml
2025-07-15 12:32:22 [ERROR] Service payment crashed
2025-07-15 06:20:33 [INFO] Cache cleared successfully
2025-07-15 09:05:27 [INFO] User login successful for user: charlie
2025-07-15 23:32:54 [INFO] Service notification started
2025-07-15 15:22:14 [INFO] User login successful for user: charlie
2025-07-15 10:45:51 [ERROR] Email sending failed to recipient: user@gmail.com
2025-07-15 19:15:40 [INFO] Database connection established
2025-07-15 18:38:19 [INFO] User login successful for user: diana
2025-07-15 02:47:31 [INFO] Database connection established
2025-07-15 03:54:12 [ERROR] Deadlock detected in transaction ID 4675
2025-07-15 19:27:59 [WARNING] API response time exceeded threshold
2025-07-15 20:38:38 [ERROR] Email sending failed to recipient: user@gmail.com
2025-07-15 09:00:24 [WARNING] Slow query detected: execution time 1685ms
2025-07-15 16:49:22 [WARNING] Second failed login attempt for user: diana. Next attempt will ERROR. Retrying...
2025-07-15 01:27:05 [INFO] User login successful for user: diana
2025-07-15 02:48:05 [DEBUG] Query executed: UPDATE orders SET status='shipped' WHERE id=42
2025-07-15 21:47:54 [INFO] Cache cleared successfully
2025-07-15 12:20:40 [INFO] Database connection established
2025-07-15 00:14:52 [INFO] Scheduled backup completed successfully
2025-07-15 12:39:35 [ERROR] Database connection lost
2025-07-15 21:03:42 [INFO] File uploaded: backup.zip
2025-07-15 02:13:53 [WARNING] High memory usage detected
2025-07-15 16:20:39 [ERROR] File write failed: data.csv
2025-07-15 22:20:00 [INFO] Scheduled backup completed successfully
2025-07-15 10:00:09 [ERROR] Deadlock detected in transaction ID 2950
2025-07-15 17:01:23 [INFO] Cache cleared successfully
2025-07-15 23:47:58 [INFO] Service notification started
2025-07-15 09:50:46 [ERROR] Deadlock detected in transaction ID 998
2025-07-15 10:27:27 [INFO] Service payment started
2025-07-15 19:11:58 [INFO] User login successful for user: eve
2025-07-15 20:13:56 [INFO] Service inventory started
2025-07-15 03:47:25 [INFO] Cache cleared successfully
2025-07-15 18:25:51 [ERROR] File write failed: report.pdf
2025-07-15 15:46:30 [DEBUG] Entering function generate_report with arguments: 8
2025-07-15 03:23:11 [INFO] Scheduled backup completed successfully
2025-07-15 08:09:41 [WARNING] High memory usage detected
2025-07-15 01:48:34 [ERROR] Unhandled exception: TimeoutError
2025-07-15 05:33:55 [WARNING] Second failed login attempt for user: charlie. Next attempt will ERROR. Retrying...
2025-07-15 11:47:24 [ERROR] Email sending failed to recipient: user@gmail.com
2025-07-15 07:57:17 [INFO] Database connection established
2025-07-15 08:00:41 [ERROR] Database connection lost
2025-07-15 18:07:31 [INFO] Cache cleared successfully
2025-07-15 11:25:35 [WARNING] High memory usage detected
2025-07-15 04:29:46 [INFO] User login successful for user: bob
2025-07-15 13:45:00 [INFO] User login successful for user: alice
2025-07-15 18:18:36 [INFO] Scheduled backup completed successfully
2025-07-15 00:17:51 [INFO] Scheduled backup completed successfully
2025-07-15 18:21:58 [WARNING] Second failed login attempt for user: alice. Next attempt will ERROR. Retrying...
2025-07-15 14:00:08 [WARNING] Configuration file deprecated: config.yml
2025-07-15 03:29:03 [DEBUG] Query executed: SELECT * FROM users
2025-07-15 14:27:48 [INFO] Database connection established
2025-07-15 12:20:01 [WARNING] Disk space low: 3276 remaining
2025-07-15 22:44:09 [INFO] Cache cleared successfully
2025-07-15 10:41:38 [INFO] Service auth started
2025-07-15 17:06:09 [INFO] Service auth started
2025-07-15 17:36:16 [INFO] File uploaded: report.pdf
2025-07-15 15:20:56 [INFO] Scheduled backup completed successfully
2025-07-15 05:46:03 [INFO] File uploaded: report.pdf
2025-07-15 10:27:16 [INFO] Database connection established
2025-07-15 14:19:52 [INFO] User login successful for user: charlie
2025-07-15 02:49:41 [INFO] Scheduled backup completed successfully
2025-07-15 20:13:57 [INFO] File uploaded: report.pdf
2025-07-15 07:26:18 [INFO] Service notification started
2025-07-15 17:01:28 [INFO] File uploaded: report.pdf
2025-07-15 00:46:45 [WARNING] High memory usage detected
2025-07-15 13:26:17 [WARNING] API response time exceeded threshold
2025-07-15 06:00:55 [INFO] Database connection established
2025-07-15 02:18:00 [INFO] Database connection established
2025-07-15 23:21:28 [INFO] Scheduled backup completed successfully
2025-07-15 17:14:23 [ERROR] Email sending failed to recipient: admin@google.com
2025-07-15 22:35:32 [ERROR] Database connection lost
2025-07-15 08:47:16 [ERROR] Database connection lost
2025-07-15 20:59:44 [INFO] Service notification started
2025-07-15 00:30:25 [WARNING] Second failed login attempt for user: alice. Next attempt will ERROR. Retrying...
2025-07-15 14:43:26 [INFO] Scheduled backup completed successfully
2025-07-15 21:44:29 [INFO] Database connection established
2025-07-15 12:18:24 [INFO] User login successful for user: charlie
2025-07-15 02:55:32 [INFO] Scheduled backup completed successfully
2025-07-15 16:31:16 [INFO] Cache cleared successfully
2025-07-15 17:19:43 [INFO] User login successful for user: bob
2025-07-15 17:08:39 [ERROR] Email sending failed to recipient: support@amazon.com
2025-07-15 07:46:06 [INFO] Service auth started
2025-07-15 13:39:34 [WARNING] Disk space low: 1363 remaining
2025-07-15 23:10:49 [INFO] Scheduled backup completed successfully
2025-07-15 17:21:29 [INFO] Database connection established
2025-07-15 04:16:39 [WARNING] Second failed login attempt for user: diana. Next attempt will ERROR. Retrying...
2025-07-15 00:28:01 [ERROR] Service auth crashed
2025-07-15 12:16:02 [DEBUG] Entering function send_email with arguments: 2
2025-07-15 15:10:31 [DEBUG] Temporary file created at: report.pdf
2025-07-15 12:47:45 [INFO] Scheduled backup completed successfully
2025-07-15 18:31:22 [INFO] User login successful for user: diana
2025-07-15 21:05:32 [INFO] File uploaded: backup.zip
2025-07-15 18:07:53 [INFO] Cache cleared successfully
2025-07-15 06:58:06 [INFO] Database connection established
2025-07-15 23:21:36 [DEBUG] Query executed: SELECT * FROM users
2025-07-15 20:48:15 [WARNING] Failed login attempt for user: charlie. Retrying...
2025-07-15 21:10:30 [ERROR] Database connection lost
2025-07-15 01:11:42 [WARNING] API response time exceeded threshold
2025-07-15 11:34:39 [INFO] Service inventory started
2025-07-15 20:25:06 [INFO] Service auth started
2025-07-15 02:51:41 [WARNING] Disk space low: 2432 remaining
2025-07-15 01:34:02 [INFO] Scheduled backup completed successfully
2025-07-15 01:23:45 [INFO] File uploaded: data.csv
2025-07-15 01:48:57 [WARNING] Disk space low: 2672 remaining
2025-07-15 08:49:33 [INFO] User login successful for user: charlie
2025-07-15 04:17:32 [INFO] Cache cleared successfully
2025-07-15 19:42:46 [WARNING] Configuration file deprecated: data.csv
2025-07-15 13:27:38 [INFO] Service inventory started
2025-07-15 09:13:20 [INFO] User login successful for user: bob
2025-07-15 21:55:32 [INFO] File uploaded: data.csv
2025-07-15 14:44:27 [INFO] Scheduled backup completed successfully
2025-07-15 20:37:06 [DEBUG] Session token generated for user: diana
2025-07-15 04:36:10 [WARNING] Failed login attempt for user: charlie. Retrying...
2025-07-15 07:26:54 [INFO] File uploaded: data.csv
2025-07-15 01:57:13 [DEBUG] Session token generated for user: bob
2025-07-15 21:47:15 [ERROR] File write failed: data.csv
2025-07-15 22:14:19 [INFO] Scheduled backup completed successfully
2025-07-15 00:25:19 [ERROR] Deadlock detected in transaction ID 3179
2025-07-15 02:04:03 [WARNING] Failed login attempt for user: eve. Retrying...
2025-07-15 22:35:27 [ERROR] Service inventory crashed
2025-07-15 19:33:18 [INFO] User login successful for user: diana
2025-07-15 07:29:35 [WARNING] Second failed login attempt for user: bob. Next attempt will ERROR. Retrying...
2025-07-15 10:13:22 [WARNING] Slow query detected: execution time 3607ms
2025-07-15 08:00:30 [INFO] Service inventory started
2025-07-15 10:02:54 [WARNING] Failed login attempt for user: alice. Retrying...
2025-07-15 08:58:38 [INFO] Database connection established
2025-07-15 06:53:36 [ERROR] Email sending failed to recipient: user@gmail.com
2025-07-15 08:02:11 [DEBUG] Variable x has value: 1306
2025-07-15 07:04:18 [INFO] File uploaded: backup.zip
2025-07-15 21:59:55 [INFO] User login successful for user: bob
2025-07-15 20:38:05 [WARNING] Second failed login attempt for user: eve. Next attempt will ERROR. Retrying...
2025-07-15 18:43:50 [ERROR] Deadlock detected in transaction ID 2911
2025-07-15 04:20:51 [INFO] Scheduled backup completed successfully
2025-07-15 12:35:45 [INFO] File uploaded: backup.zip
2025-07-15 06:55:51 [INFO] File uploaded: data.csv
2025-07-15 15:51:58 [INFO] Scheduled backup completed successfully
2025-07-15 02:19:59 [INFO] Cache cleared successfully
2025-07-15 15:12:07 [WARNING] API response time exceeded threshold
2025-07-15 22:45:29 [ERROR] Email sending failed to recipient: support@amazon.com
2025-07-15 20:35:00 [ERROR] Unhandled exception: FileNotFoundError
2025-07-15 06:03:44 [WARNING] Configuration file deprecated: backup.zip
2025-07-15 07:16:47 [INFO] Cache cleared successfully
2025-07-15 15:55:29 [INFO] Service auth started
2025-07-15 18:57:57 [INFO] Service notification started
2025-07-15 19:43:26 [ERROR] File write failed: config.yml
2025-07-15 21:41:11 [WARNING] Second failed login attempt for user: charlie. Next attempt will ERROR. Retrying...
2025-07-15 08:12:00 [WARNING] Slow query detected: execution time 3092ms
2025-07-15 03:49:59 [INFO] Database connection established
2025-07-15 15:14:16 [INFO] Cache cleared successfully
2025-07-15 14:32:48 [WARNING] Second failed login attempt for user: bob. Next attempt will ERROR. Retrying...
2025-07-15 10:45:30 [WARNING] Configuration file deprecated: report.pdf
2025-07-15 07:42:25 [INFO] Scheduled backup completed successfully
2025-07-15 23:32:31 [INFO] Service payment started
2025-07-15 10:49:26 [INFO] Cache cleared successfully
2025-07-15 02:46:22 [INFO] Cache cleared successfully
2025-07-15 06:26:26 [INFO] Service auth started
2025-07-15 18:07:57 [WARNING] Disk space low: 1451 remaining
2025-07-15 16:38:44 [INFO] Scheduled backup completed successfully
2025-07-15 23:00:00 [INFO] Database connection established
2025-07-15 10:43:11 [WARNING] API response time exceeded threshold
2025-07-15 09:50:35 [INFO] Service notification started
2025-07-15 01:57:07 [WARNING] Slow query detected: execution time 790ms
2025-07-15 08:57:42 [INFO] User login successful for user: charlie
2025-07-15 14:17:16 [INFO] File uploaded: data.csv
2025-07-15 04:52:38 [WARNING] Disk space low: 459 remaining
2025-07-15 02:34:15 [INFO] Database connection established
2025-07-15 15:06:42 [WARNING] Configuration file deprecated: config.yml
2025-07-15 16:01:14 [INFO] Cache cleared successfully
2025-07-15 03:38:41 [INFO] Service auth started
2025-07-15 11:19:42 [ERROR] Database connection lost
2025-07-15 19:45:20 [INFO] Service inventory started
2025-07-15 02:44:12 [INFO] File uploaded: backup.zip
2025-07-15 21:57:33 [INFO] File uploaded: data.csv
2025-07-15 13:57:04 [INFO] User login successful for user: alice
2025-07-15 05:39:05 [INFO] Service auth started
2025-07-15 12:36:13 [INFO] Cache cleared successfully
2025-07-15 05:45:39 [WARNING] API response time exceeded threshold
2025-07-15 15:34:59 [ERROR] Database connection lost
2025-07-15 06:49:37 [INFO] Scheduled backup completed successfully
2025-07-15 11:07:36 [INFO] User login successful for user: alice
2025-07-15 19:24:33 [ERROR] Email sending failed to recipient: user@gmail.com
2025-07-15 17:51:03 [INFO] File uploaded: config.yml
2025-07-15 11:12:32 [INFO] User login successful for user: eve
2025-07-15 15:31:54 [ERROR] Deadlock detected in transaction ID 4451
2025-07-15 13:20:31 [INFO] File uploaded: data.csv
2025-07-15 07:26:46 [INFO] File uploaded: config.yml
2025-07-15 23:52:48 [INFO] Service payment started
2025-07-15 22:24:34 [WARNING] High memory usage detected
2025-07-15 09:24:47 [INFO] File uploaded: config.yml
2025-07-15 06:15:21 [INFO] Service auth started
2025-07-15 00:43:40 [INFO] File uploaded: backup.zip
2025-07-15 22:05:33 [INFO] Database connection established
2025-07-15 00:40:35 [INFO] Database connection established
2025-07-15 05:42:02 [WARNING] Disk space low: 1035 remaining
2025-07-15 11:09:37 [WARNING] High memory usage detected
2025-07-15 00:44:48 [INFO] Cache cleared successfully
2025-07-15 19:02:34 [INFO] Database connection established
2025-07-15 00:27:08 [INFO] Scheduled backup completed successfully
2025-07-15 07:26:38 [INFO] Service payment started
2025-07-15 01:19:53 [INFO] User login successful for user: eve
2025-07-15 00:01:58 [INFO] Database connection established
2025-07-15 08:10:49 [INFO] Cache cleared successfully
2025-07-15 15:01:56 [INFO] User login successful for user: eve
2025-07-15 13:23:12 [ERROR] Service inventory crashed
2025-07-15 07:54:34 [INFO] Service inventory started
2025-07-15 06:46:14 [INFO] File uploaded: backup.zip
2025-07-15 08:56:03 [WARNING] High memory usage detected
2025-07-15 09:59:53 [INFO] Cache cleared successfully
2025-07-15 04:03:01 [INFO] Scheduled backup completed successfully
2025-07-15 01:07:57 [INFO] User login successful for user: diana
2025-07-15 03:13:09 [INFO] Scheduled backup completed successfully
2025-07-15 22:44:42 [WARNING] Configuration file deprecated: report.pdf
2025-07-15 08:25:21 [INFO] Cache cleared successfully
2025-07-15 07:03:09 [INFO] File uploaded: backup.zip
2025-07-15 05:08:57 [INFO] File uploaded: report.pdf
2025-07-15 17:35:41 [INFO] Cache cleared successfully
2025-07-15 19:00:01 [ERROR] File write failed: report.pdf
2025-07-15 09:48:21 [INFO] User login successful for user: charlie
2025-07-15 01:21:57 [INFO] Service inventory started
2025-07-15 12:40:36 [INFO] User login successful for user: charlie
2025-07-15 15:39:52 [INFO] File uploaded: config.yml
2025-07-15 09:37:55 [INFO] Service auth started
2025-07-15 11:25:18 [INFO] File uploaded: data.csv
2025-07-15 10:54:56 [INFO] User login successful for user: eve
2025-07-15 20:35:20 [ERROR] File write failed: data.csv
2025-07-15 10:37:23 [WARNING] API response time exceeded threshold
2025-07-15 16:55:44 [INFO] Cache cleared successfully
2025-07-15 19:07:02 [INFO] Cache cleared successfully
2025-07-15 21:03:22 [INFO] Service payment started
2025-07-15 08:53:47 [INFO] Service payment started
2025-07-15 03:42:27 [WARNING] API response time exceeded threshold
2025-07-15 20:06:01 [WARNING] Disk space low: 41 remaining
2025-07-15 01:39:22 [INFO] File uploaded: report.pdf
2025-07-15 09:16:51 [INFO] File uploaded: data.csv
2025-07-15 12:46:25 [ERROR] Database connection lost
2025-07-15 10:54:59 [WARNING] Failed login attempt for user: charlie. Retrying...
2025-07-15 14:35:29 [INFO] Database connection established
2025-07-15 22:24:47 [INFO] Cache cleared successfully
2025-07-15 03:53:54 [ERROR] Unhandled exception: TimeoutError
2025-07-15 08:46:23 [WARNING] Slow query detected: execution time 3582ms
2025-07-15 07:57:07 [INFO] Database connection established
2025-07-15 10:31:07 [ERROR] Database connection lost
2025-07-15 16:57:40 [INFO] Scheduled backup completed successfully
2025-07-15 23:09:19 [INFO] Service payment started
2025-07-15 15:50:57 [INFO] Service payment started
2025-07-15 19:26:21 [INFO] File uploaded: data.csv
2025-07-15 07:18:30 [INFO] User login successful for user: alice
2025-07-15 08:12:22 [INFO] Cache cleared successfully
2025-07-15 14:57:24 [ERROR] File write failed: report.pdf
2025-07-15 16:46:22 [INFO] Scheduled backup completed successfully
2025-07-15 14:03:09 [INFO] File uploaded: data.csv
2025-07-15 17:57:43 [ERROR] Email sending failed to recipient: user@gmail.com
2025-07-15 05:04:18 [WARNING] Slow query detected: execution time 2404ms
2025-07-15 02:05:20 [WARNING] Slow query detected: execution time 1098ms
2025-07-15 03:17:25 [ERROR] File write failed: backup.zip
2025-07-15 00:29:52 [INFO] Service notification started
2025-07-15 00:55:34 [INFO] Service inventory started
2025-07-15 04:39:30 [INFO] User login successful for user: diana
2025-07-15 06:31:42 [ERROR] Service inventory crashed
2025-07-15 01:14:15 [INFO] User login successful for user: alice
2025-07-15 23:54:07 [WARNING] Disk space low: 4099 remaining
2025-07-15 02:03:48 [INFO] Database connection established
2025-07-15 16:09:39 [WARNING] Failed login attempt for user: diana. Retrying...
2025-07-15 18:25:49 [INFO] Cache cleared successfully
2025-07-15 00:04:46 [INFO] Service inventory started
2025-07-15 13:41:03 [INFO] Cache cleared successfully
2025-07-15 20:21:16 [ERROR] Unhandled exception: NullPointerException
2025-07-15 07:23:53 [INFO] Cache cleared successfully
2025-07-15 12:20:44 [DEBUG] Temporary file created at: report.pdf
2025-07-15 17:24:09 [ERROR] Unhandled exception: FileNotFoundError
2025-07-15 10:28:10 [INFO] Database connection established
2025-07-15 14:07:37 [INFO] User login successful for user: bob
2025-07-15 13:38:36 [WARNING] Slow query detected: execution time 783ms
2025-07-15 19:41:52 [INFO] Database connection established
2025-07-15 07:16:10 [INFO] Scheduled backup completed successfully
2025-07-15 17:51:15 [INFO] Service payment started
2025-07-15 17:55:59 [INFO] Cache cleared successfully
2025-07-15 20:19:41 [ERROR] File write failed: config.yml
2025-07-15 19:05:02 [INFO] File uploaded: report.pdf
2025-07-15 07:58:52 [INFO] File uploaded: config.yml
2025-07-15 17:37:47 [INFO] Scheduled backup completed successfully
2025-07-15 21:20:51 [INFO] Cache cleared successfully
2025-07-15 07:58:44 [INFO] User login successful for user: bob
2025-07-15 20:26:46 [INFO] Scheduled backup completed successfully
2025-07-15 18:24:40 [INFO] Scheduled backup completed successfully
2025-07-15 07:59:28 [ERROR] File write failed: data.csv
2025-07-15 01:42:37 [INFO] Database connection established
2025-07-15 14:23:35 [INFO] Scheduled backup completed successfully
2025-07-15 17:03:32 [WARNING] Failed login attempt for user: diana. Retrying...
2025-07-15 12:50:11 [ERROR] Service payment crashed
2025-07-15 14:36:56 [INFO] Service inventory started
2025-07-15 15:54:39 [INFO] Service notification started
2025-07-15 12:10:19 [ERROR] Service auth crashed
2025-07-15 17:10:02 [INFO] Scheduled backup completed successfully
2025-07-15 21:06:54 [INFO] Scheduled backup completed successfully
2025-07-15 11:11:45 [INFO] File uploaded: config.yml
2025-07-15 02:07:07 [ERROR] Email sending failed to recipient: user@gmail.com
2025-07-15 03:36:31 [WARNING] Failed login attempt for user: bob. Retrying...
2025-07-15 04:38:25 [INFO] User login successful for user: diana
2025-07-15 19:19:11 [WARNING] High memory usage detected
2025-07-15 02:53:35 [WARNING] Slow query detected: execution time 3308ms
2025-07-15 01:36:03 [INFO] Scheduled backup completed successfully
2025-07-15 12:19:12 [INFO] Service payment started
2025-07-15 17:36:59 [INFO] Scheduled backup completed successfully
2025-07-15 13:52:40 [INFO] Scheduled backup completed successfully
2025-07-15 20:47:12 [INFO] Scheduled backup completed successfully
2025-07-15 16:49:59 [WARNING] API response time exceeded threshold
2025-07-15 07:54:55 [WARNING] Second failed login attempt for user: alice. Next attempt will ERROR. Retrying...
2025-07-15 00:07:50 [INFO] File uploaded: config.yml
2025-07-15 13:34:07 [DEBUG] Variable x has value: 2232
2025-07-15 01:21:15 [INFO] Cache cleared successfully
2025-07-15 12:49:20 [INFO] Database connection established
2025-07-15 08:10:15 [WARNING] Disk space low: 770 remaining
2025-07-15 11:20:15 [INFO] User login successful for user: alice
2025-07-15 09:29:47 [INFO] Scheduled backup completed successfully
2025-07-15 03:32:38 [INFO] User login successful for user: alice
2025-07-15 09:26:55 [ERROR] Service payment crashed
2025-07-15 17:41:53 [INFO] User login successful for user: diana
2025-07-15 05:12:20 [WARNING] API response time exceeded threshold
2025-07-15 05:23:19 [INFO] Cache cleared successfully
2025-07-15 05:37:28 [INFO] Service inventory started
2025-07-15 17:26:33 [INFO] Service auth started
2025-07-15 13:29:37 [DEBUG] Session token generated for user: eve
2025-07-15 20:46:09 [DEBUG] Variable x has value: 1804
2025-07-15 17:08:05 [WARNING] Disk space low: 823 remaining
2025-07-15 19:31:48 [INFO] Cache cleared successfully
2025-07-15 09:41:34 [INFO] Cache cleared successfully
2025-07-15 10:22:11 [ERROR] Database connection lost
2025-07-15 19:20:29 [WARNING] Failed login attempt for user: eve. Retrying...
2025-07-15 02:22:22 [WARNING] Slow query detected: execution time 3643ms
2025-07-15 03:49:20 [INFO] Database connection established
2025-07-15 14:39:22 [WARNING] High memory usage detected
2025-07-15 23:43:59 [WARNING] Configuration file deprecated: data.csv
2025-07-15 13:17:46 [WARNING] Configuration file deprecated: report.pdf
2025-07-15 10:53:08 [WARNING] Second failed login attempt for user: alice. Next attempt will ERROR. Retrying...
2025-07-15 09:34:45 [WARNING] Disk space low: 4708 remaining
2025-07-15 07:34:51 [INFO] Service payment started
2025-07-15 08:12:29 [ERROR] Unhandled exception: TimeoutError
2025-07-15 01:16:29 [INFO] Scheduled backup completed successfully
2025-07-15 05:37:01 [DEBUG] Session token generated for user: bob
2025-07-15 00:11:00 [DEBUG] Entering function generate_report with arguments: 9
2025-07-15 08:51:37 [INFO] Database connection established
2025-07-15 04:01:18 [INFO] User login successful for user: diana
2025-07-15 21:18:26 [INFO] User login successful for user: charlie
2025-07-15 01:35:00 [INFO] Scheduled backup completed successfully
2025-07-15 17:28:15 [INFO] User login successful for user: charlie
2025-07-15 14:43:36 [DEBUG] Entering function generate_report with arguments: 8
2025-07-15 11:29:19 [ERROR] Email sending failed to recipient: admin@google.com
2025-07-15 02:32:52 [WARNING] Failed login attempt for user: charlie. Retrying...
2025-07-15 21:32:38 [ERROR] Unhandled exception: TimeoutError
2025-07-15 22:28:33 [INFO] Database connection established
2025-07-15 08:46:50 [INFO] Scheduled backup completed successfully
2025-07-15 18:37:15 [WARNING] Failed login attempt for user: diana. Retrying...
2025-07-15 14:28:03 [WARNING] Slow query detected: execution time 3034ms
2025-07-15 02:07:19 [WARNING] Disk space low: 3695 remaining
2025-07-15 13:04:24 [WARNING] Disk space low: 2414 remaining
2025-07-15 22:23:56 [ERROR] Email sending failed to recipient: admin@google.com
2025-07-15 11:38:23 [INFO] Database connection established
2025-07-15 09:29:48 [WARNING] API response time exceeded threshold
2025-07-15 05:04:32 [INFO] File uploaded: backup.zip
2025-07-15 19:54:16 [INFO] File uploaded: report.pdf
2025-07-15 04:36:47 [INFO] User login successful for user: bob
2025-07-15 08:36:31 [INFO] Scheduled backup completed successfully
2025-07-15 18:31:04 [DEBUG] Temporary file created at: config.yml
2025-07-15 06:11:29 [ERROR] Service notification crashed
2025-07-15 19:03:30 [INFO] User login successful for user: bob
2025-07-15 22:07:48 [INFO] Scheduled backup completed successfully
2025-07-15 13:33:54 [WARNING] Disk space low: 1761 remaining
2025-07-15 00:29:46 [ERROR] Deadlock detected in transaction ID 3532
2025-07-15 07:47:36 [INFO] Service inventory started
2025-07-15 21:23:25 [INFO] Database connection established
2025-07-15 06:10:06 [INFO] Scheduled backup completed successfully
2025-07-15 04:02:39 [INFO] File uploaded: data.csv
2025-07-15 02:25:50 [WARNING] Slow query detected: execution time 1412ms
2025-07-15 09:10:31 [INFO] Service notification started
2025-07-15 15:52:29 [INFO] User login successful for user: alice
2025-07-15 15:33:02 [WARNING] High memory usage detected
2025-07-15 16:24:40 [WARNING] Slow query detected: execution time 1249ms
2025-07-15 04:02:33 [DEBUG] Variable x has value: 2057
2025-07-15 06:03:10 [WARNING] High memory usage detected
2025-07-15 06:08:22 [INFO] File uploaded: data.csv
2025-07-15 14:56:44 [ERROR] Email sending failed to recipient: admin@google.com
2025-07-15 10:34:27 [INFO] Cache cleared successfully
2025-07-15 03:45:40 [INFO] File uploaded: backup.zip
2025-07-15 04:49:14 [ERROR] Database connection lost
2025-07-15 10:09:57 [INFO] User login successful for user: charlie
2025-07-15 19:52:06 [INFO] Database connection established
2025-07-15 06:36:32 [INFO] File uploaded: config.yml
2025-07-15 15:15:09 [ERROR] Deadlock detected in transaction ID 4379
2025-07-15 03:55:45 [WARNING] Failed login attempt for user: charlie. Retrying...
2025-07-15 07:32:36 [WARNING] Failed login attempt for user: eve. Retrying...
2025-07-15 16:10:09 [INFO] Service notification started
2025-07-15 19:56:55 [INFO] Service auth started
2025-07-15 02:44:51 [INFO] Database connection established
2025-07-15 20:48:19 [INFO] User login successful for user: alice
2025-07-15 12:40:45 [INFO] User login successful for user: diana
2025-07-15 16:31:35 [ERROR] Email sending failed to recipient: admin@google.com
2025-07-15 09:33:52 [INFO] Database connection established
2025-07-15 04:21:25 [WARNING] Failed login attempt for user: alice. Retrying...
2025-07-15 04:40:02 [INFO] User login successful for user: charlie
2025-07-15 17:01:39 [ERROR] Deadlock detected in transaction ID 4360
2025-07-15 14:43:34 [INFO] Cache cleared successfully
2025-07-15 22:39:57 [INFO] Scheduled backup completed successfully
2025-07-15 13:07:34 [INFO] Database connection established
2025-07-15 12:24:40 [ERROR] Service notification crashed
2025-07-15 14:52:41 [INFO] User login successful for user: bob
2025-07-15 09:30:43 [ERROR] Database connection lost
2025-07-15 14:21:37 [INFO] Database connection established
2025-07-15 03:18:03 [INFO] Service inventory started
2025-07-15 21:51:18 [INFO] Database connection established
2025-07-15 10:33:57 [INFO] Cache cleared successfully
2025-07-15 00:10:37 [ERROR] Database connection lost
2025-07-15 02:24:18 [WARNING] Configuration file deprecated: report.pdf
2025-07-15 01:29:14 [INFO] User login successful for user: charlie
2025-07-15 15:06:09 [INFO] File uploaded: report.pdf
2025-07-15 13:11:20 [INFO] Cache cleared successfully
2025-07-15 16:40:24 [DEBUG] Query executed: UPDATE orders SET status='shipped' WHERE id=42
2025-07-15 21:31:18 [WARNING] High memory usage detected
2025-07-15 18:19:31 [INFO] File uploaded: report.pdf
2025-07-15 19:42:13 [INFO] File uploaded: config.yml
2025-07-15 00:51:44 [DEBUG] Session token generated for user: charlie
2025-07-15 18:05:18 [INFO] Service inventory started
2025-07-15 01:43:49 [INFO] Database connection established
2025-07-15 17:24:27 [INFO] File uploaded: report.pdf
2025-07-15 16:49:01 [ERROR] Deadlock detected in transaction ID 4991
2025-07-15 11:17:03 [INFO] Cache cleared successfully
2025-07-15 07:10:24 [INFO] Service auth started
2025-07-15 07:26:01 [INFO] Service payment started
2025-07-15 01:06:19 [ERROR] Deadlock detected in transaction ID 860
2025-07-15 21:07:19 [INFO] User login successful for user: alice
2025-07-15 16:58:42 [INFO] Cache cleared successfully
2025-07-15 23:49:17 [INFO] File uploaded: report.pdf
2025-07-15 17:29:10 [INFO] File uploaded: data.csv
2025-07-15 18:19:42 [INFO] Service notification started
2025-07-15 13:41:18 [INFO] Scheduled backup completed successfully
2025-07-15 01:14:48 [INFO] Cache cleared successfully
2025-07-15 15:23:39 [INFO] User login successful for user: alice
2025-07-15 00:14:19 [INFO] Database connection established
2025-07-15 15:37:54 [INFO] User login successful for user: eve
2025-07-15 12:28:59 [ERROR] Email sending failed to recipient: user@gmail.com
2025-07-15 15:19:13 [INFO] Service inventory started
2025-07-15 20:08:54 [INFO] User login successful for user: diana
2025-07-15 20:24:40 [WARNING] Slow query detected: execution time 4861ms
2025-07-15 04:39:25 [DEBUG] Variable x has value: 1500
2025-07-15 00:38:19 [WARNING] High memory usage detected
2025-07-15 01:14:28 [DEBUG] Temporary file created at: config.yml
2025-07-15 08:16:29 [WARNING] Failed login attempt for user: alice. Retrying...
2025-07-15 11:44:42 [ERROR] Unhandled exception: FileNotFoundError
2025-07-15 12:01:50 [INFO] Service payment started
2025-07-15 15:33:31 [INFO] Database connection established
2025-07-15 00:32:09 [WARNING] Second failed login attempt for user: eve. Next attempt will ERROR. Retrying...
2025-07-15 07:29:39 [DEBUG] Session token generated for user: alice
2025-07-15 13:40:10 [ERROR] Database connection lost
2025-07-15 07:59:32 [INFO] User login successful for user: eve
2025-07-15 13:57:30 [INFO] Cache cleared successfully
2025-07-15 05:42:10 [INFO] Cache cleared successfully
2025-07-15 13:51:56 [DEBUG] Entering function send_email with arguments: 4
2025-07-15 07:44:16 [INFO] File uploaded: data.csv
2025-07-15 16:40:58 [INFO] User login successful for user: diana
2025-07-15 06:47:14 [WARNING] Disk space low: 4556 remaining
2025-07-15 18:02:29 [INFO] Database connection established
2025-07-15 10:51:19 [INFO] User login successful for user: alice
2025-07-15 18:19:15 [ERROR] Database connection lost
2025-07-15 01:11:58 [WARNING] API response time exceeded threshold
2025-07-15 00:33:04 [WARNING] High memory usage detected
2025-07-15 05:19:56 [INFO] User login successful for user: bob
2025-07-15 19:56:11 [WARNING] Slow query detected: execution time 3235ms
2025-07-15 15:34:00 [INFO] Cache cleared successfully
2025-07-15 10:31:43 [INFO] File uploaded: backup.zip
2025-07-15 18:48:59 [WARNING] Disk space low: 1184 remaining
2025-07-15 22:43:10 [WARNING] Configuration file deprecated: report.pdf
2025-07-15 10:26:02 [INFO] User login successful for user: diana
2025-07-15 21:59:19 [WARNING] Slow query detected: execution time 460ms
2025-07-15 02:01:05 [INFO] Service inventory started
2025-07-15 03:24:58 [ERROR] Deadlock detected in transaction ID 959
2025-07-15 19:58:36 [INFO] File uploaded: backup.zip
2025-07-15 03:21:57 [DEBUG] Temporary file created at: report.pdf
2025-07-15 18:11:28 [INFO] Cache cleared successfully
2025-07-15 18:27:11 [ERROR] Deadlock detected in transaction ID 656
2025-07-15 19:54:59 [INFO] User login successful for user: bob
2025-07-15 07:11:02 [INFO] Database connection established
2025-07-15 15:59:37 [WARNING] Failed login attempt for user: eve. Retrying...
2025-07-15 15:54:05 [INFO] Service auth started
2025-07-15 08:42:34 [WARNING] Second failed login attempt for user: eve. Next attempt will ERROR. Retrying...
2025-07-15 05:16:45 [INFO] Service inventory started
2025-07-15 17:05:33 [INFO] User login successful for user: bob
2025-07-15 03:00:58 [INFO] Cache cleared successfully
2025-07-15 05:24:33 [ERROR] Email sending failed to recipient: support@amazon.com
2025-07-15 09:10:03 [WARNING] Second failed login attempt for user: charlie. Next attempt will ERROR. Retrying...
2025-07-15 07:17:56 [INFO] Scheduled backup completed successfully
2025-07-15 21:20:18 [WARNING] High memory usage detected
2025-07-15 18:03:41 [DEBUG] Variable x has value: 4050
2025-07-15 21:20:02 [INFO] Cache cleared successfully
2025-07-15 03:57:06 [WARNING] Configuration file deprecated: data.csv
2025-07-15 15:26:37 [INFO] Service notification started
2025-07-15 06:34:14 [WARNING] Second failed login attempt for user: alice. Next attempt will ERROR. Retrying...
2025-07-15 05:38:43 [ERROR] Unhandled exception: FileNotFoundError
2025-07-15 19:50:43 [INFO] Service notification started
2025-07-15 01:33:27 [WARNING] High memory usage detected
2025-07-15 18:15:27 [ERROR] Service auth crashed
2025-07-15 00:20:28 [DEBUG] Variable x has value: 4732
2025-07-15 03:38:22 [WARNING] API response time exceeded threshold
2025-07-15 08:55:41 [INFO] Cache cleared successfully
2025-07-15 06:46:48 [INFO] Cache cleared successfully
2025-07-15 05:57:50 [INFO] Service inventory started
2025-07-15 20:06:26 [INFO] File uploaded: config.yml
2025-07-15 10:18:38 [INFO] Service payment started
2025-07-15 18:03:20 [WARNING] Failed login attempt for user: alice. Retrying...
2025-07-15 15:20:34 [WARNING] Disk space low: 2987 remaining
2025-07-15 23:59:59 [INFO] User login successful for user: eve
2025-07-15 02:23:14 [INFO] Scheduled backup completed successfully
2025-07-15 17:12:39 [INFO] Cache cleared successfully
2025-07-15 05:23:29 [INFO] File uploaded: config.yml
2025-07-15 17:17:40 [ERROR] Database connection lost
2025-07-15 08:12:58 [INFO] Database connection established
2025-07-15 02:55:55 [INFO] Database connection established
2025-07-15 09:16:15 [INFO] Cache cleared successfully
2025-07-15 19:14:42 [INFO] Scheduled backup completed successfully
2025-07-15 02:17:42 [INFO] User login successful for user: bob
2025-07-15 10:51:37 [INFO] Service inventory started
2025-07-15 21:23:48 [INFO] Database connection established
2025-07-15 08:06:08 [ERROR] Deadlock detected in transaction ID 1264
2025-07-15 20:52:11 [WARNING] API response time exceeded threshold
2025-07-15 18:43:07 [INFO] Cache cleared successfully
2025-07-15 20:32:19 [INFO] Database connection established
2025-07-15 12:37:59 [INFO] Database connection established
2025-07-15 18:36:46 [WARNING] Configuration file deprecated: config.yml
2025-07-15 16:12:29 [WARNING] High memory usage detected
2025-07-15 06:16:44 [INFO] Scheduled backup completed successfully
2025-07-15 00:36:40 [INFO] Cache cleared successfully
2025-07-15 15:51:23 [WARNING] Failed login attempt for user: alice. Retrying...
2025-07-15 22:21:47 [INFO] User login successful for user: alice
2025-07-15 18:24:55 [ERROR] Unhandled exception: TimeoutError
2025-07-15 15:30:11 [INFO] Database connection established
2025-07-15 09:14:10 [WARNING] Slow query detected: execution time 1531ms
2025-07-15 17:40:36 [WARNING] Second failed login attempt for user: eve. Next attempt will ERROR. Retrying...
2025-07-15 11:34:04 [INFO] Cache cleared successfully
2025-07-15 13:46:42 [ERROR] Email sending failed to recipient: support@amazon.com
2025-07-15 07:43:38 [INFO] Database connection established
2025-07-15 17:34:17 [WARNING] Failed login attempt for user: diana. Retrying...
2025-07-15 22:10:59 [INFO] User login successful for user: diana
2025-07-15 09:57:15 [DEBUG] Query executed: UPDATE orders SET status='shipped' WHERE id=42
2025-07-15 16:58:44 [INFO] Scheduled backup completed successfully
2025-07-15 09:01:56 [INFO] Cache cleared successfully
2025-07-15 13:07:05 [INFO] File uploaded: data.csv
2025-07-15 19:13:26 [WARNING] Slow query detected: execution time 3619ms
2025-07-15 15:07:39 [INFO] Database connection established
2025-07-15 17:37:23 [INFO] Service auth started
2025-07-15 06:43:44 [INFO] Scheduled backup completed successfully
2025-07-15 22:30:43 [INFO] Scheduled backup completed successfully
2025-07-15 17:45:16 [WARNING] Slow query detected: execution time 2456ms
2025-07-15 00:51:13 [WARNING] Disk space low: 4304 remaining
2025-07-15 08:21:04 [INFO] Database connection established
2025-07-15 15:57:46 [INFO] Cache cleared successfully
2025-07-15 08:05:39 [INFO] File uploaded: report.pdf
2025-07-15 08:05:48 [DEBUG] Query executed: SELECT * FROM users
2025-07-15 03:24:43 [WARNING] High memory usage detected
2025-07-15 22:09:27 [ERROR] Service payment crashed
2025-07-15 09:48:58 [INFO] Scheduled backup completed successfully
2025-07-15 16:38:43 [INFO] Service inventory started
2025-07-15 08:08:50 [ERROR] File write failed: report.pdf
2025-07-15 04:20:08 [INFO] Database connection established
2025-07-15 10:13:08 [INFO] User login successful for user: diana
2025-07-15 03:51:59 [INFO] Service payment started
2025-07-15 10:49:07 [INFO] Cache cleared successfully
2025-07-15 00:25:04 [INFO] Cache cleared successfully
2025-07-15 00:39:19 [INFO] Database connection established
