2025-07-12 14:44:15 [INFO] Cache cleared successfully
2025-07-12 01:51:27 [INFO] Database connection established
2025-07-12 19:52:32 [INFO] File uploaded: data.csv
2025-07-12 18:17:49 [ERROR] Database connection lost
2025-07-12 03:44:11 [WARNING] Configuration file deprecated: data.csv
2025-07-12 13:52:39 [WARNING] Failed login attempt for user: diana. Retrying...
2025-07-12 01:07:13 [INFO] Database connection established
2025-07-12 10:52:42 [ERROR] Unhandled exception: TimeoutError
2025-07-12 08:43:44 [INFO] Scheduled backup completed successfully
2025-07-12 17:07:46 [WARNING] Disk space low: 4332 remaining
2025-07-12 20:45:00 [INFO] Service notification started
2025-07-12 00:14:35 [ERROR] File write failed: backup.zip
2025-07-12 21:24:19 [INFO] File uploaded: data.csv
2025-07-12 12:35:01 [DEBUG] Session token generated for user: bob
2025-07-12 10:49:39 [WARNING] Failed login attempt for user: alice. Retrying...
2025-07-12 13:34:43 [INFO] File uploaded: data.csv
2025-07-12 05:36:20 [WARNING] Disk space low: 2595 remaining
2025-07-12 06:31:56 [ERROR] Service payment crashed
2025-07-12 02:41:36 [INFO] File uploaded: report.pdf
2025-07-12 17:55:44 [INFO] Service inventory started
2025-07-12 00:07:55 [ERROR] Unhandled exception: TimeoutError
2025-07-12 08:39:24 [ERROR] File write failed: backup.zip
2025-07-12 06:52:11 [INFO] File uploaded: backup.zip
2025-07-12 10:37:33 [INFO] Service inventory started
2025-07-12 15:03:39 [INFO] User login successful for user: bob
2025-07-12 14:17:00 [INFO] File uploaded: data.csv
2025-07-12 23:44:05 [INFO] User login successful for user: alice
2025-07-12 09:37:05 [INFO] Cache cleared successfully
2025-07-12 16:44:31 [DEBUG] Temporary file created at: backup.zip
2025-07-12 04:56:30 [INFO] User login successful for user: diana
2025-07-12 19:37:52 [ERROR] Service notification crashed
2025-07-12 10:54:50 [INFO] User login successful for user: diana
2025-07-12 06:26:51 [INFO] Scheduled backup completed successfully
2025-07-12 14:29:53 [INFO] Scheduled backup completed successfully
2025-07-12 16:00:18 [INFO] Service inventory started
2025-07-12 22:12:38 [WARNING] Failed login attempt for user: diana. Retrying...
2025-07-12 01:02:41 [INFO] Cache cleared successfully
2025-07-12 01:33:22 [ERROR] File write failed: backup.zip
2025-07-12 09:52:28 [WARNING] Configuration file deprecated: report.pdf
2025-07-12 06:46:08 [INFO] File uploaded: backup.zip
2025-07-12 15:12:06 [DEBUG] Temporary file created at: config.yml
2025-07-12 15:05:51 [INFO] User login successful for user: eve
2025-07-12 13:23:22 [DEBUG] Variable x has value: 2632
2025-07-12 06:34:15 [INFO] User login successful for user: bob
2025-07-12 17:59:16 [ERROR] Unhandled exception: NullPointerException
2025-07-12 17:38:40 [INFO] Service notification started
2025-07-12 14:54:35 [WARNING] API response time exceeded threshold
2025-07-12 15:27:43 [INFO] File uploaded: backup.zip
2025-07-12 03:32:13 [INFO] Database connection established
2025-07-12 22:25:29 [INFO] Database connection established
2025-07-12 07:40:44 [INFO] Database connection established
2025-07-12 02:39:17 [WARNING] Second failed login attempt for user: alice. Next attempt will ERROR. Retrying...
2025-07-12 18:10:41 [INFO] Database connection established
2025-07-12 16:46:20 [ERROR] Email sending failed to recipient: admin@google.com
2025-07-12 20:01:47 [INFO] File uploaded: backup.zip
2025-07-12 15:40:06 [ERROR] Unhandled exception: NullPointerException
2025-07-12 21:37:33 [INFO] Database connection established
2025-07-12 06:47:26 [DEBUG] Query executed: UPDATE orders SET status='shipped' WHERE id=42
2025-07-12 15:39:36 [INFO] Service payment started
2025-07-12 16:25:17 [INFO] User login successful for user: charlie
2025-07-12 19:27:42 [INFO] Cache cleared successfully
2025-07-12 14:49:38 [INFO] User login successful for user: diana
2025-07-12 09:45:14 [ERROR] Deadlock detected in transaction ID 3674
2025-07-12 10:30:36 [INFO] Scheduled backup completed successfully
2025-07-12 08:17:57 [INFO] Cache cleared successfully
2025-07-12 05:11:16 [DEBUG] Variable x has value: 4066
2025-07-12 00:26:02 [INFO] Database connection established
2025-07-12 20:16:57 [INFO] Service payment started
2025-07-12 16:57:31 [WARNING] Configuration file deprecated: config.yml
2025-07-12 02:48:08 [INFO] Database connection established
2025-07-12 16:48:11 [INFO] Cache cleared successfully
2025-07-12 05:34:19 [INFO] Service payment started
2025-07-12 13:49:57 [INFO] File uploaded: backup.zip
2025-07-12 10:34:53 [INFO] Database connection established
2025-07-12 20:37:05 [ERROR] Deadlock detected in transaction ID 4853
2025-07-12 15:28:24 [INFO] Database connection established
2025-07-12 03:32:43 [INFO] Scheduled backup completed successfully
2025-07-12 01:21:27 [INFO] File uploaded: backup.zip
2025-07-12 17:11:03 [ERROR] Unhandled exception: TimeoutError
2025-07-12 07:28:30 [INFO] Database connection established
2025-07-12 08:10:50 [WARNING] API response time exceeded threshold
2025-07-12 11:41:22 [ERROR] Unhandled exception: TimeoutError
2025-07-12 14:12:27 [INFO] Database connection established
2025-07-12 20:19:28 [INFO] Cache cleared successfully
2025-07-12 08:34:33 [INFO] Database connection established
2025-07-12 15:58:46 [INFO] Cache cleared successfully
2025-07-12 09:00:53 [WARNING] Second failed login attempt for user: charlie. Next attempt will ERROR. Retrying...
2025-07-12 11:19:08 [INFO] Service auth started
2025-07-12 08:27:00 [ERROR] Deadlock detected in transaction ID 1812
2025-07-12 19:02:55 [INFO] Cache cleared successfully
2025-07-12 06:01:38 [INFO] User login successful for user: alice
2025-07-12 21:50:21 [ERROR] Email sending failed to recipient: admin@google.com
2025-07-12 23:58:59 [INFO] Database connection established
2025-07-12 15:05:57 [WARNING] Slow query detected: execution time 1507ms
2025-07-12 07:08:39 [INFO] Cache cleared successfully
2025-07-12 12:03:44 [INFO] Cache cleared successfully
2025-07-12 23:15:21 [WARNING] High memory usage detected
2025-07-12 16:52:30 [INFO] Database connection established
2025-07-12 00:00:07 [INFO] Cache cleared successfully
2025-07-12 10:27:43 [INFO] Database connection established
2025-07-12 20:26:24 [INFO] User login successful for user: bob
2025-07-12 10:05:21 [INFO] File uploaded: report.pdf
2025-07-12 05:26:09 [INFO] File uploaded: data.csv
2025-07-12 19:03:01 [ERROR] Unhandled exception: FileNotFoundError
2025-07-12 03:59:24 [INFO] Cache cleared successfully
2025-07-12 17:40:17 [WARNING] High memory usage detected
2025-07-12 22:15:23 [WARNING] Configuration file deprecated: data.csv
2025-07-12 06:50:40 [ERROR] Email sending failed to recipient: user@gmail.com
2025-07-12 17:41:24 [INFO] Service inventory started
2025-07-12 07:45:59 [ERROR] Email sending failed to recipient: admin@google.com
2025-07-12 06:14:12 [ERROR] Email sending failed to recipient: support@amazon.com
2025-07-12 12:32:29 [INFO] User login successful for user: charlie
2025-07-12 04:53:03 [DEBUG] Variable x has value: 4298
2025-07-12 12:23:17 [WARNING] Slow query detected: execution time 1272ms
2025-07-12 19:39:45 [INFO] Database connection established
2025-07-12 14:08:43 [INFO] User login successful for user: eve
2025-07-12 03:01:19 [INFO] Service notification started
2025-07-12 10:16:16 [INFO] Service payment started
2025-07-12 14:16:52 [DEBUG] Temporary file created at: data.csv
2025-07-12 18:57:14 [DEBUG] Temporary file created at: backup.zip
2025-07-12 09:36:16 [INFO] User login successful for user: bob
2025-07-12 23:38:01 [INFO] Service inventory started
2025-07-12 22:39:29 [WARNING] API response time exceeded threshold
2025-07-12 12:03:25 [INFO] File uploaded: config.yml
2025-07-12 20:31:37 [INFO] Scheduled backup completed successfully
2025-07-12 11:44:01 [WARNING] API response time exceeded threshold
2025-07-12 05:49:02 [INFO] Service inventory started
2025-07-12 11:36:20 [INFO] User login successful for user: eve
2025-07-12 18:38:29 [INFO] Database connection established
2025-07-12 06:51:43 [INFO] Scheduled backup completed successfully
2025-07-12 04:25:14 [INFO] Cache cleared successfully
2025-07-12 13:32:39 [ERROR] Database connection lost
2025-07-12 23:15:54 [WARNING] Configuration file deprecated: report.pdf
2025-07-12 14:33:28 [WARNING] API response time exceeded threshold
2025-07-12 16:58:05 [INFO] Database connection established
2025-07-12 15:13:56 [WARNING] Disk space low: 1964 remaining
2025-07-12 04:50:02 [INFO] User login successful for user: alice
2025-07-12 23:44:06 [INFO] User login successful for user: charlie
2025-07-12 01:39:16 [WARNING] Second failed login attempt for user: eve. Next attempt will ERROR. Retrying...
2025-07-12 13:44:46 [WARNING] API response time exceeded threshold
2025-07-12 09:55:56 [INFO] Cache cleared successfully
2025-07-12 10:13:33 [WARNING] Configuration file deprecated: data.csv
2025-07-12 04:17:02 [WARNING] Second failed login attempt for user: alice. Next attempt will ERROR. Retrying...
2025-07-12 10:14:10 [INFO] User login successful for user: charlie
2025-07-12 22:29:10 [WARNING] Disk space low: 888 remaining
2025-07-12 00:54:36 [ERROR] Database connection lost
2025-07-12 03:01:09 [ERROR] Email sending failed to recipient: admin@google.com
2025-07-12 12:39:45 [DEBUG] Entering function generate_report with arguments: 5
2025-07-12 14:25:01 [INFO] Service auth started
2025-07-12 05:46:15 [DEBUG] Query executed: SELECT * FROM users
2025-07-12 04:02:48 [INFO] Cache cleared successfully
2025-07-12 02:49:14 [ERROR] Database connection lost
2025-07-12 06:25:25 [WARNING] Failed login attempt for user: eve. Retrying...
2025-07-12 12:44:58 [ERROR] Deadlock detected in transaction ID 2122
2025-07-12 18:48:44 [INFO] Scheduled backup completed successfully
2025-07-12 13:07:11 [DEBUG] Temporary file created at: data.csv
2025-07-12 01:05:39 [ERROR] Email sending failed to recipient: support@amazon.com
2025-07-12 21:59:17 [INFO] Database connection established
2025-07-12 07:02:02 [WARNING] API response time exceeded threshold
2025-07-12 09:01:56 [INFO] Database connection established
2025-07-12 13:42:04 [INFO] Database connection established
2025-07-12 06:42:53 [DEBUG] Temporary file created at: backup.zip
2025-07-12 09:02:45 [INFO] User login successful for user: alice
2025-07-12 18:14:42 [WARNING] Slow query detected: execution time 299ms
2025-07-12 15:59:51 [WARNING] API response time exceeded threshold
2025-07-12 11:49:08 [WARNING] Failed login attempt for user: alice. Retrying...
2025-07-12 05:38:25 [WARNING] High memory usage detected
2025-07-12 18:10:58 [INFO] User login successful for user: bob
2025-07-12 08:59:37 [ERROR] Unhandled exception: NullPointerException
2025-07-12 13:25:58 [INFO] File uploaded: config.yml
2025-07-12 04:31:25 [WARNING] Configuration file deprecated: config.yml
2025-07-12 00:58:14 [INFO] User login successful for user: diana
2025-07-12 02:52:48 [ERROR] Database connection lost
2025-07-12 04:36:52 [ERROR] Unhandled exception: NullPointerException
2025-07-12 06:33:52 [WARNING] Failed login attempt for user: diana. Retrying...
2025-07-12 14:01:48 [INFO] Cache cleared successfully
2025-07-12 07:46:46 [INFO] Database connection established
2025-07-12 17:33:04 [INFO] Database connection established
2025-07-12 03:57:19 [INFO] Service inventory started
2025-07-12 08:21:06 [WARNING] Slow query detected: execution time 329ms
2025-07-12 05:42:44 [INFO] Service notification started
2025-07-12 00:21:24 [INFO] User login successful for user: alice
2025-07-12 23:32:16 [INFO] File uploaded: backup.zip
2025-07-12 06:19:08 [INFO] Scheduled backup completed successfully
2025-07-12 09:41:32 [WARNING] Second failed login attempt for user: diana. Next attempt will ERROR. Retrying...
2025-07-12 22:32:34 [ERROR] Email sending failed to recipient: admin@google.com
2025-07-12 03:20:24 [DEBUG] Session token generated for user: bob
2025-07-12 07:44:35 [INFO] Scheduled backup completed successfully
2025-07-12 02:21:05 [DEBUG] Temporary file created at: config.yml
2025-07-12 13:16:23 [INFO] Cache cleared successfully
2025-07-12 02:43:05 [INFO] File uploaded: report.pdf
2025-07-12 23:14:50 [INFO] Service notification started
2025-07-12 06:17:11 [DEBUG] Variable x has value: 4790
2025-07-12 10:09:31 [INFO] Service notification started
2025-07-12 09:12:32 [INFO] User login successful for user: alice
2025-07-12 01:25:29 [INFO] Cache cleared successfully
2025-07-12 03:03:01 [INFO] Service auth started
2025-07-12 22:10:34 [INFO] Service inventory started
2025-07-12 21:09:08 [INFO] Cache cleared successfully
2025-07-12 07:10:47 [INFO] File uploaded: backup.zip
2025-07-12 17:51:25 [INFO] Cache cleared successfully
2025-07-12 16:56:52 [WARNING] Slow query detected: execution time 4392ms
2025-07-12 23:35:53 [WARNING] Disk space low: 2154 remaining
2025-07-12 23:40:46 [INFO] File uploaded: data.csv
2025-07-12 11:59:39 [INFO] Database connection established
2025-07-12 22:48:40 [INFO] Service inventory started
2025-07-12 07:42:35 [INFO] Cache cleared successfully
2025-07-12 03:52:59 [INFO] Service inventory started
2025-07-12 20:30:12 [INFO] Service payment started
2025-07-12 02:08:00 [WARNING] Disk space low: 4922 remaining
2025-07-12 04:00:57 [DEBUG] Session token generated for user: bob
2025-07-12 23:18:28 [DEBUG] Temporary file created at: backup.zip
2025-07-12 03:50:04 [INFO] Scheduled backup completed successfully
2025-07-12 04:02:14 [ERROR] Database connection lost
2025-07-12 14:24:31 [INFO] File uploaded: config.yml
2025-07-12 19:42:24 [WARNING] API response time exceeded threshold
2025-07-12 06:53:23 [INFO] Database connection established
2025-07-12 14:07:26 [INFO] Database connection established
2025-07-12 00:53:09 [INFO] Database connection established
2025-07-12 03:26:45 [INFO] Service payment started
2025-07-12 16:41:13 [INFO] User login successful for user: eve
2025-07-12 09:02:42 [WARNING] Failed login attempt for user: eve. Retrying...
2025-07-12 21:44:42 [DEBUG] Entering function send_email with arguments: 7
2025-07-12 16:05:02 [INFO] Service payment started
2025-07-12 19:37:21 [ERROR] Email sending failed to recipient: support@amazon.com
2025-07-12 03:38:02 [ERROR] Database connection lost
2025-07-12 18:33:27 [WARNING] Disk space low: 1646 remaining
2025-07-12 22:44:45 [INFO] Scheduled backup completed successfully
2025-07-12 15:13:34 [INFO] Service payment started
2025-07-12 21:47:02 [WARNING] Second failed login attempt for user: charlie. Next attempt will ERROR. Retrying...
2025-07-12 08:55:03 [WARNING] Slow query detected: execution time 3354ms
2025-07-12 06:14:03 [INFO] Cache cleared successfully
2025-07-12 15:28:01 [INFO] File uploaded: data.csv
2025-07-12 19:55:04 [ERROR] Email sending failed to recipient: admin@google.com
2025-07-12 22:13:09 [INFO] Cache cleared successfully
2025-07-12 02:27:50 [WARNING] Failed login attempt for user: charlie. Retrying...
2025-07-12 07:32:21 [ERROR] Email sending failed to recipient: admin@google.com
2025-07-12 07:52:35 [INFO] Scheduled backup completed successfully
2025-07-12 07:45:41 [ERROR] Service notification crashed
2025-07-12 05:12:37 [WARNING] Slow query detected: execution time 1904ms
2025-07-12 06:17:46 [INFO] Cache cleared successfully
2025-07-12 18:11:17 [INFO] File uploaded: config.yml
2025-07-12 10:00:52 [WARNING] Slow query detected: execution time 2774ms
2025-07-12 15:49:13 [INFO] User login successful for user: diana
2025-07-12 22:28:05 [INFO] User login successful for user: bob
2025-07-12 17:34:34 [INFO] Scheduled backup completed successfully
2025-07-12 22:44:02 [INFO] Cache cleared successfully
2025-07-12 18:35:08 [INFO] Cache cleared successfully
2025-07-12 09:36:08 [WARNING] Disk space low: 4625 remaining
2025-07-12 16:35:22 [ERROR] Deadlock detected in transaction ID 4216
2025-07-12 03:05:22 [INFO] Scheduled backup completed successfully
2025-07-12 09:43:45 [WARNING] Disk space low: 3156 remaining
2025-07-12 01:43:39 [INFO] Database connection established
2025-07-12 13:48:32 [INFO] File uploaded: backup.zip
2025-07-12 07:08:14 [WARNING] Failed login attempt for user: charlie. Retrying...
2025-07-12 02:09:15 [WARNING] Second failed login attempt for user: eve. Next attempt will ERROR. Retrying...
2025-07-12 15:35:53 [ERROR] Unhandled exception: TimeoutError
2025-07-12 03:41:35 [INFO] Database connection established
2025-07-12 06:58:37 [ERROR] Deadlock detected in transaction ID 866
2025-07-12 23:28:54 [INFO] Scheduled backup completed successfully
2025-07-12 15:52:57 [INFO] Database connection established
2025-07-12 19:55:59 [INFO] Service inventory started
2025-07-12 04:57:07 [INFO] Service auth started
2025-07-12 02:06:58 [INFO] File uploaded: report.pdf
2025-07-12 00:32:15 [ERROR] Email sending failed to recipient: support@amazon.com
2025-07-12 07:12:08 [DEBUG] Temporary file created at: backup.zip
2025-07-12 08:20:22 [INFO] Scheduled backup completed successfully
2025-07-12 15:12:32 [INFO] Cache cleared successfully
2025-07-12 03:58:23 [INFO] Database connection established
2025-07-12 12:28:14 [INFO] Service notification started
2025-07-12 10:36:17 [ERROR] Unhandled exception: NullPointerException
2025-07-12 11:28:56 [ERROR] Unhandled exception: NullPointerException
2025-07-12 16:21:17 [INFO] Service notification started
2025-07-12 16:02:39 [ERROR] Email sending failed to recipient: admin@google.com
2025-07-12 14:07:53 [ERROR] Deadlock detected in transaction ID 2798
2025-07-12 17:04:24 [INFO] User login successful for user: diana
2025-07-12 06:19:41 [INFO] Scheduled backup completed successfully
2025-07-12 16:46:55 [INFO] Cache cleared successfully
2025-07-12 16:10:00 [WARNING] Configuration file deprecated: config.yml
2025-07-12 01:03:32 [INFO] Scheduled backup completed successfully
2025-07-12 18:50:41 [WARNING] Slow query detected: execution time 4711ms
2025-07-12 23:51:21 [INFO] User login successful for user: diana
2025-07-12 17:14:26 [INFO] Cache cleared successfully
2025-07-12 03:28:00 [INFO] User login successful for user: alice
2025-07-12 10:40:46 [WARNING] High memory usage detected
2025-07-12 09:12:12 [INFO] Scheduled backup completed successfully
2025-07-12 23:07:56 [INFO] Service notification started
2025-07-12 16:54:04 [INFO] Cache cleared successfully
2025-07-12 14:43:50 [INFO] Database connection established
