2025-07-05 21:16:59 [INFO] Service payment started
2025-07-05 03:20:27 [ERROR] Database connection lost
2025-07-05 16:59:47 [WARNING] Failed login attempt for user: charlie. Retrying...
2025-07-05 14:14:42 [ERROR] Service payment crashed
2025-07-05 23:58:45 [INFO] Service notification started
2025-07-05 11:04:56 [ERROR] Email sending failed to recipient: user@gmail.com
2025-07-05 01:24:23 [WARNING] Disk space low: 4892 remaining
2025-07-05 20:27:37 [INFO] File uploaded: report.pdf
2025-07-05 13:28:53 [WARNING] Disk space low: 3730 remaining
2025-07-05 17:55:45 [INFO] Scheduled backup completed successfully
2025-07-05 19:32:55 [WARNING] High memory usage detected
2025-07-05 05:38:24 [INFO] File uploaded: backup.zip
2025-07-05 00:48:55 [INFO] File uploaded: data.csv
2025-07-05 08:15:12 [INFO] Service inventory started
2025-07-05 06:47:59 [INFO] Service notification started
2025-07-05 04:52:43 [INFO] Cache cleared successfully
2025-07-05 03:49:03 [ERROR] Email sending failed to recipient: support@amazon.com
2025-07-05 23:29:07 [INFO] Service inventory started
2025-07-05 04:15:22 [INFO] Database connection established
2025-07-05 11:15:00 [INFO] Scheduled backup completed successfully
2025-07-05 16:27:35 [INFO] File uploaded: data.csv
2025-07-05 23:06:45 [INFO] Scheduled backup completed successfully
2025-07-05 00:19:13 [INFO] Database connection established
2025-07-05 12:49:23 [WARNING] Slow query detected: execution time 1517ms
2025-07-05 20:11:10 [INFO] Service notification started
2025-07-05 09:02:07 [ERROR] Service auth crashed
2025-07-05 16:11:56 [WARNING] Disk space low: 3803 remaining
2025-07-05 00:23:57 [INFO] Scheduled backup completed successfully
2025-07-05 11:54:05 [INFO] Scheduled backup completed successfully
2025-07-05 21:24:00 [INFO] User login successful for user: eve
2025-07-05 02:07:42 [INFO] Database connection established
2025-07-05 12:25:38 [ERROR] Service payment crashed
2025-07-05 23:00:31 [WARNING] Slow query detected: execution time 2437ms
2025-07-05 02:26:50 [INFO] File uploaded: report.pdf
2025-07-05 12:56:59 [INFO] File uploaded: backup.zip
2025-07-05 23:03:05 [INFO] Scheduled backup completed successfully
2025-07-05 04:05:45 [WARNING] Second failed login attempt for user: eve. Next attempt will ERROR. Retrying...
2025-07-05 05:36:18 [INFO] Service notification started
2025-07-05 23:38:16 [INFO] Scheduled backup completed successfully
2025-07-05 04:17:29 [INFO] File uploaded: report.pdf
2025-07-05 05:19:05 [ERROR] Database connection lost
2025-07-05 08:26:59 [INFO] Service payment started
2025-07-05 21:02:32 [INFO] User login successful for user: diana
2025-07-05 18:46:17 [INFO] File uploaded: data.csv
2025-07-05 03:08:12 [INFO] Cache cleared successfully
2025-07-05 09:29:19 [INFO] Scheduled backup completed successfully
2025-07-05 00:30:14 [INFO] User login successful for user: bob
2025-07-05 17:47:58 [INFO] Service inventory started
2025-07-05 17:54:22 [ERROR] Service payment crashed
2025-07-05 22:14:06 [INFO] File uploaded: config.yml
2025-07-05 11:44:43 [INFO] Cache cleared successfully
2025-07-05 17:35:29 [INFO] Scheduled backup completed successfully
2025-07-05 08:11:19 [INFO] Cache cleared successfully
2025-07-05 11:09:04 [INFO] Scheduled backup completed successfully
2025-07-05 18:25:12 [WARNING] Disk space low: 2425 remaining
2025-07-05 17:04:37 [INFO] User login successful for user: charlie
2025-07-05 22:58:34 [WARNING] Configuration file deprecated: data.csv
2025-07-05 06:15:09 [INFO] Service inventory started
2025-07-05 23:02:45 [INFO] Service inventory started
2025-07-05 22:49:43 [WARNING] High memory usage detected
2025-07-05 20:52:51 [INFO] Cache cleared successfully
2025-07-05 17:08:16 [ERROR] Email sending failed to recipient: admin@google.com
2025-07-05 23:06:36 [WARNING] Configuration file deprecated: data.csv
2025-07-05 11:03:00 [INFO] Database connection established
2025-07-05 13:46:08 [INFO] Cache cleared successfully
2025-07-05 08:18:08 [INFO] User login successful for user: diana
2025-07-05 01:58:22 [INFO] Scheduled backup completed successfully
2025-07-05 05:26:25 [WARNING] Configuration file deprecated: config.yml
2025-07-05 18:03:27 [WARNING] Failed login attempt for user: eve. Retrying...
2025-07-05 04:38:31 [WARNING] Slow query detected: execution time 3304ms
2025-07-05 14:28:21 [INFO] User login successful for user: bob
2025-07-05 20:30:55 [INFO] Cache cleared successfully
2025-07-05 21:16:21 [WARNING] High memory usage detected
2025-07-05 01:53:10 [INFO] Service inventory started
2025-07-05 05:17:56 [INFO] User login successful for user: bob
2025-07-05 23:21:19 [INFO] Service auth started
2025-07-05 17:44:50 [INFO] Service auth started
2025-07-05 15:13:41 [WARNING] Slow query detected: execution time 8ms
2025-07-05 19:53:07 [INFO] User login successful for user: alice
2025-07-05 04:28:04 [WARNING] Failed login attempt for user: alice. Retrying...
2025-07-05 07:11:10 [INFO] User login successful for user: eve
2025-07-05 20:54:09 [ERROR] Email sending failed to recipient: admin@google.com
2025-07-05 06:22:21 [WARNING] High memory usage detected
2025-07-05 03:30:33 [INFO] Service notification started
2025-07-05 22:29:21 [INFO] Cache cleared successfully
2025-07-05 03:45:13 [WARNING] Slow query detected: execution time 3280ms
2025-07-05 11:00:23 [INFO] User login successful for user: alice
2025-07-05 06:12:02 [WARNING] High memory usage detected
2025-07-05 19:00:39 [INFO] Database connection established
2025-07-05 07:18:46 [INFO] User login successful for user: diana
2025-07-05 10:16:23 [ERROR] Email sending failed to recipient: user@gmail.com
2025-07-05 04:07:27 [INFO] Cache cleared successfully
2025-07-05 17:06:49 [WARNING] Disk space low: 4320 remaining
2025-07-05 12:37:53 [INFO] Database connection established
2025-07-05 21:29:13 [INFO] Cache cleared successfully
2025-07-05 10:12:15 [ERROR] Database connection lost
2025-07-05 08:03:47 [INFO] Cache cleared successfully
2025-07-05 05:58:38 [WARNING] High memory usage detected
2025-07-05 07:53:18 [ERROR] File write failed: data.csv
2025-07-05 13:38:42 [INFO] User login successful for user: diana
2025-07-05 18:11:20 [ERROR] Email sending failed to recipient: support@amazon.com
2025-07-05 03:23:56 [INFO] Database connection established
2025-07-05 23:24:34 [INFO] Scheduled backup completed successfully
2025-07-05 11:44:27 [INFO] Database connection established
2025-07-05 16:44:54 [WARNING] Second failed login attempt for user: charlie. Next attempt will ERROR. Retrying...
2025-07-05 02:08:31 [INFO] Scheduled backup completed successfully
2025-07-05 23:58:10 [INFO] User login successful for user: alice
2025-07-05 12:19:36 [INFO] Scheduled backup completed successfully
2025-07-05 22:16:22 [WARNING] Disk space low: 3673 remaining
2025-07-05 05:32:30 [WARNING] High memory usage detected
2025-07-05 09:01:42 [INFO] Database connection established
2025-07-05 03:09:19 [DEBUG] Session token generated for user: bob
2025-07-05 04:06:55 [DEBUG] Session token generated for user: eve
2025-07-05 22:45:40 [ERROR] Service auth crashed
2025-07-05 22:02:39 [INFO] User login successful for user: bob
2025-07-05 12:22:57 [WARNING] High memory usage detected
2025-07-05 09:39:24 [WARNING] Disk space low: 36 remaining
2025-07-05 14:12:21 [INFO] File uploaded: backup.zip
2025-07-05 08:58:06 [INFO] Cache cleared successfully
2025-07-05 06:38:13 [WARNING] Failed login attempt for user: bob. Retrying...
2025-07-05 16:00:44 [WARNING] High memory usage detected
2025-07-05 11:59:34 [ERROR] File write failed: data.csv
2025-07-05 11:25:35 [INFO] Service auth started
2025-07-05 09:01:00 [WARNING] Configuration file deprecated: data.csv
2025-07-05 01:40:01 [DEBUG] Session token generated for user: bob
2025-07-05 18:39:03 [INFO] Scheduled backup completed successfully
2025-07-05 12:11:25 [INFO] Cache cleared successfully
2025-07-05 10:11:38 [INFO] Service inventory started
2025-07-05 13:33:20 [ERROR] File write failed: config.yml
2025-07-05 02:42:00 [WARNING] Disk space low: 2441 remaining
2025-07-05 14:51:48 [INFO] Cache cleared successfully
2025-07-05 15:24:37 [WARNING] Configuration file deprecated: report.pdf
2025-07-05 12:33:07 [INFO] File uploaded: backup.zip
2025-07-05 20:18:45 [INFO] Cache cleared successfully
2025-07-05 21:47:23 [INFO] Scheduled backup completed successfully
2025-07-05 10:47:56 [INFO] Database connection established
2025-07-05 23:49:35 [INFO] Cache cleared successfully
2025-07-05 21:48:46 [ERROR] Email sending failed to recipient: user@gmail.com
2025-07-05 17:08:18 [DEBUG] Query executed: SELECT * FROM users
2025-07-05 07:45:45 [INFO] Cache cleared successfully
2025-07-05 03:47:43 [INFO] File uploaded: data.csv
2025-07-05 09:47:36 [INFO] Cache cleared successfully
2025-07-05 12:46:44 [WARNING] Second failed login attempt for user: bob. Next attempt will ERROR. Retrying...
2025-07-05 03:12:38 [INFO] Service auth started
2025-07-05 08:15:44 [DEBUG] Variable x has value: 3923
2025-07-05 06:04:38 [INFO] User login successful for user: bob
2025-07-05 08:59:28 [WARNING] Failed login attempt for user: alice. Retrying...
2025-07-05 17:53:45 [INFO] Scheduled backup completed successfully
2025-07-05 03:30:46 [INFO] User login successful for user: bob
2025-07-05 10:27:10 [INFO] User login successful for user: bob
2025-07-05 12:19:00 [INFO] Scheduled backup completed successfully
2025-07-05 01:53:17 [INFO] File uploaded: config.yml
2025-07-05 08:01:54 [WARNING] Failed login attempt for user: eve. Retrying...
2025-07-05 12:48:27 [ERROR] Unhandled exception: TimeoutError
2025-07-05 20:41:30 [INFO] Database connection established
2025-07-05 20:48:02 [INFO] Cache cleared successfully
2025-07-05 04:24:01 [INFO] Scheduled backup completed successfully
2025-07-05 22:16:48 [INFO] Service payment started
2025-07-05 15:19:56 [INFO] Service inventory started
2025-07-05 01:40:00 [ERROR] File write failed: report.pdf
2025-07-05 20:28:45 [WARNING] API response time exceeded threshold
2025-07-05 11:42:26 [INFO] Database connection established
2025-07-05 16:09:38 [INFO] User login successful for user: diana
2025-07-05 23:08:11 [INFO] Cache cleared successfully
2025-07-05 23:03:52 [WARNING] Configuration file deprecated: config.yml
2025-07-05 14:19:02 [ERROR] Deadlock detected in transaction ID 193
2025-07-05 23:38:53 [INFO] User login successful for user: diana
2025-07-05 20:10:33 [WARNING] Failed login attempt for user: diana. Retrying...
2025-07-05 08:09:25 [INFO] Cache cleared successfully
2025-07-05 22:27:16 [INFO] File uploaded: report.pdf
2025-07-05 18:11:43 [ERROR] Unhandled exception: FileNotFoundError
2025-07-05 01:59:29 [ERROR] File write failed: config.yml
2025-07-05 03:36:12 [INFO] Scheduled backup completed successfully
2025-07-05 15:54:55 [WARNING] Disk space low: 4715 remaining
2025-07-05 10:02:02 [INFO] Database connection established
2025-07-05 12:11:02 [WARNING] Slow query detected: execution time 70ms
2025-07-05 02:29:28 [INFO] User login successful for user: charlie
2025-07-05 14:06:45 [WARNING] API response time exceeded threshold
2025-07-05 06:07:16 [INFO] User login successful for user: alice
2025-07-05 06:24:54 [INFO] Database connection established
2025-07-05 10:30:23 [INFO] Cache cleared successfully
2025-07-05 01:39:46 [WARNING] Disk space low: 1923 remaining
2025-07-05 17:03:07 [WARNING] Slow query detected: execution time 4859ms
2025-07-05 10:17:46 [ERROR] Unhandled exception: TimeoutError
2025-07-05 06:09:07 [WARNING] Failed login attempt for user: eve. Retrying...
2025-07-05 12:13:19 [WARNING] Slow query detected: execution time 159ms
2025-07-05 13:07:06 [WARNING] API response time exceeded threshold
2025-07-05 13:39:49 [ERROR] Service auth crashed
2025-07-05 23:00:22 [INFO] Database connection established
2025-07-05 12:27:22 [INFO] Database connection established
2025-07-05 01:00:53 [WARNING] Disk space low: 2886 remaining
2025-07-05 23:16:11 [WARNING] Second failed login attempt for user: bob. Next attempt will ERROR. Retrying...
2025-07-05 09:00:27 [INFO] Scheduled backup completed successfully
2025-07-05 16:25:36 [INFO] Database connection established
2025-07-05 21:56:32 [ERROR] Unhandled exception: TimeoutError
2025-07-05 12:49:11 [INFO] Service notification started
2025-07-05 01:45:43 [INFO] Scheduled backup completed successfully
2025-07-05 02:33:23 [INFO] File uploaded: backup.zip
2025-07-05 19:16:46 [INFO] Service inventory started
2025-07-05 10:16:00 [WARNING] Configuration file deprecated: data.csv
2025-07-05 19:21:11 [ERROR] Database connection lost
2025-07-05 00:30:28 [ERROR] Service auth crashed
2025-07-05 09:42:43 [INFO] User login successful for user: eve
2025-07-05 22:55:54 [INFO] Service inventory started
2025-07-05 01:56:13 [ERROR] Deadlock detected in transaction ID 3313
2025-07-05 05:50:03 [WARNING] Disk space low: 3228 remaining
2025-07-05 16:35:22 [INFO] Scheduled backup completed successfully
2025-07-05 22:03:36 [INFO] Cache cleared successfully
2025-07-05 11:45:59 [INFO] Service notification started
2025-07-05 10:53:13 [INFO] Cache cleared successfully
2025-07-05 08:56:57 [ERROR] Deadlock detected in transaction ID 2190
2025-07-05 17:00:42 [INFO] Service auth started
2025-07-05 10:02:30 [INFO] Cache cleared successfully
2025-07-05 15:20:35 [INFO] Service inventory started
2025-07-05 13:17:09 [WARNING] Slow query detected: execution time 1361ms
2025-07-05 21:56:09 [INFO] File uploaded: config.yml
2025-07-05 15:59:10 [INFO] File uploaded: data.csv
2025-07-05 10:04:36 [WARNING] Slow query detected: execution time 4305ms
2025-07-05 16:24:27 [INFO] Database connection established
2025-07-05 04:22:54 [DEBUG] Variable x has value: 1314
2025-07-05 18:08:57 [INFO] Service inventory started
2025-07-05 07:13:14 [INFO] Service notification started
2025-07-05 05:30:54 [INFO] Service payment started
2025-07-05 10:49:25 [INFO] Service notification started
2025-07-05 01:36:10 [INFO] Cache cleared successfully
2025-07-05 01:46:44 [WARNING] Disk space low: 666 remaining
2025-07-05 06:32:35 [WARNING] Second failed login attempt for user: eve. Next attempt will ERROR. Retrying...
2025-07-05 02:32:04 [INFO] Database connection established
2025-07-05 22:35:02 [INFO] Scheduled backup completed successfully
2025-07-05 22:19:33 [WARNING] Configuration file deprecated: report.pdf
2025-07-05 00:30:35 [INFO] User login successful for user: alice
2025-07-05 17:24:36 [INFO] Service payment started
2025-07-05 11:43:10 [ERROR] Unhandled exception: TimeoutError
2025-07-05 04:21:44 [INFO] Service payment started
2025-07-05 00:40:27 [DEBUG] Session token generated for user: alice
2025-07-05 08:29:50 [DEBUG] Variable x has value: 3170
2025-07-05 21:21:54 [ERROR] Unhandled exception: FileNotFoundError
2025-07-05 04:45:29 [INFO] Cache cleared successfully
2025-07-05 20:10:11 [INFO] Cache cleared successfully
2025-07-05 11:27:06 [WARNING] High memory usage detected
2025-07-05 22:19:36 [WARNING] High memory usage detected
2025-07-05 11:50:27 [INFO] File uploaded: backup.zip
2025-07-05 22:11:00 [INFO] File uploaded: data.csv
2025-07-05 19:25:49 [INFO] File uploaded: backup.zip
2025-07-05 18:32:30 [INFO] Database connection established
2025-07-05 14:18:05 [INFO] Database connection established
2025-07-05 01:43:54 [INFO] File uploaded: data.csv
2025-07-05 12:09:26 [ERROR] File write failed: backup.zip
2025-07-05 02:46:56 [INFO] User login successful for user: alice
2025-07-05 15:04:07 [DEBUG] Session token generated for user: alice
2025-07-05 17:40:03 [WARNING] Disk space low: 149 remaining
2025-07-05 06:02:32 [WARNING] High memory usage detected
2025-07-05 01:19:57 [INFO] Database connection established
2025-07-05 11:09:03 [INFO] User login successful for user: eve
2025-07-05 06:57:48 [INFO] Cache cleared successfully
2025-07-05 16:07:14 [DEBUG] Entering function generate_report with arguments: 2
2025-07-05 14:26:21 [INFO] User login successful for user: alice
2025-07-05 04:52:37 [WARNING] Configuration file deprecated: report.pdf
2025-07-05 16:08:08 [ERROR] Unhandled exception: NullPointerException
2025-07-05 17:24:14 [INFO] Scheduled backup completed successfully
2025-07-05 08:59:03 [ERROR] File write failed: report.pdf
2025-07-05 23:50:42 [INFO] File uploaded: report.pdf
2025-07-05 08:24:07 [INFO] Cache cleared successfully
2025-07-05 19:45:39 [INFO] Scheduled backup completed successfully
2025-07-05 18:59:07 [INFO] Service notification started
2025-07-05 03:20:23 [WARNING] High memory usage detected
2025-07-05 14:22:40 [INFO] User login successful for user: charlie
2025-07-05 05:40:58 [INFO] Database connection established
2025-07-05 00:20:29 [ERROR] Unhandled exception: TimeoutError
2025-07-05 13:46:05 [INFO] User login successful for user: diana
2025-07-05 09:26:05 [INFO] Cache cleared successfully
2025-07-05 17:44:01 [ERROR] Service payment crashed
2025-07-05 13:10:06 [INFO] Service notification started
2025-07-05 15:08:48 [INFO] User login successful for user: alice
2025-07-05 07:14:13 [INFO] Scheduled backup completed successfully
2025-07-05 06:15:34 [INFO] File uploaded: backup.zip
2025-07-05 09:40:08 [INFO] Database connection established
2025-07-05 00:20:18 [INFO] Cache cleared successfully
2025-07-05 05:53:35 [INFO] User login successful for user: bob
2025-07-05 06:57:40 [DEBUG] Temporary file created at: backup.zip
2025-07-05 20:06:37 [INFO] User login successful for user: diana
2025-07-05 19:12:16 [WARNING] API response time exceeded threshold
2025-07-05 00:25:15 [INFO] Cache cleared successfully
2025-07-05 01:40:25 [WARNING] Failed login attempt for user: charlie. Retrying...
2025-07-05 17:20:01 [INFO] Service inventory started
2025-07-05 17:59:32 [INFO] Database connection established
2025-07-05 20:22:22 [INFO] Database connection established
2025-07-05 08:28:58 [INFO] Scheduled backup completed successfully
2025-07-05 02:01:31 [INFO] Service notification started
2025-07-05 20:46:48 [ERROR] Deadlock detected in transaction ID 2091
2025-07-05 18:35:53 [ERROR] Unhandled exception: FileNotFoundError
2025-07-05 19:28:14 [INFO] Database connection established
2025-07-05 02:40:32 [ERROR] Unhandled exception: FileNotFoundError
2025-07-05 20:44:52 [INFO] Scheduled backup completed successfully
2025-07-05 12:58:33 [WARNING] API response time exceeded threshold
2025-07-05 17:19:59 [INFO] Scheduled backup completed successfully
2025-07-05 21:44:29 [INFO] Scheduled backup completed successfully
2025-07-05 14:22:30 [INFO] User login successful for user: eve
2025-07-05 04:03:20 [INFO] Scheduled backup completed successfully
2025-07-05 05:34:37 [INFO] Database connection established
2025-07-05 02:19:22 [INFO] User login successful for user: diana
2025-07-05 17:27:00 [WARNING] Failed login attempt for user: alice. Retrying...
2025-07-05 11:35:22 [INFO] User login successful for user: alice
2025-07-05 15:29:14 [WARNING] Second failed login attempt for user: eve. Next attempt will ERROR. Retrying...
2025-07-05 12:02:20 [INFO] Cache cleared successfully
2025-07-05 19:26:53 [WARNING] API response time exceeded threshold
2025-07-05 07:23:28 [ERROR] Database connection lost
2025-07-05 23:55:40 [INFO] Service notification started
2025-07-05 13:45:55 [INFO] Cache cleared successfully
2025-07-05 11:48:41 [WARNING] API response time exceeded threshold
2025-07-05 11:44:56 [INFO] Service inventory started
2025-07-05 02:31:56 [INFO] Scheduled backup completed successfully
2025-07-05 14:16:37 [INFO] Cache cleared successfully
2025-07-05 09:21:42 [INFO] File uploaded: config.yml
2025-07-05 12:32:32 [WARNING] Failed login attempt for user: bob. Retrying...
2025-07-05 13:29:52 [INFO] Database connection established
2025-07-05 12:10:58 [INFO] Service inventory started
2025-07-05 05:42:10 [INFO] Database connection established
2025-07-05 22:43:59 [INFO] Scheduled backup completed successfully
2025-07-05 01:34:35 [INFO] Database connection established
2025-07-05 19:03:36 [INFO] Service inventory started
2025-07-05 12:10:43 [WARNING] Disk space low: 4218 remaining
2025-07-05 07:08:08 [INFO] File uploaded: data.csv
2025-07-05 21:14:38 [ERROR] Service inventory crashed
2025-07-05 08:47:23 [INFO] Service notification started
2025-07-05 23:09:27 [INFO] File uploaded: config.yml
2025-07-05 10:39:38 [INFO] File uploaded: report.pdf
2025-07-05 15:46:21 [INFO] Cache cleared successfully
2025-07-05 21:29:25 [ERROR] File write failed: report.pdf
2025-07-05 09:45:28 [INFO] Database connection established
2025-07-05 20:39:23 [WARNING] Failed login attempt for user: bob. Retrying...
2025-07-05 09:11:30 [INFO] User login successful for user: eve
2025-07-05 21:52:36 [WARNING] Failed login attempt for user: charlie. Retrying...
2025-07-05 16:17:15 [ERROR] Service notification crashed
2025-07-05 02:57:49 [INFO] Service payment started
2025-07-05 00:09:04 [INFO] Service notification started
2025-07-05 02:53:09 [INFO] Cache cleared successfully
2025-07-05 12:46:26 [INFO] Database connection established
2025-07-05 20:17:18 [INFO] File uploaded: report.pdf
2025-07-05 07:31:09 [ERROR] Database connection lost
2025-07-05 19:24:08 [WARNING] API response time exceeded threshold
2025-07-05 20:40:44 [INFO] Service payment started
2025-07-05 13:55:06 [INFO] Database connection established
2025-07-05 20:08:26 [WARNING] Failed login attempt for user: charlie. Retrying...
2025-07-05 22:24:45 [INFO] File uploaded: data.csv
2025-07-05 00:00:51 [ERROR] Unhandled exception: NullPointerException
2025-07-05 07:35:26 [INFO] User login successful for user: charlie
2025-07-05 14:38:46 [WARNING] Failed login attempt for user: diana. Retrying...
2025-07-05 08:33:15 [INFO] User login successful for user: alice
2025-07-05 10:58:04 [INFO] Database connection established
2025-07-05 01:01:35 [INFO] Database connection established
2025-07-05 09:35:41 [INFO] Scheduled backup completed successfully
2025-07-05 05:15:02 [ERROR] Deadlock detected in transaction ID 2037
2025-07-05 11:56:51 [INFO] Cache cleared successfully
2025-07-05 00:28:54 [INFO] File uploaded: backup.zip
2025-07-05 10:01:38 [ERROR] Deadlock detected in transaction ID 3122
2025-07-05 21:14:04 [INFO] Cache cleared successfully
2025-07-05 09:31:07 [WARNING] Disk space low: 4575 remaining
2025-07-05 09:40:29 [INFO] Database connection established
2025-07-05 19:27:27 [WARNING] API response time exceeded threshold
2025-07-05 14:06:35 [ERROR] Deadlock detected in transaction ID 2451
2025-07-05 22:09:54 [INFO] Scheduled backup completed successfully
2025-07-05 01:39:20 [DEBUG] Query executed: UPDATE orders SET status='shipped' WHERE id=42
2025-07-05 23:56:30 [ERROR] Deadlock detected in transaction ID 542
2025-07-05 02:36:17 [INFO] Database connection established
2025-07-05 18:05:37 [INFO] Cache cleared successfully
2025-07-05 03:02:46 [WARNING] Configuration file deprecated: report.pdf
2025-07-05 08:13:08 [INFO] Cache cleared successfully
2025-07-05 22:59:28 [INFO] Database connection established
2025-07-05 21:13:56 [INFO] Scheduled backup completed successfully
2025-07-05 11:35:20 [INFO] Database connection established
2025-07-05 03:51:04 [INFO] Cache cleared successfully
2025-07-05 20:19:05 [WARNING] Disk space low: 3673 remaining
2025-07-05 02:38:57 [INFO] Cache cleared successfully
2025-07-05 04:37:39 [INFO] Service notification started
2025-07-05 11:00:56 [INFO] User login successful for user: alice
2025-07-05 08:45:10 [DEBUG] Variable x has value: 1532
2025-07-05 09:58:51 [INFO] Service inventory started
2025-07-05 11:49:18 [ERROR] Service notification crashed
2025-07-05 06:11:34 [INFO] User login successful for user: charlie
2025-07-05 15:26:14 [INFO] Database connection established
2025-07-05 11:32:56 [WARNING] Failed login attempt for user: alice. Retrying...
2025-07-05 05:20:32 [INFO] Database connection established
2025-07-05 14:11:03 [INFO] User login successful for user: charlie
2025-07-05 21:13:26 [INFO] Service payment started
2025-07-05 21:40:25 [INFO] Service auth started
2025-07-05 22:30:30 [INFO] Scheduled backup completed successfully
2025-07-05 20:54:07 [ERROR] Email sending failed to recipient: admin@google.com
2025-07-05 01:39:26 [INFO] File uploaded: config.yml
2025-07-05 00:07:34 [INFO] User login successful for user: diana
2025-07-05 02:37:57 [INFO] Scheduled backup completed successfully
2025-07-05 03:55:51 [ERROR] Unhandled exception: FileNotFoundError
2025-07-05 19:25:32 [ERROR] Unhandled exception: TimeoutError
2025-07-05 01:31:14 [INFO] Database connection established
2025-07-05 05:29:09 [INFO] User login successful for user: charlie
2025-07-05 21:36:48 [INFO] File uploaded: report.pdf
2025-07-05 20:50:50 [WARNING] Failed login attempt for user: alice. Retrying...
2025-07-05 18:00:57 [ERROR] Service auth crashed
2025-07-05 10:46:27 [INFO] Cache cleared successfully
2025-07-05 18:56:46 [INFO] User login successful for user: eve
2025-07-05 16:58:38 [INFO] Service notification started
2025-07-05 06:37:54 [INFO] Service inventory started
2025-07-05 10:34:16 [INFO] Scheduled backup completed successfully
2025-07-05 16:19:21 [INFO] Service notification started
2025-07-05 17:44:58 [INFO] Scheduled backup completed successfully
2025-07-05 04:13:55 [INFO] Database connection established
2025-07-05 07:28:29 [INFO] Scheduled backup completed successfully
2025-07-05 13:53:58 [INFO] User login successful for user: alice
2025-07-05 03:14:25 [INFO] User login successful for user: charlie
2025-07-05 03:36:28 [WARNING] Configuration file deprecated: config.yml
2025-07-05 21:27:11 [WARNING] Second failed login attempt for user: alice. Next attempt will ERROR. Retrying...
2025-07-05 16:47:54 [WARNING] Failed login attempt for user: charlie. Retrying...
2025-07-05 22:01:39 [INFO] File uploaded: config.yml
2025-07-05 10:17:23 [INFO] User login successful for user: eve
2025-07-05 07:34:00 [INFO] User login successful for user: alice
2025-07-05 22:49:17 [INFO] File uploaded: backup.zip
2025-07-05 02:36:18 [INFO] File uploaded: report.pdf
2025-07-05 16:57:18 [INFO] User login successful for user: diana
2025-07-05 01:35:36 [INFO] Scheduled backup completed successfully
2025-07-05 09:26:22 [ERROR] File write failed: report.pdf
2025-07-05 00:26:16 [INFO] Scheduled backup completed successfully
2025-07-05 14:58:41 [INFO] File uploaded: data.csv
2025-07-05 06:57:41 [WARNING] Second failed login attempt for user: alice. Next attempt will ERROR. Retrying...
2025-07-05 18:04:19 [INFO] User login successful for user: diana
2025-07-05 00:32:47 [ERROR] Database connection lost
2025-07-05 20:22:24 [DEBUG] Temporary file created at: config.yml
2025-07-05 02:16:21 [DEBUG] Session token generated for user: eve
2025-07-05 12:12:10 [INFO] File uploaded: data.csv
2025-07-05 12:48:10 [INFO] Cache cleared successfully
2025-07-05 23:06:14 [INFO] File uploaded: data.csv
2025-07-05 12:51:22 [INFO] Cache cleared successfully
2025-07-05 21:39:13 [INFO] Database connection established
2025-07-05 06:17:43 [INFO] User login successful for user: diana
2025-07-05 08:31:23 [INFO] File uploaded: report.pdf
2025-07-05 11:47:04 [INFO] Database connection established
2025-07-05 01:33:36 [WARNING] API response time exceeded threshold
2025-07-05 10:19:28 [INFO] Cache cleared successfully
2025-07-05 13:31:07 [INFO] Scheduled backup completed successfully
2025-07-05 12:05:40 [INFO] Service inventory started
2025-07-05 13:27:43 [INFO] Cache cleared successfully
2025-07-05 17:00:13 [WARNING] Second failed login attempt for user: alice. Next attempt will ERROR. Retrying...
2025-07-05 16:57:27 [WARNING] Disk space low: 2017 remaining
2025-07-05 02:00:24 [INFO] Database connection established
2025-07-05 01:53:47 [INFO] User login successful for user: bob
2025-07-05 03:10:02 [ERROR] File write failed: report.pdf
2025-07-05 05:16:32 [INFO] Service payment started
2025-07-05 07:56:02 [INFO] File uploaded: data.csv
2025-07-05 11:15:18 [INFO] Service notification started
2025-07-05 02:17:02 [INFO] Scheduled backup completed successfully
2025-07-05 02:24:46 [INFO] Scheduled backup completed successfully
2025-07-05 02:58:44 [INFO] User login successful for user: diana
2025-07-05 00:04:58 [INFO] User login successful for user: charlie
2025-07-05 22:46:54 [DEBUG] Query executed: UPDATE orders SET status='shipped' WHERE id=42
2025-07-05 12:05:52 [WARNING] API response time exceeded threshold
2025-07-05 19:55:16 [INFO] User login successful for user: bob
2025-07-05 05:51:57 [INFO] File uploaded: config.yml
2025-07-05 14:48:33 [INFO] Scheduled backup completed successfully
2025-07-05 05:03:31 [INFO] File uploaded: config.yml
2025-07-05 21:56:41 [ERROR] Service payment crashed
2025-07-05 08:27:16 [INFO] Cache cleared successfully
2025-07-05 18:09:04 [WARNING] Configuration file deprecated: data.csv
2025-07-05 18:16:24 [INFO] Service payment started
2025-07-05 04:48:30 [ERROR] Service auth crashed
2025-07-05 03:04:32 [ERROR] Service payment crashed
2025-07-05 16:14:03 [INFO] Cache cleared successfully
2025-07-05 17:02:40 [INFO] Cache cleared successfully
2025-07-05 13:52:29 [WARNING] Disk space low: 4426 remaining
2025-07-05 10:14:04 [INFO] User login successful for user: charlie
2025-07-05 03:23:11 [INFO] Scheduled backup completed successfully
2025-07-05 09:49:56 [WARNING] Failed login attempt for user: alice. Retrying...
2025-07-05 06:25:23 [WARNING] Slow query detected: execution time 3054ms
2025-07-05 10:43:05 [ERROR] Database connection lost
2025-07-05 03:19:36 [DEBUG] Query executed: SELECT * FROM users
2025-07-05 06:18:58 [INFO] Cache cleared successfully
2025-07-05 00:28:31 [ERROR] File write failed: report.pdf
2025-07-05 08:53:36 [INFO] File uploaded: report.pdf
2025-07-05 21:29:59 [INFO] Scheduled backup completed successfully
2025-07-05 03:57:45 [INFO] Service inventory started
2025-07-05 10:41:24 [ERROR] Deadlock detected in transaction ID 4076
2025-07-05 07:44:52 [WARNING] Disk space low: 3432 remaining
2025-07-05 23:03:35 [WARNING] API response time exceeded threshold
2025-07-05 07:19:08 [ERROR] Database connection lost
2025-07-05 03:05:30 [WARNING] High memory usage detected
2025-07-05 01:38:33 [WARNING] API response time exceeded threshold
2025-07-05 16:24:27 [INFO] Scheduled backup completed successfully
2025-07-05 21:29:34 [INFO] Database connection established
2025-07-05 05:34:11 [INFO] Database connection established
2025-07-05 03:39:11 [INFO] User login successful for user: alice
2025-07-05 11:57:06 [INFO] Scheduled backup completed successfully
2025-07-05 13:33:42 [WARNING] Configuration file deprecated: backup.zip
2025-07-05 15:32:26 [INFO] Service inventory started
2025-07-05 13:05:19 [INFO] Scheduled backup completed successfully
2025-07-05 23:50:30 [WARNING] Failed login attempt for user: diana. Retrying...
2025-07-05 11:45:56 [WARNING] Slow query detected: execution time 3696ms
2025-07-05 08:47:06 [ERROR] Deadlock detected in transaction ID 1554
2025-07-05 05:33:28 [INFO] File uploaded: backup.zip
2025-07-05 20:09:53 [INFO] User login successful for user: alice
2025-07-05 05:18:05 [WARNING] Second failed login attempt for user: alice. Next attempt will ERROR. Retrying...
2025-07-05 19:53:59 [WARNING] Configuration file deprecated: backup.zip
2025-07-05 19:41:55 [INFO] User login successful for user: eve
2025-07-05 23:23:56 [INFO] User login successful for user: alice
2025-07-05 18:36:31 [ERROR] Email sending failed to recipient: admin@google.com
2025-07-05 06:59:30 [WARNING] High memory usage detected
2025-07-05 06:52:31 [INFO] Cache cleared successfully
2025-07-05 23:59:45 [INFO] Scheduled backup completed successfully
2025-07-05 06:19:47 [WARNING] API response time exceeded threshold
2025-07-05 08:45:17 [INFO] Cache cleared successfully
2025-07-05 10:03:13 [INFO] Service inventory started
2025-07-05 05:37:19 [INFO] Scheduled backup completed successfully
2025-07-05 02:47:32 [WARNING] Failed login attempt for user: bob. Retrying...
2025-07-05 08:40:07 [INFO] Database connection established
2025-07-05 10:33:44 [WARNING] Slow query detected: execution time 1725ms
2025-07-05 12:44:05 [INFO] File uploaded: config.yml
2025-07-05 23:19:53 [WARNING] API response time exceeded threshold
2025-07-05 21:34:43 [WARNING] Second failed login attempt for user: charlie. Next attempt will ERROR. Retrying...
2025-07-05 10:13:42 [WARNING] High memory usage detected
2025-07-05 18:11:08 [INFO] Service auth started
2025-07-05 23:57:20 [WARNING] Disk space low: 1063 remaining
2025-07-05 11:11:46 [INFO] File uploaded: backup.zip
2025-07-05 22:08:25 [INFO] Scheduled backup completed successfully
2025-07-05 14:58:02 [INFO] Scheduled backup completed successfully
2025-07-05 02:13:15 [INFO] File uploaded: config.yml
2025-07-05 19:33:50 [INFO] Cache cleared successfully
2025-07-05 22:31:12 [ERROR] Service inventory crashed
2025-07-05 12:28:47 [WARNING] Second failed login attempt for user: bob. Next attempt will ERROR. Retrying...
2025-07-05 12:49:08 [ERROR] Email sending failed to recipient: user@gmail.com
2025-07-05 22:18:27 [INFO] Cache cleared successfully
2025-07-05 14:19:33 [WARNING] Configuration file deprecated: config.yml
2025-07-05 17:32:34 [WARNING] Slow query detected: execution time 1708ms
2025-07-05 12:58:15 [INFO] User login successful for user: eve
2025-07-05 05:42:54 [ERROR] Service inventory crashed
2025-07-05 10:40:23 [INFO] User login successful for user: eve
2025-07-05 16:25:45 [DEBUG] Entering function send_email with arguments: 3
2025-07-05 05:17:06 [INFO] Scheduled backup completed successfully
2025-07-05 23:43:41 [INFO] Database connection established
2025-07-05 19:31:43 [WARNING] API response time exceeded threshold
2025-07-05 10:09:07 [INFO] File uploaded: backup.zip
2025-07-05 00:57:59 [INFO] User login successful for user: eve
2025-07-05 00:19:46 [ERROR] File write failed: config.yml
2025-07-05 04:19:58 [INFO] File uploaded: backup.zip
2025-07-05 18:51:43 [WARNING] Configuration file deprecated: report.pdf
2025-07-05 05:23:44 [INFO] File uploaded: backup.zip
2025-07-05 21:09:21 [DEBUG] Temporary file created at: report.pdf
2025-07-05 06:54:51 [ERROR] Unhandled exception: NullPointerException
2025-07-05 14:20:07 [ERROR] Deadlock detected in transaction ID 4216
2025-07-05 06:45:14 [INFO] Cache cleared successfully
2025-07-05 14:24:22 [ERROR] Service payment crashed
2025-07-05 10:39:44 [INFO] Scheduled backup completed successfully
2025-07-05 12:50:33 [ERROR] Deadlock detected in transaction ID 4462
2025-07-05 18:11:10 [ERROR] Database connection lost
2025-07-05 21:33:41 [INFO] Scheduled backup completed successfully
2025-07-05 14:41:32 [INFO] Scheduled backup completed successfully
2025-07-05 23:14:17 [WARNING] Disk space low: 2153 remaining
2025-07-05 14:15:43 [INFO] File uploaded: config.yml
2025-07-05 02:39:16 [INFO] Cache cleared successfully
2025-07-05 10:08:03 [INFO] User login successful for user: alice
2025-07-05 22:04:23 [DEBUG] Entering function process_payment with arguments: 10
2025-07-05 11:31:38 [ERROR] Service payment crashed
2025-07-05 19:21:55 [INFO] User login successful for user: eve
2025-07-05 11:31:14 [ERROR] Deadlock detected in transaction ID 3568
2025-07-05 10:49:45 [INFO] File uploaded: report.pdf
2025-07-05 19:40:41 [INFO] Database connection established
2025-07-05 22:28:48 [INFO] User login successful for user: alice
2025-07-05 14:16:07 [INFO] User login successful for user: charlie
2025-07-05 17:15:45 [WARNING] Failed login attempt for user: alice. Retrying...
2025-07-05 23:04:23 [INFO] Service inventory started
2025-07-05 10:16:30 [ERROR] Database connection lost
2025-07-05 20:35:11 [INFO] Cache cleared successfully
2025-07-05 16:49:49 [INFO] Database connection established
2025-07-05 03:27:10 [INFO] Service payment started
2025-07-05 14:43:18 [INFO] Service payment started
2025-07-05 00:42:03 [INFO] Service inventory started
2025-07-05 21:44:55 [INFO] File uploaded: config.yml
2025-07-05 08:25:56 [INFO] User login successful for user: charlie
2025-07-05 13:55:25 [WARNING] Slow query detected: execution time 1355ms
2025-07-05 03:33:27 [INFO] Scheduled backup completed successfully
2025-07-05 08:18:15 [WARNING] Configuration file deprecated: config.yml
2025-07-05 09:06:16 [INFO] Scheduled backup completed successfully
2025-07-05 16:03:12 [DEBUG] Entering function generate_report with arguments: 6
2025-07-05 07:41:55 [INFO] User login successful for user: eve
2025-07-05 11:30:58 [INFO] Cache cleared successfully
2025-07-05 09:41:23 [WARNING] API response time exceeded threshold
2025-07-05 14:32:33 [INFO] Cache cleared successfully
2025-07-05 00:09:07 [INFO] User login successful for user: charlie
2025-07-05 20:01:03 [INFO] File uploaded: data.csv
2025-07-05 19:28:15 [ERROR] Email sending failed to recipient: user@gmail.com
2025-07-05 17:00:12 [WARNING] Failed login attempt for user: diana. Retrying...
2025-07-05 12:12:20 [WARNING] Disk space low: 1520 remaining
2025-07-05 14:13:42 [INFO] Service payment started
2025-07-05 17:52:20 [WARNING] API response time exceeded threshold
2025-07-05 13:26:06 [WARNING] Second failed login attempt for user: diana. Next attempt will ERROR. Retrying...
2025-07-05 03:09:05 [INFO] File uploaded: data.csv
2025-07-05 22:53:26 [INFO] User login successful for user: bob
2025-07-05 12:55:35 [WARNING] Disk space low: 3045 remaining
2025-07-05 15:26:58 [INFO] File uploaded: data.csv
2025-07-05 19:18:42 [ERROR] Service auth crashed
