2025-07-31 23:02:00 [INFO] Database connection established
2025-07-31 02:25:02 [ERROR] Service notification crashed
2025-07-31 01:58:59 [WARNING] Failed login attempt for user: bob. Retrying...
2025-07-31 22:45:43 [INFO] Cache cleared successfully
2025-07-31 02:31:34 [ERROR] File write failed: report.pdf
2025-07-31 23:09:18 [WARNING] High memory usage detected
2025-07-31 22:13:05 [INFO] File uploaded: report.pdf
2025-07-31 22:20:18 [INFO] Service inventory started
2025-07-31 19:54:45 [WARNING] Slow query detected: execution time 237ms
2025-07-31 02:05:57 [INFO] User login successful for user: eve
2025-07-31 14:34:29 [ERROR] Database connection lost
2025-07-31 14:55:39 [INFO] User login successful for user: alice
2025-07-31 10:09:08 [INFO] Service notification started
2025-07-31 18:19:17 [INFO] Scheduled backup completed successfully
2025-07-31 01:25:33 [WARNING] Second failed login attempt for user: diana. Next attempt will ERROR. Retrying...
2025-07-31 07:57:30 [ERROR] File write failed: backup.zip
2025-07-31 21:32:42 [WARNING] API response time exceeded threshold
2025-07-31 20:26:45 [INFO] File uploaded: data.csv
2025-07-31 15:59:08 [INFO] Cache cleared successfully
2025-07-31 20:23:32 [INFO] Database connection established
2025-07-31 21:07:47 [WARNING] Configuration file deprecated: data.csv
2025-07-31 16:44:07 [WARNING] Failed login attempt for user: alice. Retrying...
2025-07-31 18:08:01 [WARNING] High memory usage detected
2025-07-31 16:04:18 [ERROR] Email sending failed to recipient: admin@google.com
2025-07-31 07:24:10 [WARNING] API response time exceeded threshold
2025-07-31 16:55:05 [WARNING] Configuration file deprecated: report.pdf
2025-07-31 20:22:02 [INFO] File uploaded: report.pdf
2025-07-31 19:23:33 [INFO] Scheduled backup completed successfully
2025-07-31 09:24:25 [ERROR] Unhandled exception: NullPointerException
2025-07-31 23:28:55 [INFO] Cache cleared successfully
2025-07-31 03:46:06 [INFO] Database connection established
2025-07-31 21:47:44 [ERROR] Email sending failed to recipient: support@amazon.com
2025-07-31 16:18:09 [INFO] Service inventory started
2025-07-31 04:19:00 [INFO] User login successful for user: eve
2025-07-31 06:53:20 [INFO] File uploaded: backup.zip
2025-07-31 12:02:40 [INFO] Cache cleared successfully
2025-07-31 06:13:02 [ERROR] Service inventory crashed
2025-07-31 03:55:57 [INFO] Database connection established
2025-07-31 20:31:43 [DEBUG] Session token generated for user: charlie
2025-07-31 03:49:10 [INFO] File uploaded: data.csv
2025-07-31 02:58:43 [ERROR] File write failed: data.csv
2025-07-31 22:03:29 [ERROR] Database connection lost
2025-07-31 04:42:45 [WARNING] High memory usage detected
2025-07-31 12:10:19 [INFO] File uploaded: report.pdf
2025-07-31 23:37:30 [INFO] Cache cleared successfully
2025-07-31 21:30:12 [INFO] Service payment started
2025-07-31 06:55:51 [INFO] Service payment started
2025-07-31 23:56:09 [INFO] Cache cleared successfully
2025-07-31 22:54:09 [DEBUG] Query executed: SELECT * FROM users
2025-07-31 00:02:46 [INFO] Service payment started
2025-07-31 06:21:31 [INFO] Scheduled backup completed successfully
2025-07-31 19:45:04 [INFO] Cache cleared successfully
2025-07-31 12:12:44 [WARNING] Failed login attempt for user: alice. Retrying...
2025-07-31 08:32:58 [INFO] Cache cleared successfully
2025-07-31 15:42:52 [INFO] File uploaded: data.csv
2025-07-31 00:48:43 [WARNING] Configuration file deprecated: data.csv
2025-07-31 05:07:47 [ERROR] Service inventory crashed
2025-07-31 21:13:48 [INFO] Scheduled backup completed successfully
2025-07-31 23:52:42 [INFO] User login successful for user: diana
2025-07-31 21:40:20 [INFO] Database connection established
2025-07-31 23:30:19 [INFO] File uploaded: config.yml
2025-07-31 14:30:58 [INFO] Cache cleared successfully
2025-07-31 03:24:13 [INFO] Service payment started
2025-07-31 05:59:39 [INFO] Cache cleared successfully
2025-07-31 01:54:01 [INFO] Scheduled backup completed successfully
2025-07-31 04:12:27 [INFO] Service notification started
2025-07-31 09:53:55 [ERROR] Service payment crashed
2025-07-31 13:18:45 [INFO] Database connection established
2025-07-31 14:09:09 [INFO] File uploaded: backup.zip
2025-07-31 23:34:08 [INFO] User login successful for user: charlie
2025-07-31 02:45:05 [INFO] User login successful for user: charlie
2025-07-31 14:04:43 [INFO] Cache cleared successfully
2025-07-31 03:34:01 [INFO] Cache cleared successfully
2025-07-31 02:01:17 [INFO] User login successful for user: bob
2025-07-31 15:40:55 [INFO] Database connection established
2025-07-31 16:50:46 [INFO] Scheduled backup completed successfully
2025-07-31 03:23:56 [INFO] Cache cleared successfully
2025-07-31 05:15:49 [WARNING] Slow query detected: execution time 1116ms
2025-07-31 01:35:32 [INFO] Service auth started
2025-07-31 00:31:58 [INFO] Service payment started
2025-07-31 00:01:14 [WARNING] Disk space low: 4452 remaining
2025-07-31 14:51:25 [INFO] Cache cleared successfully
2025-07-31 07:55:54 [INFO] User login successful for user: eve
2025-07-31 16:02:18 [INFO] File uploaded: data.csv
2025-07-31 03:46:36 [INFO] Scheduled backup completed successfully
2025-07-31 23:47:10 [WARNING] Slow query detected: execution time 4310ms
2025-07-31 23:59:36 [INFO] User login successful for user: diana
2025-07-31 18:04:43 [WARNING] Disk space low: 1065 remaining
2025-07-31 20:01:42 [ERROR] File write failed: backup.zip
2025-07-31 05:20:17 [INFO] Service inventory started
2025-07-31 18:43:54 [ERROR] Service inventory crashed
2025-07-31 23:55:07 [INFO] Service auth started
2025-07-31 05:32:42 [INFO] File uploaded: report.pdf
2025-07-31 15:34:39 [INFO] Service notification started
2025-07-31 08:00:49 [INFO] Service notification started
2025-07-31 02:30:13 [WARNING] Second failed login attempt for user: diana. Next attempt will ERROR. Retrying...
2025-07-31 03:23:23 [ERROR] File write failed: data.csv
2025-07-31 13:30:27 [INFO] Scheduled backup completed successfully
2025-07-31 01:26:04 [WARNING] Slow query detected: execution time 3820ms
2025-07-31 11:15:56 [INFO] Scheduled backup completed successfully
2025-07-31 21:24:21 [WARNING] Disk space low: 3485 remaining
2025-07-31 15:28:49 [WARNING] Slow query detected: execution time 1644ms
2025-07-31 02:37:58 [INFO] Service auth started
2025-07-31 13:40:20 [WARNING] Disk space low: 3323 remaining
2025-07-31 21:58:35 [ERROR] Email sending failed to recipient: admin@google.com
2025-07-31 12:24:03 [INFO] Scheduled backup completed successfully
2025-07-31 12:41:05 [INFO] File uploaded: report.pdf
2025-07-31 00:34:35 [INFO] Service auth started
2025-07-31 19:26:40 [ERROR] Database connection lost
2025-07-31 19:12:09 [INFO] Scheduled backup completed successfully
2025-07-31 20:52:03 [ERROR] Database connection lost
2025-07-31 21:47:20 [INFO] Scheduled backup completed successfully
2025-07-31 02:25:17 [WARNING] Second failed login attempt for user: charlie. Next attempt will ERROR. Retrying...
2025-07-31 20:05:29 [INFO] User login successful for user: diana
2025-07-31 17:37:57 [INFO] Cache cleared successfully
2025-07-31 05:20:05 [WARNING] Second failed login attempt for user: bob. Next attempt will ERROR. Retrying...
2025-07-31 13:40:20 [WARNING] Second failed login attempt for user: eve. Next attempt will ERROR. Retrying...
2025-07-31 00:47:38 [INFO] Scheduled backup completed successfully
2025-07-31 02:18:25 [WARNING] Second failed login attempt for user: eve. Next attempt will ERROR. Retrying...
2025-07-31 06:31:50 [INFO] Database connection established
2025-07-31 19:36:44 [ERROR] Service auth crashed
2025-07-31 11:11:50 [INFO] Cache cleared successfully
2025-07-31 19:31:10 [WARNING] Failed login attempt for user: diana. Retrying...
2025-07-31 19:32:37 [WARNING] High memory usage detected
2025-07-31 20:46:23 [INFO] User login successful for user: eve
2025-07-31 03:38:34 [WARNING] Second failed login attempt for user: charlie. Next attempt will ERROR. Retrying...
2025-07-31 23:38:12 [INFO] User login successful for user: alice
2025-07-31 05:58:17 [INFO] Scheduled backup completed successfully
2025-07-31 14:52:22 [INFO] Service auth started
2025-07-31 12:31:10 [INFO] File uploaded: report.pdf
2025-07-31 01:54:22 [INFO] Service auth started
2025-07-31 09:25:43 [WARNING] Second failed login attempt for user: eve. Next attempt will ERROR. Retrying...
2025-07-31 00:09:33 [INFO] File uploaded: config.yml
2025-07-31 08:20:07 [INFO] Database connection established
2025-07-31 13:19:41 [WARNING] Slow query detected: execution time 3696ms
2025-07-31 07:46:54 [ERROR] File write failed: backup.zip
2025-07-31 11:02:40 [INFO] File uploaded: config.yml
2025-07-31 09:02:13 [DEBUG] Session token generated for user: eve
2025-07-31 02:42:37 [ERROR] File write failed: config.yml
2025-07-31 16:17:29 [INFO] User login successful for user: eve
2025-07-31 17:00:29 [ERROR] Service payment crashed
2025-07-31 15:17:49 [INFO] User login successful for user: alice
2025-07-31 10:14:28 [DEBUG] Session token generated for user: diana
2025-07-31 19:11:54 [INFO] Service auth started
2025-07-31 16:37:28 [INFO] Database connection established
2025-07-31 22:11:07 [INFO] Scheduled backup completed successfully
2025-07-31 01:15:16 [INFO] Database connection established
2025-07-31 06:43:57 [WARNING] Failed login attempt for user: charlie. Retrying...
2025-07-31 15:14:24 [WARNING] Failed login attempt for user: charlie. Retrying...
2025-07-31 00:33:17 [INFO] File uploaded: report.pdf
2025-07-31 01:57:13 [ERROR] Unhandled exception: FileNotFoundError
2025-07-31 02:45:49 [WARNING] API response time exceeded threshold
2025-07-31 00:21:26 [INFO] File uploaded: report.pdf
2025-07-31 15:06:47 [WARNING] Failed login attempt for user: alice. Retrying...
2025-07-31 23:00:16 [ERROR] Email sending failed to recipient: user@gmail.com
2025-07-31 02:35:46 [INFO] Cache cleared successfully
2025-07-31 16:28:27 [ERROR] File write failed: data.csv
2025-07-31 15:04:52 [INFO] Database connection established
2025-07-31 21:02:26 [INFO] Scheduled backup completed successfully
2025-07-31 09:43:23 [ERROR] Database connection lost
2025-07-31 01:19:52 [INFO] Database connection established
2025-07-31 08:01:00 [INFO] File uploaded: report.pdf
2025-07-31 22:59:18 [INFO] Cache cleared successfully
2025-07-31 14:37:14 [INFO] Database connection established
2025-07-31 22:45:21 [INFO] File uploaded: report.pdf
2025-07-31 21:41:36 [ERROR] File write failed: report.pdf
2025-07-31 14:13:32 [ERROR] Service inventory crashed
2025-07-31 19:43:47 [ERROR] Database connection lost
2025-07-31 21:32:06 [INFO] Database connection established
2025-07-31 19:47:06 [ERROR] Service payment crashed
2025-07-31 11:02:29 [INFO] Scheduled backup completed successfully
2025-07-31 23:55:11 [INFO] Database connection established
2025-07-31 03:06:33 [INFO] Database connection established
2025-07-31 00:37:57 [WARNING] Failed login attempt for user: alice. Retrying...
2025-07-31 14:38:36 [INFO] User login successful for user: diana
2025-07-31 17:52:41 [INFO] User login successful for user: bob
2025-07-31 07:05:51 [INFO] Cache cleared successfully
2025-07-31 19:05:36 [WARNING] Slow query detected: execution time 4217ms
2025-07-31 05:41:22 [INFO] Service payment started
2025-07-31 18:49:13 [INFO] Service auth started
2025-07-31 03:42:57 [WARNING] Second failed login attempt for user: bob. Next attempt will ERROR. Retrying...
2025-07-31 03:25:32 [INFO] Database connection established
2025-07-31 10:55:31 [INFO] Cache cleared successfully
2025-07-31 16:34:47 [WARNING] API response time exceeded threshold
2025-07-31 15:40:40 [INFO] Cache cleared successfully
2025-07-31 14:42:11 [INFO] File uploaded: backup.zip
2025-07-31 22:13:44 [INFO] Cache cleared successfully
2025-07-31 05:29:35 [INFO] Scheduled backup completed successfully
2025-07-31 06:47:08 [INFO] Service auth started
2025-07-31 18:47:22 [INFO] Cache cleared successfully
2025-07-31 14:06:19 [INFO] Database connection established
2025-07-31 02:43:07 [WARNING] High memory usage detected
2025-07-31 21:28:06 [INFO] Database connection established
2025-07-31 00:30:44 [WARNING] API response time exceeded threshold
2025-07-31 03:28:02 [WARNING] API response time exceeded threshold
2025-07-31 18:56:55 [INFO] User login successful for user: alice
2025-07-31 13:13:19 [INFO] File uploaded: config.yml
2025-07-31 00:52:54 [INFO] Cache cleared successfully
2025-07-31 03:32:41 [INFO] User login successful for user: diana
2025-07-31 03:37:43 [INFO] Cache cleared successfully
2025-07-31 09:07:52 [INFO] Database connection established
2025-07-31 00:32:02 [WARNING] High memory usage detected
2025-07-31 13:44:32 [WARNING] Configuration file deprecated: report.pdf
2025-07-31 12:13:14 [WARNING] High memory usage detected
2025-07-31 20:10:26 [ERROR] File write failed: report.pdf
2025-07-31 19:29:01 [WARNING] High memory usage detected
2025-07-31 08:11:10 [INFO] User login successful for user: charlie
2025-07-31 05:33:08 [INFO] Service auth started
2025-07-31 19:18:00 [WARNING] Second failed login attempt for user: bob. Next attempt will ERROR. Retrying...
2025-07-31 12:03:08 [WARNING] Failed login attempt for user: charlie. Retrying...
2025-07-31 02:44:19 [INFO] Scheduled backup completed successfully
2025-07-31 01:11:12 [INFO] Scheduled backup completed successfully
2025-07-31 06:12:44 [ERROR] Service payment crashed
2025-07-31 15:38:57 [INFO] Cache cleared successfully
2025-07-31 20:15:13 [INFO] Cache cleared successfully
2025-07-31 12:17:09 [INFO] Scheduled backup completed successfully
2025-07-31 10:43:42 [INFO] Service notification started
2025-07-31 17:20:20 [INFO] File uploaded: report.pdf
2025-07-31 13:48:29 [ERROR] Unhandled exception: FileNotFoundError
2025-07-31 19:24:14 [INFO] Scheduled backup completed successfully
2025-07-31 19:45:55 [INFO] Cache cleared successfully
2025-07-31 08:10:29 [INFO] Database connection established
2025-07-31 23:21:45 [INFO] Cache cleared successfully
2025-07-31 16:46:50 [ERROR] Service payment crashed
2025-07-31 18:42:37 [INFO] Cache cleared successfully
2025-07-31 16:16:40 [WARNING] Failed login attempt for user: eve. Retrying...
2025-07-31 03:47:35 [INFO] User login successful for user: charlie
2025-07-31 12:04:49 [INFO] Database connection established
2025-07-31 11:02:21 [INFO] Service auth started
2025-07-31 19:12:04 [ERROR] Database connection lost
2025-07-31 10:23:35 [INFO] File uploaded: config.yml
2025-07-31 17:23:03 [INFO] User login successful for user: bob
2025-07-31 10:05:55 [INFO] Scheduled backup completed successfully
2025-07-31 12:10:59 [INFO] Scheduled backup completed successfully
2025-07-31 01:54:02 [DEBUG] Query executed: SELECT * FROM users
2025-07-31 04:12:49 [WARNING] Second failed login attempt for user: bob. Next attempt will ERROR. Retrying...
2025-07-31 23:37:20 [INFO] Service notification started
2025-07-31 08:06:21 [ERROR] File write failed: backup.zip
2025-07-31 22:25:04 [INFO] Database connection established
2025-07-31 22:49:14 [INFO] User login successful for user: charlie
2025-07-31 09:18:49 [INFO] Database connection established
2025-07-31 10:46:39 [INFO] Database connection established
2025-07-31 03:04:13 [INFO] Database connection established
2025-07-31 13:37:09 [INFO] Service auth started
2025-07-31 23:02:46 [WARNING] Failed login attempt for user: alice. Retrying...
2025-07-31 00:40:32 [WARNING] Configuration file deprecated: config.yml
2025-07-31 08:43:43 [INFO] File uploaded: config.yml
2025-07-31 20:39:01 [WARNING] Second failed login attempt for user: diana. Next attempt will ERROR. Retrying...
2025-07-31 12:53:27 [INFO] Scheduled backup completed successfully
2025-07-31 23:27:09 [INFO] Database connection established
2025-07-31 07:00:52 [ERROR] Service notification crashed
2025-07-31 07:43:36 [WARNING] Failed login attempt for user: diana. Retrying...
2025-07-31 13:56:10 [INFO] Database connection established
2025-07-31 11:57:29 [INFO] User login successful for user: diana
2025-07-31 21:20:30 [ERROR] Email sending failed to recipient: support@amazon.com
2025-07-31 05:24:11 [INFO] Database connection established
2025-07-31 00:29:09 [ERROR] Service auth crashed
2025-07-31 07:02:43 [INFO] Service payment started
2025-07-31 06:30:39 [INFO] User login successful for user: diana
2025-07-31 06:43:18 [INFO] File uploaded: config.yml
2025-07-31 12:08:49 [INFO] File uploaded: backup.zip
2025-07-31 21:20:34 [INFO] Database connection established
2025-07-31 14:50:21 [DEBUG] Variable x has value: 4568
2025-07-31 14:11:00 [WARNING] Configuration file deprecated: backup.zip
2025-07-31 21:10:59 [INFO] Database connection established
2025-07-31 05:17:47 [INFO] Service notification started
2025-07-31 00:39:35 [INFO] Database connection established
2025-07-31 13:39:19 [INFO] Cache cleared successfully
2025-07-31 20:11:13 [WARNING] Configuration file deprecated: config.yml
2025-07-31 12:09:23 [INFO] Scheduled backup completed successfully
2025-07-31 18:50:08 [INFO] Cache cleared successfully
2025-07-31 20:09:18 [ERROR] Deadlock detected in transaction ID 458
2025-07-31 03:31:54 [INFO] Cache cleared successfully
2025-07-31 16:15:39 [INFO] Scheduled backup completed successfully
2025-07-31 22:59:02 [INFO] User login successful for user: bob
2025-07-31 01:43:23 [INFO] Cache cleared successfully
2025-07-31 02:41:54 [INFO] File uploaded: report.pdf
2025-07-31 03:45:22 [ERROR] Email sending failed to recipient: support@amazon.com
2025-07-31 04:55:50 [DEBUG] Entering function process_payment with arguments: 9
2025-07-31 20:47:21 [INFO] File uploaded: config.yml
2025-07-31 02:15:54 [INFO] User login successful for user: charlie
2025-07-31 08:36:21 [INFO] Scheduled backup completed successfully
2025-07-31 16:38:42 [INFO] Scheduled backup completed successfully
2025-07-31 07:51:37 [WARNING] Disk space low: 4739 remaining
2025-07-31 20:49:41 [ERROR] Database connection lost
2025-07-31 02:26:00 [INFO] Cache cleared successfully
2025-07-31 16:39:53 [ERROR] Email sending failed to recipient: user@gmail.com
2025-07-31 19:59:10 [INFO] Cache cleared successfully
2025-07-31 01:44:41 [INFO] Database connection established
2025-07-31 03:03:59 [INFO] Cache cleared successfully
2025-07-31 00:06:39 [WARNING] High memory usage detected
2025-07-31 00:22:51 [INFO] Database connection established
2025-07-31 02:19:03 [INFO] Scheduled backup completed successfully
2025-07-31 20:04:48 [INFO] Cache cleared successfully
2025-07-31 18:51:30 [INFO] Scheduled backup completed successfully
2025-07-31 01:07:55 [INFO] Scheduled backup completed successfully
2025-07-31 16:30:10 [DEBUG] Query executed: SELECT * FROM users
2025-07-31 19:25:20 [WARNING] Failed login attempt for user: bob. Retrying...
2025-07-31 00:58:33 [INFO] Scheduled backup completed successfully
2025-07-31 10:21:17 [ERROR] File write failed: data.csv
2025-07-31 00:44:17 [INFO] Database connection established
2025-07-31 21:55:08 [INFO] Scheduled backup completed successfully
2025-07-31 18:39:28 [INFO] User login successful for user: eve
2025-07-31 09:44:46 [WARNING] API response time exceeded threshold
2025-07-31 00:58:56 [WARNING] Slow query detected: execution time 2194ms
2025-07-31 14:51:35 [INFO] User login successful for user: alice
2025-07-31 22:11:13 [WARNING] Slow query detected: execution time 3682ms
2025-07-31 03:13:31 [INFO] Cache cleared successfully
2025-07-31 01:59:31 [INFO] Service notification started
2025-07-31 03:35:37 [INFO] Database connection established
2025-07-31 15:07:54 [WARNING] Disk space low: 1109 remaining
2025-07-31 05:02:43 [INFO] Scheduled backup completed successfully
2025-07-31 09:13:42 [WARNING] Second failed login attempt for user: diana. Next attempt will ERROR. Retrying...
2025-07-31 21:33:50 [INFO] File uploaded: backup.zip
2025-07-31 21:48:27 [ERROR] Email sending failed to recipient: user@gmail.com
2025-07-31 17:42:27 [INFO] Database connection established
2025-07-31 09:08:59 [WARNING] Disk space low: 1731 remaining
2025-07-31 17:04:59 [INFO] Scheduled backup completed successfully
2025-07-31 00:58:30 [WARNING] Disk space low: 3703 remaining
2025-07-31 15:09:17 [INFO] File uploaded: data.csv
2025-07-31 04:05:20 [INFO] User login successful for user: alice
2025-07-31 04:33:15 [INFO] Service inventory started
2025-07-31 23:20:37 [INFO] File uploaded: backup.zip
2025-07-31 21:16:01 [INFO] User login successful for user: diana
2025-07-31 08:16:41 [INFO] File uploaded: report.pdf
2025-07-31 03:43:53 [INFO] Service notification started
2025-07-31 22:50:51 [INFO] File uploaded: report.pdf
2025-07-31 03:21:33 [WARNING] Second failed login attempt for user: diana. Next attempt will ERROR. Retrying...
2025-07-31 11:26:55 [WARNING] Failed login attempt for user: bob. Retrying...
2025-07-31 08:19:19 [WARNING] High memory usage detected
2025-07-31 01:46:38 [WARNING] Slow query detected: execution time 4375ms
2025-07-31 10:42:42 [INFO] Cache cleared successfully
2025-07-31 12:55:57 [ERROR] Database connection lost
2025-07-31 12:46:14 [INFO] Service payment started
2025-07-31 11:27:12 [INFO] Cache cleared successfully
2025-07-31 06:43:20 [INFO] Scheduled backup completed successfully
2025-07-31 17:11:57 [ERROR] Email sending failed to recipient: support@amazon.com
2025-07-31 05:56:11 [ERROR] Email sending failed to recipient: admin@google.com
2025-07-31 15:19:52 [INFO] Service inventory started
2025-07-31 00:54:41 [INFO] User login successful for user: bob
2025-07-31 00:13:26 [ERROR] File write failed: report.pdf
2025-07-31 22:21:54 [WARNING] Configuration file deprecated: data.csv
2025-07-31 04:30:46 [INFO] Service notification started
2025-07-31 12:46:28 [INFO] File uploaded: config.yml
2025-07-31 18:02:34 [INFO] Scheduled backup completed successfully
2025-07-31 04:27:52 [INFO] User login successful for user: eve
2025-07-31 15:56:50 [WARNING] Configuration file deprecated: backup.zip
2025-07-31 05:12:59 [INFO] User login successful for user: charlie
2025-07-31 23:39:04 [ERROR] Deadlock detected in transaction ID 4270
2025-07-31 13:16:35 [INFO] File uploaded: data.csv
2025-07-31 23:32:55 [WARNING] High memory usage detected
2025-07-31 14:24:07 [INFO] File uploaded: backup.zip
2025-07-31 09:54:52 [INFO] Service payment started
2025-07-31 01:49:21 [INFO] File uploaded: report.pdf
2025-07-31 19:18:03 [INFO] Cache cleared successfully
2025-07-31 13:42:12 [INFO] Database connection established
2025-07-31 06:30:35 [INFO] Service payment started
2025-07-31 16:04:23 [INFO] File uploaded: report.pdf
2025-07-31 11:19:22 [DEBUG] Temporary file created at: backup.zip
2025-07-31 01:28:56 [INFO] Service inventory started
2025-07-31 01:04:22 [INFO] Scheduled backup completed successfully
2025-07-31 18:10:46 [INFO] Cache cleared successfully
2025-07-31 05:13:31 [INFO] User login successful for user: alice
2025-07-31 19:29:32 [INFO] File uploaded: report.pdf
2025-07-31 17:19:13 [INFO] User login successful for user: alice
2025-07-31 04:45:32 [INFO] Scheduled backup completed successfully
2025-07-31 13:45:28 [WARNING] API response time exceeded threshold
2025-07-31 15:05:22 [INFO] User login successful for user: diana
2025-07-31 10:50:47 [INFO] Database connection established
2025-07-31 13:49:08 [INFO] Service notification started
2025-07-31 03:54:35 [INFO] Database connection established
2025-07-31 01:10:05 [WARNING] API response time exceeded threshold
2025-07-31 18:19:13 [INFO] Service auth started
2025-07-31 16:14:47 [INFO] Database connection established
2025-07-31 21:26:32 [INFO] User login successful for user: eve
2025-07-31 07:42:06 [ERROR] Database connection lost
2025-07-31 01:17:02 [DEBUG] Session token generated for user: eve
2025-07-31 14:53:54 [INFO] User login successful for user: eve
2025-07-31 04:25:00 [INFO] Scheduled backup completed successfully
2025-07-31 09:33:42 [INFO] File uploaded: config.yml
2025-07-31 02:21:46 [INFO] File uploaded: report.pdf
2025-07-31 09:59:12 [INFO] User login successful for user: eve
2025-07-31 16:26:11 [WARNING] Configuration file deprecated: config.yml
2025-07-31 02:51:03 [WARNING] Slow query detected: execution time 2759ms
2025-07-31 22:27:17 [ERROR] Deadlock detected in transaction ID 2727
2025-07-31 00:03:45 [WARNING] Disk space low: 1237 remaining
2025-07-31 18:19:47 [INFO] Scheduled backup completed successfully
2025-07-31 05:14:03 [WARNING] Second failed login attempt for user: alice. Next attempt will ERROR. Retrying...
2025-07-31 13:14:19 [INFO] Database connection established
2025-07-31 10:44:23 [INFO] Scheduled backup completed successfully
2025-07-31 10:02:27 [INFO] Cache cleared successfully
2025-07-31 17:25:04 [INFO] User login successful for user: diana
2025-07-31 14:50:17 [INFO] Database connection established
2025-07-31 04:35:10 [ERROR] File write failed: backup.zip
2025-07-31 07:02:29 [INFO] Cache cleared successfully
2025-07-31 06:43:49 [INFO] Cache cleared successfully
2025-07-31 22:08:09 [INFO] File uploaded: report.pdf
2025-07-31 19:19:19 [INFO] File uploaded: report.pdf
2025-07-31 22:40:11 [INFO] User login successful for user: eve
2025-07-31 17:53:23 [INFO] Scheduled backup completed successfully
2025-07-31 00:02:26 [WARNING] Configuration file deprecated: backup.zip
2025-07-31 04:18:39 [WARNING] API response time exceeded threshold
2025-07-31 06:03:14 [INFO] Database connection established
2025-07-31 21:59:21 [WARNING] Configuration file deprecated: config.yml
2025-07-31 21:51:44 [INFO] Scheduled backup completed successfully
2025-07-31 00:42:30 [INFO] Cache cleared successfully
2025-07-31 06:38:39 [INFO] Database connection established
2025-07-31 05:55:23 [INFO] Cache cleared successfully
2025-07-31 19:21:58 [WARNING] Configuration file deprecated: report.pdf
2025-07-31 14:50:53 [INFO] User login successful for user: eve
2025-07-31 22:30:38 [INFO] Scheduled backup completed successfully
2025-07-31 22:08:55 [WARNING] Configuration file deprecated: config.yml
2025-07-31 08:47:48 [DEBUG] Session token generated for user: bob
2025-07-31 20:23:42 [ERROR] Deadlock detected in transaction ID 1208
2025-07-31 11:51:19 [INFO] File uploaded: config.yml
2025-07-31 01:12:07 [DEBUG] Variable x has value: 817
2025-07-31 07:31:09 [INFO] Scheduled backup completed successfully
2025-07-31 18:41:06 [INFO] File uploaded: data.csv
2025-07-31 07:02:42 [INFO] File uploaded: data.csv
2025-07-31 06:50:52 [WARNING] High memory usage detected
2025-07-31 14:43:21 [INFO] User login successful for user: alice
2025-07-31 20:48:05 [INFO] Scheduled backup completed successfully
2025-07-31 17:03:19 [INFO] File uploaded: config.yml
2025-07-31 17:49:27 [INFO] Service notification started
2025-07-31 20:04:54 [ERROR] File write failed: config.yml
2025-07-31 02:29:34 [INFO] Cache cleared successfully
2025-07-31 14:51:05 [ERROR] Database connection lost
2025-07-31 04:17:34 [INFO] Scheduled backup completed successfully
2025-07-31 20:18:20 [WARNING] Disk space low: 4556 remaining
2025-07-31 04:58:57 [INFO] File uploaded: report.pdf
2025-07-31 12:28:22 [WARNING] API response time exceeded threshold
2025-07-31 17:07:02 [DEBUG] Variable x has value: 2698
2025-07-31 12:31:20 [DEBUG] Variable x has value: 4160
2025-07-31 19:08:56 [INFO] Service inventory started
2025-07-31 09:16:38 [INFO] Cache cleared successfully
2025-07-31 13:41:35 [WARNING] Second failed login attempt for user: charlie. Next attempt will ERROR. Retrying...
2025-07-31 06:01:21 [INFO] Service payment started
2025-07-31 20:56:26 [INFO] Scheduled backup completed successfully
2025-07-31 12:22:42 [INFO] Service auth started
2025-07-31 08:00:02 [ERROR] File write failed: data.csv
2025-07-31 19:33:57 [INFO] Scheduled backup completed successfully
2025-07-31 14:02:11 [ERROR] Unhandled exception: NullPointerException
2025-07-31 01:28:46 [ERROR] Service auth crashed
2025-07-31 15:02:44 [INFO] Service auth started
2025-07-31 09:52:18 [WARNING] Slow query detected: execution time 1460ms
2025-07-31 00:18:41 [INFO] Cache cleared successfully
2025-07-31 09:39:51 [INFO] Scheduled backup completed successfully
2025-07-31 10:45:21 [INFO] File uploaded: data.csv
2025-07-31 17:19:20 [INFO] Database connection established
2025-07-31 17:24:15 [INFO] User login successful for user: bob
2025-07-31 09:10:31 [ERROR] Deadlock detected in transaction ID 1925
2025-07-31 18:19:23 [INFO] User login successful for user: eve
2025-07-31 12:14:01 [ERROR] Email sending failed to recipient: user@gmail.com
2025-07-31 02:59:22 [INFO] Cache cleared successfully
2025-07-31 11:12:32 [DEBUG] Temporary file created at: report.pdf
2025-07-31 22:20:46 [DEBUG] Query executed: SELECT * FROM users
2025-07-31 03:47:26 [WARNING] Failed login attempt for user: eve. Retrying...
2025-07-31 06:46:27 [INFO] Cache cleared successfully
2025-07-31 23:34:07 [INFO] Cache cleared successfully
2025-07-31 00:21:32 [ERROR] Unhandled exception: FileNotFoundError
2025-07-31 16:52:09 [WARNING] Failed login attempt for user: bob. Retrying...
2025-07-31 07:12:33 [WARNING] Disk space low: 2751 remaining
2025-07-31 03:18:24 [INFO] Service inventory started
2025-07-31 06:20:38 [INFO] Scheduled backup completed successfully
2025-07-31 13:46:12 [INFO] Service auth started
2025-07-31 07:16:17 [INFO] Database connection established
2025-07-31 15:12:37 [DEBUG] Entering function send_email with arguments: 10
2025-07-31 01:58:14 [WARNING] Failed login attempt for user: diana. Retrying...
2025-07-31 11:33:16 [INFO] Cache cleared successfully
2025-07-31 21:17:48 [INFO] User login successful for user: eve
2025-07-31 15:31:12 [INFO] Service inventory started
2025-07-31 23:40:46 [ERROR] Email sending failed to recipient: admin@google.com
2025-07-31 09:18:16 [INFO] Service auth started
2025-07-31 00:13:24 [INFO] Cache cleared successfully
2025-07-31 17:42:06 [DEBUG] Session token generated for user: diana
2025-07-31 10:29:22 [INFO] User login successful for user: charlie
2025-07-31 15:34:25 [INFO] Scheduled backup completed successfully
2025-07-31 18:21:42 [INFO] User login successful for user: eve
2025-07-31 03:20:38 [INFO] Service notification started
2025-07-31 03:07:38 [WARNING] Disk space low: 184 remaining
2025-07-31 20:13:31 [INFO] Scheduled backup completed successfully
2025-07-31 09:55:16 [INFO] Database connection established
2025-07-31 21:12:24 [WARNING] Second failed login attempt for user: bob. Next attempt will ERROR. Retrying...
2025-07-31 17:24:57 [ERROR] Service notification crashed
2025-07-31 13:00:35 [WARNING] Slow query detected: execution time 3089ms
2025-07-31 21:53:33 [INFO] User login successful for user: charlie
2025-07-31 12:25:03 [ERROR] Service inventory crashed
2025-07-31 11:38:19 [INFO] File uploaded: backup.zip
2025-07-31 07:21:48 [DEBUG] Temporary file created at: data.csv
2025-07-31 17:31:11 [INFO] User login successful for user: diana
2025-07-31 22:33:58 [INFO] Cache cleared successfully
2025-07-31 08:59:31 [INFO] Scheduled backup completed successfully
2025-07-31 14:40:28 [INFO] Cache cleared successfully
2025-07-31 19:05:20 [ERROR] Deadlock detected in transaction ID 3167
2025-07-31 09:14:03 [INFO] Service inventory started
2025-07-31 21:27:07 [DEBUG] Variable x has value: 2311
2025-07-31 15:47:05 [WARNING] Second failed login attempt for user: charlie. Next attempt will ERROR. Retrying...
2025-07-31 08:56:13 [INFO] Service notification started
2025-07-31 00:56:31 [INFO] Cache cleared successfully
2025-07-31 02:34:19 [INFO] Service inventory started
2025-07-31 14:04:17 [INFO] File uploaded: report.pdf
2025-07-31 12:36:18 [ERROR] Email sending failed to recipient: user@gmail.com
2025-07-31 13:31:16 [WARNING] Configuration file deprecated: report.pdf
2025-07-31 19:00:48 [ERROR] Service inventory crashed
2025-07-31 06:27:01 [ERROR] Email sending failed to recipient: user@gmail.com
2025-07-31 12:04:30 [WARNING] Disk space low: 2288 remaining
2025-07-31 09:06:40 [INFO] Scheduled backup completed successfully
2025-07-31 03:15:09 [INFO] File uploaded: backup.zip
2025-07-31 11:07:46 [INFO] Database connection established
2025-07-31 20:53:22 [INFO] Service auth started
2025-07-31 02:26:58 [INFO] Scheduled backup completed successfully
2025-07-31 05:58:48 [INFO] Cache cleared successfully
2025-07-31 00:16:31 [ERROR] Service payment crashed
2025-07-31 09:58:34 [INFO] Database connection established
2025-07-31 16:19:24 [DEBUG] Entering function generate_report with arguments: 4
2025-07-31 12:10:08 [INFO] User login successful for user: diana
2025-07-31 07:58:12 [INFO] Cache cleared successfully
2025-07-31 07:50:58 [WARNING] Failed login attempt for user: alice. Retrying...
2025-07-31 21:14:45 [INFO] Database connection established
2025-07-31 20:44:35 [INFO] User login successful for user: charlie
2025-07-31 20:57:09 [WARNING] Failed login attempt for user: diana. Retrying...
2025-07-31 06:03:51 [INFO] Service auth started
2025-07-31 23:00:17 [WARNING] Slow query detected: execution time 4480ms
2025-07-31 17:10:24 [INFO] File uploaded: data.csv
2025-07-31 20:08:17 [INFO] User login successful for user: charlie
2025-07-31 08:04:30 [INFO] User login successful for user: alice
2025-07-31 15:25:22 [ERROR] Service payment crashed
2025-07-31 00:54:25 [INFO] Database connection established
2025-07-31 22:40:46 [INFO] File uploaded: config.yml
2025-07-31 10:52:13 [INFO] Database connection established
2025-07-31 10:40:30 [INFO] Service notification started
2025-07-31 06:09:44 [INFO] Cache cleared successfully
2025-07-31 17:15:25 [WARNING] Slow query detected: execution time 1233ms
2025-07-31 18:57:28 [ERROR] File write failed: report.pdf
2025-07-31 22:31:00 [INFO] Service payment started
2025-07-31 01:42:26 [INFO] User login successful for user: charlie
2025-07-31 17:35:58 [INFO] Cache cleared successfully
2025-07-31 22:49:40 [WARNING] High memory usage detected
2025-07-31 23:34:40 [WARNING] Failed login attempt for user: charlie. Retrying...
2025-07-31 18:48:12 [ERROR] File write failed: data.csv
2025-07-31 00:53:11 [INFO] Scheduled backup completed successfully
2025-07-31 21:18:34 [DEBUG] Temporary file created at: backup.zip
2025-07-31 03:03:48 [INFO] Database connection established
2025-07-31 19:56:38 [INFO] File uploaded: config.yml
2025-07-31 20:08:50 [INFO] Database connection established
2025-07-31 08:22:33 [WARNING] Failed login attempt for user: diana. Retrying...
2025-07-31 13:56:49 [INFO] File uploaded: data.csv
2025-07-31 09:10:15 [INFO] Scheduled backup completed successfully
2025-07-31 20:10:50 [INFO] Database connection established
2025-07-31 02:03:54 [WARNING] Failed login attempt for user: alice. Retrying...
2025-07-31 01:38:32 [INFO] Database connection established
2025-07-31 11:45:03 [INFO] Database connection established
2025-07-31 08:33:31 [INFO] Cache cleared successfully
2025-07-31 19:35:27 [INFO] Service payment started
2025-07-31 21:58:20 [INFO] Database connection established
2025-07-31 08:49:58 [ERROR] Database connection lost
2025-07-31 06:17:05 [ERROR] File write failed: report.pdf
2025-07-31 18:50:05 [INFO] User login successful for user: charlie
2025-07-31 20:39:54 [ERROR] Database connection lost
2025-07-31 00:43:41 [WARNING] High memory usage detected
2025-07-31 21:38:12 [INFO] Service payment started
2025-07-31 05:15:38 [WARNING] Disk space low: 1950 remaining
2025-07-31 17:40:28 [WARNING] API response time exceeded threshold
2025-07-31 16:18:29 [INFO] Cache cleared successfully
2025-07-31 04:51:30 [INFO] File uploaded: report.pdf
2025-07-31 11:24:13 [INFO] Service notification started
2025-07-31 13:26:28 [ERROR] Database connection lost
2025-07-31 13:47:55 [WARNING] API response time exceeded threshold
2025-07-31 23:22:55 [ERROR] Database connection lost
2025-07-31 20:42:39 [WARNING] High memory usage detected
2025-07-31 21:02:52 [WARNING] Disk space low: 4187 remaining
2025-07-31 14:35:29 [ERROR] Email sending failed to recipient: admin@google.com
2025-07-31 18:15:17 [INFO] Service notification started
2025-07-31 07:39:19 [WARNING] Slow query detected: execution time 1802ms
2025-07-31 09:14:25 [INFO] File uploaded: backup.zip
2025-07-31 15:54:48 [INFO] Database connection established
2025-07-31 20:12:03 [INFO] File uploaded: config.yml
2025-07-31 17:21:56 [WARNING] Configuration file deprecated: config.yml
2025-07-31 07:20:36 [INFO] Cache cleared successfully
2025-07-31 10:42:40 [WARNING] API response time exceeded threshold
2025-07-31 05:45:55 [WARNING] Slow query detected: execution time 4410ms
2025-07-31 14:06:54 [INFO] Service inventory started
2025-07-31 02:57:10 [DEBUG] Entering function send_email with arguments: 3
2025-07-31 15:28:33 [INFO] Cache cleared successfully
2025-07-31 00:42:23 [WARNING] High memory usage detected
2025-07-31 03:45:15 [INFO] File uploaded: config.yml
2025-07-31 02:51:57 [INFO] User login successful for user: alice
2025-07-31 19:13:32 [INFO] File uploaded: data.csv
2025-07-31 18:40:10 [INFO] Scheduled backup completed successfully
2025-07-31 11:32:09 [INFO] Scheduled backup completed successfully
2025-07-31 22:40:00 [INFO] Cache cleared successfully
2025-07-31 06:59:57 [INFO] Database connection established
2025-07-31 10:46:49 [INFO] Cache cleared successfully
2025-07-31 19:25:49 [INFO] Service notification started
2025-07-31 06:05:41 [INFO] File uploaded: data.csv
2025-07-31 09:27:34 [INFO] Database connection established
2025-07-31 17:17:58 [WARNING] Configuration file deprecated: backup.zip
2025-07-31 19:17:17 [WARNING] Configuration file deprecated: data.csv
2025-07-31 08:55:21 [INFO] Scheduled backup completed successfully
2025-07-31 17:00:20 [INFO] Service auth started
2025-07-31 07:33:17 [INFO] Scheduled backup completed successfully
2025-07-31 16:00:53 [DEBUG] Variable x has value: 3230
2025-07-31 10:39:45 [INFO] User login successful for user: alice
2025-07-31 03:14:01 [ERROR] Deadlock detected in transaction ID 720
2025-07-31 16:10:21 [WARNING] API response time exceeded threshold
2025-07-31 03:12:55 [INFO] Database connection established
2025-07-31 08:32:49 [WARNING] API response time exceeded threshold
2025-07-31 23:33:01 [INFO] File uploaded: data.csv
2025-07-31 20:16:05 [INFO] File uploaded: backup.zip
2025-07-31 19:36:23 [INFO] Cache cleared successfully
2025-07-31 19:36:50 [INFO] Service notification started
2025-07-31 14:49:44 [ERROR] Email sending failed to recipient: admin@google.com
2025-07-31 01:05:24 [INFO] Service notification started
2025-07-31 02:20:17 [INFO] Scheduled backup completed successfully
2025-07-31 07:50:58 [INFO] File uploaded: backup.zip
2025-07-31 09:11:56 [ERROR] File write failed: report.pdf
2025-07-31 13:36:48 [WARNING] High memory usage detected
2025-07-31 00:09:53 [INFO] Database connection established
2025-07-31 19:33:30 [ERROR] Service auth crashed
2025-07-31 17:13:19 [DEBUG] Variable x has value: 1939
2025-07-31 08:57:31 [INFO] Scheduled backup completed successfully
2025-07-31 04:22:51 [INFO] Service payment started
2025-07-31 00:09:30 [INFO] Scheduled backup completed successfully
2025-07-31 18:31:27 [INFO] User login successful for user: charlie
2025-07-31 19:35:37 [INFO] File uploaded: backup.zip
2025-07-31 10:23:15 [ERROR] Email sending failed to recipient: user@gmail.com
2025-07-31 14:39:46 [WARNING] High memory usage detected
2025-07-31 16:10:14 [INFO] User login successful for user: eve
2025-07-31 10:48:55 [INFO] Database connection established
2025-07-31 02:14:28 [DEBUG] Variable x has value: 3555
2025-07-31 19:26:01 [INFO] User login successful for user: charlie
2025-07-31 23:46:23 [INFO] Service inventory started
2025-07-31 01:46:48 [INFO] File uploaded: report.pdf
2025-07-31 07:23:13 [INFO] User login successful for user: diana
2025-07-31 09:47:09 [INFO] Service payment started
2025-07-31 00:38:36 [INFO] File uploaded: backup.zip
2025-07-31 01:40:44 [INFO] Scheduled backup completed successfully
2025-07-31 04:42:45 [ERROR] Database connection lost
2025-07-31 09:10:38 [INFO] Cache cleared successfully
2025-07-31 22:14:40 [INFO] Scheduled backup completed successfully
2025-07-31 00:44:13 [INFO] Cache cleared successfully
2025-07-31 11:21:51 [INFO] Cache cleared successfully
2025-07-31 04:06:58 [INFO] File uploaded: report.pdf
2025-07-31 12:07:55 [INFO] Database connection established
2025-07-31 17:06:39 [WARNING] Slow query detected: execution time 4391ms
2025-07-31 13:40:30 [WARNING] Failed login attempt for user: alice. Retrying...
2025-07-31 20:55:15 [INFO] User login successful for user: alice
2025-07-31 07:02:10 [ERROR] Service notification crashed
2025-07-31 09:29:16 [INFO] Cache cleared successfully
2025-07-31 23:25:51 [INFO] Cache cleared successfully
2025-07-31 18:15:18 [INFO] Service payment started
2025-07-31 05:12:55 [INFO] File uploaded: report.pdf
2025-07-31 23:29:02 [INFO] Service notification started
2025-07-31 20:52:43 [INFO] Database connection established
2025-07-31 03:16:56 [INFO] Scheduled backup completed successfully
2025-07-31 07:11:51 [WARNING] Slow query detected: execution time 1013ms
2025-07-31 04:56:52 [WARNING] High memory usage detected
2025-07-31 19:03:26 [INFO] Cache cleared successfully
2025-07-31 08:18:51 [ERROR] Email sending failed to recipient: support@amazon.com
2025-07-31 01:41:18 [DEBUG] Entering function generate_report with arguments: 5
2025-07-31 13:31:14 [INFO] Database connection established
2025-07-31 22:50:02 [INFO] Database connection established
2025-07-31 22:30:39 [INFO] User login successful for user: charlie
2025-07-31 04:33:06 [DEBUG] Session token generated for user: eve
2025-07-31 23:18:24 [INFO] Database connection established
2025-07-31 06:15:02 [INFO] Database connection established
2025-07-31 05:27:11 [ERROR] Deadlock detected in transaction ID 3494
2025-07-31 09:33:33 [WARNING] Second failed login attempt for user: bob. Next attempt will ERROR. Retrying...
2025-07-31 13:58:16 [INFO] Service notification started
2025-07-31 22:35:33 [INFO] User login successful for user: alice
2025-07-31 14:19:04 [WARNING] High memory usage detected
2025-07-31 21:27:19 [INFO] Scheduled backup completed successfully
2025-07-31 07:49:59 [INFO] Service payment started
2025-07-31 01:53:20 [WARNING] Second failed login attempt for user: charlie. Next attempt will ERROR. Retrying...
2025-07-31 14:08:15 [INFO] User login successful for user: bob
2025-07-31 20:03:34 [INFO] Service notification started
2025-07-31 00:41:53 [INFO] File uploaded: config.yml
2025-07-31 19:35:12 [INFO] Service payment started
2025-07-31 12:42:53 [INFO] Cache cleared successfully
2025-07-31 23:44:56 [WARNING] Slow query detected: execution time 2840ms
2025-07-31 06:24:13 [INFO] Database connection established
2025-07-31 13:05:41 [INFO] Scheduled backup completed successfully
2025-07-31 11:52:37 [DEBUG] Temporary file created at: backup.zip
2025-07-31 00:22:10 [INFO] Database connection established
2025-07-31 23:23:03 [ERROR] Email sending failed to recipient: user@gmail.com
2025-07-31 15:25:00 [INFO] File uploaded: data.csv
2025-07-31 12:38:41 [WARNING] Failed login attempt for user: alice. Retrying...
2025-07-31 23:37:26 [INFO] Service auth started
2025-07-31 12:11:10 [INFO] Database connection established
2025-07-31 21:23:39 [INFO] Scheduled backup completed successfully
2025-07-31 22:34:55 [INFO] Service payment started
2025-07-31 22:16:08 [WARNING] Second failed login attempt for user: charlie. Next attempt will ERROR. Retrying...
2025-07-31 15:35:47 [INFO] File uploaded: data.csv
2025-07-31 06:08:14 [INFO] Scheduled backup completed successfully
2025-07-31 01:32:11 [ERROR] Unhandled exception: TimeoutError
2025-07-31 19:06:40 [INFO] Cache cleared successfully
2025-07-31 16:09:25 [ERROR] Email sending failed to recipient: support@amazon.com
2025-07-31 13:00:01 [WARNING] API response time exceeded threshold
2025-07-31 18:39:15 [INFO] File uploaded: backup.zip
2025-07-31 14:52:46 [ERROR] File write failed: data.csv
2025-07-31 22:32:19 [WARNING] Slow query detected: execution time 3073ms
2025-07-31 12:35:25 [INFO] File uploaded: backup.zip
2025-07-31 14:35:08 [WARNING] Failed login attempt for user: diana. Retrying...
2025-07-31 19:58:02 [ERROR] Database connection lost
2025-07-31 10:13:20 [INFO] Cache cleared successfully
2025-07-31 20:31:07 [ERROR] File write failed: config.yml
2025-07-31 19:09:30 [INFO] File uploaded: backup.zip
2025-07-31 10:26:45 [INFO] Cache cleared successfully
2025-07-31 15:28:24 [ERROR] Email sending failed to recipient: admin@google.com
2025-07-31 23:04:51 [INFO] Service inventory started
2025-07-31 13:28:45 [INFO] Cache cleared successfully
2025-07-31 12:16:07 [INFO] Scheduled backup completed successfully
2025-07-31 08:52:58 [ERROR] Unhandled exception: FileNotFoundError
2025-07-31 15:56:20 [INFO] File uploaded: config.yml
2025-07-31 11:06:37 [ERROR] File write failed: config.yml
2025-07-31 01:57:26 [INFO] User login successful for user: diana
2025-07-31 12:20:40 [INFO] Database connection established
2025-07-31 03:06:29 [DEBUG] Variable x has value: 4403
2025-07-31 18:03:08 [INFO] Service inventory started
2025-07-31 12:29:53 [INFO] File uploaded: report.pdf
2025-07-31 07:57:56 [INFO] Scheduled backup completed successfully
2025-07-31 00:42:34 [INFO] Service payment started
2025-07-31 23:56:15 [INFO] File uploaded: data.csv
2025-07-31 04:59:29 [WARNING] Disk space low: 3359 remaining
2025-07-31 08:29:36 [ERROR] Database connection lost
2025-07-31 16:08:02 [ERROR] Service notification crashed
2025-07-31 13:35:40 [DEBUG] Variable x has value: 2356
2025-07-31 04:35:25 [INFO] Scheduled backup completed successfully
2025-07-31 15:32:50 [ERROR] Deadlock detected in transaction ID 4888
2025-07-31 11:03:21 [INFO] User login successful for user: charlie
2025-07-31 13:14:52 [ERROR] Email sending failed to recipient: user@gmail.com
2025-07-31 15:25:34 [WARNING] Configuration file deprecated: data.csv
2025-07-31 16:04:00 [INFO] Scheduled backup completed successfully
2025-07-31 02:43:07 [DEBUG] Temporary file created at: config.yml
2025-07-31 22:16:28 [WARNING] Slow query detected: execution time 626ms
2025-07-31 12:56:57 [INFO] File uploaded: config.yml
2025-07-31 12:57:32 [INFO] Scheduled backup completed successfully
2025-07-31 02:10:59 [WARNING] Configuration file deprecated: report.pdf
2025-07-31 08:55:07 [INFO] Service payment started
2025-07-31 23:09:42 [WARNING] Slow query detected: execution time 1560ms
2025-07-31 02:13:24 [INFO] File uploaded: data.csv
2025-07-31 20:49:15 [INFO] User login successful for user: charlie
2025-07-31 17:43:19 [INFO] Database connection established
2025-07-31 13:19:50 [ERROR] File write failed: report.pdf
2025-07-31 07:48:04 [INFO] Cache cleared successfully
2025-07-31 12:30:42 [INFO] Service auth started
2025-07-31 07:53:23 [INFO] Cache cleared successfully
2025-07-31 01:43:32 [INFO] Service notification started
2025-07-31 02:08:40 [INFO] Scheduled backup completed successfully
2025-07-31 03:33:13 [INFO] Cache cleared successfully
2025-07-31 10:54:18 [INFO] User login successful for user: diana
2025-07-31 14:52:58 [INFO] Scheduled backup completed successfully
2025-07-31 18:02:14 [INFO] User login successful for user: bob
2025-07-31 23:48:51 [INFO] Database connection established
2025-07-31 04:11:14 [ERROR] Deadlock detected in transaction ID 1230
2025-07-31 02:23:49 [INFO] Service payment started
2025-07-31 08:05:38 [ERROR] Deadlock detected in transaction ID 3108
2025-07-31 18:40:44 [INFO] Cache cleared successfully
2025-07-31 13:25:03 [DEBUG] Variable x has value: 2004
2025-07-31 18:00:04 [WARNING] Configuration file deprecated: data.csv
2025-07-31 02:29:20 [INFO] Scheduled backup completed successfully
2025-07-31 21:08:02 [ERROR] File write failed: report.pdf
2025-07-31 05:57:38 [ERROR] Service payment crashed
2025-07-31 07:39:54 [INFO] Cache cleared successfully
2025-07-31 06:47:47 [ERROR] Database connection lost
2025-07-31 07:04:41 [INFO] File uploaded: report.pdf
2025-07-31 04:12:19 [INFO] File uploaded: config.yml
2025-07-31 22:38:49 [INFO] User login successful for user: eve
2025-07-31 11:07:33 [INFO] Service payment started
2025-07-31 23:58:30 [WARNING] Slow query detected: execution time 3078ms
2025-07-31 11:20:27 [INFO] File uploaded: config.yml
2025-07-31 15:06:33 [ERROR] Database connection lost
2025-07-31 09:38:47 [INFO] Database connection established
2025-07-31 21:31:19 [INFO] Service auth started
2025-07-31 19:51:03 [WARNING] Second failed login attempt for user: bob. Next attempt will ERROR. Retrying...
2025-07-31 08:45:24 [ERROR] Email sending failed to recipient: user@gmail.com
2025-07-31 06:40:25 [WARNING] Configuration file deprecated: report.pdf
2025-07-31 16:54:57 [WARNING] Failed login attempt for user: bob. Retrying...
2025-07-31 01:16:18 [INFO] Database connection established
2025-07-31 12:39:37 [INFO] File uploaded: data.csv
2025-07-31 14:24:52 [INFO] Scheduled backup completed successfully
2025-07-31 17:38:48 [INFO] Scheduled backup completed successfully
2025-07-31 02:49:59 [INFO] Service notification started
2025-07-31 01:01:48 [WARNING] API response time exceeded threshold
2025-07-31 20:12:12 [INFO] File uploaded: data.csv
2025-07-31 23:55:29 [INFO] User login successful for user: bob
2025-07-31 07:49:53 [INFO] Scheduled backup completed successfully
2025-07-31 12:26:04 [INFO] Database connection established
2025-07-31 01:33:20 [DEBUG] Temporary file created at: config.yml
2025-07-31 00:44:56 [INFO] Service auth started
2025-07-31 17:03:38 [WARNING] Second failed login attempt for user: diana. Next attempt will ERROR. Retrying...
2025-07-31 05:49:30 [INFO] User login successful for user: bob
2025-07-31 04:23:28 [INFO] Scheduled backup completed successfully
2025-07-31 08:38:46 [INFO] Scheduled backup completed successfully
2025-07-31 11:43:38 [WARNING] Slow query detected: execution time 2714ms
2025-07-31 17:40:46 [INFO] Cache cleared successfully
2025-07-31 12:29:27 [WARNING] Failed login attempt for user: charlie. Retrying...
2025-07-31 07:44:38 [WARNING] Configuration file deprecated: backup.zip
2025-07-31 07:25:00 [INFO] User login successful for user: diana
2025-07-31 15:44:15 [INFO] File uploaded: data.csv
2025-07-31 22:49:58 [INFO] Cache cleared successfully
2025-07-31 00:27:57 [WARNING] Failed login attempt for user: eve. Retrying...
2025-07-31 05:30:47 [INFO] Scheduled backup completed successfully
2025-07-31 15:25:09 [INFO] Database connection established
2025-07-31 12:41:25 [WARNING] Failed login attempt for user: alice. Retrying...
2025-07-31 16:45:13 [INFO] File uploaded: config.yml
2025-07-31 23:09:55 [INFO] Cache cleared successfully
2025-07-31 10:43:35 [WARNING] Disk space low: 59 remaining
2025-07-31 12:51:17 [WARNING] Disk space low: 2667 remaining
2025-07-31 12:17:36 [ERROR] Deadlock detected in transaction ID 711
2025-07-31 11:53:03 [INFO] Service auth started
2025-07-31 17:54:39 [INFO] Scheduled backup completed successfully
2025-07-31 01:18:21 [DEBUG] Temporary file created at: report.pdf
2025-07-31 21:56:30 [INFO] Database connection established
2025-07-31 18:15:22 [INFO] Database connection established
2025-07-31 05:22:55 [WARNING] Configuration file deprecated: data.csv
2025-07-31 05:12:30 [ERROR] Unhandled exception: TimeoutError
2025-07-31 08:44:01 [INFO] Cache cleared successfully
2025-07-31 21:03:39 [INFO] Database connection established
2025-07-31 13:04:54 [INFO] User login successful for user: diana
2025-07-31 14:43:53 [INFO] Database connection established
2025-07-31 09:44:49 [WARNING] API response time exceeded threshold
2025-07-31 12:57:58 [INFO] Scheduled backup completed successfully
2025-07-31 02:32:13 [WARNING] Failed login attempt for user: bob. Retrying...
2025-07-31 06:20:47 [ERROR] Deadlock detected in transaction ID 958
2025-07-31 00:05:07 [WARNING] High memory usage detected
2025-07-31 11:03:24 [INFO] Scheduled backup completed successfully
2025-07-31 04:24:43 [WARNING] Slow query detected: execution time 3974ms
2025-07-31 18:37:04 [INFO] Scheduled backup completed successfully
2025-07-31 13:28:39 [INFO] Database connection established
2025-07-31 09:49:06 [INFO] Service payment started
2025-07-31 03:36:44 [INFO] User login successful for user: eve
2025-07-31 04:16:38 [INFO] Cache cleared successfully
2025-07-31 14:51:36 [INFO] Database connection established
2025-07-31 02:58:21 [INFO] Scheduled backup completed successfully
2025-07-31 05:39:30 [DEBUG] Temporary file created at: config.yml
2025-07-31 12:17:32 [WARNING] Configuration file deprecated: config.yml
2025-07-31 09:13:50 [WARNING] Configuration file deprecated: config.yml
2025-07-31 14:48:24 [INFO] Cache cleared successfully
2025-07-31 00:40:08 [WARNING] Second failed login attempt for user: bob. Next attempt will ERROR. Retrying...
2025-07-31 06:59:59 [ERROR] Email sending failed to recipient: support@amazon.com
2025-07-31 04:04:51 [WARNING] Second failed login attempt for user: eve. Next attempt will ERROR. Retrying...
2025-07-31 17:45:58 [DEBUG] Session token generated for user: charlie
2025-07-31 22:17:53 [WARNING] Second failed login attempt for user: bob. Next attempt will ERROR. Retrying...
2025-07-31 14:37:27 [WARNING] Disk space low: 1412 remaining
2025-07-31 07:39:26 [ERROR] Database connection lost
2025-07-31 23:43:52 [INFO] User login successful for user: alice
2025-07-31 19:51:18 [INFO] Cache cleared successfully
2025-07-31 18:49:58 [WARNING] High memory usage detected
2025-07-31 07:10:18 [ERROR] Deadlock detected in transaction ID 3467
2025-07-31 08:02:12 [INFO] Cache cleared successfully
2025-07-31 12:08:07 [INFO] Database connection established
2025-07-31 19:47:37 [WARNING] Second failed login attempt for user: eve. Next attempt will ERROR. Retrying...
2025-07-31 21:59:32 [ERROR] Database connection lost
2025-07-31 23:43:02 [ERROR] Unhandled exception: NullPointerException
2025-07-31 12:31:40 [ERROR] File write failed: config.yml
2025-07-31 13:03:42 [WARNING] Failed login attempt for user: alice. Retrying...
2025-07-31 16:06:32 [INFO] Scheduled backup completed successfully
2025-07-31 08:57:43 [INFO] Scheduled backup completed successfully
2025-07-31 10:26:58 [ERROR] Unhandled exception: NullPointerException
2025-07-31 03:29:08 [INFO] Cache cleared successfully
2025-07-31 04:11:31 [INFO] Cache cleared successfully
2025-07-31 03:54:06 [WARNING] API response time exceeded threshold
2025-07-31 22:57:27 [DEBUG] Temporary file created at: report.pdf
2025-07-31 19:16:23 [INFO] Service inventory started
2025-07-31 19:23:49 [INFO] Scheduled backup completed successfully
2025-07-31 10:09:52 [INFO] Cache cleared successfully
2025-07-31 02:18:28 [WARNING] Second failed login attempt for user: bob. Next attempt will ERROR. Retrying...
2025-07-31 09:18:17 [INFO] Cache cleared successfully
2025-07-31 15:22:38 [INFO] User login successful for user: charlie
2025-07-31 13:08:10 [INFO] File uploaded: data.csv
2025-07-31 12:59:58 [INFO] Scheduled backup completed successfully
2025-07-31 04:03:42 [INFO] Service inventory started
2025-07-31 18:20:40 [INFO] User login successful for user: diana
2025-07-31 11:22:08 [INFO] User login successful for user: diana
2025-07-31 03:23:53 [DEBUG] Session token generated for user: diana
2025-07-31 18:09:11 [INFO] User login successful for user: diana
2025-07-31 12:13:41 [INFO] Scheduled backup completed successfully
2025-07-31 17:39:13 [INFO] Database connection established
2025-07-31 21:58:42 [INFO] Cache cleared successfully
2025-07-31 16:54:14 [ERROR] Email sending failed to recipient: admin@google.com
2025-07-31 18:57:13 [INFO] Database connection established
2025-07-31 11:20:03 [INFO] Service payment started
2025-07-31 03:08:47 [ERROR] File write failed: report.pdf
2025-07-31 09:31:20 [INFO] Scheduled backup completed successfully
2025-07-31 03:07:34 [INFO] Database connection established
2025-07-31 15:58:03 [WARNING] Configuration file deprecated: backup.zip
2025-07-31 23:28:05 [INFO] Service auth started
2025-07-31 00:46:13 [WARNING] API response time exceeded threshold
2025-07-31 01:10:55 [INFO] Cache cleared successfully
2025-07-31 22:16:55 [ERROR] Service notification crashed
2025-07-31 22:21:15 [INFO] Cache cleared successfully
2025-07-31 17:05:37 [DEBUG] Query executed: UPDATE orders SET status='shipped' WHERE id=42
2025-07-31 12:50:48 [DEBUG] Session token generated for user: charlie
2025-07-31 03:47:55 [INFO] Cache cleared successfully
2025-07-31 03:10:39 [INFO] Database connection established
2025-07-31 16:10:51 [INFO] Cache cleared successfully
2025-07-31 20:21:57 [INFO] File uploaded: backup.zip
2025-07-31 15:04:38 [INFO] Service auth started
2025-07-31 09:34:14 [INFO] User login successful for user: diana
2025-07-31 22:45:16 [INFO] Scheduled backup completed successfully
2025-07-31 09:52:01 [INFO] File uploaded: data.csv
2025-07-31 21:59:39 [INFO] User login successful for user: eve
2025-07-31 06:33:08 [INFO] User login successful for user: eve
2025-07-31 07:26:58 [INFO] User login successful for user: charlie
2025-07-31 07:16:44 [INFO] Service auth started
2025-07-31 19:58:09 [INFO] Service auth started
2025-07-31 14:06:37 [INFO] Service notification started
2025-07-31 08:10:44 [INFO] Cache cleared successfully
2025-07-31 02:04:55 [INFO] User login successful for user: alice
2025-07-31 11:30:31 [WARNING] Disk space low: 3408 remaining
2025-07-31 05:29:56 [INFO] File uploaded: report.pdf
2025-07-31 11:58:28 [INFO] Cache cleared successfully
2025-07-31 14:00:55 [WARNING] Second failed login attempt for user: alice. Next attempt will ERROR. Retrying...
2025-07-31 17:23:06 [INFO] File uploaded: data.csv
2025-07-31 22:50:33 [INFO] Service auth started
2025-07-31 04:06:11 [INFO] User login successful for user: eve
2025-07-31 02:28:35 [INFO] User login successful for user: diana
2025-07-31 22:31:43 [INFO] User login successful for user: eve
2025-07-31 10:49:12 [WARNING] Second failed login attempt for user: charlie. Next attempt will ERROR. Retrying...
2025-07-31 05:08:44 [INFO] Database connection established
