2025-08-01 12:50:44 [ERROR] Deadlock detected in transaction ID 2029
2025-08-01 08:04:33 [INFO] Cache cleared successfully
2025-08-01 06:19:09 [ERROR] Email sending failed to recipient: user@gmail.com
2025-08-01 05:12:08 [WARNING] Slow query detected: execution time 3358ms
2025-08-01 07:50:01 [INFO] User login successful for user: eve
2025-08-01 00:52:54 [ERROR] Database connection lost
2025-08-01 00:40:36 [INFO] Scheduled backup completed successfully
2025-08-01 09:53:24 [ERROR] Email sending failed to recipient: support@amazon.com
2025-08-01 01:23:11 [INFO] Cache cleared successfully
2025-08-01 21:16:23 [INFO] Scheduled backup completed successfully
2025-08-01 00:46:28 [INFO] Scheduled backup completed successfully
2025-08-01 15:15:28 [WARNING] High memory usage detected
2025-08-01 07:37:18 [INFO] Service auth started
2025-08-01 22:09:44 [INFO] Database connection established
2025-08-01 06:28:51 [INFO] File uploaded: config.yml
2025-08-01 06:00:24 [INFO] User login successful for user: bob
2025-08-01 16:52:19 [WARNING] Slow query detected: execution time 2284ms
2025-08-01 06:49:37 [INFO] Database connection established
2025-08-01 04:46:29 [INFO] Cache cleared successfully
2025-08-01 08:55:39 [INFO] Database connection established
2025-08-01 17:37:18 [INFO] Database connection established
2025-08-01 19:39:13 [INFO] File uploaded: data.csv
2025-08-01 15:48:29 [INFO] User login successful for user: alice
2025-08-01 14:14:13 [INFO] User login successful for user: alice
2025-08-01 15:27:38 [INFO] Service auth started
2025-08-01 22:48:33 [ERROR] Database connection lost
2025-08-01 01:57:17 [ERROR] Deadlock detected in transaction ID 3978
2025-08-01 23:36:15 [INFO] User login successful for user: bob
2025-08-01 21:14:34 [ERROR] Unhandled exception: NullPointerException
2025-08-01 03:21:22 [WARNING] High memory usage detected
2025-08-01 11:22:09 [INFO] Scheduled backup completed successfully
2025-08-01 09:01:10 [INFO] Scheduled backup completed successfully
2025-08-01 00:05:52 [INFO] User login successful for user: charlie
2025-08-01 11:26:34 [INFO] Cache cleared successfully
2025-08-01 17:57:10 [WARNING] Second failed login attempt for user: bob. Next attempt will ERROR. Retrying...
2025-08-01 12:02:49 [ERROR] Unhandled exception: FileNotFoundError
2025-08-01 07:33:46 [INFO] Scheduled backup completed successfully
2025-08-01 08:41:07 [INFO] Cache cleared successfully
2025-08-01 00:13:19 [INFO] Database connection established
2025-08-01 10:34:33 [WARNING] Slow query detected: execution time 3155ms
2025-08-01 09:10:06 [WARNING] API response time exceeded threshold
2025-08-01 13:29:43 [ERROR] File write failed: report.pdf
2025-08-01 19:08:46 [WARNING] Slow query detected: execution time 1416ms
2025-08-01 08:11:37 [ERROR] Unhandled exception: TimeoutError
2025-08-01 11:48:35 [INFO] Scheduled backup completed successfully
2025-08-01 02:42:36 [INFO] Service notification started
2025-08-01 21:59:03 [WARNING] Disk space low: 3338 remaining
2025-08-01 03:09:29 [INFO] File uploaded: backup.zip
2025-08-01 04:07:48 [INFO] Database connection established
2025-08-01 03:07:12 [INFO] Service auth started
2025-08-01 11:16:38 [ERROR] Email sending failed to recipient: user@gmail.com
2025-08-01 22:02:01 [INFO] File uploaded: data.csv
2025-08-01 01:18:33 [INFO] File uploaded: config.yml
2025-08-01 06:06:33 [ERROR] Database connection lost
2025-08-01 03:22:00 [INFO] Cache cleared successfully
2025-08-01 02:32:18 [INFO] User login successful for user: eve
2025-08-01 09:40:58 [INFO] File uploaded: config.yml
2025-08-01 18:18:49 [INFO] Service notification started
2025-08-01 20:50:01 [ERROR] Database connection lost
2025-08-01 09:39:28 [INFO] Scheduled backup completed successfully
2025-08-01 03:17:19 [INFO] Database connection established
2025-08-01 18:01:46 [WARNING] API response time exceeded threshold
2025-08-01 03:28:55 [INFO] User login successful for user: charlie
2025-08-01 21:32:08 [WARNING] API response time exceeded threshold
2025-08-01 12:25:14 [DEBUG] Entering function process_payment with arguments: 4
2025-08-01 03:47:32 [INFO] Cache cleared successfully
2025-08-01 13:42:26 [ERROR] Email sending failed to recipient: user@gmail.com
2025-08-01 05:43:00 [INFO] Cache cleared successfully
2025-08-01 13:37:54 [INFO] Service auth started
2025-08-01 04:40:56 [INFO] Scheduled backup completed successfully
2025-08-01 14:58:03 [DEBUG] Entering function generate_report with arguments: 2
2025-08-01 18:14:25 [WARNING] Disk space low: 1144 remaining
2025-08-01 10:19:03 [INFO] File uploaded: data.csv
2025-08-01 01:34:43 [ERROR] Deadlock detected in transaction ID 110
2025-08-01 20:29:00 [INFO] Database connection established
2025-08-01 20:38:44 [INFO] File uploaded: config.yml
2025-08-01 06:44:17 [INFO] File uploaded: report.pdf
2025-08-01 12:10:36 [WARNING] Second failed login attempt for user: eve. Next attempt will ERROR. Retrying...
2025-08-01 11:40:29 [INFO] Service payment started
2025-08-01 01:14:11 [INFO] Database connection established
2025-08-01 11:35:31 [WARNING] Disk space low: 1002 remaining
2025-08-01 06:56:51 [INFO] Scheduled backup completed successfully
2025-08-01 13:19:42 [WARNING] Second failed login attempt for user: charlie. Next attempt will ERROR. Retrying...
2025-08-01 22:15:03 [INFO] Scheduled backup completed successfully
2025-08-01 13:34:54 [INFO] Database connection established
2025-08-01 21:11:20 [INFO] Scheduled backup completed successfully
2025-08-01 10:24:04 [WARNING] Slow query detected: execution time 3950ms
2025-08-01 07:07:24 [ERROR] Deadlock detected in transaction ID 626
2025-08-01 00:16:29 [ERROR] Unhandled exception: NullPointerException
2025-08-01 07:25:22 [INFO] Cache cleared successfully
2025-08-01 18:27:39 [INFO] Service inventory started
2025-08-01 10:16:20 [WARNING] Disk space low: 4068 remaining
2025-08-01 07:43:20 [DEBUG] Variable x has value: 2458
2025-08-01 00:59:09 [INFO] User login successful for user: charlie
2025-08-01 21:35:50 [INFO] Scheduled backup completed successfully
2025-08-01 08:50:00 [WARNING] Failed login attempt for user: bob. Retrying...
2025-08-01 16:47:06 [WARNING] Second failed login attempt for user: charlie. Next attempt will ERROR. Retrying...
2025-08-01 18:06:50 [INFO] Database connection established
2025-08-01 15:46:31 [INFO] Cache cleared successfully
2025-08-01 13:11:29 [WARNING] API response time exceeded threshold
2025-08-01 23:57:30 [INFO] Database connection established
2025-08-01 06:52:48 [WARNING] Second failed login attempt for user: bob. Next attempt will ERROR. Retrying...
2025-08-01 05:32:37 [ERROR] Database connection lost
2025-08-01 16:12:59 [INFO] Cache cleared successfully
2025-08-01 13:31:17 [INFO] Cache cleared successfully
2025-08-01 09:24:09 [ERROR] File write failed: data.csv
2025-08-01 14:42:48 [ERROR] Service inventory crashed
2025-08-01 05:26:20 [WARNING] Configuration file deprecated: data.csv
2025-08-01 04:01:18 [WARNING] Failed login attempt for user: eve. Retrying...
2025-08-01 15:07:50 [WARNING] Slow query detected: execution time 2267ms
2025-08-01 07:35:29 [INFO] Cache cleared successfully
2025-08-01 01:52:37 [ERROR] File write failed: backup.zip
2025-08-01 06:59:37 [INFO] Cache cleared successfully
2025-08-01 12:02:15 [INFO] User login successful for user: eve
2025-08-01 07:00:41 [ERROR] Service auth crashed
2025-08-01 15:47:49 [WARNING] Disk space low: 2737 remaining
2025-08-01 10:04:00 [INFO] Service notification started
2025-08-01 00:57:10 [INFO] File uploaded: backup.zip
2025-08-01 22:29:47 [DEBUG] Entering function process_payment with arguments: 2
2025-08-01 07:57:28 [INFO] Database connection established
2025-08-01 17:33:10 [INFO] User login successful for user: bob
2025-08-01 15:49:23 [WARNING] Failed login attempt for user: alice. Retrying...
2025-08-01 09:22:51 [INFO] Database connection established
2025-08-01 12:38:06 [INFO] Database connection established
2025-08-01 16:09:50 [WARNING] Second failed login attempt for user: eve. Next attempt will ERROR. Retrying...
2025-08-01 06:19:53 [INFO] Service auth started
2025-08-01 20:23:57 [WARNING] API response time exceeded threshold
2025-08-01 17:43:59 [ERROR] Email sending failed to recipient: support@amazon.com
2025-08-01 13:38:11 [INFO] User login successful for user: charlie
2025-08-01 07:06:12 [INFO] Scheduled backup completed successfully
2025-08-01 15:02:47 [WARNING] High memory usage detected
2025-08-01 01:48:18 [INFO] Cache cleared successfully
2025-08-01 16:22:03 [ERROR] Email sending failed to recipient: support@amazon.com
2025-08-01 02:11:47 [INFO] Cache cleared successfully
2025-08-01 00:45:45 [WARNING] Disk space low: 1943 remaining
2025-08-01 20:32:58 [ERROR] Unhandled exception: FileNotFoundError
2025-08-01 04:28:31 [WARNING] Failed login attempt for user: alice. Retrying...
2025-08-01 10:52:54 [INFO] User login successful for user: eve
2025-08-01 02:10:08 [INFO] Scheduled backup completed successfully
2025-08-01 02:05:12 [INFO] Service auth started
2025-08-01 16:56:20 [ERROR] Database connection lost
2025-08-01 23:57:01 [WARNING] Second failed login attempt for user: alice. Next attempt will ERROR. Retrying...
2025-08-01 19:53:21 [ERROR] File write failed: backup.zip
2025-08-01 07:56:53 [INFO] File uploaded: report.pdf
2025-08-01 18:39:56 [INFO] File uploaded: report.pdf
2025-08-01 14:23:20 [WARNING] API response time exceeded threshold
2025-08-01 12:48:19 [INFO] Service inventory started
2025-08-01 11:58:47 [WARNING] API response time exceeded threshold
2025-08-01 14:41:13 [INFO] Cache cleared successfully
2025-08-01 04:13:10 [INFO] Cache cleared successfully
2025-08-01 23:24:00 [INFO] Service auth started
2025-08-01 07:32:08 [ERROR] Database connection lost
2025-08-01 11:46:13 [INFO] Cache cleared successfully
2025-08-01 01:11:25 [INFO] Database connection established
2025-08-01 14:41:59 [INFO] Service notification started
2025-08-01 21:13:18 [INFO] File uploaded: config.yml
2025-08-01 22:18:02 [ERROR] Deadlock detected in transaction ID 3936
2025-08-01 22:48:14 [WARNING] Second failed login attempt for user: alice. Next attempt will ERROR. Retrying...
2025-08-01 09:41:10 [INFO] Database connection established
2025-08-01 10:45:32 [ERROR] File write failed: backup.zip
2025-08-01 02:47:44 [WARNING] Configuration file deprecated: backup.zip
2025-08-01 04:08:39 [INFO] Database connection established
2025-08-01 12:46:33 [INFO] Cache cleared successfully
2025-08-01 17:37:47 [INFO] Cache cleared successfully
2025-08-01 08:18:25 [INFO] User login successful for user: bob
2025-08-01 18:41:07 [WARNING] High memory usage detected
2025-08-01 23:50:06 [INFO] Service notification started
2025-08-01 21:35:11 [WARNING] Disk space low: 2141 remaining
2025-08-01 17:59:43 [INFO] File uploaded: config.yml
2025-08-01 01:39:45 [DEBUG] Entering function send_email with arguments: 10
2025-08-01 16:14:38 [INFO] Service inventory started
2025-08-01 00:35:45 [INFO] Scheduled backup completed successfully
2025-08-01 16:10:15 [DEBUG] Session token generated for user: bob
2025-08-01 13:02:32 [INFO] Cache cleared successfully
2025-08-01 03:23:20 [INFO] Cache cleared successfully
2025-08-01 05:23:33 [INFO] Cache cleared successfully
2025-08-01 21:25:06 [WARNING] Second failed login attempt for user: charlie. Next attempt will ERROR. Retrying...
2025-08-01 23:47:52 [INFO] File uploaded: data.csv
2025-08-01 04:04:58 [WARNING] Configuration file deprecated: report.pdf
2025-08-01 08:54:15 [ERROR] Email sending failed to recipient: support@amazon.com
2025-08-01 20:21:46 [INFO] Scheduled backup completed successfully
2025-08-01 01:51:13 [INFO] User login successful for user: charlie
2025-08-01 18:08:19 [INFO] Database connection established
2025-08-01 23:26:59 [WARNING] API response time exceeded threshold
2025-08-01 23:57:12 [INFO] Service payment started
2025-08-01 10:08:05 [INFO] Service inventory started
2025-08-01 09:02:53 [DEBUG] Query executed: UPDATE orders SET status='shipped' WHERE id=42
2025-08-01 17:12:32 [WARNING] High memory usage detected
2025-08-01 14:11:53 [DEBUG] Query executed: UPDATE orders SET status='shipped' WHERE id=42
2025-08-01 11:03:50 [DEBUG] Query executed: SELECT * FROM users
2025-08-01 15:44:14 [INFO] Cache cleared successfully
2025-08-01 23:53:31 [INFO] Service inventory started
2025-08-01 10:11:52 [INFO] Cache cleared successfully
2025-08-01 18:42:21 [INFO] User login successful for user: alice
2025-08-01 20:16:09 [WARNING] Failed login attempt for user: alice. Retrying...
2025-08-01 07:58:21 [DEBUG] Temporary file created at: backup.zip
2025-08-01 05:14:58 [INFO] Cache cleared successfully
2025-08-01 23:48:06 [INFO] User login successful for user: alice
2025-08-01 07:46:10 [INFO] Service inventory started
2025-08-01 05:46:57 [INFO] User login successful for user: charlie
2025-08-01 07:53:16 [INFO] Database connection established
2025-08-01 16:55:15 [INFO] Scheduled backup completed successfully
2025-08-01 02:27:28 [DEBUG] Entering function generate_report with arguments: 4
2025-08-01 13:22:45 [WARNING] Configuration file deprecated: data.csv
2025-08-01 01:18:43 [INFO] Database connection established
2025-08-01 19:41:43 [DEBUG] Temporary file created at: report.pdf
2025-08-01 03:21:25 [INFO] Database connection established
2025-08-01 04:58:27 [WARNING] Configuration file deprecated: config.yml
2025-08-01 23:48:24 [INFO] Cache cleared successfully
2025-08-01 17:52:40 [INFO] Database connection established
2025-08-01 03:08:33 [WARNING] Failed login attempt for user: charlie. Retrying...
2025-08-01 16:34:13 [WARNING] Slow query detected: execution time 371ms
2025-08-01 21:11:29 [ERROR] Email sending failed to recipient: admin@google.com
2025-08-01 22:42:20 [WARNING] Configuration file deprecated: report.pdf
2025-08-01 11:43:32 [ERROR] File write failed: backup.zip
2025-08-01 22:45:23 [INFO] Database connection established
2025-08-01 22:41:13 [INFO] Scheduled backup completed successfully
2025-08-01 06:45:41 [INFO] User login successful for user: alice
2025-08-01 22:26:48 [WARNING] Failed login attempt for user: charlie. Retrying...
2025-08-01 01:57:10 [INFO] Scheduled backup completed successfully
2025-08-01 05:26:12 [INFO] Scheduled backup completed successfully
2025-08-01 20:33:11 [ERROR] Email sending failed to recipient: user@gmail.com
2025-08-01 19:20:06 [INFO] User login successful for user: eve
2025-08-01 10:56:54 [ERROR] Database connection lost
2025-08-01 11:26:17 [INFO] Cache cleared successfully
2025-08-01 01:17:46 [WARNING] Failed login attempt for user: diana. Retrying...
2025-08-01 21:35:05 [INFO] File uploaded: report.pdf
2025-08-01 00:08:22 [WARNING] API response time exceeded threshold
2025-08-01 11:32:45 [WARNING] Failed login attempt for user: diana. Retrying...
2025-08-01 06:43:19 [INFO] Service payment started
2025-08-01 06:56:30 [INFO] Database connection established
2025-08-01 09:53:57 [WARNING] API response time exceeded threshold
2025-08-01 07:25:54 [WARNING] Second failed login attempt for user: eve. Next attempt will ERROR. Retrying...
2025-08-01 21:32:23 [INFO] User login successful for user: diana
2025-08-01 06:36:02 [ERROR] File write failed: data.csv
2025-08-01 01:07:13 [WARNING] Failed login attempt for user: charlie. Retrying...
2025-08-01 08:12:19 [INFO] User login successful for user: bob
2025-08-01 19:29:27 [INFO] File uploaded: backup.zip
2025-08-01 12:40:45 [INFO] Service payment started
2025-08-01 20:30:43 [DEBUG] Session token generated for user: bob
2025-08-01 09:54:23 [INFO] User login successful for user: eve
2025-08-01 12:40:40 [INFO] Service inventory started
2025-08-01 16:08:39 [INFO] Service inventory started
2025-08-01 09:39:33 [INFO] Scheduled backup completed successfully
2025-08-01 02:47:13 [INFO] Service payment started
2025-08-01 15:58:35 [INFO] User login successful for user: bob
2025-08-01 06:59:03 [INFO] Service auth started
2025-08-01 15:06:47 [ERROR] Email sending failed to recipient: admin@google.com
2025-08-01 19:27:37 [INFO] Database connection established
2025-08-01 11:56:16 [INFO] Cache cleared successfully
2025-08-01 12:39:50 [ERROR] Deadlock detected in transaction ID 4905
2025-08-01 19:41:21 [INFO] Scheduled backup completed successfully
2025-08-01 18:07:43 [INFO] User login successful for user: charlie
2025-08-01 18:58:58 [ERROR] Deadlock detected in transaction ID 3927
2025-08-01 19:13:55 [INFO] File uploaded: data.csv
2025-08-01 21:31:07 [INFO] Scheduled backup completed successfully
2025-08-01 21:48:20 [INFO] Scheduled backup completed successfully
2025-08-01 22:18:33 [WARNING] Configuration file deprecated: report.pdf
2025-08-01 23:12:59 [INFO] File uploaded: backup.zip
2025-08-01 21:19:29 [WARNING] Configuration file deprecated: data.csv
2025-08-01 11:28:26 [INFO] User login successful for user: diana
2025-08-01 08:31:37 [INFO] Cache cleared successfully
2025-08-01 13:29:02 [DEBUG] Variable x has value: 850
2025-08-01 02:15:42 [WARNING] Second failed login attempt for user: bob. Next attempt will ERROR. Retrying...
2025-08-01 09:11:13 [INFO] Database connection established
2025-08-01 00:38:38 [INFO] File uploaded: config.yml
2025-08-01 08:23:21 [INFO] File uploaded: config.yml
2025-08-01 16:10:19 [INFO] Cache cleared successfully
2025-08-01 16:10:45 [INFO] Service payment started
2025-08-01 17:50:54 [INFO] Database connection established
2025-08-01 12:00:15 [INFO] Cache cleared successfully
2025-08-01 19:00:50 [ERROR] Unhandled exception: NullPointerException
2025-08-01 03:33:07 [INFO] Database connection established
2025-08-01 15:41:28 [INFO] Cache cleared successfully
2025-08-01 03:43:59 [INFO] File uploaded: backup.zip
2025-08-01 12:54:26 [INFO] Service auth started
2025-08-01 08:19:54 [ERROR] Database connection lost
2025-08-01 05:01:45 [WARNING] High memory usage detected
2025-08-01 13:52:07 [ERROR] File write failed: report.pdf
2025-08-01 01:53:14 [WARNING] Configuration file deprecated: report.pdf
2025-08-01 20:08:22 [INFO] Database connection established
2025-08-01 07:57:27 [ERROR] Service notification crashed
2025-08-01 18:19:29 [DEBUG] Query executed: SELECT * FROM users
2025-08-01 07:16:53 [INFO] Database connection established
2025-08-01 09:24:39 [WARNING] Disk space low: 1178 remaining
2025-08-01 13:31:26 [INFO] Database connection established
2025-08-01 18:40:23 [INFO] User login successful for user: diana
2025-08-01 22:04:32 [INFO] User login successful for user: eve
2025-08-01 00:38:23 [ERROR] File write failed: backup.zip
2025-08-01 21:23:06 [INFO] Database connection established
2025-08-01 15:18:06 [INFO] User login successful for user: alice
2025-08-01 02:45:23 [WARNING] Disk space low: 3554 remaining
2025-08-01 04:30:52 [INFO] Database connection established
2025-08-01 13:34:20 [INFO] Cache cleared successfully
2025-08-01 02:28:23 [ERROR] Unhandled exception: FileNotFoundError
2025-08-01 15:37:27 [INFO] User login successful for user: eve
2025-08-01 17:30:15 [INFO] Cache cleared successfully
2025-08-01 15:37:56 [INFO] Service inventory started
2025-08-01 10:05:01 [INFO] Database connection established
2025-08-01 03:35:29 [ERROR] Service payment crashed
2025-08-01 00:24:06 [INFO] File uploaded: data.csv
2025-08-01 21:32:52 [INFO] Scheduled backup completed successfully
2025-08-01 04:43:00 [WARNING] Disk space low: 207 remaining
2025-08-01 08:54:16 [INFO] File uploaded: data.csv
2025-08-01 23:01:43 [ERROR] Unhandled exception: TimeoutError
2025-08-01 15:17:25 [WARNING] Slow query detected: execution time 473ms
2025-08-01 14:14:42 [INFO] Database connection established
2025-08-01 06:48:17 [INFO] Scheduled backup completed successfully
2025-08-01 13:45:13 [WARNING] Failed login attempt for user: charlie. Retrying...
2025-08-01 01:26:06 [ERROR] Deadlock detected in transaction ID 4006
2025-08-01 20:49:25 [DEBUG] Variable x has value: 2036
2025-08-01 22:02:44 [INFO] Database connection established
2025-08-01 04:20:29 [INFO] User login successful for user: bob
2025-08-01 07:43:17 [INFO] File uploaded: data.csv
2025-08-01 04:38:22 [WARNING] API response time exceeded threshold
2025-08-01 14:07:29 [INFO] Cache cleared successfully
2025-08-01 22:32:34 [ERROR] Unhandled exception: NullPointerException
2025-08-01 05:38:47 [WARNING] Configuration file deprecated: data.csv
2025-08-01 23:39:05 [INFO] File uploaded: report.pdf
2025-08-01 12:22:00 [ERROR] Unhandled exception: FileNotFoundError
2025-08-01 03:06:14 [DEBUG] Entering function send_email with arguments: 3
2025-08-01 18:03:28 [INFO] File uploaded: config.yml
2025-08-01 09:18:05 [WARNING] Disk space low: 3711 remaining
2025-08-01 10:50:01 [ERROR] File write failed: config.yml
2025-08-01 11:38:58 [INFO] Database connection established
2025-08-01 22:20:01 [WARNING] Slow query detected: execution time 3051ms
2025-08-01 07:05:01 [WARNING] API response time exceeded threshold
2025-08-01 00:35:32 [INFO] Cache cleared successfully
2025-08-01 01:13:55 [INFO] Service auth started
2025-08-01 07:50:13 [ERROR] Unhandled exception: NullPointerException
2025-08-01 10:55:58 [INFO] Scheduled backup completed successfully
2025-08-01 14:06:19 [ERROR] Email sending failed to recipient: admin@google.com
2025-08-01 13:05:51 [INFO] Database connection established
2025-08-01 11:10:20 [ERROR] File write failed: report.pdf
2025-08-01 20:21:36 [WARNING] Second failed login attempt for user: bob. Next attempt will ERROR. Retrying...
2025-08-01 04:48:01 [INFO] Cache cleared successfully
2025-08-01 13:30:30 [WARNING] API response time exceeded threshold
2025-08-01 02:02:52 [ERROR] File write failed: report.pdf
2025-08-01 04:29:44 [ERROR] Email sending failed to recipient: support@amazon.com
2025-08-01 11:44:51 [ERROR] Database connection lost
2025-08-01 02:54:46 [DEBUG] Temporary file created at: config.yml
2025-08-01 00:32:12 [INFO] Cache cleared successfully
2025-08-01 16:05:32 [INFO] Cache cleared successfully
2025-08-01 17:54:04 [INFO] File uploaded: report.pdf
2025-08-01 01:44:13 [ERROR] Unhandled exception: TimeoutError
2025-08-01 10:58:31 [WARNING] Failed login attempt for user: bob. Retrying...
2025-08-01 06:50:23 [ERROR] Unhandled exception: FileNotFoundError
2025-08-01 12:41:07 [WARNING] Second failed login attempt for user: diana. Next attempt will ERROR. Retrying...
2025-08-01 20:29:38 [INFO] Service notification started
2025-08-01 13:04:58 [ERROR] Service payment crashed
2025-08-01 10:57:02 [DEBUG] Temporary file created at: report.pdf
2025-08-01 05:56:12 [INFO] Database connection established
2025-08-01 09:10:49 [INFO] File uploaded: report.pdf
2025-08-01 22:05:44 [INFO] Service auth started
2025-08-01 22:57:18 [WARNING] Disk space low: 1066 remaining
2025-08-01 06:51:12 [INFO] File uploaded: report.pdf
2025-08-01 07:16:55 [WARNING] Disk space low: 2351 remaining
2025-08-01 17:27:26 [INFO] File uploaded: config.yml
2025-08-01 18:49:14 [INFO] Service notification started
2025-08-01 06:38:51 [INFO] Database connection established
2025-08-01 19:59:32 [INFO] Cache cleared successfully
2025-08-01 06:23:29 [INFO] Cache cleared successfully
2025-08-01 03:19:22 [ERROR] Service notification crashed
2025-08-01 00:58:09 [ERROR] Database connection lost
2025-08-01 01:24:49 [INFO] User login successful for user: diana
2025-08-01 02:08:27 [INFO] Service inventory started
2025-08-01 19:39:57 [INFO] User login successful for user: alice
2025-08-01 02:18:21 [INFO] Database connection established
2025-08-01 01:19:49 [WARNING] Second failed login attempt for user: alice. Next attempt will ERROR. Retrying...
2025-08-01 19:31:45 [INFO] Cache cleared successfully
2025-08-01 03:37:19 [INFO] Database connection established
2025-08-01 12:33:43 [ERROR] File write failed: data.csv
2025-08-01 15:55:18 [INFO] File uploaded: config.yml
2025-08-01 22:14:00 [INFO] Database connection established
2025-08-01 11:20:43 [WARNING] Disk space low: 4671 remaining
2025-08-01 22:13:33 [INFO] User login successful for user: alice
2025-08-01 13:40:05 [INFO] Database connection established
2025-08-01 16:14:48 [ERROR] Unhandled exception: TimeoutError
2025-08-01 04:42:52 [WARNING] Second failed login attempt for user: bob. Next attempt will ERROR. Retrying...
2025-08-01 15:17:15 [WARNING] API response time exceeded threshold
2025-08-01 08:06:29 [DEBUG] Session token generated for user: alice
2025-08-01 18:29:03 [INFO] User login successful for user: diana
2025-08-01 03:49:07 [INFO] Scheduled backup completed successfully
2025-08-01 11:30:54 [INFO] Database connection established
2025-08-01 13:45:18 [INFO] Database connection established
2025-08-01 19:02:06 [INFO] Scheduled backup completed successfully
2025-08-01 18:53:47 [WARNING] Slow query detected: execution time 2033ms
2025-08-01 02:49:01 [INFO] Database connection established
2025-08-01 17:47:22 [WARNING] Configuration file deprecated: data.csv
2025-08-01 19:25:01 [ERROR] Database connection lost
2025-08-01 12:27:20 [INFO] File uploaded: data.csv
2025-08-01 05:55:52 [WARNING] High memory usage detected
2025-08-01 23:22:47 [INFO] File uploaded: data.csv
2025-08-01 08:20:06 [INFO] Cache cleared successfully
2025-08-01 08:52:22 [WARNING] High memory usage detected
2025-08-01 14:39:55 [WARNING] Slow query detected: execution time 722ms
2025-08-01 08:02:38 [INFO] Database connection established
2025-08-01 08:13:07 [ERROR] File write failed: report.pdf
2025-08-01 00:43:19 [INFO] Service payment started
2025-08-01 05:42:27 [WARNING] Configuration file deprecated: config.yml
2025-08-01 04:29:33 [INFO] Cache cleared successfully
2025-08-01 23:49:08 [DEBUG] Variable x has value: 1950
2025-08-01 05:44:57 [INFO] User login successful for user: eve
2025-08-01 15:00:57 [INFO] File uploaded: config.yml
2025-08-01 14:47:28 [WARNING] Second failed login attempt for user: bob. Next attempt will ERROR. Retrying...
2025-08-01 07:30:45 [INFO] Database connection established
2025-08-01 13:04:26 [INFO] Scheduled backup completed successfully
2025-08-01 07:24:37 [WARNING] Configuration file deprecated: data.csv
2025-08-01 18:16:29 [WARNING] API response time exceeded threshold
2025-08-01 16:43:22 [INFO] Cache cleared successfully
2025-08-01 10:30:37 [WARNING] Disk space low: 1352 remaining
2025-08-01 01:42:43 [INFO] User login successful for user: eve
2025-08-01 00:29:36 [INFO] Scheduled backup completed successfully
2025-08-01 08:04:34 [ERROR] Email sending failed to recipient: user@gmail.com
2025-08-01 01:56:49 [ERROR] Deadlock detected in transaction ID 2062
2025-08-01 09:03:02 [INFO] Cache cleared successfully
2025-08-01 08:20:19 [INFO] Scheduled backup completed successfully
2025-08-01 02:09:52 [INFO] Database connection established
2025-08-01 09:42:39 [INFO] Cache cleared successfully
2025-08-01 20:14:20 [INFO] Cache cleared successfully
2025-08-01 19:04:07 [INFO] Service auth started
2025-08-01 13:57:08 [INFO] Scheduled backup completed successfully
2025-08-01 03:12:42 [INFO] User login successful for user: alice
2025-08-01 23:33:31 [WARNING] API response time exceeded threshold
2025-08-01 15:56:34 [INFO] Scheduled backup completed successfully
2025-08-01 14:52:26 [INFO] File uploaded: config.yml
2025-08-01 07:03:57 [WARNING] High memory usage detected
2025-08-01 12:55:50 [ERROR] Database connection lost
2025-08-01 01:18:35 [WARNING] Failed login attempt for user: charlie. Retrying...
2025-08-01 08:30:50 [WARNING] Configuration file deprecated: backup.zip
2025-08-01 06:35:29 [INFO] Service payment started
2025-08-01 00:20:39 [INFO] User login successful for user: eve
2025-08-01 05:30:33 [INFO] Service payment started
2025-08-01 03:42:54 [ERROR] Unhandled exception: FileNotFoundError
2025-08-01 12:40:28 [ERROR] Unhandled exception: NullPointerException
2025-08-01 10:59:23 [ERROR] Email sending failed to recipient: user@gmail.com
2025-08-01 19:25:39 [INFO] Service auth started
2025-08-01 22:40:41 [INFO] User login successful for user: alice
2025-08-01 15:19:45 [WARNING] Slow query detected: execution time 1946ms
2025-08-01 19:09:40 [ERROR] Database connection lost
2025-08-01 05:52:41 [WARNING] API response time exceeded threshold
2025-08-01 05:45:55 [ERROR] File write failed: report.pdf
2025-08-01 23:19:56 [INFO] Cache cleared successfully
2025-08-01 20:34:21 [INFO] User login successful for user: charlie
2025-08-01 08:13:49 [INFO] Database connection established
2025-08-01 15:01:06 [INFO] File uploaded: config.yml
2025-08-01 20:40:17 [INFO] Cache cleared successfully
2025-08-01 17:32:18 [INFO] Service auth started
2025-08-01 09:21:40 [DEBUG] Query executed: SELECT * FROM users
2025-08-01 09:26:49 [INFO] User login successful for user: alice
2025-08-01 22:50:43 [INFO] Service inventory started
2025-08-01 20:14:30 [ERROR] Service inventory crashed
2025-08-01 20:25:35 [WARNING] Failed login attempt for user: bob. Retrying...
2025-08-01 05:07:20 [INFO] Scheduled backup completed successfully
2025-08-01 05:35:37 [INFO] Service notification started
2025-08-01 03:18:16 [INFO] Database connection established
2025-08-01 05:16:08 [INFO] File uploaded: backup.zip
2025-08-01 05:57:17 [ERROR] File write failed: config.yml
2025-08-01 20:30:15 [DEBUG] Temporary file created at: backup.zip
2025-08-01 07:03:35 [INFO] Cache cleared successfully
2025-08-01 17:01:08 [ERROR] File write failed: report.pdf
2025-08-01 07:41:02 [INFO] Cache cleared successfully
2025-08-01 16:57:11 [WARNING] Second failed login attempt for user: alice. Next attempt will ERROR. Retrying...
2025-08-01 17:50:45 [ERROR] Database connection lost
2025-08-01 13:21:26 [WARNING] Configuration file deprecated: backup.zip
2025-08-01 09:52:27 [INFO] Service payment started
2025-08-01 09:06:08 [WARNING] Slow query detected: execution time 1510ms
2025-08-01 13:03:22 [INFO] Database connection established
2025-08-01 06:26:44 [INFO] Service auth started
2025-08-01 19:12:16 [INFO] File uploaded: config.yml
2025-08-01 03:16:10 [INFO] Service auth started
2025-08-01 18:43:48 [ERROR] Database connection lost
2025-08-01 20:15:45 [INFO] Cache cleared successfully
2025-08-01 18:52:55 [INFO] User login successful for user: eve
2025-08-01 08:16:17 [INFO] Database connection established
2025-08-01 05:02:47 [WARNING] Failed login attempt for user: charlie. Retrying...
2025-08-01 21:16:33 [WARNING] Second failed login attempt for user: diana. Next attempt will ERROR. Retrying...
2025-08-01 12:54:06 [ERROR] File write failed: backup.zip
2025-08-01 13:39:48 [ERROR] File write failed: config.yml
2025-08-01 07:33:13 [INFO] Scheduled backup completed successfully
2025-08-01 10:10:13 [INFO] Database connection established
2025-08-01 17:13:45 [INFO] Cache cleared successfully
2025-08-01 08:30:43 [WARNING] Disk space low: 4416 remaining
2025-08-01 16:10:44 [INFO] Database connection established
2025-08-01 23:20:13 [WARNING] Disk space low: 3202 remaining
2025-08-01 11:59:00 [INFO] Scheduled backup completed successfully
2025-08-01 07:11:43 [INFO] User login successful for user: diana
2025-08-01 21:31:01 [INFO] File uploaded: config.yml
2025-08-01 02:28:14 [DEBUG] Temporary file created at: backup.zip
2025-08-01 07:28:46 [INFO] Scheduled backup completed successfully
2025-08-01 02:07:47 [ERROR] Unhandled exception: TimeoutError
2025-08-01 16:15:57 [ERROR] Service notification crashed
2025-08-01 03:34:36 [INFO] Service inventory started
2025-08-01 05:51:23 [INFO] Scheduled backup completed successfully
2025-08-01 06:37:23 [INFO] Scheduled backup completed successfully
2025-08-01 16:47:07 [WARNING] Slow query detected: execution time 2259ms
2025-08-01 05:03:56 [ERROR] Email sending failed to recipient: user@gmail.com
2025-08-01 14:26:36 [INFO] Cache cleared successfully
2025-08-01 20:28:36 [ERROR] Deadlock detected in transaction ID 4290
2025-08-01 07:51:40 [INFO] Database connection established
2025-08-01 16:07:09 [INFO] File uploaded: backup.zip
2025-08-01 14:00:12 [INFO] Scheduled backup completed successfully
2025-08-01 08:49:09 [INFO] User login successful for user: charlie
2025-08-01 19:51:37 [WARNING] High memory usage detected
2025-08-01 11:35:40 [INFO] User login successful for user: alice
2025-08-01 07:28:05 [WARNING] Disk space low: 2100 remaining
2025-08-01 04:55:52 [WARNING] High memory usage detected
2025-08-01 10:11:57 [INFO] Database connection established
2025-08-01 16:16:08 [INFO] Service inventory started
2025-08-01 05:17:47 [WARNING] API response time exceeded threshold
2025-08-01 00:24:01 [INFO] File uploaded: report.pdf
2025-08-01 14:55:47 [WARNING] High memory usage detected
2025-08-01 06:39:57 [WARNING] Failed login attempt for user: diana. Retrying...
2025-08-01 22:52:48 [ERROR] Unhandled exception: NullPointerException
2025-08-01 11:00:15 [DEBUG] Session token generated for user: diana
2025-08-01 14:12:37 [INFO] File uploaded: backup.zip
2025-08-01 03:15:41 [WARNING] API response time exceeded threshold
2025-08-01 06:55:55 [INFO] User login successful for user: diana
2025-08-01 09:23:01 [INFO] Cache cleared successfully
2025-08-01 01:20:14 [INFO] File uploaded: data.csv
2025-08-01 18:37:14 [INFO] Database connection established
2025-08-01 22:31:30 [INFO] Scheduled backup completed successfully
2025-08-01 19:35:51 [INFO] Service inventory started
2025-08-01 12:35:48 [INFO] Scheduled backup completed successfully
2025-08-01 00:26:13 [INFO] File uploaded: data.csv
2025-08-01 09:21:27 [INFO] User login successful for user: bob
2025-08-01 23:58:03 [INFO] Scheduled backup completed successfully
2025-08-01 05:35:07 [WARNING] Disk space low: 2271 remaining
2025-08-01 14:58:42 [INFO] Scheduled backup completed successfully
2025-08-01 18:41:37 [INFO] Cache cleared successfully
2025-08-01 03:19:17 [ERROR] Database connection lost
2025-08-01 06:29:47 [WARNING] Disk space low: 4612 remaining
2025-08-01 11:11:33 [INFO] User login successful for user: charlie
2025-08-01 03:33:30 [DEBUG] Entering function generate_report with arguments: 10
2025-08-01 05:03:05 [INFO] Cache cleared successfully
2025-08-01 19:06:03 [ERROR] Service notification crashed
2025-08-01 19:00:29 [INFO] Service auth started
2025-08-01 02:38:11 [INFO] Database connection established
2025-08-01 10:50:47 [ERROR] Database connection lost
2025-08-01 23:08:58 [WARNING] High memory usage detected
2025-08-01 21:14:17 [WARNING] API response time exceeded threshold
2025-08-01 20:32:22 [INFO] Cache cleared successfully
2025-08-01 12:26:17 [INFO] User login successful for user: alice
2025-08-01 10:36:23 [INFO] File uploaded: data.csv
2025-08-01 06:37:52 [INFO] File uploaded: config.yml
2025-08-01 00:39:46 [ERROR] Service inventory crashed
2025-08-01 16:51:13 [INFO] Cache cleared successfully
2025-08-01 05:44:18 [INFO] User login successful for user: diana
2025-08-01 11:53:29 [INFO] Service inventory started
2025-08-01 12:52:25 [INFO] Scheduled backup completed successfully
2025-08-01 12:32:50 [INFO] Database connection established
2025-08-01 13:05:02 [INFO] User login successful for user: alice
2025-08-01 21:26:24 [INFO] Service auth started
2025-08-01 11:10:05 [INFO] File uploaded: backup.zip
2025-08-01 12:56:56 [INFO] File uploaded: config.yml
2025-08-01 05:48:26 [INFO] Service notification started
2025-08-01 19:01:18 [INFO] File uploaded: backup.zip
2025-08-01 03:10:41 [INFO] Cache cleared successfully
2025-08-01 04:35:13 [INFO] User login successful for user: diana
2025-08-01 15:55:20 [INFO] Database connection established
2025-08-01 23:31:12 [WARNING] Configuration file deprecated: report.pdf
2025-08-01 13:27:19 [WARNING] Second failed login attempt for user: bob. Next attempt will ERROR. Retrying...
2025-08-01 05:17:02 [WARNING] Second failed login attempt for user: bob. Next attempt will ERROR. Retrying...
2025-08-01 09:16:10 [INFO] Scheduled backup completed successfully
2025-08-01 07:00:31 [INFO] Cache cleared successfully
2025-08-01 00:04:28 [ERROR] Database connection lost
2025-08-01 07:05:39 [ERROR] File write failed: data.csv
2025-08-01 15:39:00 [INFO] Service inventory started
2025-08-01 10:08:12 [INFO] User login successful for user: eve
2025-08-01 17:06:35 [ERROR] Service auth crashed
2025-08-01 04:00:25 [INFO] Service payment started
2025-08-01 14:18:50 [ERROR] Database connection lost
2025-08-01 14:39:27 [WARNING] Failed login attempt for user: diana. Retrying...
2025-08-01 17:04:17 [INFO] Cache cleared successfully
2025-08-01 09:07:11 [INFO] Scheduled backup completed successfully
2025-08-01 17:05:40 [INFO] Service inventory started
2025-08-01 00:44:33 [INFO] Database connection established
2025-08-01 18:57:39 [DEBUG] Entering function process_payment with arguments: 4
2025-08-01 09:54:07 [ERROR] Unhandled exception: NullPointerException
2025-08-01 19:22:20 [INFO] Database connection established
2025-08-01 14:48:03 [INFO] Service inventory started
2025-08-01 21:23:24 [ERROR] Deadlock detected in transaction ID 1556
2025-08-01 04:33:19 [INFO] Scheduled backup completed successfully
2025-08-01 19:10:01 [INFO] Scheduled backup completed successfully
2025-08-01 17:14:48 [DEBUG] Temporary file created at: config.yml
2025-08-01 18:24:14 [INFO] File uploaded: config.yml
2025-08-01 04:58:14 [ERROR] Database connection lost
2025-08-01 06:07:38 [WARNING] Configuration file deprecated: data.csv
2025-08-01 23:08:57 [INFO] Scheduled backup completed successfully
2025-08-01 16:42:24 [INFO] Cache cleared successfully
2025-08-01 06:39:22 [INFO] Scheduled backup completed successfully
2025-08-01 04:46:15 [DEBUG] Variable x has value: 2941
2025-08-01 14:49:37 [INFO] File uploaded: config.yml
2025-08-01 21:02:57 [ERROR] Deadlock detected in transaction ID 2069
2025-08-01 03:21:31 [INFO] File uploaded: data.csv
2025-08-01 18:47:44 [INFO] File uploaded: data.csv
2025-08-01 03:43:07 [WARNING] Failed login attempt for user: eve. Retrying...
2025-08-01 23:56:41 [ERROR] Database connection lost
2025-08-01 08:47:03 [WARNING] Slow query detected: execution time 1299ms
2025-08-01 01:03:40 [WARNING] High memory usage detected
2025-08-01 05:32:15 [INFO] File uploaded: config.yml
2025-08-01 08:18:46 [WARNING] API response time exceeded threshold
2025-08-01 09:23:45 [WARNING] High memory usage detected
2025-08-01 02:20:13 [INFO] Scheduled backup completed successfully
2025-08-01 14:33:56 [ERROR] Deadlock detected in transaction ID 3211
2025-08-01 15:12:53 [WARNING] High memory usage detected
2025-08-01 22:00:02 [DEBUG] Variable x has value: 2823
2025-08-01 13:57:17 [INFO] Database connection established
2025-08-01 04:32:35 [INFO] Service inventory started
2025-08-01 18:04:21 [INFO] User login successful for user: alice
2025-08-01 05:14:21 [INFO] Scheduled backup completed successfully
2025-08-01 12:35:44 [INFO] Cache cleared successfully
2025-08-01 04:45:17 [INFO] Service notification started
2025-08-01 21:47:01 [WARNING] Slow query detected: execution time 2606ms
2025-08-01 04:06:14 [INFO] Scheduled backup completed successfully
2025-08-01 11:00:55 [WARNING] API response time exceeded threshold
2025-08-01 16:55:33 [WARNING] Slow query detected: execution time 3451ms
2025-08-01 21:37:37 [WARNING] Failed login attempt for user: eve. Retrying...
2025-08-01 23:48:21 [INFO] Cache cleared successfully
2025-08-01 02:26:50 [INFO] Database connection established
2025-08-01 20:14:48 [ERROR] Deadlock detected in transaction ID 2328
2025-08-01 09:00:58 [DEBUG] Variable x has value: 2518
2025-08-01 21:41:21 [ERROR] Email sending failed to recipient: user@gmail.com
2025-08-01 04:37:11 [WARNING] Second failed login attempt for user: eve. Next attempt will ERROR. Retrying...
2025-08-01 16:48:17 [WARNING] API response time exceeded threshold
2025-08-01 03:12:45 [INFO] Scheduled backup completed successfully
2025-08-01 15:16:32 [INFO] Scheduled backup completed successfully
2025-08-01 21:42:29 [WARNING] High memory usage detected
2025-08-01 12:59:45 [WARNING] API response time exceeded threshold
2025-08-01 13:40:08 [INFO] File uploaded: backup.zip
2025-08-01 23:58:43 [INFO] User login successful for user: diana
2025-08-01 02:22:39 [INFO] File uploaded: report.pdf
2025-08-01 16:43:49 [INFO] Cache cleared successfully
2025-08-01 17:17:02 [ERROR] Service payment crashed
2025-08-01 01:14:41 [INFO] User login successful for user: diana
2025-08-01 20:08:26 [INFO] Database connection established
2025-08-01 08:38:18 [INFO] Service notification started
2025-08-01 02:32:10 [INFO] Service payment started
2025-08-01 13:08:59 [DEBUG] Session token generated for user: bob
2025-08-01 02:37:11 [WARNING] Second failed login attempt for user: bob. Next attempt will ERROR. Retrying...
2025-08-01 12:32:13 [DEBUG] Entering function send_email with arguments: 4
2025-08-01 20:27:59 [ERROR] Database connection lost
2025-08-01 03:21:18 [ERROR] Deadlock detected in transaction ID 2538
2025-08-01 22:27:45 [INFO] Scheduled backup completed successfully
2025-08-01 03:15:51 [ERROR] File write failed: config.yml
2025-08-01 05:05:35 [INFO] Database connection established
2025-08-01 14:03:16 [INFO] Cache cleared successfully
2025-08-01 00:46:42 [INFO] User login successful for user: alice
2025-08-01 06:39:56 [WARNING] API response time exceeded threshold
2025-08-01 13:36:37 [INFO] Scheduled backup completed successfully
2025-08-01 19:02:09 [ERROR] File write failed: data.csv
2025-08-01 01:41:58 [INFO] Database connection established
2025-08-01 14:22:08 [INFO] Database connection established
2025-08-01 19:01:34 [INFO] Cache cleared successfully
2025-08-01 01:15:44 [WARNING] Second failed login attempt for user: diana. Next attempt will ERROR. Retrying...
2025-08-01 07:31:50 [ERROR] Database connection lost
2025-08-01 06:28:10 [INFO] File uploaded: backup.zip
2025-08-01 06:55:36 [WARNING] High memory usage detected
2025-08-01 21:01:14 [INFO] File uploaded: report.pdf
2025-08-01 04:36:57 [INFO] Service notification started
2025-08-01 00:44:41 [INFO] Database connection established
2025-08-01 12:10:23 [ERROR] Deadlock detected in transaction ID 4511
2025-08-01 11:39:46 [WARNING] Failed login attempt for user: alice. Retrying...
2025-08-01 14:38:13 [WARNING] Failed login attempt for user: bob. Retrying...
2025-08-01 03:23:38 [INFO] Service inventory started
2025-08-01 06:36:14 [ERROR] Deadlock detected in transaction ID 1014
2025-08-01 23:53:29 [INFO] User login successful for user: bob
2025-08-01 09:35:48 [WARNING] High memory usage detected
2025-08-01 17:54:00 [ERROR] File write failed: report.pdf
2025-08-01 12:41:24 [INFO] Service payment started
2025-08-01 05:10:37 [WARNING] Configuration file deprecated: config.yml
2025-08-01 12:58:46 [WARNING] Disk space low: 1618 remaining
2025-08-01 02:52:44 [WARNING] High memory usage detected
2025-08-01 23:34:06 [INFO] Service inventory started
2025-08-01 05:01:56 [ERROR] Email sending failed to recipient: admin@google.com
2025-08-01 20:30:03 [ERROR] Service inventory crashed
2025-08-01 17:15:59 [DEBUG] Entering function send_email with arguments: 2
2025-08-01 09:40:58 [WARNING] High memory usage detected
2025-08-01 22:04:03 [INFO] File uploaded: config.yml
2025-08-01 16:34:58 [WARNING] Second failed login attempt for user: eve. Next attempt will ERROR. Retrying...
2025-08-01 21:02:19 [INFO] Cache cleared successfully
2025-08-01 19:15:33 [WARNING] Disk space low: 3053 remaining
2025-08-01 10:05:23 [ERROR] Deadlock detected in transaction ID 3823
2025-08-01 03:56:49 [ERROR] Unhandled exception: FileNotFoundError
2025-08-01 00:26:00 [INFO] Service notification started
2025-08-01 00:45:52 [INFO] File uploaded: data.csv
2025-08-01 08:34:34 [INFO] Cache cleared successfully
2025-08-01 12:06:03 [INFO] Scheduled backup completed successfully
2025-08-01 06:06:05 [ERROR] Deadlock detected in transaction ID 3974
2025-08-01 22:40:11 [INFO] Service notification started
2025-08-01 07:11:24 [WARNING] Configuration file deprecated: data.csv
2025-08-01 12:54:32 [INFO] File uploaded: data.csv
2025-08-01 02:03:10 [INFO] Service inventory started
2025-08-01 07:46:12 [WARNING] Disk space low: 937 remaining
2025-08-01 12:49:44 [ERROR] Email sending failed to recipient: admin@google.com
2025-08-01 16:36:48 [INFO] File uploaded: report.pdf
2025-08-01 01:53:56 [INFO] User login successful for user: diana
2025-08-01 07:09:30 [INFO] File uploaded: config.yml
2025-08-01 00:26:05 [ERROR] File write failed: config.yml
2025-08-01 23:40:44 [INFO] Cache cleared successfully
2025-08-01 22:19:42 [INFO] Cache cleared successfully
2025-08-01 13:45:46 [INFO] Service notification started
2025-08-01 08:32:26 [INFO] Scheduled backup completed successfully
2025-08-01 14:40:23 [INFO] Scheduled backup completed successfully
2025-08-01 01:07:55 [INFO] Service payment started
2025-08-01 03:14:32 [INFO] Database connection established
2025-08-01 19:36:58 [INFO] Database connection established
2025-08-01 03:57:08 [WARNING] API response time exceeded threshold
2025-08-01 04:18:58 [INFO] Service auth started
2025-08-01 20:48:39 [ERROR] Service payment crashed
2025-08-01 13:39:50 [INFO] Service notification started
2025-08-01 03:35:21 [DEBUG] Variable x has value: 3929
2025-08-01 10:03:59 [WARNING] API response time exceeded threshold
2025-08-01 16:52:59 [INFO] Service auth started
2025-08-01 20:47:05 [INFO] File uploaded: report.pdf
2025-08-01 16:17:22 [INFO] Cache cleared successfully
2025-08-01 21:26:05 [INFO] User login successful for user: diana
2025-08-01 02:38:13 [INFO] Scheduled backup completed successfully
2025-08-01 02:57:21 [INFO] Service auth started
2025-08-01 07:14:09 [INFO] Service notification started
2025-08-01 08:05:19 [INFO] File uploaded: backup.zip
2025-08-01 11:28:09 [INFO] User login successful for user: charlie
2025-08-01 15:55:20 [INFO] User login successful for user: alice
2025-08-01 01:08:04 [INFO] Service inventory started
2025-08-01 18:48:19 [ERROR] File write failed: config.yml
2025-08-01 16:39:07 [INFO] Cache cleared successfully
2025-08-01 03:57:42 [INFO] Database connection established
2025-08-01 23:29:19 [INFO] File uploaded: report.pdf
2025-08-01 09:58:15 [INFO] Service notification started
2025-08-01 11:04:53 [INFO] Service payment started
2025-08-01 08:40:51 [INFO] Service payment started
2025-08-01 03:12:51 [WARNING] High memory usage detected
2025-08-01 11:49:35 [INFO] Scheduled backup completed successfully
2025-08-01 00:00:45 [WARNING] API response time exceeded threshold
2025-08-01 10:47:20 [WARNING] Second failed login attempt for user: diana. Next attempt will ERROR. Retrying...
2025-08-01 08:04:31 [INFO] Scheduled backup completed successfully
2025-08-01 10:55:59 [INFO] Database connection established
2025-08-01 15:08:36 [WARNING] API response time exceeded threshold
2025-08-01 00:20:44 [INFO] User login successful for user: eve
2025-08-01 11:18:42 [DEBUG] Entering function process_payment with arguments: 4
2025-08-01 17:51:00 [WARNING] Failed login attempt for user: bob. Retrying...
2025-08-01 10:06:22 [INFO] Scheduled backup completed successfully
2025-08-01 05:58:13 [ERROR] Email sending failed to recipient: user@gmail.com
2025-08-01 08:27:06 [WARNING] Configuration file deprecated: report.pdf
2025-08-01 02:20:42 [WARNING] Second failed login attempt for user: charlie. Next attempt will ERROR. Retrying...
2025-08-01 03:28:23 [INFO] File uploaded: report.pdf
2025-08-01 18:05:35 [INFO] Service payment started
2025-08-01 06:07:32 [INFO] File uploaded: backup.zip
2025-08-01 00:21:20 [INFO] Database connection established
2025-08-01 10:58:59 [WARNING] API response time exceeded threshold
2025-08-01 10:47:15 [INFO] File uploaded: data.csv
2025-08-01 22:43:06 [INFO] User login successful for user: charlie
2025-08-01 21:20:29 [WARNING] Second failed login attempt for user: charlie. Next attempt will ERROR. Retrying...
2025-08-01 19:29:33 [INFO] Database connection established
2025-08-01 21:43:24 [INFO] User login successful for user: diana
2025-08-01 20:37:32 [INFO] Cache cleared successfully
2025-08-01 12:09:15 [INFO] File uploaded: backup.zip
2025-08-01 00:56:24 [DEBUG] Session token generated for user: bob
2025-08-01 04:11:52 [DEBUG] Variable x has value: 720
2025-08-01 00:37:23 [INFO] Cache cleared successfully
2025-08-01 21:33:44 [INFO] User login successful for user: eve
2025-08-01 13:59:26 [INFO] Service auth started
2025-08-01 20:58:21 [INFO] Database connection established
2025-08-01 10:14:49 [INFO] Service notification started
2025-08-01 02:36:30 [INFO] Scheduled backup completed successfully
2025-08-01 10:51:51 [INFO] Scheduled backup completed successfully
2025-08-01 11:04:25 [WARNING] Slow query detected: execution time 3961ms
2025-08-01 23:45:23 [ERROR] File write failed: report.pdf
2025-08-01 17:35:16 [INFO] Database connection established
2025-08-01 02:56:57 [WARNING] High memory usage detected
2025-08-01 12:16:40 [INFO] User login successful for user: diana
2025-08-01 11:21:07 [INFO] User login successful for user: charlie
2025-08-01 09:32:59 [INFO] Cache cleared successfully
2025-08-01 02:39:40 [WARNING] Second failed login attempt for user: charlie. Next attempt will ERROR. Retrying...
2025-08-01 07:38:20 [INFO] File uploaded: report.pdf
2025-08-01 07:42:33 [WARNING] API response time exceeded threshold
2025-08-01 01:52:31 [ERROR] Deadlock detected in transaction ID 3843
2025-08-01 05:29:23 [ERROR] Unhandled exception: NullPointerException
2025-08-01 19:33:02 [INFO] Service payment started
2025-08-01 10:17:02 [INFO] Service payment started
2025-08-01 11:28:07 [INFO] File uploaded: config.yml
2025-08-01 21:55:39 [ERROR] Email sending failed to recipient: admin@google.com
2025-08-01 05:57:34 [INFO] Service auth started
2025-08-01 08:00:29 [WARNING] Disk space low: 4401 remaining
2025-08-01 16:23:30 [ERROR] Database connection lost
2025-08-01 22:41:50 [INFO] Service payment started
2025-08-01 21:43:48 [INFO] Database connection established
2025-08-01 11:45:26 [WARNING] API response time exceeded threshold
2025-08-01 02:27:55 [INFO] Service inventory started
2025-08-01 22:00:12 [WARNING] Configuration file deprecated: backup.zip
2025-08-01 07:20:46 [ERROR] Deadlock detected in transaction ID 2365
2025-08-01 10:39:43 [WARNING] Slow query detected: execution time 3170ms
2025-08-01 17:07:45 [INFO] Service auth started
2025-08-01 06:12:27 [ERROR] Service inventory crashed
2025-08-01 08:58:07 [INFO] User login successful for user: bob
2025-08-01 12:34:12 [INFO] File uploaded: config.yml
2025-08-01 18:32:31 [ERROR] Email sending failed to recipient: support@amazon.com
2025-08-01 14:38:49 [ERROR] Deadlock detected in transaction ID 2867
2025-08-01 05:24:49 [WARNING] API response time exceeded threshold
2025-08-01 20:15:02 [WARNING] Second failed login attempt for user: bob. Next attempt will ERROR. Retrying...
2025-08-01 04:41:49 [INFO] Cache cleared successfully
2025-08-01 00:57:20 [INFO] Cache cleared successfully
2025-08-01 06:23:02 [WARNING] API response time exceeded threshold
2025-08-01 01:16:30 [WARNING] Slow query detected: execution time 3792ms
2025-08-01 03:46:37 [WARNING] High memory usage detected
2025-08-01 21:09:39 [WARNING] Failed login attempt for user: alice. Retrying...
2025-08-01 04:12:18 [WARNING] Slow query detected: execution time 1801ms
2025-08-01 21:34:59 [INFO] Cache cleared successfully
2025-08-01 17:07:33 [WARNING] High memory usage detected
2025-08-01 09:27:11 [INFO] Database connection established
2025-08-01 04:23:10 [INFO] Database connection established
2025-08-01 11:13:00 [ERROR] Service payment crashed
2025-08-01 20:56:37 [WARNING] Failed login attempt for user: alice. Retrying...
2025-08-01 19:36:19 [INFO] Database connection established
2025-08-01 09:31:35 [DEBUG] Session token generated for user: charlie
2025-08-01 13:55:47 [ERROR] Database connection lost
2025-08-01 19:52:00 [INFO] Cache cleared successfully
2025-08-01 12:15:50 [ERROR] File write failed: data.csv
2025-08-01 04:11:05 [INFO] Service payment started
2025-08-01 05:43:10 [WARNING] Disk space low: 4039 remaining
2025-08-01 13:38:01 [INFO] Cache cleared successfully
2025-08-01 08:12:23 [WARNING] Disk space low: 1093 remaining
2025-08-01 22:51:13 [INFO] Scheduled backup completed successfully
2025-08-01 11:24:45 [ERROR] Service inventory crashed
2025-08-01 13:43:47 [ERROR] Service notification crashed
2025-08-01 20:11:36 [INFO] Scheduled backup completed successfully
2025-08-01 10:09:51 [ERROR] Email sending failed to recipient: user@gmail.com
2025-08-01 20:06:13 [DEBUG] Query executed: UPDATE orders SET status='shipped' WHERE id=42
2025-08-01 04:53:31 [WARNING] API response time exceeded threshold
2025-08-01 22:14:26 [WARNING] Slow query detected: execution time 3527ms
2025-08-01 13:09:02 [INFO] Scheduled backup completed successfully
2025-08-01 17:08:09 [INFO] Database connection established
2025-08-01 09:25:44 [INFO] Database connection established
2025-08-01 18:17:39 [INFO] Cache cleared successfully
2025-08-01 15:26:54 [WARNING] Failed login attempt for user: eve. Retrying...
2025-08-01 12:36:08 [DEBUG] Session token generated for user: alice
2025-08-01 04:17:58 [INFO] Cache cleared successfully
2025-08-01 07:33:56 [INFO] User login successful for user: charlie
2025-08-01 08:00:47 [INFO] Scheduled backup completed successfully
2025-08-01 01:06:03 [ERROR] Database connection lost
2025-08-01 07:12:59 [WARNING] Configuration file deprecated: data.csv
2025-08-01 23:23:25 [INFO] Database connection established
2025-08-01 03:22:10 [INFO] Scheduled backup completed successfully
