2025-07-06 09:24:57 [ERROR] Unhandled exception: FileNotFoundError
2025-07-06 13:59:02 [INFO] Service auth started
2025-07-06 05:34:40 [INFO] Service notification started
2025-07-06 05:08:45 [INFO] Scheduled backup completed successfully
2025-07-06 21:53:22 [INFO] File uploaded: config.yml
2025-07-06 02:11:24 [INFO] Scheduled backup completed successfully
2025-07-06 17:16:41 [INFO] Scheduled backup completed successfully
2025-07-06 15:23:34 [DEBUG] Variable x has value: 2170
2025-07-06 16:28:49 [INFO] Service payment started
2025-07-06 14:32:01 [INFO] Cache cleared successfully
2025-07-06 23:29:37 [INFO] Database connection established
2025-07-06 01:13:03 [INFO] User login successful for user: diana
2025-07-06 01:04:21 [INFO] User login successful for user: alice
2025-07-06 06:04:13 [ERROR] Service inventory crashed
2025-07-06 08:55:35 [INFO] User login successful for user: charlie
2025-07-06 07:52:40 [INFO] Service inventory started
2025-07-06 22:11:17 [INFO] Scheduled backup completed successfully
2025-07-06 16:54:43 [INFO] Service payment started
2025-07-06 03:37:07 [WARNING] API response time exceeded threshold
2025-07-06 06:18:45 [INFO] Scheduled backup completed successfully
2025-07-06 13:25:23 [INFO] Service inventory started
2025-07-06 00:11:39 [ERROR] Service auth crashed
2025-07-06 13:59:07 [INFO] User login successful for user: bob
2025-07-06 08:47:20 [WARNING] Second failed login attempt for user: diana. Next attempt will ERROR. Retrying...
2025-07-06 17:02:14 [INFO] User login successful for user: charlie
2025-07-06 06:30:16 [WARNING] Configuration file deprecated: report.pdf
2025-07-06 15:02:10 [DEBUG] Session token generated for user: charlie
2025-07-06 03:48:30 [INFO] File uploaded: config.yml
2025-07-06 09:13:49 [WARNING] High memory usage detected
2025-07-06 21:29:57 [DEBUG] Entering function send_email with arguments: 4
2025-07-06 16:34:04 [INFO] Scheduled backup completed successfully
2025-07-06 04:22:21 [INFO] Scheduled backup completed successfully
2025-07-06 09:21:56 [WARNING] Disk space low: 2645 remaining
2025-07-06 16:09:50 [INFO] Cache cleared successfully
2025-07-06 11:40:22 [INFO] User login successful for user: charlie
2025-07-06 11:18:02 [ERROR] File write failed: data.csv
2025-07-06 14:57:26 [INFO] Cache cleared successfully
2025-07-06 05:29:15 [INFO] Service payment started
2025-07-06 07:15:54 [INFO] Service payment started
2025-07-06 07:58:38 [DEBUG] Query executed: UPDATE orders SET status='shipped' WHERE id=42
2025-07-06 16:04:17 [DEBUG] Session token generated for user: diana
2025-07-06 22:21:58 [INFO] Scheduled backup completed successfully
2025-07-06 11:49:50 [INFO] Cache cleared successfully
2025-07-06 01:00:55 [INFO] File uploaded: report.pdf
2025-07-06 04:40:12 [INFO] Cache cleared successfully
2025-07-06 17:21:29 [INFO] Service payment started
2025-07-06 19:56:46 [INFO] Database connection established
2025-07-06 15:47:10 [ERROR] Email sending failed to recipient: admin@google.com
2025-07-06 19:46:44 [INFO] Cache cleared successfully
2025-07-06 03:10:46 [ERROR] Unhandled exception: NullPointerException
2025-07-06 09:06:32 [INFO] File uploaded: backup.zip
2025-07-06 17:15:01 [DEBUG] Session token generated for user: alice
2025-07-06 09:47:23 [ERROR] Unhandled exception: NullPointerException
2025-07-06 02:34:46 [INFO] Scheduled backup completed successfully
2025-07-06 18:49:30 [INFO] Cache cleared successfully
2025-07-06 05:57:26 [WARNING] Configuration file deprecated: config.yml
2025-07-06 07:44:34 [INFO] Cache cleared successfully
2025-07-06 06:33:03 [INFO] Service auth started
2025-07-06 19:42:17 [DEBUG] Query executed: UPDATE orders SET status='shipped' WHERE id=42
2025-07-06 16:07:10 [WARNING] Slow query detected: execution time 4369ms
2025-07-06 18:13:44 [INFO] Service auth started
2025-07-06 05:17:52 [INFO] Service notification started
2025-07-06 11:13:25 [INFO] File uploaded: backup.zip
2025-07-06 22:46:20 [INFO] File uploaded: data.csv
2025-07-06 11:53:43 [INFO] Database connection established
2025-07-06 01:41:26 [INFO] Service payment started
2025-07-06 17:39:54 [INFO] Database connection established
2025-07-06 04:36:36 [INFO] Service inventory started
2025-07-06 06:41:49 [INFO] User login successful for user: diana
2025-07-06 02:13:09 [INFO] User login successful for user: eve
2025-07-06 10:38:37 [INFO] User login successful for user: diana
2025-07-06 23:32:01 [ERROR] Database connection lost
2025-07-06 15:34:10 [INFO] User login successful for user: eve
2025-07-06 17:52:44 [WARNING] Slow query detected: execution time 3467ms
2025-07-06 11:41:56 [INFO] Service inventory started
2025-07-06 18:22:03 [WARNING] High memory usage detected
2025-07-06 10:33:53 [INFO] Cache cleared successfully
2025-07-06 20:01:51 [ERROR] Deadlock detected in transaction ID 4671
2025-07-06 09:20:41 [INFO] User login successful for user: diana
2025-07-06 04:38:38 [WARNING] API response time exceeded threshold
2025-07-06 22:31:40 [ERROR] Service payment crashed
2025-07-06 23:15:15 [ERROR] Service auth crashed
2025-07-06 23:12:28 [INFO] Service notification started
2025-07-06 08:08:35 [DEBUG] Session token generated for user: diana
2025-07-06 23:34:14 [ERROR] Email sending failed to recipient: admin@google.com
2025-07-06 03:07:47 [ERROR] Unhandled exception: FileNotFoundError
2025-07-06 17:12:15 [INFO] Service notification started
2025-07-06 21:32:10 [INFO] File uploaded: config.yml
2025-07-06 14:36:28 [ERROR] Database connection lost
2025-07-06 01:42:25 [INFO] Service notification started
2025-07-06 06:14:52 [INFO] Cache cleared successfully
2025-07-06 07:36:49 [INFO] Cache cleared successfully
2025-07-06 05:12:57 [INFO] User login successful for user: alice
2025-07-06 22:09:50 [WARNING] Failed login attempt for user: eve. Retrying...
2025-07-06 05:50:21 [ERROR] File write failed: data.csv
2025-07-06 01:19:29 [INFO] Service payment started
2025-07-06 10:07:15 [WARNING] Slow query detected: execution time 1521ms
2025-07-06 23:05:03 [ERROR] Unhandled exception: FileNotFoundError
2025-07-06 15:52:45 [INFO] Cache cleared successfully
2025-07-06 05:26:38 [INFO] File uploaded: data.csv
2025-07-06 08:47:35 [INFO] Database connection established
2025-07-06 04:25:38 [WARNING] Configuration file deprecated: config.yml
2025-07-06 02:15:11 [WARNING] Disk space low: 426 remaining
2025-07-06 04:18:15 [DEBUG] Temporary file created at: report.pdf
2025-07-06 18:43:57 [INFO] Service notification started
2025-07-06 03:16:16 [INFO] Cache cleared successfully
2025-07-06 04:36:30 [ERROR] Database connection lost
2025-07-06 11:11:32 [WARNING] Slow query detected: execution time 1868ms
2025-07-06 11:45:17 [ERROR] Unhandled exception: TimeoutError
2025-07-06 22:10:39 [INFO] Service auth started
2025-07-06 07:20:44 [INFO] Service notification started
2025-07-06 02:21:26 [WARNING] API response time exceeded threshold
2025-07-06 18:05:44 [INFO] User login successful for user: eve
2025-07-06 04:47:32 [INFO] Cache cleared successfully
2025-07-06 22:41:19 [INFO] Scheduled backup completed successfully
2025-07-06 20:41:33 [INFO] User login successful for user: diana
2025-07-06 11:51:48 [INFO] User login successful for user: diana
2025-07-06 16:16:28 [ERROR] Deadlock detected in transaction ID 815
2025-07-06 23:49:03 [WARNING] Disk space low: 1550 remaining
2025-07-06 04:57:28 [WARNING] Slow query detected: execution time 41ms
2025-07-06 19:26:31 [INFO] Cache cleared successfully
2025-07-06 20:28:56 [INFO] File uploaded: report.pdf
2025-07-06 00:40:10 [INFO] Service inventory started
2025-07-06 21:16:01 [WARNING] API response time exceeded threshold
2025-07-06 11:12:52 [INFO] User login successful for user: bob
2025-07-06 12:36:14 [INFO] Database connection established
2025-07-06 10:38:44 [DEBUG] Variable x has value: 2404
2025-07-06 11:36:26 [INFO] User login successful for user: alice
2025-07-06 09:58:45 [ERROR] Email sending failed to recipient: user@gmail.com
2025-07-06 18:20:01 [WARNING] Configuration file deprecated: config.yml
2025-07-06 13:36:08 [INFO] Database connection established
2025-07-06 08:16:07 [INFO] User login successful for user: alice
2025-07-06 23:05:43 [INFO] User login successful for user: diana
2025-07-06 19:31:44 [INFO] Service payment started
2025-07-06 21:47:06 [WARNING] Second failed login attempt for user: bob. Next attempt will ERROR. Retrying...
2025-07-06 04:37:26 [WARNING] API response time exceeded threshold
2025-07-06 16:30:23 [INFO] File uploaded: report.pdf
2025-07-06 04:56:33 [INFO] Database connection established
2025-07-06 07:14:16 [WARNING] Second failed login attempt for user: eve. Next attempt will ERROR. Retrying...
2025-07-06 14:44:01 [INFO] User login successful for user: bob
2025-07-06 06:45:03 [INFO] User login successful for user: bob
2025-07-06 10:15:20 [INFO] Cache cleared successfully
2025-07-06 17:23:37 [INFO] File uploaded: backup.zip
2025-07-06 17:39:22 [INFO] Service inventory started
2025-07-06 09:37:47 [INFO] Scheduled backup completed successfully
2025-07-06 03:32:10 [ERROR] Database connection lost
2025-07-06 02:39:31 [DEBUG] Query executed: SELECT * FROM users
2025-07-06 16:34:21 [WARNING] Slow query detected: execution time 3826ms
2025-07-06 23:19:41 [INFO] User login successful for user: diana
2025-07-06 21:50:10 [WARNING] High memory usage detected
2025-07-06 01:59:16 [DEBUG] Query executed: UPDATE orders SET status='shipped' WHERE id=42
2025-07-06 10:07:11 [INFO] User login successful for user: bob
2025-07-06 15:35:18 [INFO] Cache cleared successfully
2025-07-06 11:20:40 [WARNING] Failed login attempt for user: diana. Retrying...
2025-07-06 09:46:13 [INFO] Database connection established
2025-07-06 11:14:11 [ERROR] Email sending failed to recipient: admin@google.com
2025-07-06 07:06:17 [INFO] Database connection established
2025-07-06 06:45:10 [INFO] Service auth started
2025-07-06 01:25:52 [WARNING] Slow query detected: execution time 4187ms
2025-07-06 13:18:50 [INFO] User login successful for user: diana
2025-07-06 13:16:52 [INFO] Scheduled backup completed successfully
2025-07-06 17:40:10 [INFO] File uploaded: config.yml
2025-07-06 14:50:54 [INFO] User login successful for user: alice
2025-07-06 19:08:32 [INFO] Scheduled backup completed successfully
2025-07-06 19:42:24 [INFO] Service notification started
2025-07-06 19:30:54 [INFO] Database connection established
2025-07-06 20:54:13 [INFO] Cache cleared successfully
2025-07-06 04:09:29 [INFO] User login successful for user: alice
2025-07-06 23:58:11 [INFO] Service notification started
2025-07-06 04:47:46 [WARNING] Configuration file deprecated: config.yml
2025-07-06 18:26:47 [ERROR] File write failed: report.pdf
2025-07-06 11:21:32 [INFO] User login successful for user: diana
2025-07-06 14:25:57 [INFO] Service inventory started
2025-07-06 05:54:33 [ERROR] Deadlock detected in transaction ID 4447
2025-07-06 20:39:52 [INFO] Service payment started
2025-07-06 21:14:47 [INFO] File uploaded: report.pdf
2025-07-06 01:30:04 [INFO] Scheduled backup completed successfully
2025-07-06 01:21:29 [WARNING] API response time exceeded threshold
2025-07-06 01:20:45 [WARNING] Configuration file deprecated: config.yml
2025-07-06 03:19:35 [ERROR] Unhandled exception: NullPointerException
2025-07-06 05:08:06 [INFO] Cache cleared successfully
2025-07-06 19:32:47 [INFO] Database connection established
2025-07-06 09:15:41 [ERROR] Email sending failed to recipient: admin@google.com
2025-07-06 05:47:58 [INFO] Service notification started
2025-07-06 09:07:07 [INFO] User login successful for user: diana
2025-07-06 14:36:43 [INFO] User login successful for user: diana
2025-07-06 23:41:21 [WARNING] Disk space low: 1870 remaining
2025-07-06 18:39:55 [INFO] Service inventory started
2025-07-06 21:53:31 [INFO] User login successful for user: diana
2025-07-06 18:41:53 [WARNING] High memory usage detected
2025-07-06 08:40:00 [INFO] Cache cleared successfully
2025-07-06 19:44:08 [WARNING] Disk space low: 2389 remaining
2025-07-06 09:24:36 [WARNING] Second failed login attempt for user: bob. Next attempt will ERROR. Retrying...
2025-07-06 18:21:10 [WARNING] Configuration file deprecated: data.csv
2025-07-06 08:29:06 [DEBUG] Variable x has value: 2164
2025-07-06 16:19:01 [ERROR] Email sending failed to recipient: admin@google.com
2025-07-06 11:53:00 [INFO] Service auth started
2025-07-06 22:52:22 [WARNING] Configuration file deprecated: data.csv
2025-07-06 17:20:36 [DEBUG] Query executed: UPDATE orders SET status='shipped' WHERE id=42
2025-07-06 18:47:56 [INFO] Database connection established
2025-07-06 23:28:57 [INFO] Database connection established
2025-07-06 01:42:09 [ERROR] Database connection lost
2025-07-06 22:18:21 [INFO] File uploaded: config.yml
2025-07-06 19:38:48 [INFO] Service payment started
2025-07-06 21:21:53 [INFO] Database connection established
2025-07-06 07:35:54 [INFO] Database connection established
2025-07-06 13:26:01 [ERROR] Service inventory crashed
2025-07-06 16:24:00 [INFO] Cache cleared successfully
2025-07-06 23:44:45 [INFO] User login successful for user: charlie
2025-07-06 08:16:15 [INFO] Service auth started
2025-07-06 15:53:18 [INFO] User login successful for user: diana
2025-07-06 16:42:52 [INFO] Database connection established
2025-07-06 07:18:24 [INFO] User login successful for user: diana
2025-07-06 14:52:49 [DEBUG] Session token generated for user: charlie
2025-07-06 08:12:54 [INFO] User login successful for user: bob
2025-07-06 11:17:52 [INFO] User login successful for user: diana
2025-07-06 10:04:05 [INFO] Scheduled backup completed successfully
2025-07-06 22:32:58 [WARNING] Second failed login attempt for user: diana. Next attempt will ERROR. Retrying...
2025-07-06 15:34:49 [ERROR] Unhandled exception: TimeoutError
2025-07-06 06:25:02 [WARNING] Configuration file deprecated: report.pdf
2025-07-06 07:05:04 [INFO] User login successful for user: diana
2025-07-06 17:01:17 [DEBUG] Temporary file created at: config.yml
2025-07-06 18:04:33 [INFO] File uploaded: report.pdf
2025-07-06 09:38:54 [ERROR] Service auth crashed
2025-07-06 11:05:28 [INFO] User login successful for user: eve
2025-07-06 20:12:43 [INFO] Scheduled backup completed successfully
2025-07-06 03:43:32 [ERROR] Service auth crashed
2025-07-06 08:53:34 [DEBUG] Entering function generate_report with arguments: 10
2025-07-06 12:59:18 [INFO] File uploaded: config.yml
2025-07-06 13:23:55 [INFO] Database connection established
2025-07-06 17:54:21 [WARNING] Second failed login attempt for user: diana. Next attempt will ERROR. Retrying...
2025-07-06 10:52:28 [INFO] Scheduled backup completed successfully
2025-07-06 11:07:15 [INFO] Database connection established
2025-07-06 20:12:44 [DEBUG] Variable x has value: 4988
2025-07-06 13:29:04 [DEBUG] Variable x has value: 1577
2025-07-06 18:11:27 [INFO] User login successful for user: charlie
2025-07-06 22:19:37 [INFO] Database connection established
2025-07-06 10:39:07 [ERROR] Unhandled exception: FileNotFoundError
2025-07-06 21:47:59 [INFO] Service inventory started
2025-07-06 13:39:24 [ERROR] Service payment crashed
2025-07-06 02:20:05 [INFO] Scheduled backup completed successfully
2025-07-06 04:47:25 [INFO] Scheduled backup completed successfully
2025-07-06 02:32:50 [DEBUG] Entering function process_payment with arguments: 2
2025-07-06 14:42:58 [DEBUG] Variable x has value: 4407
2025-07-06 14:44:32 [INFO] Cache cleared successfully
2025-07-06 08:35:23 [ERROR] File write failed: backup.zip
2025-07-06 08:45:23 [WARNING] Second failed login attempt for user: charlie. Next attempt will ERROR. Retrying...
2025-07-06 04:57:26 [WARNING] Failed login attempt for user: charlie. Retrying...
2025-07-06 17:25:18 [WARNING] Disk space low: 1103 remaining
2025-07-06 01:33:54 [WARNING] Failed login attempt for user: charlie. Retrying...
2025-07-06 00:43:43 [INFO] Service auth started
2025-07-06 13:15:18 [INFO] File uploaded: report.pdf
2025-07-06 23:36:21 [WARNING] Failed login attempt for user: charlie. Retrying...
2025-07-06 04:34:46 [INFO] Cache cleared successfully
2025-07-06 18:22:08 [INFO] Service auth started
2025-07-06 18:45:45 [ERROR] Service inventory crashed
2025-07-06 06:52:55 [INFO] Scheduled backup completed successfully
2025-07-06 12:13:58 [INFO] Database connection established
2025-07-06 11:18:56 [ERROR] Database connection lost
2025-07-06 19:54:33 [INFO] User login successful for user: charlie
2025-07-06 09:14:50 [ERROR] Email sending failed to recipient: admin@google.com
2025-07-06 14:06:41 [WARNING] High memory usage detected
2025-07-06 03:14:28 [INFO] Scheduled backup completed successfully
2025-07-06 00:00:24 [INFO] Cache cleared successfully
2025-07-06 01:07:09 [INFO] Cache cleared successfully
2025-07-06 02:35:53 [INFO] Service notification started
2025-07-06 21:30:53 [INFO] Service auth started
2025-07-06 06:26:16 [INFO] File uploaded: report.pdf
2025-07-06 16:32:17 [INFO] Scheduled backup completed successfully
2025-07-06 22:00:11 [INFO] Cache cleared successfully
2025-07-06 16:43:40 [INFO] Scheduled backup completed successfully
2025-07-06 01:49:48 [WARNING] Disk space low: 4111 remaining
2025-07-06 05:57:29 [WARNING] Failed login attempt for user: alice. Retrying...
2025-07-06 04:17:14 [INFO] Service auth started
2025-07-06 03:48:09 [DEBUG] Query executed: SELECT * FROM users
2025-07-06 15:48:53 [WARNING] Configuration file deprecated: config.yml
2025-07-06 03:09:05 [INFO] Scheduled backup completed successfully
2025-07-06 18:49:22 [INFO] Scheduled backup completed successfully
2025-07-06 00:29:56 [WARNING] Slow query detected: execution time 808ms
2025-07-06 03:00:18 [WARNING] Failed login attempt for user: alice. Retrying...
2025-07-06 04:59:44 [WARNING] Slow query detected: execution time 2423ms
2025-07-06 05:46:01 [WARNING] High memory usage detected
2025-07-06 20:32:04 [INFO] Cache cleared successfully
2025-07-06 20:51:31 [INFO] File uploaded: backup.zip
2025-07-06 14:59:53 [ERROR] Deadlock detected in transaction ID 2686
2025-07-06 04:45:07 [INFO] Database connection established
2025-07-06 20:11:37 [WARNING] Failed login attempt for user: alice. Retrying...
2025-07-06 06:52:42 [WARNING] Failed login attempt for user: bob. Retrying...
2025-07-06 23:54:22 [INFO] Cache cleared successfully
2025-07-06 18:58:56 [INFO] Database connection established
2025-07-06 15:15:08 [WARNING] Disk space low: 3369 remaining
2025-07-06 16:11:52 [WARNING] Failed login attempt for user: bob. Retrying...
2025-07-06 18:44:21 [INFO] Database connection established
2025-07-06 10:52:13 [WARNING] Second failed login attempt for user: diana. Next attempt will ERROR. Retrying...
2025-07-06 01:08:53 [WARNING] API response time exceeded threshold
2025-07-06 02:05:51 [INFO] Scheduled backup completed successfully
2025-07-06 17:34:22 [INFO] File uploaded: data.csv
2025-07-06 02:48:40 [ERROR] Email sending failed to recipient: user@gmail.com
2025-07-06 08:59:41 [INFO] Database connection established
2025-07-06 16:40:04 [INFO] Scheduled backup completed successfully
2025-07-06 01:10:18 [WARNING] API response time exceeded threshold
2025-07-06 21:08:51 [DEBUG] Variable x has value: 1752
2025-07-06 13:18:38 [WARNING] Failed login attempt for user: charlie. Retrying...
2025-07-06 08:41:12 [ERROR] Email sending failed to recipient: support@amazon.com
2025-07-06 13:02:54 [INFO] Database connection established
2025-07-06 16:52:07 [INFO] Cache cleared successfully
2025-07-06 23:12:06 [INFO] Cache cleared successfully
2025-07-06 18:16:26 [INFO] Service notification started
2025-07-06 09:22:59 [WARNING] API response time exceeded threshold
2025-07-06 02:03:22 [WARNING] Slow query detected: execution time 2208ms
2025-07-06 02:03:15 [INFO] Service inventory started
2025-07-06 17:14:12 [WARNING] Disk space low: 2546 remaining
2025-07-06 09:48:36 [ERROR] Deadlock detected in transaction ID 1267
2025-07-06 08:02:13 [INFO] Database connection established
2025-07-06 05:43:28 [INFO] User login successful for user: diana
2025-07-06 10:29:51 [INFO] Service auth started
2025-07-06 04:06:35 [INFO] User login successful for user: diana
2025-07-06 09:16:54 [WARNING] API response time exceeded threshold
2025-07-06 01:40:56 [INFO] Scheduled backup completed successfully
2025-07-06 11:56:51 [INFO] Database connection established
2025-07-06 08:03:18 [INFO] Database connection established
2025-07-06 05:58:52 [INFO] Database connection established
2025-07-06 15:37:05 [DEBUG] Entering function generate_report with arguments: 3
2025-07-06 09:53:37 [INFO] User login successful for user: bob
2025-07-06 18:27:29 [INFO] Cache cleared successfully
2025-07-06 08:23:39 [DEBUG] Session token generated for user: eve
2025-07-06 20:32:58 [DEBUG] Session token generated for user: eve
2025-07-06 08:17:25 [INFO] File uploaded: backup.zip
2025-07-06 06:15:38 [INFO] Database connection established
2025-07-06 13:02:19 [WARNING] Failed login attempt for user: alice. Retrying...
2025-07-06 06:50:54 [WARNING] API response time exceeded threshold
2025-07-06 10:14:53 [INFO] File uploaded: data.csv
2025-07-06 21:28:05 [ERROR] Database connection lost
2025-07-06 16:45:03 [INFO] Service notification started
2025-07-06 08:52:04 [INFO] Scheduled backup completed successfully
2025-07-06 20:50:58 [INFO] Cache cleared successfully
2025-07-06 07:15:12 [INFO] User login successful for user: eve
2025-07-06 01:26:37 [INFO] Scheduled backup completed successfully
2025-07-06 05:28:20 [WARNING] Slow query detected: execution time 1630ms
2025-07-06 06:45:45 [INFO] Database connection established
2025-07-06 23:58:10 [INFO] Service notification started
2025-07-06 05:39:23 [INFO] Cache cleared successfully
2025-07-06 21:52:02 [INFO] User login successful for user: alice
2025-07-06 06:00:44 [INFO] Database connection established
2025-07-06 21:27:37 [INFO] Scheduled backup completed successfully
2025-07-06 11:47:51 [INFO] Cache cleared successfully
2025-07-06 10:12:31 [INFO] User login successful for user: charlie
2025-07-06 14:10:49 [ERROR] Unhandled exception: NullPointerException
2025-07-06 23:50:53 [INFO] Service inventory started
2025-07-06 01:35:09 [INFO] Scheduled backup completed successfully
2025-07-06 00:26:56 [INFO] File uploaded: config.yml
2025-07-06 16:55:13 [ERROR] File write failed: config.yml
2025-07-06 13:19:22 [ERROR] Database connection lost
2025-07-06 17:45:15 [DEBUG] Session token generated for user: charlie
2025-07-06 11:27:07 [WARNING] Failed login attempt for user: alice. Retrying...
2025-07-06 11:49:21 [ERROR] Unhandled exception: NullPointerException
2025-07-06 04:24:38 [INFO] Scheduled backup completed successfully
2025-07-06 05:31:18 [DEBUG] Session token generated for user: eve
2025-07-06 17:16:43 [INFO] Scheduled backup completed successfully
2025-07-06 02:43:59 [INFO] Scheduled backup completed successfully
2025-07-06 17:48:56 [INFO] File uploaded: report.pdf
2025-07-06 19:48:58 [WARNING] API response time exceeded threshold
2025-07-06 08:14:45 [INFO] Scheduled backup completed successfully
2025-07-06 10:35:41 [INFO] Scheduled backup completed successfully
2025-07-06 03:11:18 [WARNING] High memory usage detected
2025-07-06 18:09:11 [INFO] File uploaded: config.yml
2025-07-06 23:55:14 [INFO] Scheduled backup completed successfully
2025-07-06 00:18:38 [INFO] File uploaded: report.pdf
2025-07-06 21:00:48 [INFO] File uploaded: config.yml
2025-07-06 06:27:46 [INFO] Cache cleared successfully
2025-07-06 06:12:57 [INFO] Cache cleared successfully
2025-07-06 11:23:16 [WARNING] Configuration file deprecated: config.yml
2025-07-06 05:19:46 [INFO] Service notification started
2025-07-06 12:34:22 [WARNING] Slow query detected: execution time 1317ms
2025-07-06 07:02:01 [ERROR] Unhandled exception: TimeoutError
2025-07-06 05:27:42 [INFO] File uploaded: data.csv
2025-07-06 23:25:03 [INFO] Scheduled backup completed successfully
2025-07-06 06:30:26 [INFO] Cache cleared successfully
2025-07-06 00:13:17 [INFO] Scheduled backup completed successfully
2025-07-06 23:12:33 [INFO] File uploaded: report.pdf
2025-07-06 09:08:41 [INFO] User login successful for user: bob
2025-07-06 10:00:47 [INFO] Cache cleared successfully
2025-07-06 06:04:22 [INFO] Cache cleared successfully
2025-07-06 03:00:56 [INFO] Database connection established
2025-07-06 16:12:45 [ERROR] Service notification crashed
2025-07-06 18:32:08 [ERROR] Deadlock detected in transaction ID 284
2025-07-06 06:00:01 [INFO] Cache cleared successfully
2025-07-06 13:32:22 [INFO] File uploaded: config.yml
2025-07-06 20:07:29 [INFO] Cache cleared successfully
2025-07-06 13:11:55 [INFO] File uploaded: backup.zip
2025-07-06 11:38:41 [ERROR] Unhandled exception: FileNotFoundError
2025-07-06 11:13:12 [DEBUG] Query executed: SELECT * FROM users
2025-07-06 19:26:20 [INFO] Cache cleared successfully
2025-07-06 22:41:35 [ERROR] Unhandled exception: FileNotFoundError
2025-07-06 01:07:03 [WARNING] Disk space low: 4110 remaining
2025-07-06 17:33:12 [INFO] Service payment started
2025-07-06 01:03:03 [ERROR] Service auth crashed
2025-07-06 19:15:01 [DEBUG] Entering function send_email with arguments: 5
2025-07-06 08:26:05 [ERROR] Service auth crashed
2025-07-06 03:14:29 [INFO] Database connection established
2025-07-06 15:32:47 [DEBUG] Session token generated for user: alice
2025-07-06 14:36:20 [INFO] Database connection established
2025-07-06 18:22:31 [WARNING] Second failed login attempt for user: bob. Next attempt will ERROR. Retrying...
2025-07-06 05:32:37 [WARNING] API response time exceeded threshold
2025-07-06 09:42:55 [INFO] Database connection established
2025-07-06 23:44:44 [INFO] Database connection established
2025-07-06 11:37:12 [INFO] Cache cleared successfully
2025-07-06 01:31:27 [INFO] Database connection established
2025-07-06 15:33:54 [ERROR] Service payment crashed
2025-07-06 05:12:53 [INFO] Cache cleared successfully
2025-07-06 05:39:56 [INFO] Cache cleared successfully
2025-07-06 09:55:31 [ERROR] Database connection lost
2025-07-06 06:12:52 [WARNING] API response time exceeded threshold
2025-07-06 07:17:18 [INFO] Service inventory started
2025-07-06 12:55:15 [INFO] File uploaded: config.yml
2025-07-06 07:49:13 [WARNING] High memory usage detected
2025-07-06 04:48:44 [ERROR] Database connection lost
2025-07-06 16:55:07 [INFO] File uploaded: report.pdf
2025-07-06 07:20:57 [WARNING] Failed login attempt for user: charlie. Retrying...
2025-07-06 13:34:35 [DEBUG] Variable x has value: 646
2025-07-06 20:46:35 [INFO] Scheduled backup completed successfully
2025-07-06 06:04:35 [INFO] User login successful for user: diana
2025-07-06 11:28:04 [DEBUG] Entering function send_email with arguments: 8
2025-07-06 02:13:17 [ERROR] Deadlock detected in transaction ID 2154
2025-07-06 02:29:34 [INFO] Cache cleared successfully
2025-07-06 04:41:26 [INFO] File uploaded: config.yml
2025-07-06 01:56:06 [INFO] Cache cleared successfully
2025-07-06 14:03:40 [INFO] Cache cleared successfully
2025-07-06 12:11:45 [ERROR] Unhandled exception: FileNotFoundError
2025-07-06 20:56:58 [WARNING] Configuration file deprecated: config.yml
2025-07-06 07:50:47 [INFO] Database connection established
2025-07-06 10:01:22 [INFO] Cache cleared successfully
2025-07-06 22:59:39 [INFO] Scheduled backup completed successfully
2025-07-06 17:15:34 [INFO] File uploaded: data.csv
2025-07-06 10:46:49 [INFO] File uploaded: report.pdf
2025-07-06 02:59:45 [INFO] File uploaded: report.pdf
2025-07-06 06:25:53 [ERROR] Service auth crashed
2025-07-06 09:04:59 [INFO] Scheduled backup completed successfully
2025-07-06 05:43:48 [INFO] Scheduled backup completed successfully
2025-07-06 04:33:54 [ERROR] Unhandled exception: FileNotFoundError
2025-07-06 13:43:42 [INFO] File uploaded: backup.zip
2025-07-06 09:02:40 [WARNING] Failed login attempt for user: bob. Retrying...
2025-07-06 10:08:44 [WARNING] Second failed login attempt for user: eve. Next attempt will ERROR. Retrying...
2025-07-06 22:12:03 [INFO] File uploaded: backup.zip
2025-07-06 18:26:50 [ERROR] Deadlock detected in transaction ID 3856
2025-07-06 08:42:02 [INFO] Scheduled backup completed successfully
2025-07-06 15:07:05 [INFO] File uploaded: config.yml
2025-07-06 11:34:27 [INFO] Scheduled backup completed successfully
2025-07-06 20:40:41 [WARNING] API response time exceeded threshold
2025-07-06 00:39:37 [INFO] Cache cleared successfully
2025-07-06 06:39:14 [INFO] Cache cleared successfully
2025-07-06 05:38:26 [WARNING] Second failed login attempt for user: charlie. Next attempt will ERROR. Retrying...
2025-07-06 10:30:47 [ERROR] Unhandled exception: TimeoutError
2025-07-06 11:34:23 [ERROR] Database connection lost
2025-07-06 23:03:13 [WARNING] High memory usage detected
2025-07-06 00:10:06 [INFO] Scheduled backup completed successfully
2025-07-06 17:34:10 [ERROR] Service payment crashed
2025-07-06 12:38:02 [INFO] File uploaded: data.csv
2025-07-06 22:54:44 [INFO] Scheduled backup completed successfully
2025-07-06 09:56:12 [INFO] Cache cleared successfully
2025-07-06 15:27:43 [ERROR] Database connection lost
2025-07-06 18:37:16 [ERROR] Deadlock detected in transaction ID 2868
2025-07-06 17:47:57 [ERROR] Database connection lost
2025-07-06 09:41:57 [WARNING] Configuration file deprecated: config.yml
2025-07-06 12:03:40 [WARNING] API response time exceeded threshold
2025-07-06 04:30:49 [INFO] Service notification started
2025-07-06 18:32:29 [ERROR] Database connection lost
2025-07-06 03:37:20 [INFO] Scheduled backup completed successfully
2025-07-06 13:15:07 [INFO] Service auth started
2025-07-06 12:53:05 [INFO] Service inventory started
2025-07-06 10:46:22 [INFO] File uploaded: report.pdf
2025-07-06 18:38:10 [INFO] User login successful for user: eve
2025-07-06 02:45:18 [DEBUG] Entering function generate_report with arguments: 7
2025-07-06 20:32:20 [INFO] Database connection established
2025-07-06 01:20:22 [INFO] Database connection established
2025-07-06 23:14:11 [DEBUG] Query executed: UPDATE orders SET status='shipped' WHERE id=42
2025-07-06 21:46:47 [DEBUG] Query executed: SELECT * FROM users
2025-07-06 17:44:27 [INFO] Scheduled backup completed successfully
2025-07-06 21:14:54 [WARNING] High memory usage detected
2025-07-06 17:27:33 [WARNING] Failed login attempt for user: eve. Retrying...
2025-07-06 08:23:23 [INFO] User login successful for user: alice
2025-07-06 08:33:23 [WARNING] Failed login attempt for user: alice. Retrying...
2025-07-06 21:57:12 [INFO] User login successful for user: diana
2025-07-06 16:27:09 [ERROR] Unhandled exception: NullPointerException
2025-07-06 09:32:52 [ERROR] Email sending failed to recipient: user@gmail.com
2025-07-06 08:53:02 [ERROR] File write failed: data.csv
2025-07-06 09:45:21 [INFO] Database connection established
2025-07-06 06:34:55 [INFO] Service inventory started
2025-07-06 14:08:30 [INFO] Service auth started
2025-07-06 02:06:18 [WARNING] Slow query detected: execution time 3705ms
2025-07-06 15:13:14 [INFO] Database connection established
2025-07-06 13:01:52 [ERROR] Email sending failed to recipient: user@gmail.com
2025-07-06 09:50:33 [INFO] Scheduled backup completed successfully
2025-07-06 01:07:12 [INFO] Cache cleared successfully
2025-07-06 12:22:57 [WARNING] Disk space low: 189 remaining
2025-07-06 03:52:11 [INFO] Service payment started
2025-07-06 18:25:33 [INFO] Service notification started
2025-07-06 13:09:58 [INFO] Database connection established
2025-07-06 14:41:50 [INFO] Service notification started
2025-07-06 17:45:50 [INFO] File uploaded: config.yml
2025-07-06 04:49:15 [INFO] Scheduled backup completed successfully
2025-07-06 09:39:57 [WARNING] API response time exceeded threshold
2025-07-06 06:48:00 [INFO] File uploaded: report.pdf
2025-07-06 09:22:10 [ERROR] File write failed: data.csv
2025-07-06 22:15:16 [INFO] User login successful for user: alice
2025-07-06 11:44:53 [INFO] User login successful for user: diana
2025-07-06 12:36:17 [ERROR] File write failed: config.yml
2025-07-06 17:08:12 [WARNING] Configuration file deprecated: backup.zip
2025-07-06 14:27:26 [ERROR] Deadlock detected in transaction ID 2440
2025-07-06 09:34:40 [INFO] Scheduled backup completed successfully
2025-07-06 19:39:15 [INFO] Database connection established
2025-07-06 16:42:29 [INFO] Database connection established
2025-07-06 13:43:04 [INFO] File uploaded: backup.zip
2025-07-06 08:02:01 [INFO] Scheduled backup completed successfully
2025-07-06 13:55:55 [WARNING] Second failed login attempt for user: diana. Next attempt will ERROR. Retrying...
2025-07-06 16:30:02 [INFO] File uploaded: data.csv
2025-07-06 00:41:50 [INFO] Scheduled backup completed successfully
2025-07-06 20:24:44 [INFO] Scheduled backup completed successfully
2025-07-06 06:37:15 [WARNING] Second failed login attempt for user: bob. Next attempt will ERROR. Retrying...
2025-07-06 08:49:06 [INFO] Cache cleared successfully
2025-07-06 02:11:29 [INFO] User login successful for user: eve
2025-07-06 02:53:19 [INFO] Database connection established
2025-07-06 04:55:33 [DEBUG] Temporary file created at: backup.zip
2025-07-06 19:14:52 [INFO] Database connection established
2025-07-06 17:29:45 [WARNING] Failed login attempt for user: alice. Retrying...
2025-07-06 17:40:14 [INFO] Cache cleared successfully
2025-07-06 05:28:44 [ERROR] Database connection lost
2025-07-06 05:33:44 [WARNING] Second failed login attempt for user: eve. Next attempt will ERROR. Retrying...
2025-07-06 18:08:06 [INFO] Database connection established
2025-07-06 22:56:16 [INFO] User login successful for user: bob
2025-07-06 10:59:13 [ERROR] Unhandled exception: NullPointerException
2025-07-06 00:14:14 [WARNING] Disk space low: 1276 remaining
2025-07-06 03:11:42 [WARNING] API response time exceeded threshold
2025-07-06 08:39:19 [INFO] Scheduled backup completed successfully
2025-07-06 13:09:56 [ERROR] Unhandled exception: FileNotFoundError
2025-07-06 15:19:54 [INFO] User login successful for user: alice
2025-07-06 04:49:40 [INFO] Service notification started
2025-07-06 03:37:03 [INFO] User login successful for user: alice
2025-07-06 15:46:44 [INFO] User login successful for user: bob
2025-07-06 01:29:12 [INFO] Service inventory started
2025-07-06 19:57:29 [WARNING] Disk space low: 3613 remaining
2025-07-06 09:21:13 [INFO] User login successful for user: alice
2025-07-06 19:31:20 [INFO] Database connection established
2025-07-06 14:54:34 [INFO] Cache cleared successfully
2025-07-06 19:00:59 [ERROR] Service payment crashed
2025-07-06 21:05:18 [ERROR] Email sending failed to recipient: support@amazon.com
2025-07-06 12:12:39 [INFO] File uploaded: report.pdf
2025-07-06 11:07:21 [INFO] User login successful for user: bob
2025-07-06 19:18:23 [ERROR] Service inventory crashed
2025-07-06 11:17:24 [ERROR] Deadlock detected in transaction ID 1925
2025-07-06 17:24:45 [WARNING] High memory usage detected
2025-07-06 11:10:25 [INFO] Scheduled backup completed successfully
2025-07-06 07:00:54 [INFO] File uploaded: data.csv
2025-07-06 09:56:59 [INFO] Scheduled backup completed successfully
2025-07-06 21:01:13 [INFO] Database connection established
2025-07-06 08:26:59 [INFO] User login successful for user: bob
2025-07-06 03:49:43 [ERROR] Service notification crashed
2025-07-06 21:19:26 [ERROR] Unhandled exception: NullPointerException
2025-07-06 07:47:31 [WARNING] High memory usage detected
2025-07-06 20:32:43 [ERROR] Unhandled exception: TimeoutError
2025-07-06 14:31:02 [WARNING] API response time exceeded threshold
2025-07-06 01:10:08 [INFO] Cache cleared successfully
2025-07-06 22:34:25 [INFO] Cache cleared successfully
2025-07-06 23:30:20 [INFO] Service payment started
2025-07-06 11:43:35 [INFO] Database connection established
2025-07-06 16:02:57 [INFO] Cache cleared successfully
2025-07-06 09:11:44 [INFO] Service notification started
2025-07-06 18:01:16 [DEBUG] Session token generated for user: charlie
2025-07-06 09:00:33 [INFO] Cache cleared successfully
2025-07-06 18:32:26 [DEBUG] Session token generated for user: eve
2025-07-06 14:28:39 [INFO] User login successful for user: bob
2025-07-06 11:06:45 [WARNING] Second failed login attempt for user: charlie. Next attempt will ERROR. Retrying...
2025-07-06 00:13:06 [INFO] File uploaded: report.pdf
2025-07-06 21:16:47 [INFO] Scheduled backup completed successfully
2025-07-06 16:27:13 [INFO] User login successful for user: bob
2025-07-06 03:03:52 [INFO] Scheduled backup completed successfully
2025-07-06 15:46:21 [WARNING] High memory usage detected
2025-07-06 20:17:35 [INFO] Cache cleared successfully
2025-07-06 22:03:13 [INFO] Scheduled backup completed successfully
2025-07-06 10:54:50 [INFO] Database connection established
2025-07-06 08:13:33 [WARNING] Failed login attempt for user: bob. Retrying...
2025-07-06 16:14:52 [INFO] Database connection established
2025-07-06 05:28:05 [INFO] User login successful for user: charlie
2025-07-06 11:20:12 [WARNING] High memory usage detected
2025-07-06 06:35:23 [INFO] Service inventory started
2025-07-06 15:38:15 [INFO] Service payment started
2025-07-06 00:32:01 [ERROR] Unhandled exception: FileNotFoundError
2025-07-06 12:58:02 [DEBUG] Query executed: SELECT * FROM users
2025-07-06 14:46:42 [DEBUG] Query executed: SELECT * FROM users
2025-07-06 17:06:20 [DEBUG] Session token generated for user: bob
2025-07-06 09:07:26 [INFO] Database connection established
2025-07-06 08:50:50 [INFO] Service payment started
2025-07-06 18:59:47 [INFO] Database connection established
2025-07-06 16:43:55 [INFO] Database connection established
2025-07-06 22:37:38 [WARNING] High memory usage detected
2025-07-06 00:35:47 [ERROR] File write failed: backup.zip
2025-07-06 01:53:03 [ERROR] File write failed: config.yml
2025-07-06 21:53:53 [INFO] Scheduled backup completed successfully
2025-07-06 00:53:32 [INFO] File uploaded: report.pdf
2025-07-06 15:07:44 [INFO] Cache cleared successfully
2025-07-06 07:08:42 [ERROR] File write failed: data.csv
2025-07-06 13:38:14 [INFO] Database connection established
2025-07-06 08:02:48 [WARNING] High memory usage detected
2025-07-06 00:45:26 [INFO] Scheduled backup completed successfully
2025-07-06 21:02:15 [INFO] Scheduled backup completed successfully
2025-07-06 23:16:13 [INFO] Cache cleared successfully
2025-07-06 01:44:39 [INFO] File uploaded: config.yml
2025-07-06 20:58:48 [INFO] User login successful for user: alice
2025-07-06 01:58:46 [ERROR] Service payment crashed
2025-07-06 16:28:49 [INFO] Cache cleared successfully
2025-07-06 14:56:39 [INFO] Cache cleared successfully
2025-07-06 18:45:46 [INFO] User login successful for user: diana
2025-07-06 20:13:02 [WARNING] High memory usage detected
2025-07-06 06:59:42 [INFO] Service auth started
2025-07-06 06:09:28 [INFO] Service auth started
2025-07-06 22:43:33 [WARNING] Configuration file deprecated: backup.zip
2025-07-06 06:21:48 [WARNING] Slow query detected: execution time 1223ms
2025-07-06 09:54:19 [INFO] Service payment started
2025-07-06 14:35:53 [INFO] File uploaded: config.yml
2025-07-06 04:46:37 [WARNING] API response time exceeded threshold
2025-07-06 14:28:47 [INFO] Database connection established
2025-07-06 04:35:22 [INFO] File uploaded: data.csv
2025-07-06 17:10:11 [WARNING] High memory usage detected
2025-07-06 10:40:56 [INFO] Cache cleared successfully
2025-07-06 23:02:38 [INFO] File uploaded: data.csv
2025-07-06 10:46:49 [WARNING] Second failed login attempt for user: charlie. Next attempt will ERROR. Retrying...
