2025-07-15 03:36:44 [INFO] Scheduled backup completed successfully
2025-07-15 19:11:40 [WARNING] High memory usage detected
2025-07-15 02:23:35 [DEBUG] Entering function process_payment with arguments: 8
2025-07-15 19:32:07 [ERROR] Service notification crashed
2025-07-15 01:05:06 [WARNING] API response time exceeded threshold
2025-07-15 16:11:39 [INFO] Service auth started
2025-07-15 17:11:17 [INFO] Database connection established
2025-07-15 23:49:35 [INFO] Scheduled backup completed successfully
2025-07-15 13:48:33 [INFO] File uploaded: data.csv
2025-07-15 21:08:26 [WARNING] API response time exceeded threshold
2025-07-15 09:03:12 [INFO] User login successful for user: bob
2025-07-15 00:35:57 [INFO] File uploaded: config.yml
2025-07-15 01:38:53 [INFO] File uploaded: backup.zip
2025-07-15 17:45:59 [ERROR] Service inventory crashed
2025-07-15 02:14:20 [WARNING] High memory usage detected
2025-07-15 18:13:25 [WARNING] API response time exceeded threshold
2025-07-15 20:33:36 [INFO] Cache cleared successfully
2025-07-15 12:08:48 [INFO] User login successful for user: diana
2025-07-15 19:29:49 [ERROR] Deadlock detected in transaction ID 3944
2025-07-15 17:23:36 [ERROR] Unhandled exception: TimeoutError
2025-07-15 01:18:37 [WARNING] High memory usage detected
2025-07-15 02:35:40 [INFO] File uploaded: data.csv
2025-07-15 16:44:56 [INFO] Cache cleared successfully
2025-07-15 06:28:54 [INFO] Scheduled backup completed successfully
2025-07-15 18:11:14 [WARNING] API response time exceeded threshold
2025-07-15 21:54:51 [WARNING] Second failed login attempt for user: diana. Next attempt will ERROR. Retrying...
2025-07-15 19:45:55 [INFO] Service payment started
2025-07-15 07:49:17 [INFO] User login successful for user: diana
2025-07-15 07:19:13 [ERROR] Service payment crashed
2025-07-15 17:41:20 [DEBUG] Temporary file created at: data.csv
2025-07-15 07:07:33 [ERROR] File write failed: report.pdf
2025-07-15 13:56:23 [INFO] User login successful for user: charlie
2025-07-15 06:32:06 [ERROR] Deadlock detected in transaction ID 776
2025-07-15 14:26:21 [INFO] Service notification started
2025-07-15 12:05:58 [DEBUG] Temporary file created at: backup.zip
2025-07-15 14:58:58 [INFO] Cache cleared successfully
2025-07-15 11:50:41 [INFO] File uploaded: data.csv
2025-07-15 14:06:43 [DEBUG] Entering function send_email with arguments: 9
2025-07-15 07:08:39 [INFO] Database connection established
2025-07-15 20:49:23 [INFO] Database connection established
2025-07-15 21:05:57 [WARNING] Slow query detected: execution time 954ms
2025-07-15 18:08:45 [INFO] User login successful for user: bob
2025-07-15 15:51:12 [INFO] File uploaded: config.yml
2025-07-15 07:24:58 [INFO] Cache cleared successfully
2025-07-15 08:46:43 [INFO] Database connection established
2025-07-15 20:00:42 [ERROR] Deadlock detected in transaction ID 4326
2025-07-15 04:19:53 [INFO] Service inventory started
2025-07-15 14:14:36 [WARNING] High memory usage detected
2025-07-15 01:05:38 [INFO] Scheduled backup completed successfully
2025-07-15 01:15:53 [INFO] Database connection established
2025-07-15 23:43:43 [ERROR] Unhandled exception: NullPointerException
2025-07-15 20:28:11 [INFO] Service notification started
2025-07-15 04:38:52 [WARNING] Second failed login attempt for user: diana. Next attempt will ERROR. Retrying...
2025-07-15 19:43:03 [INFO] File uploaded: data.csv
2025-07-15 01:03:38 [WARNING] Configuration file deprecated: config.yml
2025-07-15 14:16:29 [INFO] Scheduled backup completed successfully
2025-07-15 08:01:44 [INFO] Cache cleared successfully
2025-07-15 15:45:22 [WARNING] API response time exceeded threshold
2025-07-15 01:02:06 [ERROR] Service inventory crashed
2025-07-15 10:13:10 [INFO] File uploaded: report.pdf
2025-07-15 08:53:48 [INFO] File uploaded: report.pdf
2025-07-15 04:10:56 [INFO] Cache cleared successfully
2025-07-15 01:15:47 [INFO] Database connection established
2025-07-15 22:15:52 [INFO] Cache cleared successfully
2025-07-15 10:51:24 [WARNING] Second failed login attempt for user: charlie. Next attempt will ERROR. Retrying...
2025-07-15 04:49:44 [INFO] Scheduled backup completed successfully
2025-07-15 19:46:23 [WARNING] API response time exceeded threshold
2025-07-15 03:52:57 [INFO] Database connection established
2025-07-15 20:49:37 [WARNING] Slow query detected: execution time 2826ms
2025-07-15 08:54:10 [WARNING] Second failed login attempt for user: charlie. Next attempt will ERROR. Retrying...
2025-07-15 05:36:54 [INFO] User login successful for user: bob
2025-07-15 14:38:31 [INFO] File uploaded: backup.zip
2025-07-15 23:07:04 [INFO] Cache cleared successfully
2025-07-15 04:07:18 [INFO] Scheduled backup completed successfully
2025-07-15 12:01:05 [INFO] Service auth started
2025-07-15 23:00:54 [INFO] Database connection established
2025-07-15 09:48:23 [WARNING] Disk space low: 972 remaining
2025-07-15 21:34:47 [WARNING] Disk space low: 997 remaining
2025-07-15 15:16:48 [ERROR] Service auth crashed
2025-07-15 11:14:07 [INFO] File uploaded: config.yml
2025-07-15 08:54:17 [INFO] Cache cleared successfully
2025-07-15 01:08:12 [WARNING] Configuration file deprecated: config.yml
2025-07-15 17:13:33 [INFO] User login successful for user: alice
2025-07-15 21:19:16 [INFO] File uploaded: report.pdf
2025-07-15 10:28:40 [INFO] Database connection established
2025-07-15 21:16:44 [INFO] User login successful for user: alice
2025-07-15 06:20:33 [INFO] Cache cleared successfully
2025-07-15 15:20:33 [WARNING] High memory usage detected
2025-07-15 11:40:08 [INFO] Service payment started
2025-07-15 14:54:21 [INFO] Cache cleared successfully
2025-07-15 09:33:37 [INFO] File uploaded: data.csv
2025-07-15 08:43:33 [INFO] User login successful for user: charlie
2025-07-15 15:26:17 [INFO] User login successful for user: charlie
2025-07-15 01:05:29 [INFO] Database connection established
2025-07-15 07:53:21 [DEBUG] Temporary file created at: config.yml
2025-07-15 09:19:44 [ERROR] File write failed: backup.zip
2025-07-15 22:33:55 [INFO] Database connection established
2025-07-15 02:13:23 [INFO] File uploaded: report.pdf
2025-07-15 17:55:41 [INFO] Cache cleared successfully
2025-07-15 21:23:17 [WARNING] Failed login attempt for user: alice. Retrying...
2025-07-15 02:15:49 [INFO] User login successful for user: bob
2025-07-15 07:52:24 [INFO] Database connection established
2025-07-15 00:47:30 [INFO] File uploaded: backup.zip
2025-07-15 03:15:03 [ERROR] Deadlock detected in transaction ID 3511
2025-07-15 04:34:06 [INFO] Scheduled backup completed successfully
2025-07-15 14:06:36 [INFO] File uploaded: data.csv
2025-07-15 03:10:30 [INFO] Service payment started
2025-07-15 10:18:13 [DEBUG] Entering function send_email with arguments: 8
2025-07-15 22:56:48 [INFO] Cache cleared successfully
2025-07-15 02:25:50 [INFO] Service auth started
2025-07-15 20:23:24 [INFO] File uploaded: config.yml
2025-07-15 01:32:52 [INFO] Database connection established
2025-07-15 22:07:48 [DEBUG] Session token generated for user: eve
2025-07-15 15:36:22 [INFO] Database connection established
2025-07-15 12:01:13 [WARNING] Slow query detected: execution time 4225ms
2025-07-15 07:55:53 [INFO] Scheduled backup completed successfully
2025-07-15 03:41:19 [WARNING] Failed login attempt for user: eve. Retrying...
2025-07-15 19:19:26 [INFO] File uploaded: report.pdf
2025-07-15 18:13:45 [INFO] Cache cleared successfully
2025-07-15 09:56:03 [WARNING] High memory usage detected
2025-07-15 05:28:31 [INFO] Database connection established
2025-07-15 05:29:23 [INFO] Cache cleared successfully
2025-07-15 06:37:26 [WARNING] Configuration file deprecated: data.csv
2025-07-15 05:49:03 [INFO] Cache cleared successfully
2025-07-15 20:52:22 [INFO] Cache cleared successfully
2025-07-15 01:41:10 [WARNING] Failed login attempt for user: diana. Retrying...
2025-07-15 18:25:22 [WARNING] Configuration file deprecated: report.pdf
2025-07-15 11:29:11 [INFO] File uploaded: report.pdf
2025-07-15 10:18:12 [WARNING] Slow query detected: execution time 2762ms
2025-07-15 19:27:30 [INFO] Service auth started
2025-07-15 09:01:08 [WARNING] High memory usage detected
2025-07-15 23:17:36 [INFO] User login successful for user: bob
2025-07-15 02:01:26 [WARNING] High memory usage detected
2025-07-15 03:45:46 [INFO] Scheduled backup completed successfully
2025-07-15 03:07:59 [DEBUG] Entering function send_email with arguments: 2
2025-07-15 03:38:49 [INFO] Database connection established
2025-07-15 17:01:04 [INFO] Database connection established
2025-07-15 09:07:43 [INFO] User login successful for user: bob
2025-07-15 19:22:50 [WARNING] Slow query detected: execution time 541ms
2025-07-15 13:01:54 [INFO] Scheduled backup completed successfully
2025-07-15 04:47:54 [INFO] Service auth started
2025-07-15 18:06:43 [INFO] Database connection established
2025-07-15 01:41:21 [ERROR] Database connection lost
2025-07-15 12:44:45 [ERROR] File write failed: report.pdf
2025-07-15 05:08:11 [INFO] Scheduled backup completed successfully
2025-07-15 02:38:16 [INFO] Cache cleared successfully
2025-07-15 07:39:14 [INFO] Database connection established
2025-07-15 07:52:56 [WARNING] Disk space low: 2697 remaining
2025-07-15 19:00:17 [DEBUG] Entering function process_payment with arguments: 8
2025-07-15 23:56:48 [WARNING] API response time exceeded threshold
2025-07-15 21:50:00 [ERROR] File write failed: config.yml
2025-07-15 03:35:08 [DEBUG] Temporary file created at: backup.zip
2025-07-15 06:13:16 [WARNING] Configuration file deprecated: config.yml
2025-07-15 06:04:24 [INFO] File uploaded: config.yml
2025-07-15 22:03:09 [WARNING] API response time exceeded threshold
2025-07-15 04:14:25 [WARNING] Disk space low: 4646 remaining
2025-07-15 13:07:49 [ERROR] Email sending failed to recipient: user@gmail.com
2025-07-15 20:50:00 [INFO] User login successful for user: diana
2025-07-15 21:01:11 [INFO] File uploaded: backup.zip
2025-07-15 23:03:25 [WARNING] Disk space low: 4162 remaining
2025-07-15 18:22:44 [WARNING] Disk space low: 1677 remaining
2025-07-15 03:00:39 [WARNING] Disk space low: 3756 remaining
2025-07-15 20:44:15 [ERROR] Database connection lost
2025-07-15 22:31:49 [INFO] User login successful for user: alice
2025-07-15 09:59:38 [ERROR] File write failed: data.csv
2025-07-15 01:14:03 [ERROR] Service payment crashed
2025-07-15 00:40:02 [INFO] File uploaded: backup.zip
2025-07-15 08:04:37 [INFO] File uploaded: data.csv
2025-07-15 11:33:41 [INFO] Scheduled backup completed successfully
2025-07-15 00:31:41 [ERROR] Database connection lost
2025-07-15 07:12:06 [INFO] Service notification started
2025-07-15 17:58:42 [INFO] Database connection established
2025-07-15 05:09:37 [DEBUG] Variable x has value: 4609
2025-07-15 14:44:59 [WARNING] Slow query detected: execution time 565ms
2025-07-15 03:50:43 [INFO] File uploaded: data.csv
2025-07-15 19:38:49 [INFO] File uploaded: data.csv
2025-07-15 20:03:43 [ERROR] Service payment crashed
2025-07-15 14:03:36 [DEBUG] Entering function send_email with arguments: 4
2025-07-15 06:33:50 [INFO] Cache cleared successfully
2025-07-15 03:31:21 [INFO] Service payment started
2025-07-15 09:12:25 [ERROR] Database connection lost
2025-07-15 02:30:07 [INFO] User login successful for user: charlie
2025-07-15 03:16:19 [INFO] Service payment started
2025-07-15 20:38:57 [ERROR] Database connection lost
2025-07-15 14:51:07 [WARNING] Failed login attempt for user: alice. Retrying...
2025-07-15 09:48:14 [INFO] Service payment started
2025-07-15 07:33:32 [WARNING] Disk space low: 433 remaining
2025-07-15 12:31:50 [INFO] Service auth started
2025-07-15 19:33:52 [INFO] Database connection established
2025-07-15 14:16:10 [WARNING] High memory usage detected
2025-07-15 23:36:22 [WARNING] Disk space low: 4166 remaining
2025-07-15 17:15:42 [INFO] File uploaded: backup.zip
2025-07-15 10:34:01 [INFO] Scheduled backup completed successfully
2025-07-15 22:58:05 [INFO] User login successful for user: charlie
2025-07-15 01:03:19 [INFO] Service payment started
2025-07-15 12:12:38 [ERROR] File write failed: config.yml
2025-07-15 09:46:51 [INFO] Database connection established
2025-07-15 14:53:28 [WARNING] Slow query detected: execution time 3928ms
2025-07-15 10:41:45 [INFO] Cache cleared successfully
2025-07-15 08:04:13 [INFO] User login successful for user: alice
2025-07-15 22:05:16 [WARNING] Second failed login attempt for user: diana. Next attempt will ERROR. Retrying...
2025-07-15 11:13:56 [WARNING] Configuration file deprecated: data.csv
2025-07-15 11:50:39 [ERROR] Database connection lost
2025-07-15 02:51:20 [INFO] File uploaded: config.yml
2025-07-15 18:15:54 [INFO] Service notification started
2025-07-15 03:30:08 [ERROR] Email sending failed to recipient: support@amazon.com
2025-07-15 19:11:12 [ERROR] Deadlock detected in transaction ID 3017
2025-07-15 00:57:50 [INFO] Database connection established
2025-07-15 04:31:14 [ERROR] Database connection lost
2025-07-15 08:55:17 [ERROR] Email sending failed to recipient: user@gmail.com
2025-07-15 13:39:52 [INFO] Service auth started
2025-07-15 22:56:31 [DEBUG] Session token generated for user: bob
2025-07-15 16:05:25 [WARNING] Second failed login attempt for user: alice. Next attempt will ERROR. Retrying...
2025-07-15 05:32:53 [ERROR] Deadlock detected in transaction ID 3271
2025-07-15 03:46:20 [INFO] File uploaded: config.yml
2025-07-15 07:08:00 [INFO] File uploaded: data.csv
2025-07-15 16:07:22 [ERROR] Database connection lost
2025-07-15 21:21:42 [ERROR] Database connection lost
2025-07-15 20:41:14 [INFO] Scheduled backup completed successfully
2025-07-15 04:49:19 [INFO] File uploaded: config.yml
2025-07-15 10:47:51 [WARNING] Second failed login attempt for user: bob. Next attempt will ERROR. Retrying...
2025-07-15 20:55:27 [INFO] Cache cleared successfully
2025-07-15 08:53:56 [INFO] Scheduled backup completed successfully
2025-07-15 05:35:19 [DEBUG] Variable x has value: 773
2025-07-15 18:46:32 [ERROR] Database connection lost
2025-07-15 19:13:46 [INFO] File uploaded: report.pdf
2025-07-15 01:25:00 [INFO] Service inventory started
2025-07-15 21:38:00 [INFO] Cache cleared successfully
2025-07-15 08:46:08 [ERROR] Unhandled exception: FileNotFoundError
2025-07-15 20:46:50 [INFO] File uploaded: backup.zip
2025-07-15 04:28:54 [INFO] User login successful for user: diana
2025-07-15 17:58:00 [INFO] Cache cleared successfully
2025-07-15 20:40:41 [WARNING] Second failed login attempt for user: eve. Next attempt will ERROR. Retrying...
2025-07-15 22:47:20 [INFO] Service payment started
2025-07-15 00:09:31 [INFO] File uploaded: data.csv
2025-07-15 12:12:12 [INFO] Service inventory started
2025-07-15 14:49:15 [WARNING] Disk space low: 1553 remaining
2025-07-15 18:36:01 [INFO] Service inventory started
2025-07-15 19:53:13 [INFO] Scheduled backup completed successfully
2025-07-15 20:39:07 [INFO] Scheduled backup completed successfully
2025-07-15 19:56:49 [WARNING] Slow query detected: execution time 1497ms
2025-07-15 04:35:42 [DEBUG] Entering function generate_report with arguments: 4
2025-07-15 07:14:34 [INFO] User login successful for user: bob
2025-07-15 21:30:46 [ERROR] Deadlock detected in transaction ID 1897
2025-07-15 23:58:11 [INFO] Database connection established
2025-07-15 08:56:52 [INFO] Scheduled backup completed successfully
2025-07-15 03:28:49 [WARNING] API response time exceeded threshold
2025-07-15 09:07:18 [INFO] User login successful for user: charlie
2025-07-15 23:21:50 [INFO] User login successful for user: diana
2025-07-15 13:43:17 [INFO] Scheduled backup completed successfully
2025-07-15 23:06:20 [INFO] File uploaded: backup.zip
2025-07-15 05:01:04 [WARNING] API response time exceeded threshold
2025-07-15 08:05:59 [ERROR] Email sending failed to recipient: support@amazon.com
2025-07-15 13:40:09 [ERROR] Deadlock detected in transaction ID 4179
2025-07-15 13:12:32 [INFO] Scheduled backup completed successfully
2025-07-15 00:02:56 [WARNING] Configuration file deprecated: config.yml
2025-07-15 16:51:30 [INFO] Scheduled backup completed successfully
2025-07-15 17:57:03 [ERROR] Email sending failed to recipient: support@amazon.com
2025-07-15 23:43:13 [INFO] Cache cleared successfully
2025-07-15 12:52:42 [ERROR] Deadlock detected in transaction ID 2700
2025-07-15 07:58:22 [INFO] User login successful for user: bob
2025-07-15 00:34:56 [INFO] Service auth started
2025-07-15 15:31:51 [ERROR] Database connection lost
2025-07-15 16:00:22 [INFO] Database connection established
2025-07-15 21:33:50 [WARNING] Disk space low: 3250 remaining
2025-07-15 06:05:31 [INFO] User login successful for user: charlie
2025-07-15 21:15:36 [ERROR] Database connection lost
2025-07-15 14:20:09 [ERROR] Email sending failed to recipient: support@amazon.com
2025-07-15 04:03:48 [INFO] File uploaded: config.yml
2025-07-15 16:38:31 [WARNING] High memory usage detected
2025-07-15 05:09:51 [ERROR] File write failed: backup.zip
2025-07-15 11:06:09 [INFO] File uploaded: data.csv
2025-07-15 11:20:14 [ERROR] Service auth crashed
2025-07-15 22:24:31 [ERROR] Email sending failed to recipient: support@amazon.com
2025-07-15 12:28:58 [INFO] Service payment started
2025-07-15 10:18:58 [INFO] User login successful for user: diana
2025-07-15 13:14:54 [ERROR] File write failed: backup.zip
2025-07-15 15:32:11 [INFO] Database connection established
2025-07-15 15:37:26 [ERROR] Unhandled exception: FileNotFoundError
2025-07-15 06:59:09 [INFO] File uploaded: report.pdf
2025-07-15 01:00:15 [INFO] Service notification started
2025-07-15 05:00:45 [ERROR] Unhandled exception: NullPointerException
2025-07-15 23:57:02 [WARNING] Disk space low: 4218 remaining
2025-07-15 11:52:42 [INFO] Service notification started
2025-07-15 10:44:36 [DEBUG] Entering function send_email with arguments: 5
2025-07-15 13:15:57 [INFO] Scheduled backup completed successfully
2025-07-15 01:33:29 [ERROR] Database connection lost
2025-07-15 19:14:45 [INFO] Cache cleared successfully
2025-07-15 06:32:08 [INFO] Service auth started
2025-07-15 01:49:42 [INFO] Service notification started
2025-07-15 11:21:58 [INFO] Scheduled backup completed successfully
2025-07-15 02:45:22 [INFO] User login successful for user: diana
2025-07-15 10:20:14 [WARNING] Disk space low: 4885 remaining
2025-07-15 23:47:25 [INFO] Scheduled backup completed successfully
2025-07-15 00:33:50 [INFO] Cache cleared successfully
2025-07-15 13:49:47 [INFO] Cache cleared successfully
2025-07-15 21:12:02 [INFO] Database connection established
2025-07-15 13:33:54 [DEBUG] Temporary file created at: report.pdf
2025-07-15 12:59:33 [INFO] Service notification started
2025-07-15 12:31:20 [WARNING] Failed login attempt for user: bob. Retrying...
2025-07-15 08:26:54 [INFO] User login successful for user: charlie
2025-07-15 01:19:09 [DEBUG] Variable x has value: 621
2025-07-15 21:30:08 [ERROR] Email sending failed to recipient: admin@google.com
2025-07-15 22:46:27 [INFO] Scheduled backup completed successfully
2025-07-15 06:14:48 [ERROR] Unhandled exception: TimeoutError
2025-07-15 12:29:58 [INFO] User login successful for user: charlie
2025-07-15 09:08:19 [INFO] File uploaded: data.csv
2025-07-15 12:21:27 [INFO] Scheduled backup completed successfully
2025-07-15 06:26:40 [INFO] File uploaded: data.csv
2025-07-15 00:31:28 [INFO] Service payment started
2025-07-15 22:32:17 [INFO] User login successful for user: diana
2025-07-15 01:22:58 [INFO] Database connection established
2025-07-15 18:18:26 [INFO] Cache cleared successfully
2025-07-15 23:39:26 [INFO] Database connection established
2025-07-15 13:13:43 [ERROR] Deadlock detected in transaction ID 3098
2025-07-15 09:14:59 [ERROR] Deadlock detected in transaction ID 2792
2025-07-15 17:55:53 [ERROR] Database connection lost
2025-07-15 04:02:48 [WARNING] High memory usage detected
2025-07-15 23:28:20 [INFO] Scheduled backup completed successfully
2025-07-15 21:00:09 [INFO] File uploaded: config.yml
2025-07-15 02:11:04 [INFO] File uploaded: data.csv
2025-07-15 00:21:31 [INFO] User login successful for user: bob
2025-07-15 23:27:20 [INFO] File uploaded: data.csv
2025-07-15 18:11:57 [WARNING] Slow query detected: execution time 4714ms
2025-07-15 02:19:35 [INFO] Database connection established
2025-07-15 16:09:03 [DEBUG] Session token generated for user: charlie
2025-07-15 17:43:13 [INFO] Service notification started
2025-07-15 18:28:09 [INFO] User login successful for user: diana
2025-07-15 14:10:24 [INFO] Service inventory started
2025-07-15 13:10:28 [DEBUG] Query executed: SELECT * FROM users
2025-07-15 01:03:45 [ERROR] Service auth crashed
2025-07-15 08:03:23 [ERROR] Email sending failed to recipient: support@amazon.com
2025-07-15 05:25:21 [INFO] File uploaded: report.pdf
