2025-08-12 14:19:56 [WARNING] Disk space low: 2740 remaining
2025-08-12 10:47:49 [INFO] Scheduled backup completed successfully
2025-08-12 08:56:53 [INFO] Database connection established
2025-08-12 06:31:19 [INFO] Scheduled backup completed successfully
2025-08-12 04:26:16 [ERROR] Deadlock detected in transaction ID 4839
2025-08-12 09:53:13 [INFO] Service notification started
2025-08-12 02:05:52 [WARNING] API response time exceeded threshold
2025-08-12 10:42:29 [INFO] Database connection established
2025-08-12 16:00:56 [ERROR] Deadlock detected in transaction ID 1209
2025-08-12 02:56:16 [ERROR] Unhandled exception: TimeoutError
2025-08-12 15:34:29 [INFO] User login successful for user: charlie
2025-08-12 17:24:37 [WARNING] Disk space low: 3064 remaining
2025-08-12 03:27:10 [DEBUG] Session token generated for user: alice
2025-08-12 00:07:45 [WARNING] Slow query detected: execution time 2559ms
2025-08-12 23:07:34 [WARNING] API response time exceeded threshold
2025-08-12 15:31:09 [INFO] User login successful for user: eve
2025-08-12 15:49:37 [INFO] File uploaded: backup.zip
2025-08-12 10:52:54 [INFO] Cache cleared successfully
2025-08-12 10:17:05 [WARNING] High memory usage detected
2025-08-12 23:21:53 [ERROR] Database connection lost
2025-08-12 16:58:56 [ERROR] Database connection lost
2025-08-12 05:49:16 [DEBUG] Entering function send_email with arguments: 2
2025-08-12 07:43:16 [INFO] Database connection established
2025-08-12 21:37:55 [DEBUG] Variable x has value: 3945
2025-08-12 03:50:03 [WARNING] API response time exceeded threshold
2025-08-12 11:03:52 [INFO] Service inventory started
2025-08-12 21:53:06 [INFO] Database connection established
2025-08-12 20:56:50 [INFO] Database connection established
2025-08-12 03:56:28 [WARNING] Configuration file deprecated: data.csv
2025-08-12 12:31:03 [WARNING] Disk space low: 3822 remaining
2025-08-12 12:06:29 [INFO] Service auth started
2025-08-12 07:33:56 [INFO] Database connection established
2025-08-12 03:19:35 [WARNING] Disk space low: 1105 remaining
2025-08-12 06:52:23 [ERROR] Email sending failed to recipient: admin@google.com
2025-08-12 00:18:00 [INFO] File uploaded: report.pdf
2025-08-12 23:56:18 [INFO] User login successful for user: alice
2025-08-12 23:57:27 [WARNING] Second failed login attempt for user: diana. Next attempt will ERROR. Retrying...
2025-08-12 06:58:32 [INFO] Cache cleared successfully
2025-08-12 01:11:05 [INFO] Database connection established
2025-08-12 13:14:56 [INFO] File uploaded: report.pdf
2025-08-12 03:47:17 [ERROR] Database connection lost
2025-08-12 20:30:48 [INFO] Scheduled backup completed successfully
2025-08-12 05:52:12 [INFO] User login successful for user: diana
2025-08-12 14:38:42 [ERROR] Email sending failed to recipient: admin@google.com
2025-08-12 03:06:35 [INFO] User login successful for user: diana
2025-08-12 13:32:46 [ERROR] File write failed: data.csv
2025-08-12 02:25:36 [WARNING] Configuration file deprecated: report.pdf
2025-08-12 23:28:16 [INFO] Service notification started
2025-08-12 22:26:10 [INFO] Database connection established
2025-08-12 20:38:43 [INFO] User login successful for user: bob
2025-08-12 11:37:34 [INFO] Scheduled backup completed successfully
2025-08-12 02:17:02 [INFO] Database connection established
2025-08-12 17:10:32 [DEBUG] Session token generated for user: eve
2025-08-12 16:34:06 [INFO] File uploaded: config.yml
2025-08-12 08:46:53 [WARNING] Failed login attempt for user: alice. Retrying...
2025-08-12 15:19:49 [INFO] File uploaded: report.pdf
2025-08-12 14:18:57 [ERROR] Deadlock detected in transaction ID 3226
2025-08-12 21:42:08 [ERROR] Service inventory crashed
2025-08-12 14:49:36 [WARNING] High memory usage detected
2025-08-12 01:13:22 [INFO] Cache cleared successfully
2025-08-12 01:46:41 [ERROR] Deadlock detected in transaction ID 3484
2025-08-12 12:43:43 [WARNING] Slow query detected: execution time 3245ms
2025-08-12 17:16:25 [DEBUG] Query executed: UPDATE orders SET status='shipped' WHERE id=42
2025-08-12 19:26:37 [INFO] Scheduled backup completed successfully
2025-08-12 02:29:16 [WARNING] Disk space low: 4189 remaining
2025-08-12 22:54:44 [INFO] Cache cleared successfully
2025-08-12 17:42:24 [INFO] File uploaded: report.pdf
2025-08-12 11:40:33 [WARNING] API response time exceeded threshold
2025-08-12 01:11:18 [INFO] User login successful for user: eve
2025-08-12 04:45:09 [ERROR] Service payment crashed
2025-08-12 11:16:24 [ERROR] Unhandled exception: FileNotFoundError
2025-08-12 02:35:15 [ERROR] Service inventory crashed
2025-08-12 16:29:44 [INFO] Cache cleared successfully
2025-08-12 03:36:43 [INFO] Service inventory started
2025-08-12 17:49:04 [INFO] Cache cleared successfully
2025-08-12 16:04:00 [INFO] Database connection established
2025-08-12 02:55:53 [ERROR] Unhandled exception: NullPointerException
2025-08-12 13:01:00 [WARNING] Second failed login attempt for user: alice. Next attempt will ERROR. Retrying...
2025-08-12 02:05:47 [INFO] File uploaded: report.pdf
2025-08-12 08:56:21 [INFO] Cache cleared successfully
2025-08-12 07:52:37 [INFO] File uploaded: config.yml
2025-08-12 04:08:16 [INFO] Scheduled backup completed successfully
2025-08-12 17:21:29 [INFO] Service notification started
2025-08-12 13:46:34 [WARNING] Disk space low: 3573 remaining
2025-08-12 22:19:13 [INFO] User login successful for user: charlie
2025-08-12 04:53:22 [INFO] Scheduled backup completed successfully
2025-08-12 07:44:26 [DEBUG] Variable x has value: 608
2025-08-12 00:45:49 [WARNING] High memory usage detected
2025-08-12 17:40:32 [WARNING] Failed login attempt for user: eve. Retrying...
2025-08-12 23:57:25 [INFO] Database connection established
2025-08-12 11:35:29 [INFO] Database connection established
2025-08-12 02:54:24 [INFO] Scheduled backup completed successfully
2025-08-12 18:58:43 [ERROR] Unhandled exception: TimeoutError
2025-08-12 22:02:22 [INFO] Scheduled backup completed successfully
2025-08-12 23:02:58 [INFO] Service auth started
2025-08-12 00:24:28 [INFO] Service auth started
2025-08-12 17:16:32 [INFO] Scheduled backup completed successfully
2025-08-12 00:04:05 [INFO] User login successful for user: charlie
2025-08-12 02:12:30 [INFO] Cache cleared successfully
2025-08-12 15:01:58 [INFO] File uploaded: backup.zip
2025-08-12 16:15:09 [INFO] Database connection established
2025-08-12 06:35:54 [WARNING] Configuration file deprecated: data.csv
2025-08-12 19:59:12 [ERROR] Email sending failed to recipient: admin@google.com
2025-08-12 12:29:05 [INFO] Service notification started
2025-08-12 04:42:15 [INFO] User login successful for user: diana
2025-08-12 23:21:00 [ERROR] Service notification crashed
2025-08-12 08:40:07 [INFO] Scheduled backup completed successfully
2025-08-12 10:13:29 [ERROR] Unhandled exception: FileNotFoundError
2025-08-12 14:50:32 [ERROR] Email sending failed to recipient: admin@google.com
2025-08-12 15:00:42 [WARNING] API response time exceeded threshold
2025-08-12 03:45:46 [ERROR] Database connection lost
2025-08-12 21:52:08 [INFO] Cache cleared successfully
2025-08-12 09:17:53 [ERROR] Email sending failed to recipient: user@gmail.com
2025-08-12 09:29:55 [ERROR] File write failed: config.yml
2025-08-12 14:32:49 [WARNING] Disk space low: 3406 remaining
2025-08-12 04:41:47 [INFO] User login successful for user: eve
2025-08-12 12:49:25 [WARNING] Slow query detected: execution time 3675ms
2025-08-12 07:52:24 [INFO] Scheduled backup completed successfully
2025-08-12 16:27:27 [ERROR] Database connection lost
2025-08-12 00:31:58 [INFO] File uploaded: data.csv
2025-08-12 09:54:44 [INFO] User login successful for user: bob
2025-08-12 12:47:05 [WARNING] Failed login attempt for user: alice. Retrying...
2025-08-12 15:39:10 [ERROR] Unhandled exception: NullPointerException
2025-08-12 16:38:02 [ERROR] Deadlock detected in transaction ID 4155
2025-08-12 14:01:24 [INFO] Scheduled backup completed successfully
2025-08-12 17:23:37 [ERROR] Email sending failed to recipient: support@amazon.com
2025-08-12 22:09:42 [ERROR] Unhandled exception: FileNotFoundError
2025-08-12 23:31:35 [INFO] Scheduled backup completed successfully
2025-08-12 20:19:17 [INFO] Database connection established
2025-08-12 07:42:11 [INFO] Database connection established
2025-08-12 13:49:36 [INFO] File uploaded: config.yml
2025-08-12 05:42:39 [INFO] Cache cleared successfully
2025-08-12 06:08:42 [WARNING] Failed login attempt for user: diana. Retrying...
2025-08-12 07:09:58 [INFO] Database connection established
2025-08-12 10:42:32 [INFO] File uploaded: config.yml
2025-08-12 03:30:25 [WARNING] Second failed login attempt for user: eve. Next attempt will ERROR. Retrying...
2025-08-12 01:46:20 [INFO] Database connection established
2025-08-12 23:14:32 [INFO] Service inventory started
2025-08-12 22:06:33 [INFO] Cache cleared successfully
2025-08-12 12:35:01 [INFO] File uploaded: report.pdf
2025-08-12 07:24:42 [DEBUG] Query executed: SELECT * FROM users
2025-08-12 16:25:00 [INFO] Scheduled backup completed successfully
2025-08-12 23:07:05 [WARNING] API response time exceeded threshold
2025-08-12 16:18:10 [INFO] User login successful for user: charlie
2025-08-12 12:34:11 [INFO] Database connection established
2025-08-12 10:48:38 [WARNING] Second failed login attempt for user: diana. Next attempt will ERROR. Retrying...
2025-08-12 15:18:44 [INFO] Database connection established
2025-08-12 13:27:56 [INFO] Scheduled backup completed successfully
2025-08-12 12:05:31 [INFO] File uploaded: backup.zip
2025-08-12 11:13:36 [INFO] Cache cleared successfully
2025-08-12 03:32:28 [INFO] Scheduled backup completed successfully
2025-08-12 05:46:16 [INFO] Cache cleared successfully
2025-08-12 15:09:59 [INFO] Scheduled backup completed successfully
2025-08-12 20:13:09 [INFO] Cache cleared successfully
2025-08-12 17:14:09 [ERROR] Database connection lost
2025-08-12 06:38:22 [INFO] Scheduled backup completed successfully
2025-08-12 07:26:33 [INFO] File uploaded: config.yml
2025-08-12 06:32:45 [INFO] Scheduled backup completed successfully
2025-08-12 04:50:45 [ERROR] Unhandled exception: FileNotFoundError
2025-08-12 12:06:16 [WARNING] Failed login attempt for user: alice. Retrying...
2025-08-12 11:59:33 [INFO] Scheduled backup completed successfully
2025-08-12 12:38:46 [INFO] File uploaded: report.pdf
2025-08-12 03:39:39 [INFO] Cache cleared successfully
2025-08-12 05:21:47 [INFO] Cache cleared successfully
2025-08-12 05:49:35 [INFO] User login successful for user: diana
2025-08-12 21:39:08 [ERROR] Database connection lost
2025-08-12 13:28:10 [INFO] Service auth started
2025-08-12 22:04:40 [INFO] Database connection established
2025-08-12 08:24:12 [INFO] Service notification started
2025-08-12 03:48:30 [INFO] Database connection established
2025-08-12 00:25:32 [INFO] File uploaded: config.yml
2025-08-12 07:09:57 [DEBUG] Temporary file created at: config.yml
2025-08-12 23:37:25 [INFO] Service payment started
2025-08-12 12:55:48 [INFO] Database connection established
2025-08-12 08:19:17 [WARNING] Slow query detected: execution time 910ms
2025-08-12 18:33:14 [WARNING] Disk space low: 3453 remaining
2025-08-12 23:05:03 [DEBUG] Query executed: UPDATE orders SET status='shipped' WHERE id=42
2025-08-12 11:42:58 [ERROR] Deadlock detected in transaction ID 28
2025-08-12 19:53:39 [INFO] User login successful for user: eve
2025-08-12 11:25:06 [INFO] Service notification started
2025-08-12 11:52:37 [ERROR] Service payment crashed
2025-08-12 01:00:21 [INFO] Cache cleared successfully
2025-08-12 11:39:25 [INFO] Scheduled backup completed successfully
2025-08-12 07:45:53 [INFO] File uploaded: backup.zip
2025-08-12 07:10:20 [ERROR] Deadlock detected in transaction ID 1498
2025-08-12 15:18:39 [INFO] File uploaded: report.pdf
2025-08-12 02:40:57 [INFO] Scheduled backup completed successfully
2025-08-12 14:35:25 [WARNING] Slow query detected: execution time 4952ms
2025-08-12 21:38:31 [WARNING] High memory usage detected
2025-08-12 12:32:43 [WARNING] Configuration file deprecated: data.csv
2025-08-12 02:06:43 [INFO] Cache cleared successfully
2025-08-12 00:24:10 [WARNING] API response time exceeded threshold
2025-08-12 17:24:13 [WARNING] Disk space low: 3764 remaining
2025-08-12 06:08:24 [ERROR] Service inventory crashed
2025-08-12 23:18:35 [WARNING] API response time exceeded threshold
2025-08-12 23:01:13 [WARNING] Failed login attempt for user: bob. Retrying...
2025-08-12 17:33:56 [INFO] Service payment started
2025-08-12 10:18:28 [INFO] User login successful for user: charlie
2025-08-12 08:59:50 [INFO] Database connection established
2025-08-12 05:04:43 [ERROR] Service inventory crashed
2025-08-12 11:52:59 [INFO] User login successful for user: charlie
2025-08-12 20:55:18 [DEBUG] Session token generated for user: eve
2025-08-12 18:59:33 [INFO] File uploaded: config.yml
2025-08-12 12:32:45 [INFO] File uploaded: config.yml
2025-08-12 08:29:49 [INFO] Service auth started
2025-08-12 06:07:28 [INFO] Scheduled backup completed successfully
2025-08-12 06:48:28 [WARNING] Slow query detected: execution time 537ms
2025-08-12 05:09:50 [INFO] Service inventory started
2025-08-12 23:58:54 [ERROR] Deadlock detected in transaction ID 4769
2025-08-12 13:17:04 [INFO] Cache cleared successfully
2025-08-12 04:56:07 [DEBUG] Temporary file created at: data.csv
2025-08-12 11:23:04 [INFO] User login successful for user: eve
2025-08-12 21:58:27 [WARNING] Slow query detected: execution time 4498ms
2025-08-12 18:23:26 [WARNING] API response time exceeded threshold
2025-08-12 19:41:33 [WARNING] Configuration file deprecated: report.pdf
2025-08-12 04:52:22 [WARNING] Slow query detected: execution time 4359ms
2025-08-12 10:43:44 [INFO] User login successful for user: bob
2025-08-12 06:13:04 [INFO] Service inventory started
2025-08-12 00:01:57 [INFO] Database connection established
2025-08-12 11:08:15 [INFO] Service inventory started
2025-08-12 06:43:07 [INFO] Database connection established
2025-08-12 21:59:09 [INFO] Database connection established
2025-08-12 15:41:27 [WARNING] Second failed login attempt for user: charlie. Next attempt will ERROR. Retrying...
2025-08-12 04:29:27 [ERROR] Deadlock detected in transaction ID 2973
2025-08-12 04:16:55 [WARNING] High memory usage detected
2025-08-12 01:45:59 [WARNING] High memory usage detected
2025-08-12 19:39:09 [INFO] Database connection established
2025-08-12 20:47:44 [ERROR] Unhandled exception: FileNotFoundError
2025-08-12 19:59:39 [WARNING] Disk space low: 3830 remaining
2025-08-12 08:40:29 [INFO] File uploaded: report.pdf
2025-08-12 05:58:04 [ERROR] Database connection lost
2025-08-12 00:04:24 [ERROR] Database connection lost
2025-08-12 16:25:46 [INFO] User login successful for user: alice
2025-08-12 16:59:42 [WARNING] High memory usage detected
2025-08-12 16:56:36 [INFO] Scheduled backup completed successfully
2025-08-12 14:53:06 [INFO] Scheduled backup completed successfully
2025-08-12 23:08:04 [WARNING] Disk space low: 1857 remaining
2025-08-12 00:10:50 [INFO] Database connection established
2025-08-12 00:54:10 [INFO] User login successful for user: diana
2025-08-12 19:10:50 [INFO] User login successful for user: diana
2025-08-12 13:12:54 [INFO] Database connection established
2025-08-12 00:31:13 [ERROR] Unhandled exception: TimeoutError
2025-08-12 10:37:39 [INFO] Service payment started
2025-08-12 11:54:20 [ERROR] Database connection lost
2025-08-12 13:47:51 [INFO] Database connection established
2025-08-12 10:09:05 [ERROR] Database connection lost
2025-08-12 17:49:49 [DEBUG] Query executed: UPDATE orders SET status='shipped' WHERE id=42
2025-08-12 09:37:03 [INFO] User login successful for user: charlie
2025-08-12 14:07:18 [INFO] File uploaded: report.pdf
2025-08-12 15:43:59 [INFO] Database connection established
2025-08-12 01:01:52 [INFO] Scheduled backup completed successfully
2025-08-12 16:17:54 [WARNING] Disk space low: 763 remaining
2025-08-12 08:25:45 [INFO] User login successful for user: diana
2025-08-12 07:45:38 [ERROR] Unhandled exception: NullPointerException
2025-08-12 13:48:35 [INFO] Scheduled backup completed successfully
2025-08-12 04:12:16 [WARNING] API response time exceeded threshold
2025-08-12 00:41:28 [INFO] Cache cleared successfully
2025-08-12 15:48:57 [WARNING] High memory usage detected
2025-08-12 15:30:59 [DEBUG] Temporary file created at: data.csv
2025-08-12 13:06:29 [INFO] User login successful for user: alice
2025-08-12 07:15:36 [INFO] Scheduled backup completed successfully
2025-08-12 12:28:44 [INFO] File uploaded: report.pdf
2025-08-12 12:49:03 [WARNING] Slow query detected: execution time 2134ms
2025-08-12 00:34:18 [INFO] User login successful for user: eve
2025-08-12 23:21:09 [ERROR] Email sending failed to recipient: user@gmail.com
2025-08-12 16:40:50 [INFO] Database connection established
2025-08-12 11:56:32 [ERROR] Database connection lost
2025-08-12 22:37:32 [WARNING] Configuration file deprecated: data.csv
2025-08-12 21:50:33 [INFO] File uploaded: data.csv
2025-08-12 07:45:06 [INFO] Cache cleared successfully
2025-08-12 13:43:23 [WARNING] API response time exceeded threshold
2025-08-12 12:14:30 [WARNING] Slow query detected: execution time 4015ms
2025-08-12 14:05:16 [INFO] File uploaded: report.pdf
2025-08-12 07:03:05 [INFO] User login successful for user: bob
2025-08-12 19:37:28 [INFO] Service notification started
2025-08-12 04:35:06 [INFO] File uploaded: config.yml
2025-08-12 07:19:07 [INFO] User login successful for user: diana
2025-08-12 20:16:50 [WARNING] High memory usage detected
2025-08-12 16:22:41 [ERROR] Deadlock detected in transaction ID 979
2025-08-12 02:21:04 [INFO] Service payment started
2025-08-12 16:52:30 [INFO] Service notification started
2025-08-12 02:30:46 [ERROR] Service inventory crashed
2025-08-12 13:48:16 [WARNING] High memory usage detected
2025-08-12 22:10:46 [INFO] File uploaded: data.csv
2025-08-12 20:45:58 [WARNING] Disk space low: 2097 remaining
2025-08-12 23:56:07 [INFO] Database connection established
2025-08-12 21:18:12 [WARNING] Configuration file deprecated: data.csv
2025-08-12 15:14:22 [ERROR] Service payment crashed
2025-08-12 06:17:06 [ERROR] File write failed: backup.zip
2025-08-12 12:22:23 [INFO] Cache cleared successfully
2025-08-12 03:32:46 [INFO] Scheduled backup completed successfully
2025-08-12 11:16:57 [INFO] User login successful for user: alice
2025-08-12 22:41:18 [DEBUG] Temporary file created at: backup.zip
2025-08-12 00:23:11 [INFO] Cache cleared successfully
2025-08-12 17:38:51 [INFO] Scheduled backup completed successfully
2025-08-12 09:23:06 [ERROR] Email sending failed to recipient: support@amazon.com
2025-08-12 18:36:58 [ERROR] Email sending failed to recipient: admin@google.com
2025-08-12 23:31:36 [ERROR] Deadlock detected in transaction ID 4912
2025-08-12 05:21:23 [WARNING] Configuration file deprecated: data.csv
2025-08-12 10:52:59 [INFO] Cache cleared successfully
2025-08-12 08:01:59 [INFO] Service auth started
2025-08-12 20:32:42 [ERROR] Database connection lost
2025-08-12 13:36:27 [INFO] Scheduled backup completed successfully
2025-08-12 06:15:55 [WARNING] Failed login attempt for user: alice. Retrying...
2025-08-12 11:07:43 [INFO] Service auth started
2025-08-12 11:08:10 [ERROR] Deadlock detected in transaction ID 4028
2025-08-12 10:00:23 [INFO] File uploaded: data.csv
2025-08-12 10:28:27 [WARNING] Second failed login attempt for user: charlie. Next attempt will ERROR. Retrying...
2025-08-12 12:04:09 [WARNING] API response time exceeded threshold
2025-08-12 05:34:08 [INFO] User login successful for user: alice
2025-08-12 07:17:24 [INFO] User login successful for user: bob
2025-08-12 05:12:45 [WARNING] Slow query detected: execution time 2686ms
2025-08-12 15:06:43 [ERROR] Database connection lost
2025-08-12 05:45:51 [INFO] Database connection established
2025-08-12 16:56:24 [INFO] Database connection established
2025-08-12 11:48:42 [INFO] File uploaded: report.pdf
2025-08-12 17:04:05 [ERROR] Database connection lost
2025-08-12 13:08:28 [INFO] Scheduled backup completed successfully
2025-08-12 09:42:08 [WARNING] Configuration file deprecated: config.yml
2025-08-12 02:55:00 [INFO] User login successful for user: charlie
2025-08-12 00:57:29 [INFO] Cache cleared successfully
2025-08-12 10:31:12 [INFO] Service auth started
2025-08-12 08:57:31 [INFO] Service auth started
2025-08-12 15:32:46 [INFO] Scheduled backup completed successfully
2025-08-12 21:24:49 [DEBUG] Query executed: SELECT * FROM users
2025-08-12 21:50:43 [INFO] Scheduled backup completed successfully
2025-08-12 17:11:54 [INFO] Cache cleared successfully
2025-08-12 05:40:38 [INFO] Database connection established
2025-08-12 09:37:27 [INFO] Database connection established
2025-08-12 04:51:03 [INFO] Cache cleared successfully
2025-08-12 02:45:34 [INFO] Scheduled backup completed successfully
2025-08-12 09:50:20 [INFO] Scheduled backup completed successfully
2025-08-12 20:59:47 [WARNING] Failed login attempt for user: diana. Retrying...
2025-08-12 13:33:11 [ERROR] Unhandled exception: FileNotFoundError
2025-08-12 18:35:13 [WARNING] Slow query detected: execution time 1671ms
2025-08-12 03:20:34 [WARNING] API response time exceeded threshold
2025-08-12 00:07:10 [INFO] Scheduled backup completed successfully
2025-08-12 13:47:56 [WARNING] High memory usage detected
2025-08-12 08:34:04 [WARNING] Slow query detected: execution time 468ms
2025-08-12 17:14:02 [INFO] Database connection established
2025-08-12 22:40:57 [DEBUG] Entering function generate_report with arguments: 3
2025-08-12 08:06:12 [INFO] Cache cleared successfully
2025-08-12 06:46:15 [ERROR] Unhandled exception: TimeoutError
2025-08-12 03:39:08 [ERROR] File write failed: report.pdf
2025-08-12 00:26:34 [INFO] Service notification started
2025-08-12 09:07:58 [INFO] Database connection established
2025-08-12 00:34:19 [INFO] User login successful for user: diana
2025-08-12 16:32:30 [WARNING] Configuration file deprecated: report.pdf
2025-08-12 15:33:44 [INFO] Service notification started
2025-08-12 02:13:25 [INFO] File uploaded: config.yml
2025-08-12 15:42:02 [INFO] Service inventory started
2025-08-12 03:02:42 [INFO] User login successful for user: bob
2025-08-12 22:37:27 [INFO] File uploaded: data.csv
2025-08-12 02:41:35 [WARNING] Configuration file deprecated: config.yml
2025-08-12 16:56:38 [ERROR] Unhandled exception: NullPointerException
2025-08-12 15:07:36 [ERROR] File write failed: report.pdf
2025-08-12 15:01:58 [INFO] Scheduled backup completed successfully
2025-08-12 07:17:51 [WARNING] Failed login attempt for user: charlie. Retrying...
2025-08-12 11:55:00 [INFO] Database connection established
2025-08-12 22:25:18 [WARNING] Failed login attempt for user: diana. Retrying...
2025-08-12 00:38:56 [INFO] File uploaded: data.csv
2025-08-12 02:56:51 [INFO] Scheduled backup completed successfully
2025-08-12 09:59:22 [INFO] Service payment started
2025-08-12 21:37:06 [INFO] Cache cleared successfully
2025-08-12 17:19:44 [INFO] Cache cleared successfully
2025-08-12 07:24:17 [WARNING] Configuration file deprecated: backup.zip
2025-08-12 10:49:53 [INFO] File uploaded: backup.zip
2025-08-12 20:24:11 [WARNING] Failed login attempt for user: bob. Retrying...
2025-08-12 11:31:34 [WARNING] API response time exceeded threshold
2025-08-12 16:11:44 [INFO] Database connection established
2025-08-12 19:32:25 [INFO] Database connection established
2025-08-12 09:00:51 [INFO] Cache cleared successfully
2025-08-12 14:34:26 [INFO] File uploaded: backup.zip
2025-08-12 08:32:14 [WARNING] High memory usage detected
2025-08-12 11:48:44 [INFO] File uploaded: report.pdf
2025-08-12 07:11:55 [WARNING] Disk space low: 1455 remaining
2025-08-12 18:39:39 [INFO] Service auth started
2025-08-12 06:19:22 [WARNING] Configuration file deprecated: data.csv
2025-08-12 04:38:31 [INFO] User login successful for user: alice
2025-08-12 03:44:42 [INFO] File uploaded: config.yml
2025-08-12 17:52:15 [INFO] Scheduled backup completed successfully
2025-08-12 14:43:59 [INFO] File uploaded: data.csv
2025-08-12 17:36:16 [ERROR] Service auth crashed
2025-08-12 19:54:23 [INFO] File uploaded: data.csv
2025-08-12 14:58:50 [INFO] User login successful for user: eve
2025-08-12 01:00:06 [INFO] User login successful for user: diana
2025-08-12 07:10:42 [ERROR] Database connection lost
2025-08-12 15:25:21 [INFO] Cache cleared successfully
2025-08-12 15:18:44 [INFO] Cache cleared successfully
2025-08-12 19:57:43 [DEBUG] Query executed: UPDATE orders SET status='shipped' WHERE id=42
2025-08-12 20:14:16 [INFO] Database connection established
2025-08-12 21:04:53 [WARNING] Disk space low: 3515 remaining
2025-08-12 14:24:58 [ERROR] Email sending failed to recipient: user@gmail.com
2025-08-12 17:46:23 [INFO] Cache cleared successfully
2025-08-12 00:52:50 [ERROR] Deadlock detected in transaction ID 2506
2025-08-12 22:06:44 [ERROR] File write failed: config.yml
2025-08-12 02:22:47 [WARNING] Failed login attempt for user: alice. Retrying...
2025-08-12 10:53:54 [WARNING] High memory usage detected
2025-08-12 22:33:15 [INFO] Database connection established
2025-08-12 05:13:19 [WARNING] Second failed login attempt for user: diana. Next attempt will ERROR. Retrying...
2025-08-12 19:07:19 [WARNING] Disk space low: 1700 remaining
2025-08-12 11:35:16 [INFO] Database connection established
2025-08-12 21:45:37 [DEBUG] Query executed: UPDATE orders SET status='shipped' WHERE id=42
2025-08-12 19:48:54 [INFO] Service inventory started
2025-08-12 15:10:36 [INFO] User login successful for user: eve
2025-08-12 18:50:19 [INFO] User login successful for user: charlie
2025-08-12 03:30:31 [INFO] Cache cleared successfully
2025-08-12 08:08:42 [INFO] Scheduled backup completed successfully
2025-08-12 18:54:07 [ERROR] Unhandled exception: TimeoutError
2025-08-12 03:47:57 [WARNING] High memory usage detected
2025-08-12 13:43:03 [INFO] User login successful for user: bob
2025-08-12 15:19:27 [INFO] File uploaded: data.csv
2025-08-12 09:09:20 [INFO] User login successful for user: alice
2025-08-12 00:49:32 [WARNING] High memory usage detected
2025-08-12 20:44:35 [ERROR] Email sending failed to recipient: admin@google.com
2025-08-12 03:03:41 [WARNING] Slow query detected: execution time 3134ms
2025-08-12 15:48:05 [INFO] Service inventory started
2025-08-12 07:54:51 [WARNING] Disk space low: 99 remaining
2025-08-12 02:01:50 [ERROR] File write failed: data.csv
2025-08-12 16:55:26 [INFO] Service notification started
2025-08-12 05:23:31 [INFO] Scheduled backup completed successfully
2025-08-12 03:44:43 [INFO] Scheduled backup completed successfully
2025-08-12 10:32:28 [INFO] Service notification started
2025-08-12 19:12:05 [WARNING] Disk space low: 4554 remaining
2025-08-12 01:34:56 [INFO] Database connection established
2025-08-12 16:17:30 [INFO] Scheduled backup completed successfully
2025-08-12 03:34:26 [INFO] File uploaded: config.yml
2025-08-12 15:37:11 [WARNING] Slow query detected: execution time 4849ms
2025-08-12 12:21:02 [INFO] Database connection established
2025-08-12 19:29:18 [INFO] User login successful for user: eve
2025-08-12 15:41:22 [INFO] Cache cleared successfully
2025-08-12 02:04:46 [WARNING] API response time exceeded threshold
2025-08-12 04:23:21 [INFO] Database connection established
2025-08-12 09:50:04 [WARNING] Disk space low: 2587 remaining
2025-08-12 00:20:38 [INFO] Cache cleared successfully
2025-08-12 13:07:40 [INFO] User login successful for user: diana
2025-08-12 13:18:45 [INFO] Service payment started
2025-08-12 01:26:33 [INFO] File uploaded: config.yml
2025-08-12 14:07:13 [INFO] Database connection established
2025-08-12 18:26:43 [INFO] Database connection established
2025-08-12 05:51:39 [INFO] User login successful for user: charlie
2025-08-12 14:09:34 [WARNING] Second failed login attempt for user: eve. Next attempt will ERROR. Retrying...
2025-08-12 23:05:14 [ERROR] Unhandled exception: NullPointerException
2025-08-12 19:39:01 [INFO] Cache cleared successfully
2025-08-12 02:22:08 [INFO] Cache cleared successfully
2025-08-12 05:27:25 [ERROR] Service notification crashed
2025-08-12 07:40:52 [INFO] File uploaded: data.csv
2025-08-12 17:34:22 [INFO] File uploaded: backup.zip
2025-08-12 09:04:19 [ERROR] Deadlock detected in transaction ID 2322
2025-08-12 07:19:01 [WARNING] Disk space low: 1603 remaining
2025-08-12 00:31:42 [INFO] File uploaded: backup.zip
2025-08-12 16:53:29 [INFO] Cache cleared successfully
2025-08-12 00:06:29 [INFO] Database connection established
2025-08-12 23:01:13 [ERROR] Database connection lost
2025-08-12 22:20:05 [ERROR] Database connection lost
2025-08-12 13:26:18 [INFO] Service auth started
2025-08-12 08:11:20 [ERROR] Unhandled exception: FileNotFoundError
2025-08-12 05:18:08 [ERROR] Email sending failed to recipient: user@gmail.com
2025-08-12 09:48:15 [INFO] Database connection established
2025-08-12 05:11:10 [INFO] User login successful for user: charlie
2025-08-12 03:01:33 [INFO] File uploaded: config.yml
2025-08-12 19:38:40 [INFO] User login successful for user: eve
2025-08-12 02:07:49 [INFO] User login successful for user: charlie
2025-08-12 05:20:54 [WARNING] Failed login attempt for user: diana. Retrying...
2025-08-12 12:54:18 [INFO] User login successful for user: alice
2025-08-12 08:35:20 [INFO] User login successful for user: bob
2025-08-12 11:15:43 [INFO] Database connection established
2025-08-12 21:22:52 [INFO] Cache cleared successfully
2025-08-12 05:50:39 [ERROR] Service auth crashed
2025-08-12 13:20:36 [INFO] File uploaded: report.pdf
2025-08-12 04:32:30 [DEBUG] Entering function send_email with arguments: 7
2025-08-12 15:35:11 [WARNING] Configuration file deprecated: report.pdf
2025-08-12 20:49:20 [ERROR] Service auth crashed
2025-08-12 13:34:01 [DEBUG] Temporary file created at: config.yml
2025-08-12 15:56:25 [ERROR] File write failed: data.csv
2025-08-12 21:52:33 [WARNING] High memory usage detected
2025-08-12 00:01:42 [INFO] Scheduled backup completed successfully
2025-08-12 08:26:20 [INFO] Scheduled backup completed successfully
2025-08-12 22:02:58 [WARNING] Configuration file deprecated: backup.zip
2025-08-12 21:24:35 [INFO] Cache cleared successfully
2025-08-12 19:50:11 [INFO] File uploaded: report.pdf
2025-08-12 20:03:36 [ERROR] Deadlock detected in transaction ID 1793
2025-08-12 20:22:59 [INFO] File uploaded: report.pdf
2025-08-12 03:07:14 [DEBUG] Variable x has value: 3363
2025-08-12 08:42:34 [INFO] Scheduled backup completed successfully
2025-08-12 13:52:58 [WARNING] Failed login attempt for user: diana. Retrying...
2025-08-12 15:28:23 [INFO] Database connection established
2025-08-12 21:29:19 [ERROR] Deadlock detected in transaction ID 4792
2025-08-12 07:26:45 [INFO] Service notification started
2025-08-12 10:23:28 [INFO] File uploaded: data.csv
2025-08-12 22:19:35 [INFO] Scheduled backup completed successfully
2025-08-12 22:21:52 [INFO] Service notification started
2025-08-12 18:45:22 [INFO] Service auth started
2025-08-12 23:53:11 [INFO] File uploaded: data.csv
2025-08-12 20:52:00 [INFO] Database connection established
2025-08-12 08:15:45 [INFO] User login successful for user: alice
2025-08-12 04:27:22 [INFO] User login successful for user: charlie
2025-08-12 02:59:06 [INFO] Database connection established
2025-08-12 16:37:46 [INFO] File uploaded: data.csv
2025-08-12 04:33:13 [INFO] Scheduled backup completed successfully
2025-08-12 18:49:46 [INFO] File uploaded: data.csv
2025-08-12 11:29:48 [ERROR] File write failed: config.yml
2025-08-12 21:05:28 [INFO] User login successful for user: alice
2025-08-12 06:16:00 [WARNING] Failed login attempt for user: eve. Retrying...
2025-08-12 21:20:07 [INFO] Database connection established
2025-08-12 19:15:21 [ERROR] Unhandled exception: NullPointerException
2025-08-12 21:40:51 [ERROR] Deadlock detected in transaction ID 1745
2025-08-12 11:37:47 [ERROR] File write failed: data.csv
2025-08-12 10:11:22 [ERROR] Service notification crashed
2025-08-12 11:50:46 [INFO] Database connection established
2025-08-12 08:25:16 [INFO] Cache cleared successfully
2025-08-12 17:57:32 [INFO] User login successful for user: eve
2025-08-12 14:50:43 [INFO] Cache cleared successfully
2025-08-12 11:40:32 [ERROR] Database connection lost
2025-08-12 23:34:49 [ERROR] Email sending failed to recipient: user@gmail.com
2025-08-12 10:51:30 [INFO] Cache cleared successfully
2025-08-12 16:30:55 [INFO] User login successful for user: charlie
2025-08-12 14:40:42 [DEBUG] Variable x has value: 356
2025-08-12 01:18:20 [INFO] Cache cleared successfully
2025-08-12 21:58:01 [INFO] Service payment started
2025-08-12 01:57:03 [ERROR] Email sending failed to recipient: admin@google.com
2025-08-12 22:10:24 [INFO] Database connection established
2025-08-12 08:58:34 [INFO] File uploaded: config.yml
2025-08-12 09:24:35 [WARNING] Failed login attempt for user: charlie. Retrying...
2025-08-12 09:25:54 [INFO] Scheduled backup completed successfully
2025-08-12 02:49:56 [WARNING] Configuration file deprecated: backup.zip
2025-08-12 19:10:27 [INFO] Database connection established
2025-08-12 06:32:13 [DEBUG] Entering function generate_report with arguments: 2
2025-08-12 23:48:14 [INFO] Service inventory started
2025-08-12 07:44:13 [INFO] Cache cleared successfully
2025-08-12 23:03:14 [INFO] User login successful for user: alice
2025-08-12 06:06:38 [INFO] User login successful for user: bob
2025-08-12 04:37:34 [INFO] User login successful for user: eve
2025-08-12 21:29:00 [INFO] File uploaded: report.pdf
2025-08-12 17:39:25 [INFO] Cache cleared successfully
2025-08-12 15:09:22 [INFO] Cache cleared successfully
2025-08-12 23:54:53 [WARNING] Configuration file deprecated: data.csv
2025-08-12 21:53:06 [ERROR] Database connection lost
2025-08-12 22:03:00 [ERROR] Database connection lost
2025-08-12 11:03:51 [ERROR] Email sending failed to recipient: support@amazon.com
2025-08-12 05:25:40 [INFO] Scheduled backup completed successfully
2025-08-12 20:23:57 [INFO] User login successful for user: bob
2025-08-12 03:01:15 [INFO] Service payment started
2025-08-12 10:16:01 [INFO] User login successful for user: eve
2025-08-12 18:09:52 [INFO] File uploaded: config.yml
2025-08-12 03:33:40 [ERROR] Service auth crashed
2025-08-12 09:06:15 [INFO] File uploaded: config.yml
2025-08-12 04:48:12 [INFO] Service payment started
2025-08-12 15:48:50 [INFO] User login successful for user: diana
2025-08-12 05:36:37 [INFO] Scheduled backup completed successfully
2025-08-12 10:26:38 [WARNING] Disk space low: 3629 remaining
2025-08-12 05:07:12 [INFO] File uploaded: report.pdf
2025-08-12 10:26:46 [INFO] Cache cleared successfully
2025-08-12 08:16:36 [INFO] Cache cleared successfully
2025-08-12 09:43:56 [WARNING] Disk space low: 1386 remaining
2025-08-12 14:30:31 [ERROR] Unhandled exception: NullPointerException
2025-08-12 21:11:03 [WARNING] Second failed login attempt for user: charlie. Next attempt will ERROR. Retrying...
2025-08-12 10:52:45 [WARNING] Failed login attempt for user: diana. Retrying...
2025-08-12 03:35:45 [WARNING] High memory usage detected
2025-08-12 06:54:11 [ERROR] Deadlock detected in transaction ID 768
2025-08-12 01:40:45 [INFO] Service notification started
2025-08-12 07:21:17 [INFO] Database connection established
2025-08-12 19:57:13 [ERROR] Database connection lost
2025-08-12 23:39:33 [ERROR] File write failed: report.pdf
2025-08-12 07:23:58 [INFO] Cache cleared successfully
2025-08-12 04:27:56 [DEBUG] Entering function generate_report with arguments: 1
2025-08-12 20:15:26 [INFO] File uploaded: data.csv
2025-08-12 17:20:43 [INFO] Database connection established
2025-08-12 23:55:46 [INFO] User login successful for user: eve
2025-08-12 13:25:20 [INFO] Scheduled backup completed successfully
2025-08-12 02:03:40 [INFO] User login successful for user: alice
2025-08-12 06:35:02 [ERROR] Unhandled exception: TimeoutError
2025-08-12 08:29:06 [ERROR] Deadlock detected in transaction ID 1195
2025-08-12 16:41:46 [ERROR] Email sending failed to recipient: user@gmail.com
2025-08-12 10:58:27 [INFO] User login successful for user: alice
2025-08-12 00:55:19 [INFO] Database connection established
2025-08-12 16:34:33 [ERROR] File write failed: backup.zip
2025-08-12 12:18:09 [INFO] User login successful for user: alice
2025-08-12 18:36:22 [INFO] Service auth started
2025-08-12 17:45:54 [WARNING] High memory usage detected
2025-08-12 21:59:48 [INFO] Scheduled backup completed successfully
2025-08-12 10:19:19 [ERROR] File write failed: backup.zip
2025-08-12 11:38:03 [INFO] Database connection established
2025-08-12 23:28:15 [INFO] Scheduled backup completed successfully
2025-08-12 01:42:05 [INFO] File uploaded: data.csv
2025-08-12 23:57:29 [INFO] Cache cleared successfully
2025-08-12 05:23:20 [INFO] Cache cleared successfully
2025-08-12 02:20:06 [WARNING] Second failed login attempt for user: diana. Next attempt will ERROR. Retrying...
2025-08-12 10:57:24 [DEBUG] Variable x has value: 1693
2025-08-12 01:28:59 [WARNING] High memory usage detected
2025-08-12 09:29:28 [INFO] Scheduled backup completed successfully
2025-08-12 17:55:37 [INFO] Scheduled backup completed successfully
2025-08-12 03:52:24 [INFO] Service inventory started
2025-08-12 14:32:36 [INFO] File uploaded: backup.zip
2025-08-12 11:59:30 [INFO] Cache cleared successfully
2025-08-12 00:03:53 [ERROR] Database connection lost
2025-08-12 11:56:37 [INFO] Cache cleared successfully
2025-08-12 21:54:20 [INFO] Scheduled backup completed successfully
2025-08-12 16:04:34 [ERROR] Database connection lost
2025-08-12 17:13:24 [INFO] Database connection established
2025-08-12 08:11:34 [INFO] Database connection established
2025-08-12 15:49:36 [INFO] Service notification started
2025-08-12 12:25:33 [ERROR] Database connection lost
2025-08-12 18:00:53 [ERROR] Deadlock detected in transaction ID 2175
2025-08-12 17:01:32 [ERROR] Unhandled exception: NullPointerException
2025-08-12 12:54:58 [INFO] File uploaded: backup.zip
2025-08-12 15:43:13 [WARNING] Configuration file deprecated: backup.zip
2025-08-12 05:30:49 [INFO] Service auth started
2025-08-12 14:45:45 [INFO] Scheduled backup completed successfully
2025-08-12 01:37:37 [DEBUG] Query executed: UPDATE orders SET status='shipped' WHERE id=42
2025-08-12 16:46:11 [INFO] Cache cleared successfully
2025-08-12 18:44:48 [INFO] File uploaded: config.yml
2025-08-12 18:01:16 [INFO] Service auth started
2025-08-12 14:01:12 [WARNING] API response time exceeded threshold
2025-08-12 08:28:38 [INFO] Cache cleared successfully
2025-08-12 04:47:54 [INFO] User login successful for user: diana
2025-08-12 04:39:47 [WARNING] Configuration file deprecated: report.pdf
2025-08-12 04:08:35 [INFO] Service auth started
2025-08-12 00:35:48 [INFO] Service payment started
2025-08-12 22:21:39 [INFO] Scheduled backup completed successfully
2025-08-12 04:36:30 [INFO] File uploaded: report.pdf
2025-08-12 16:35:04 [WARNING] Failed login attempt for user: alice. Retrying...
2025-08-12 16:40:14 [DEBUG] Temporary file created at: backup.zip
2025-08-12 16:18:41 [INFO] Database connection established
2025-08-12 05:06:27 [INFO] Service notification started
2025-08-12 07:28:14 [INFO] Service payment started
2025-08-12 10:26:41 [INFO] Database connection established
2025-08-12 20:32:31 [DEBUG] Variable x has value: 597
2025-08-12 16:43:57 [INFO] Cache cleared successfully
2025-08-12 07:38:06 [ERROR] Deadlock detected in transaction ID 4236
2025-08-12 23:17:42 [INFO] Cache cleared successfully
2025-08-12 04:41:53 [DEBUG] Temporary file created at: report.pdf
2025-08-12 00:47:39 [INFO] File uploaded: report.pdf
2025-08-12 22:45:17 [ERROR] Email sending failed to recipient: admin@google.com
2025-08-12 00:29:07 [INFO] Scheduled backup completed successfully
2025-08-12 19:20:52 [DEBUG] Temporary file created at: report.pdf
2025-08-12 00:57:29 [ERROR] Service inventory crashed
2025-08-12 06:34:47 [INFO] Scheduled backup completed successfully
2025-08-12 16:19:20 [WARNING] Configuration file deprecated: report.pdf
2025-08-12 08:19:04 [ERROR] Email sending failed to recipient: admin@google.com
2025-08-12 17:10:23 [ERROR] Database connection lost
2025-08-12 05:14:16 [WARNING] Slow query detected: execution time 969ms
2025-08-12 07:21:19 [INFO] Database connection established
2025-08-12 05:31:34 [INFO] User login successful for user: bob
2025-08-12 11:11:34 [INFO] Database connection established
2025-08-12 12:40:20 [INFO] User login successful for user: alice
2025-08-12 08:44:42 [INFO] File uploaded: report.pdf
2025-08-12 16:34:01 [INFO] Database connection established
2025-08-12 23:58:33 [INFO] Scheduled backup completed successfully
2025-08-12 21:27:14 [WARNING] Failed login attempt for user: eve. Retrying...
2025-08-12 20:31:57 [INFO] Cache cleared successfully
2025-08-12 06:36:57 [INFO] Database connection established
2025-08-12 00:57:21 [INFO] Cache cleared successfully
2025-08-12 07:59:56 [INFO] Scheduled backup completed successfully
2025-08-12 04:09:00 [DEBUG] Variable x has value: 2550
2025-08-12 22:55:03 [INFO] Cache cleared successfully
2025-08-12 12:08:33 [INFO] File uploaded: report.pdf
2025-08-12 21:03:35 [WARNING] API response time exceeded threshold
2025-08-12 02:18:42 [INFO] Database connection established
2025-08-12 05:08:27 [ERROR] Deadlock detected in transaction ID 3899
2025-08-12 08:47:15 [ERROR] Service payment crashed
2025-08-12 03:13:29 [ERROR] Deadlock detected in transaction ID 4933
2025-08-12 03:52:18 [INFO] Service inventory started
2025-08-12 07:31:41 [INFO] File uploaded: config.yml
2025-08-12 06:32:22 [WARNING] Configuration file deprecated: report.pdf
2025-08-12 07:35:23 [INFO] Service payment started
2025-08-12 18:09:23 [INFO] File uploaded: backup.zip
2025-08-12 05:56:18 [ERROR] Service auth crashed
2025-08-12 01:59:59 [INFO] Service inventory started
2025-08-12 18:48:27 [ERROR] Unhandled exception: FileNotFoundError
2025-08-12 12:57:38 [INFO] Cache cleared successfully
2025-08-12 03:03:45 [INFO] Service notification started
2025-08-12 10:45:44 [INFO] Service inventory started
2025-08-12 16:15:16 [ERROR] Service auth crashed
2025-08-12 16:49:59 [INFO] File uploaded: report.pdf
2025-08-12 03:00:35 [WARNING] Failed login attempt for user: charlie. Retrying...
2025-08-12 14:47:47 [INFO] File uploaded: report.pdf
2025-08-12 14:32:53 [WARNING] Failed login attempt for user: eve. Retrying...
2025-08-12 13:58:05 [ERROR] Email sending failed to recipient: support@amazon.com
2025-08-12 02:27:49 [INFO] Database connection established
2025-08-12 03:14:36 [WARNING] Failed login attempt for user: bob. Retrying...
2025-08-12 03:49:43 [INFO] Database connection established
2025-08-12 20:22:45 [INFO] Cache cleared successfully
2025-08-12 21:01:55 [INFO] Scheduled backup completed successfully
2025-08-12 12:11:48 [DEBUG] Entering function process_payment with arguments: 8
2025-08-12 21:14:56 [WARNING] Disk space low: 3070 remaining
2025-08-12 16:36:22 [WARNING] High memory usage detected
2025-08-12 18:28:47 [INFO] Scheduled backup completed successfully
2025-08-12 10:33:20 [ERROR] Service notification crashed
2025-08-12 17:10:42 [WARNING] Slow query detected: execution time 2654ms
2025-08-12 00:07:39 [INFO] File uploaded: backup.zip
2025-08-12 01:57:04 [WARNING] High memory usage detected
2025-08-12 20:56:05 [DEBUG] Session token generated for user: alice
2025-08-12 05:06:12 [WARNING] Slow query detected: execution time 529ms
2025-08-12 22:34:21 [INFO] Scheduled backup completed successfully
2025-08-12 05:26:19 [WARNING] Disk space low: 4617 remaining
2025-08-12 14:22:55 [WARNING] Failed login attempt for user: diana. Retrying...
2025-08-12 09:20:15 [INFO] Scheduled backup completed successfully
2025-08-12 10:12:42 [INFO] Scheduled backup completed successfully
2025-08-12 23:25:08 [DEBUG] Session token generated for user: charlie
2025-08-12 01:42:15 [INFO] Service payment started
2025-08-12 13:41:38 [WARNING] Second failed login attempt for user: charlie. Next attempt will ERROR. Retrying...
2025-08-12 07:27:29 [DEBUG] Temporary file created at: backup.zip
2025-08-12 06:50:22 [INFO] File uploaded: backup.zip
2025-08-12 15:35:39 [WARNING] Failed login attempt for user: alice. Retrying...
2025-08-12 18:53:09 [WARNING] Second failed login attempt for user: bob. Next attempt will ERROR. Retrying...
2025-08-12 07:05:21 [WARNING] API response time exceeded threshold
2025-08-12 23:08:37 [INFO] Database connection established
2025-08-12 15:43:02 [INFO] Scheduled backup completed successfully
2025-08-12 00:32:03 [INFO] Cache cleared successfully
2025-08-12 14:29:12 [INFO] Cache cleared successfully
2025-08-12 18:47:10 [INFO] Scheduled backup completed successfully
2025-08-12 16:04:18 [INFO] Service notification started
2025-08-12 13:52:44 [INFO] Scheduled backup completed successfully
2025-08-12 03:17:05 [INFO] Scheduled backup completed successfully
2025-08-12 23:23:36 [INFO] Cache cleared successfully
2025-08-12 00:09:05 [WARNING] Disk space low: 870 remaining
2025-08-12 21:50:55 [ERROR] Service auth crashed
2025-08-12 20:28:52 [INFO] Cache cleared successfully
2025-08-12 15:16:17 [WARNING] Slow query detected: execution time 2960ms
2025-08-12 00:01:12 [INFO] User login successful for user: eve
2025-08-12 14:08:01 [INFO] Scheduled backup completed successfully
2025-08-12 10:36:57 [INFO] User login successful for user: bob
2025-08-12 23:25:39 [INFO] Cache cleared successfully
2025-08-12 13:57:30 [INFO] File uploaded: config.yml
2025-08-12 00:20:34 [INFO] Service notification started
2025-08-12 14:13:43 [INFO] Database connection established
2025-08-12 20:18:52 [INFO] Service payment started
2025-08-12 21:55:28 [INFO] User login successful for user: diana
2025-08-12 00:27:37 [WARNING] Failed login attempt for user: alice. Retrying...
2025-08-12 12:50:46 [WARNING] Disk space low: 1470 remaining
2025-08-12 10:55:54 [INFO] User login successful for user: bob
2025-08-12 15:15:26 [INFO] Service notification started
2025-08-12 00:43:44 [WARNING] Disk space low: 4243 remaining
2025-08-12 12:11:02 [ERROR] Email sending failed to recipient: admin@google.com
2025-08-12 18:57:50 [INFO] File uploaded: backup.zip
2025-08-12 20:12:31 [WARNING] Second failed login attempt for user: charlie. Next attempt will ERROR. Retrying...
2025-08-12 07:54:56 [INFO] Cache cleared successfully
2025-08-12 04:43:49 [INFO] File uploaded: data.csv
2025-08-12 02:09:42 [INFO] Service payment started
2025-08-12 19:10:11 [ERROR] Database connection lost
2025-08-12 15:50:13 [INFO] File uploaded: config.yml
2025-08-12 00:32:57 [INFO] Service payment started
2025-08-12 21:59:05 [INFO] User login successful for user: eve
2025-08-12 23:51:37 [INFO] File uploaded: data.csv
2025-08-12 12:37:50 [INFO] Scheduled backup completed successfully
2025-08-12 11:23:03 [DEBUG] Variable x has value: 1955
2025-08-12 03:46:15 [ERROR] Email sending failed to recipient: user@gmail.com
2025-08-12 08:31:38 [INFO] Service inventory started
2025-08-12 19:19:28 [DEBUG] Variable x has value: 1552
2025-08-12 04:39:53 [INFO] Service notification started
2025-08-12 11:21:11 [ERROR] Email sending failed to recipient: admin@google.com
2025-08-12 17:44:40 [INFO] Service auth started
2025-08-12 04:01:56 [INFO] Scheduled backup completed successfully
2025-08-12 05:33:10 [INFO] User login successful for user: bob
2025-08-12 18:04:57 [INFO] File uploaded: report.pdf
2025-08-12 18:19:15 [ERROR] Unhandled exception: FileNotFoundError
2025-08-12 01:47:41 [ERROR] Service auth crashed
2025-08-12 08:33:44 [WARNING] Disk space low: 341 remaining
2025-08-12 05:41:48 [INFO] Database connection established
2025-08-12 20:13:27 [INFO] Service payment started
2025-08-12 15:41:12 [INFO] User login successful for user: charlie
2025-08-12 08:22:01 [WARNING] Failed login attempt for user: bob. Retrying...
2025-08-12 01:02:33 [INFO] Database connection established
2025-08-12 09:36:23 [INFO] Service auth started
2025-08-12 18:23:25 [DEBUG] Entering function generate_report with arguments: 7
2025-08-12 00:07:25 [WARNING] Slow query detected: execution time 4146ms
2025-08-12 18:25:10 [INFO] Database connection established
2025-08-12 15:30:22 [INFO] File uploaded: config.yml
2025-08-12 14:30:55 [WARNING] High memory usage detected
2025-08-12 15:59:11 [INFO] Database connection established
2025-08-12 23:41:53 [WARNING] High memory usage detected
2025-08-12 23:32:15 [ERROR] Deadlock detected in transaction ID 2025
2025-08-12 19:02:48 [WARNING] API response time exceeded threshold
2025-08-12 23:03:20 [ERROR] Unhandled exception: FileNotFoundError
2025-08-12 01:38:25 [INFO] Scheduled backup completed successfully
2025-08-12 07:20:26 [INFO] User login successful for user: diana
2025-08-12 02:04:52 [WARNING] Slow query detected: execution time 1792ms
2025-08-12 22:35:39 [INFO] User login successful for user: charlie
2025-08-12 17:27:49 [INFO] File uploaded: backup.zip
2025-08-12 01:32:03 [INFO] Scheduled backup completed successfully
2025-08-12 20:12:10 [INFO] User login successful for user: charlie
2025-08-12 00:15:06 [ERROR] Unhandled exception: TimeoutError
2025-08-12 02:13:31 [INFO] File uploaded: backup.zip
2025-08-12 04:47:13 [ERROR] Deadlock detected in transaction ID 4178
2025-08-12 18:00:30 [INFO] Cache cleared successfully
2025-08-12 20:16:01 [INFO] File uploaded: data.csv
2025-08-12 00:24:53 [INFO] User login successful for user: alice
2025-08-12 01:30:56 [ERROR] Database connection lost
2025-08-12 05:09:48 [WARNING] Configuration file deprecated: config.yml
2025-08-12 19:44:59 [INFO] Database connection established
2025-08-12 08:45:22 [INFO] Scheduled backup completed successfully
2025-08-12 03:15:14 [WARNING] Failed login attempt for user: diana. Retrying...
2025-08-12 04:59:57 [INFO] User login successful for user: eve
2025-08-12 12:27:29 [WARNING] Disk space low: 4110 remaining
2025-08-12 07:24:04 [INFO] File uploaded: backup.zip
2025-08-12 21:13:14 [WARNING] Configuration file deprecated: data.csv
2025-08-12 18:23:23 [WARNING] Slow query detected: execution time 4238ms
2025-08-12 14:16:04 [INFO] Service payment started
2025-08-12 21:43:36 [INFO] User login successful for user: eve
2025-08-12 00:19:23 [INFO] Database connection established
2025-08-12 06:42:37 [INFO] Cache cleared successfully
2025-08-12 19:27:46 [INFO] User login successful for user: charlie
2025-08-12 18:07:24 [INFO] Cache cleared successfully
2025-08-12 07:26:56 [INFO] Service payment started
2025-08-12 20:00:36 [INFO] Scheduled backup completed successfully
2025-08-12 21:06:38 [DEBUG] Entering function send_email with arguments: 2
