2025-07-28 07:10:56 [ERROR] File write failed: backup.zip
2025-07-28 06:29:14 [INFO] Scheduled backup completed successfully
2025-07-28 00:44:33 [INFO] Scheduled backup completed successfully
2025-07-28 02:09:29 [INFO] Database connection established
2025-07-28 15:41:57 [WARNING] Disk space low: 3756 remaining
2025-07-28 02:13:15 [INFO] Cache cleared successfully
2025-07-28 11:37:00 [INFO] User login successful for user: charlie
2025-07-28 09:17:53 [INFO] Service inventory started
2025-07-28 14:44:10 [WARNING] Slow query detected: execution time 4234ms
2025-07-28 18:59:33 [INFO] Cache cleared successfully
2025-07-28 16:06:46 [ERROR] Deadlock detected in transaction ID 1885
2025-07-28 03:32:19 [WARNING] Second failed login attempt for user: eve. Next attempt will ERROR. Retrying...
2025-07-28 02:29:36 [ERROR] Email sending failed to recipient: user@gmail.com
2025-07-28 17:50:52 [INFO] Cache cleared successfully
2025-07-28 20:25:45 [INFO] User login successful for user: alice
2025-07-28 22:10:09 [INFO] Cache cleared successfully
2025-07-28 15:52:49 [WARNING] Disk space low: 3220 remaining
2025-07-28 00:11:59 [WARNING] Failed login attempt for user: eve. Retrying...
2025-07-28 09:37:31 [INFO] Service auth started
2025-07-28 04:23:09 [DEBUG] Query executed: SELECT * FROM users
2025-07-28 01:50:55 [INFO] File uploaded: config.yml
2025-07-28 13:39:07 [WARNING] Slow query detected: execution time 1706ms
2025-07-28 07:41:11 [INFO] Database connection established
2025-07-28 02:24:57 [INFO] User login successful for user: charlie
2025-07-28 03:28:19 [WARNING] High memory usage detected
2025-07-28 13:08:06 [WARNING] Disk space low: 2494 remaining
2025-07-28 23:11:56 [ERROR] Service auth crashed
2025-07-28 09:05:05 [INFO] Database connection established
2025-07-28 22:41:17 [INFO] Service notification started
2025-07-28 17:56:34 [INFO] File uploaded: data.csv
2025-07-28 04:37:05 [WARNING] Slow query detected: execution time 2315ms
2025-07-28 19:58:23 [INFO] User login successful for user: eve
2025-07-28 07:54:48 [INFO] Database connection established
2025-07-28 23:35:10 [INFO] Scheduled backup completed successfully
2025-07-28 07:41:35 [WARNING] Disk space low: 122 remaining
2025-07-28 14:08:36 [INFO] Scheduled backup completed successfully
2025-07-28 16:55:38 [ERROR] File write failed: config.yml
2025-07-28 22:18:48 [INFO] File uploaded: backup.zip
2025-07-28 18:17:25 [INFO] User login successful for user: alice
2025-07-28 00:42:33 [ERROR] Deadlock detected in transaction ID 3614
2025-07-28 05:04:23 [INFO] Cache cleared successfully
2025-07-28 05:27:46 [INFO] User login successful for user: diana
2025-07-28 21:17:38 [WARNING] Configuration file deprecated: report.pdf
2025-07-28 04:10:06 [WARNING] Second failed login attempt for user: eve. Next attempt will ERROR. Retrying...
2025-07-28 09:23:33 [INFO] Scheduled backup completed successfully
2025-07-28 09:22:27 [WARNING] API response time exceeded threshold
2025-07-28 08:20:41 [INFO] Cache cleared successfully
2025-07-28 06:05:48 [WARNING] Slow query detected: execution time 3791ms
2025-07-28 18:36:09 [INFO] Service auth started
2025-07-28 23:31:02 [INFO] User login successful for user: charlie
2025-07-28 20:42:13 [WARNING] High memory usage detected
2025-07-28 08:20:00 [ERROR] Database connection lost
2025-07-28 12:31:38 [ERROR] Service auth crashed
2025-07-28 17:49:32 [DEBUG] Query executed: UPDATE orders SET status='shipped' WHERE id=42
2025-07-28 04:24:10 [INFO] Service auth started
2025-07-28 18:06:16 [INFO] User login successful for user: diana
2025-07-28 21:51:41 [INFO] Database connection established
2025-07-28 00:08:26 [INFO] File uploaded: report.pdf
2025-07-28 21:14:04 [DEBUG] Temporary file created at: data.csv
2025-07-28 07:35:52 [INFO] Cache cleared successfully
2025-07-28 06:32:39 [INFO] Scheduled backup completed successfully
2025-07-28 15:41:28 [INFO] User login successful for user: alice
2025-07-28 18:01:08 [ERROR] Service auth crashed
2025-07-28 02:56:04 [INFO] User login successful for user: eve
2025-07-28 19:44:18 [ERROR] File write failed: data.csv
2025-07-28 15:18:12 [ERROR] Email sending failed to recipient: user@gmail.com
2025-07-28 09:32:25 [ERROR] Deadlock detected in transaction ID 24
2025-07-28 23:44:30 [INFO] File uploaded: config.yml
2025-07-28 06:32:25 [INFO] Scheduled backup completed successfully
2025-07-28 20:59:41 [DEBUG] Temporary file created at: backup.zip
2025-07-28 12:15:11 [INFO] User login successful for user: bob
2025-07-28 11:46:28 [INFO] Database connection established
2025-07-28 21:41:46 [WARNING] Slow query detected: execution time 2673ms
2025-07-28 18:05:40 [INFO] Scheduled backup completed successfully
2025-07-28 17:15:31 [WARNING] Slow query detected: execution time 1015ms
2025-07-28 12:23:45 [INFO] Scheduled backup completed successfully
2025-07-28 03:22:58 [INFO] Service auth started
2025-07-28 19:09:30 [ERROR] Database connection lost
2025-07-28 01:57:06 [DEBUG] Temporary file created at: backup.zip
2025-07-28 03:33:50 [WARNING] Disk space low: 1087 remaining
2025-07-28 00:57:29 [INFO] Service notification started
2025-07-28 14:14:27 [WARNING] Slow query detected: execution time 2955ms
2025-07-28 10:57:53 [WARNING] Configuration file deprecated: data.csv
2025-07-28 04:10:19 [ERROR] Unhandled exception: NullPointerException
2025-07-28 00:37:55 [INFO] User login successful for user: charlie
2025-07-28 08:18:17 [DEBUG] Variable x has value: 4241
2025-07-28 06:57:03 [INFO] Scheduled backup completed successfully
2025-07-28 06:44:23 [INFO] Database connection established
2025-07-28 07:56:43 [WARNING] Failed login attempt for user: diana. Retrying...
2025-07-28 08:15:27 [INFO] Scheduled backup completed successfully
2025-07-28 17:31:21 [WARNING] Failed login attempt for user: alice. Retrying...
2025-07-28 21:18:22 [INFO] Service payment started
2025-07-28 15:06:47 [INFO] Scheduled backup completed successfully
2025-07-28 23:59:18 [WARNING] High memory usage detected
2025-07-28 04:06:01 [INFO] Service notification started
2025-07-28 22:24:55 [WARNING] Configuration file deprecated: report.pdf
2025-07-28 15:10:03 [INFO] Service auth started
2025-07-28 21:50:39 [INFO] User login successful for user: alice
2025-07-28 22:51:50 [ERROR] Unhandled exception: NullPointerException
2025-07-28 07:47:14 [INFO] Cache cleared successfully
2025-07-28 18:34:48 [WARNING] Disk space low: 2570 remaining
2025-07-28 17:11:25 [INFO] Cache cleared successfully
2025-07-28 06:40:06 [INFO] Cache cleared successfully
2025-07-28 06:07:03 [INFO] Cache cleared successfully
2025-07-28 14:06:49 [DEBUG] Session token generated for user: bob
2025-07-28 14:13:24 [DEBUG] Variable x has value: 176
2025-07-28 00:04:33 [ERROR] Unhandled exception: FileNotFoundError
2025-07-28 01:48:30 [INFO] Database connection established
2025-07-28 05:53:04 [INFO] Service payment started
2025-07-28 08:13:01 [WARNING] Disk space low: 3612 remaining
2025-07-28 16:46:57 [WARNING] Failed login attempt for user: charlie. Retrying...
2025-07-28 00:51:15 [INFO] Database connection established
2025-07-28 09:05:58 [WARNING] API response time exceeded threshold
2025-07-28 06:23:17 [WARNING] Disk space low: 2829 remaining
2025-07-28 03:44:42 [ERROR] Database connection lost
2025-07-28 10:24:21 [INFO] Scheduled backup completed successfully
2025-07-28 23:02:41 [WARNING] API response time exceeded threshold
2025-07-28 07:42:23 [WARNING] Disk space low: 1232 remaining
2025-07-28 23:58:29 [ERROR] Database connection lost
2025-07-28 11:16:45 [INFO] User login successful for user: diana
2025-07-28 23:34:32 [DEBUG] Query executed: UPDATE orders SET status='shipped' WHERE id=42
2025-07-28 18:03:47 [INFO] Service inventory started
2025-07-28 16:09:11 [INFO] Cache cleared successfully
2025-07-28 18:48:15 [INFO] Scheduled backup completed successfully
2025-07-28 01:38:54 [INFO] Cache cleared successfully
2025-07-28 18:22:35 [INFO] Cache cleared successfully
2025-07-28 19:58:50 [INFO] User login successful for user: alice
2025-07-28 17:39:15 [INFO] Service inventory started
2025-07-28 20:08:49 [ERROR] Database connection lost
2025-07-28 07:25:43 [INFO] Cache cleared successfully
2025-07-28 00:34:56 [INFO] Cache cleared successfully
2025-07-28 06:11:32 [ERROR] Unhandled exception: FileNotFoundError
2025-07-28 23:38:19 [WARNING] API response time exceeded threshold
2025-07-28 13:21:50 [INFO] File uploaded: data.csv
2025-07-28 14:11:24 [INFO] User login successful for user: alice
2025-07-28 23:48:02 [INFO] Service inventory started
2025-07-28 14:26:13 [INFO] Service inventory started
2025-07-28 09:44:23 [WARNING] High memory usage detected
2025-07-28 11:16:59 [INFO] File uploaded: config.yml
2025-07-28 02:58:02 [INFO] Database connection established
2025-07-28 05:20:36 [INFO] Service inventory started
2025-07-28 22:35:16 [ERROR] File write failed: config.yml
2025-07-28 05:52:06 [INFO] Service inventory started
2025-07-28 10:15:27 [INFO] File uploaded: backup.zip
2025-07-28 02:43:07 [INFO] File uploaded: backup.zip
2025-07-28 13:21:57 [INFO] Cache cleared successfully
2025-07-28 19:43:09 [INFO] Scheduled backup completed successfully
2025-07-28 07:40:49 [ERROR] File write failed: report.pdf
2025-07-28 14:07:04 [INFO] Database connection established
2025-07-28 18:42:03 [WARNING] High memory usage detected
2025-07-28 17:10:40 [WARNING] Slow query detected: execution time 2374ms
2025-07-28 13:39:42 [ERROR] Email sending failed to recipient: support@amazon.com
2025-07-28 23:54:50 [INFO] File uploaded: report.pdf
2025-07-28 17:03:54 [INFO] Database connection established
2025-07-28 14:54:42 [INFO] User login successful for user: eve
2025-07-28 21:45:35 [WARNING] API response time exceeded threshold
2025-07-28 15:09:08 [INFO] File uploaded: data.csv
2025-07-28 14:47:02 [INFO] Scheduled backup completed successfully
2025-07-28 02:46:32 [WARNING] Second failed login attempt for user: alice. Next attempt will ERROR. Retrying...
2025-07-28 01:42:58 [WARNING] Disk space low: 2977 remaining
2025-07-28 15:28:04 [INFO] Cache cleared successfully
2025-07-28 13:47:49 [INFO] Cache cleared successfully
2025-07-28 23:29:50 [WARNING] High memory usage detected
2025-07-28 06:53:24 [DEBUG] Temporary file created at: backup.zip
2025-07-28 06:08:02 [INFO] Service auth started
2025-07-28 03:41:35 [DEBUG] Variable x has value: 745
2025-07-28 15:27:26 [INFO] Scheduled backup completed successfully
2025-07-28 19:33:06 [INFO] Service payment started
2025-07-28 09:54:06 [WARNING] Failed login attempt for user: charlie. Retrying...
2025-07-28 14:50:07 [INFO] File uploaded: backup.zip
2025-07-28 18:33:26 [WARNING] Disk space low: 1700 remaining
2025-07-28 07:11:24 [INFO] File uploaded: config.yml
2025-07-28 13:08:27 [ERROR] File write failed: report.pdf
2025-07-28 09:24:28 [INFO] User login successful for user: eve
2025-07-28 23:46:02 [INFO] Cache cleared successfully
2025-07-28 23:32:49 [WARNING] Configuration file deprecated: backup.zip
2025-07-28 09:20:00 [WARNING] Second failed login attempt for user: bob. Next attempt will ERROR. Retrying...
2025-07-28 04:34:04 [INFO] Scheduled backup completed successfully
2025-07-28 00:41:57 [INFO] User login successful for user: alice
2025-07-28 03:58:58 [INFO] Scheduled backup completed successfully
2025-07-28 14:16:02 [DEBUG] Session token generated for user: eve
2025-07-28 18:06:03 [INFO] File uploaded: config.yml
2025-07-28 05:07:33 [DEBUG] Session token generated for user: charlie
2025-07-28 06:15:11 [INFO] Service inventory started
2025-07-28 04:50:38 [WARNING] High memory usage detected
2025-07-28 19:14:19 [INFO] File uploaded: report.pdf
2025-07-28 08:32:54 [INFO] File uploaded: config.yml
2025-07-28 18:26:47 [INFO] Cache cleared successfully
2025-07-28 01:05:24 [WARNING] High memory usage detected
2025-07-28 07:34:59 [INFO] Service notification started
2025-07-28 07:54:43 [ERROR] File write failed: config.yml
2025-07-28 14:52:02 [INFO] File uploaded: data.csv
2025-07-28 18:36:17 [WARNING] Disk space low: 4030 remaining
2025-07-28 04:49:20 [INFO] Scheduled backup completed successfully
2025-07-28 08:26:03 [INFO] Service payment started
2025-07-28 21:54:18 [INFO] User login successful for user: diana
2025-07-28 21:20:01 [WARNING] Disk space low: 1392 remaining
2025-07-28 08:57:06 [WARNING] Second failed login attempt for user: bob. Next attempt will ERROR. Retrying...
2025-07-28 13:36:21 [ERROR] Deadlock detected in transaction ID 2453
2025-07-28 22:47:34 [INFO] User login successful for user: charlie
2025-07-28 11:16:54 [ERROR] Email sending failed to recipient: support@amazon.com
2025-07-28 20:21:35 [INFO] Database connection established
2025-07-28 04:41:38 [INFO] User login successful for user: charlie
2025-07-28 23:50:59 [INFO] File uploaded: backup.zip
2025-07-28 20:09:37 [DEBUG] Query executed: SELECT * FROM users
2025-07-28 01:35:03 [WARNING] Slow query detected: execution time 58ms
2025-07-28 14:58:56 [INFO] User login successful for user: eve
2025-07-28 21:29:16 [INFO] Database connection established
2025-07-28 07:57:51 [ERROR] File write failed: config.yml
2025-07-28 19:09:31 [INFO] File uploaded: config.yml
2025-07-28 12:12:03 [INFO] Service auth started
2025-07-28 13:57:16 [DEBUG] Temporary file created at: data.csv
2025-07-28 08:31:02 [INFO] File uploaded: report.pdf
2025-07-28 11:36:04 [DEBUG] Entering function process_payment with arguments: 6
2025-07-28 15:23:49 [INFO] User login successful for user: charlie
2025-07-28 18:14:07 [INFO] Cache cleared successfully
2025-07-28 05:55:28 [INFO] File uploaded: report.pdf
2025-07-28 15:48:29 [INFO] Scheduled backup completed successfully
2025-07-28 03:19:00 [ERROR] Unhandled exception: FileNotFoundError
2025-07-28 21:58:06 [WARNING] Failed login attempt for user: alice. Retrying...
2025-07-28 08:09:56 [INFO] User login successful for user: bob
2025-07-28 11:39:36 [INFO] Scheduled backup completed successfully
2025-07-28 01:30:03 [INFO] File uploaded: backup.zip
2025-07-28 17:21:52 [WARNING] Slow query detected: execution time 4244ms
2025-07-28 13:00:11 [INFO] User login successful for user: diana
2025-07-28 21:17:21 [INFO] Cache cleared successfully
2025-07-28 18:36:48 [INFO] Scheduled backup completed successfully
2025-07-28 06:15:43 [WARNING] API response time exceeded threshold
2025-07-28 21:40:15 [INFO] Cache cleared successfully
2025-07-28 00:28:58 [INFO] Database connection established
2025-07-28 10:47:08 [INFO] File uploaded: config.yml
2025-07-28 21:05:52 [INFO] Database connection established
2025-07-28 23:16:28 [INFO] Service inventory started
2025-07-28 14:26:03 [ERROR] Unhandled exception: NullPointerException
2025-07-28 07:02:30 [INFO] File uploaded: config.yml
2025-07-28 17:25:24 [ERROR] Database connection lost
2025-07-28 22:45:51 [WARNING] Disk space low: 1430 remaining
2025-07-28 00:17:06 [INFO] User login successful for user: diana
2025-07-28 09:46:42 [DEBUG] Variable x has value: 4209
2025-07-28 22:09:35 [INFO] Scheduled backup completed successfully
2025-07-28 13:13:47 [WARNING] Disk space low: 1542 remaining
2025-07-28 02:23:44 [DEBUG] Query executed: UPDATE orders SET status='shipped' WHERE id=42
2025-07-28 19:11:52 [INFO] File uploaded: backup.zip
2025-07-28 00:08:45 [ERROR] Deadlock detected in transaction ID 4589
2025-07-28 06:12:52 [INFO] Service auth started
2025-07-28 04:24:48 [WARNING] Second failed login attempt for user: bob. Next attempt will ERROR. Retrying...
2025-07-28 12:21:24 [WARNING] Second failed login attempt for user: diana. Next attempt will ERROR. Retrying...
2025-07-28 04:13:10 [INFO] Database connection established
2025-07-28 14:08:28 [WARNING] Second failed login attempt for user: bob. Next attempt will ERROR. Retrying...
2025-07-28 04:37:52 [WARNING] Second failed login attempt for user: alice. Next attempt will ERROR. Retrying...
2025-07-28 21:02:16 [ERROR] File write failed: data.csv
2025-07-28 00:46:30 [ERROR] Unhandled exception: FileNotFoundError
2025-07-28 23:19:45 [ERROR] Deadlock detected in transaction ID 3209
2025-07-28 18:12:28 [INFO] File uploaded: config.yml
2025-07-28 02:08:27 [ERROR] Unhandled exception: TimeoutError
2025-07-28 09:27:25 [INFO] File uploaded: config.yml
2025-07-28 18:39:13 [INFO] Database connection established
2025-07-28 12:52:32 [ERROR] Service inventory crashed
2025-07-28 07:58:03 [DEBUG] Query executed: SELECT * FROM users
2025-07-28 02:26:03 [ERROR] Service auth crashed
2025-07-28 19:19:23 [WARNING] Failed login attempt for user: eve. Retrying...
2025-07-28 14:25:48 [ERROR] Deadlock detected in transaction ID 831
2025-07-28 04:30:23 [INFO] Database connection established
2025-07-28 17:06:46 [ERROR] Unhandled exception: NullPointerException
2025-07-28 13:40:32 [ERROR] File write failed: backup.zip
2025-07-28 16:38:54 [INFO] File uploaded: backup.zip
2025-07-28 15:36:07 [WARNING] Slow query detected: execution time 3689ms
2025-07-28 15:19:46 [INFO] Scheduled backup completed successfully
2025-07-28 14:56:41 [WARNING] Slow query detected: execution time 863ms
2025-07-28 15:30:18 [INFO] File uploaded: report.pdf
2025-07-28 06:08:43 [INFO] Service notification started
2025-07-28 06:50:34 [INFO] User login successful for user: alice
2025-07-28 03:28:31 [INFO] User login successful for user: eve
2025-07-28 17:45:16 [INFO] User login successful for user: diana
2025-07-28 05:22:27 [INFO] Scheduled backup completed successfully
2025-07-28 23:59:20 [INFO] User login successful for user: bob
2025-07-28 20:42:22 [INFO] Database connection established
2025-07-28 10:45:37 [INFO] Database connection established
2025-07-28 20:38:22 [INFO] User login successful for user: eve
2025-07-28 06:10:15 [ERROR] File write failed: data.csv
2025-07-28 16:04:00 [INFO] Cache cleared successfully
2025-07-28 02:19:17 [WARNING] Configuration file deprecated: report.pdf
2025-07-28 19:19:28 [WARNING] Configuration file deprecated: data.csv
2025-07-28 08:48:02 [WARNING] Slow query detected: execution time 2178ms
2025-07-28 15:50:47 [WARNING] Slow query detected: execution time 2520ms
2025-07-28 15:10:53 [INFO] User login successful for user: alice
2025-07-28 23:36:35 [INFO] Database connection established
2025-07-28 03:38:47 [INFO] File uploaded: data.csv
2025-07-28 18:28:41 [WARNING] API response time exceeded threshold
2025-07-28 06:32:03 [INFO] User login successful for user: charlie
2025-07-28 07:22:27 [WARNING] Failed login attempt for user: charlie. Retrying...
2025-07-28 12:52:42 [ERROR] Unhandled exception: FileNotFoundError
2025-07-28 12:37:32 [INFO] User login successful for user: bob
2025-07-28 20:57:05 [INFO] Service inventory started
2025-07-28 20:11:24 [WARNING] Disk space low: 3691 remaining
2025-07-28 07:39:31 [ERROR] Service payment crashed
2025-07-28 01:02:53 [WARNING] Failed login attempt for user: charlie. Retrying...
2025-07-28 07:39:44 [INFO] File uploaded: data.csv
2025-07-28 22:53:22 [WARNING] Failed login attempt for user: diana. Retrying...
2025-07-28 09:27:28 [INFO] Database connection established
2025-07-28 09:48:47 [WARNING] Second failed login attempt for user: alice. Next attempt will ERROR. Retrying...
2025-07-28 13:50:26 [INFO] Scheduled backup completed successfully
2025-07-28 23:56:29 [INFO] Service inventory started
2025-07-28 20:40:06 [INFO] Cache cleared successfully
2025-07-28 06:19:27 [INFO] Database connection established
2025-07-28 05:41:15 [INFO] Cache cleared successfully
2025-07-28 22:35:55 [INFO] Database connection established
2025-07-28 01:41:32 [INFO] File uploaded: backup.zip
2025-07-28 03:14:25 [DEBUG] Temporary file created at: config.yml
2025-07-28 07:40:25 [WARNING] Configuration file deprecated: report.pdf
2025-07-28 01:17:55 [WARNING] API response time exceeded threshold
2025-07-28 12:27:51 [ERROR] Database connection lost
2025-07-28 01:06:08 [ERROR] Deadlock detected in transaction ID 4747
2025-07-28 19:32:07 [INFO] Database connection established
2025-07-28 15:26:12 [INFO] Cache cleared successfully
2025-07-28 16:20:42 [INFO] Scheduled backup completed successfully
2025-07-28 06:15:28 [INFO] Service inventory started
2025-07-28 05:51:46 [WARNING] Failed login attempt for user: eve. Retrying...
2025-07-28 22:25:35 [INFO] File uploaded: report.pdf
2025-07-28 13:17:14 [INFO] Scheduled backup completed successfully
2025-07-28 21:19:58 [INFO] Database connection established
2025-07-28 22:17:26 [INFO] User login successful for user: diana
2025-07-28 02:38:51 [WARNING] API response time exceeded threshold
2025-07-28 19:03:50 [WARNING] Failed login attempt for user: diana. Retrying...
2025-07-28 18:09:37 [WARNING] Second failed login attempt for user: charlie. Next attempt will ERROR. Retrying...
2025-07-28 17:15:02 [DEBUG] Temporary file created at: backup.zip
2025-07-28 13:46:10 [INFO] User login successful for user: diana
2025-07-28 18:44:26 [INFO] User login successful for user: alice
2025-07-28 11:17:58 [INFO] File uploaded: report.pdf
2025-07-28 20:08:19 [INFO] Database connection established
2025-07-28 18:24:53 [INFO] File uploaded: data.csv
2025-07-28 08:49:11 [INFO] Database connection established
2025-07-28 19:10:56 [WARNING] Configuration file deprecated: report.pdf
2025-07-28 23:49:45 [INFO] Database connection established
2025-07-28 15:49:18 [INFO] Service auth started
2025-07-28 14:06:36 [INFO] User login successful for user: diana
2025-07-28 16:54:57 [INFO] Database connection established
2025-07-28 00:30:24 [WARNING] High memory usage detected
2025-07-28 06:06:32 [INFO] Scheduled backup completed successfully
2025-07-28 19:23:40 [ERROR] Database connection lost
2025-07-28 13:09:35 [INFO] User login successful for user: charlie
2025-07-28 08:11:11 [INFO] File uploaded: backup.zip
2025-07-28 19:50:32 [DEBUG] Variable x has value: 367
2025-07-28 13:11:08 [INFO] Scheduled backup completed successfully
2025-07-28 05:23:08 [WARNING] High memory usage detected
2025-07-28 14:27:25 [ERROR] Unhandled exception: TimeoutError
2025-07-28 17:25:14 [INFO] Service auth started
2025-07-28 02:24:28 [DEBUG] Entering function generate_report with arguments: 7
2025-07-28 20:50:44 [INFO] User login successful for user: alice
2025-07-28 02:03:44 [INFO] User login successful for user: charlie
2025-07-28 02:37:56 [INFO] User login successful for user: diana
2025-07-28 23:35:12 [WARNING] Second failed login attempt for user: eve. Next attempt will ERROR. Retrying...
2025-07-28 22:42:46 [ERROR] Unhandled exception: NullPointerException
2025-07-28 14:37:22 [INFO] Database connection established
2025-07-28 03:58:48 [INFO] Database connection established
2025-07-28 01:32:34 [ERROR] Deadlock detected in transaction ID 3625
2025-07-28 00:36:03 [INFO] User login successful for user: diana
2025-07-28 03:00:53 [INFO] Cache cleared successfully
2025-07-28 11:52:38 [INFO] Service payment started
2025-07-28 03:45:20 [INFO] User login successful for user: charlie
2025-07-28 06:03:59 [WARNING] Configuration file deprecated: config.yml
2025-07-28 21:49:26 [WARNING] Failed login attempt for user: bob. Retrying...
2025-07-28 19:08:57 [INFO] Database connection established
2025-07-28 19:02:10 [INFO] File uploaded: data.csv
2025-07-28 08:42:20 [INFO] User login successful for user: bob
2025-07-28 12:31:34 [INFO] File uploaded: config.yml
2025-07-28 18:22:54 [INFO] File uploaded: config.yml
2025-07-28 11:09:42 [ERROR] Database connection lost
2025-07-28 01:03:13 [WARNING] API response time exceeded threshold
2025-07-28 10:11:18 [DEBUG] Session token generated for user: eve
2025-07-28 07:25:16 [INFO] File uploaded: config.yml
2025-07-28 21:01:56 [ERROR] Deadlock detected in transaction ID 4957
2025-07-28 00:17:32 [INFO] Service notification started
2025-07-28 22:54:46 [INFO] Scheduled backup completed successfully
2025-07-28 22:54:32 [INFO] Cache cleared successfully
2025-07-28 12:26:36 [WARNING] High memory usage detected
2025-07-28 14:17:17 [INFO] File uploaded: config.yml
2025-07-28 19:21:10 [INFO] Cache cleared successfully
2025-07-28 18:45:04 [INFO] File uploaded: config.yml
2025-07-28 16:00:58 [ERROR] Service inventory crashed
2025-07-28 20:57:38 [ERROR] Email sending failed to recipient: user@gmail.com
2025-07-28 06:37:51 [INFO] User login successful for user: bob
2025-07-28 14:21:50 [INFO] User login successful for user: bob
2025-07-28 14:36:28 [INFO] Cache cleared successfully
2025-07-28 09:32:17 [WARNING] Second failed login attempt for user: charlie. Next attempt will ERROR. Retrying...
2025-07-28 07:23:13 [INFO] Scheduled backup completed successfully
2025-07-28 06:10:53 [WARNING] Configuration file deprecated: config.yml
2025-07-28 16:02:09 [ERROR] Deadlock detected in transaction ID 3880
2025-07-28 20:49:58 [INFO] Cache cleared successfully
2025-07-28 07:01:23 [INFO] Database connection established
2025-07-28 17:06:24 [WARNING] High memory usage detected
2025-07-28 00:03:25 [INFO] Database connection established
2025-07-28 17:33:55 [INFO] Cache cleared successfully
2025-07-28 19:34:43 [INFO] Database connection established
2025-07-28 16:23:58 [INFO] Database connection established
2025-07-28 04:27:44 [DEBUG] Entering function generate_report with arguments: 3
2025-07-28 03:56:41 [ERROR] File write failed: backup.zip
2025-07-28 11:48:08 [INFO] File uploaded: backup.zip
2025-07-28 05:32:23 [INFO] Service auth started
2025-07-28 23:57:39 [DEBUG] Query executed: UPDATE orders SET status='shipped' WHERE id=42
2025-07-28 11:25:08 [WARNING] Slow query detected: execution time 4049ms
2025-07-28 04:58:26 [INFO] Database connection established
2025-07-28 09:31:42 [INFO] File uploaded: config.yml
2025-07-28 16:21:08 [WARNING] High memory usage detected
2025-07-28 02:31:02 [INFO] Scheduled backup completed successfully
2025-07-28 03:37:25 [INFO] Scheduled backup completed successfully
2025-07-28 04:18:38 [ERROR] Email sending failed to recipient: support@amazon.com
2025-07-28 09:33:49 [ERROR] Unhandled exception: NullPointerException
2025-07-28 08:57:20 [INFO] Service payment started
2025-07-28 16:06:07 [ERROR] File write failed: data.csv
2025-07-28 15:38:20 [INFO] User login successful for user: alice
2025-07-28 08:22:41 [ERROR] Deadlock detected in transaction ID 4296
2025-07-28 12:22:53 [DEBUG] Entering function process_payment with arguments: 6
2025-07-28 20:24:19 [INFO] Cache cleared successfully
2025-07-28 00:36:42 [INFO] Database connection established
2025-07-28 00:54:10 [ERROR] Deadlock detected in transaction ID 4053
2025-07-28 21:31:28 [WARNING] Failed login attempt for user: bob. Retrying...
2025-07-28 23:18:06 [INFO] File uploaded: report.pdf
2025-07-28 09:29:00 [ERROR] Email sending failed to recipient: admin@google.com
2025-07-28 03:26:54 [INFO] Scheduled backup completed successfully
2025-07-28 17:28:13 [WARNING] Second failed login attempt for user: charlie. Next attempt will ERROR. Retrying...
2025-07-28 07:15:34 [INFO] Service notification started
2025-07-28 22:19:21 [ERROR] File write failed: data.csv
2025-07-28 17:36:03 [INFO] Scheduled backup completed successfully
2025-07-28 08:50:24 [INFO] Service notification started
2025-07-28 07:35:49 [INFO] Scheduled backup completed successfully
2025-07-28 01:33:51 [INFO] User login successful for user: charlie
2025-07-28 13:58:26 [WARNING] Failed login attempt for user: charlie. Retrying...
2025-07-28 01:48:15 [INFO] File uploaded: backup.zip
2025-07-28 07:38:11 [INFO] File uploaded: report.pdf
2025-07-28 14:16:30 [INFO] Scheduled backup completed successfully
2025-07-28 20:12:32 [INFO] Database connection established
2025-07-28 03:31:14 [INFO] Database connection established
2025-07-28 05:37:04 [INFO] User login successful for user: eve
2025-07-28 12:34:58 [INFO] File uploaded: report.pdf
2025-07-28 18:44:16 [INFO] File uploaded: backup.zip
2025-07-28 20:40:24 [INFO] File uploaded: backup.zip
2025-07-28 00:14:21 [INFO] User login successful for user: eve
2025-07-28 04:29:36 [DEBUG] Variable x has value: 2765
2025-07-28 08:47:37 [WARNING] High memory usage detected
2025-07-28 08:53:15 [WARNING] Disk space low: 2233 remaining
2025-07-28 06:13:24 [WARNING] Configuration file deprecated: report.pdf
2025-07-28 18:18:22 [INFO] Cache cleared successfully
2025-07-28 22:17:22 [INFO] Scheduled backup completed successfully
2025-07-28 08:05:39 [INFO] File uploaded: data.csv
2025-07-28 15:27:06 [INFO] Cache cleared successfully
2025-07-28 00:42:55 [DEBUG] Temporary file created at: backup.zip
2025-07-28 14:19:07 [ERROR] Email sending failed to recipient: user@gmail.com
2025-07-28 15:07:49 [INFO] Database connection established
2025-07-28 11:15:48 [WARNING] High memory usage detected
2025-07-28 10:01:20 [INFO] Scheduled backup completed successfully
2025-07-28 10:27:59 [INFO] User login successful for user: diana
2025-07-28 18:13:18 [ERROR] Database connection lost
2025-07-28 22:32:59 [INFO] Service payment started
2025-07-28 10:20:55 [WARNING] API response time exceeded threshold
2025-07-28 15:55:53 [WARNING] Configuration file deprecated: config.yml
2025-07-28 17:46:05 [ERROR] Deadlock detected in transaction ID 3525
2025-07-28 23:56:44 [DEBUG] Query executed: UPDATE orders SET status='shipped' WHERE id=42
2025-07-28 22:21:56 [ERROR] Service inventory crashed
2025-07-28 06:18:15 [INFO] Service inventory started
2025-07-28 00:11:26 [INFO] Scheduled backup completed successfully
2025-07-28 23:50:08 [INFO] File uploaded: data.csv
2025-07-28 11:29:05 [DEBUG] Query executed: UPDATE orders SET status='shipped' WHERE id=42
2025-07-28 03:16:22 [INFO] File uploaded: data.csv
2025-07-28 20:11:59 [INFO] Database connection established
2025-07-28 06:27:34 [WARNING] Failed login attempt for user: bob. Retrying...
2025-07-28 09:08:14 [INFO] Cache cleared successfully
2025-07-28 18:02:19 [INFO] Scheduled backup completed successfully
2025-07-28 23:41:21 [ERROR] Email sending failed to recipient: admin@google.com
2025-07-28 05:46:23 [WARNING] High memory usage detected
2025-07-28 23:02:30 [INFO] Cache cleared successfully
2025-07-28 23:29:45 [INFO] Service inventory started
2025-07-28 04:47:50 [INFO] Service auth started
2025-07-28 18:47:20 [INFO] User login successful for user: charlie
2025-07-28 08:32:57 [INFO] User login successful for user: charlie
2025-07-28 08:23:00 [ERROR] Service notification crashed
2025-07-28 06:05:26 [INFO] Database connection established
2025-07-28 09:03:29 [ERROR] Service payment crashed
2025-07-28 22:00:34 [WARNING] Disk space low: 1788 remaining
2025-07-28 03:07:38 [INFO] Database connection established
2025-07-28 12:50:50 [INFO] Scheduled backup completed successfully
2025-07-28 02:48:11 [ERROR] Service payment crashed
2025-07-28 03:34:57 [INFO] Service notification started
2025-07-28 17:15:13 [INFO] File uploaded: config.yml
2025-07-28 22:56:39 [INFO] Database connection established
2025-07-28 01:15:23 [INFO] Service notification started
2025-07-28 13:43:40 [ERROR] Service inventory crashed
2025-07-28 19:50:08 [INFO] Database connection established
2025-07-28 01:22:10 [ERROR] Email sending failed to recipient: support@amazon.com
2025-07-28 19:01:54 [INFO] File uploaded: config.yml
2025-07-28 09:53:31 [INFO] File uploaded: backup.zip
2025-07-28 03:10:28 [ERROR] Database connection lost
2025-07-28 19:39:18 [WARNING] Configuration file deprecated: backup.zip
2025-07-28 04:01:23 [INFO] Scheduled backup completed successfully
2025-07-28 08:33:53 [INFO] Scheduled backup completed successfully
2025-07-28 02:01:03 [INFO] Cache cleared successfully
2025-07-28 09:53:07 [WARNING] High memory usage detected
2025-07-28 02:03:31 [INFO] Cache cleared successfully
2025-07-28 12:42:58 [WARNING] Failed login attempt for user: eve. Retrying...
2025-07-28 16:57:56 [INFO] User login successful for user: charlie
2025-07-28 15:26:41 [ERROR] Service notification crashed
2025-07-28 11:57:17 [WARNING] Configuration file deprecated: backup.zip
2025-07-28 17:46:39 [INFO] Database connection established
2025-07-28 07:10:42 [INFO] Cache cleared successfully
2025-07-28 05:39:37 [WARNING] API response time exceeded threshold
2025-07-28 07:41:22 [INFO] Service inventory started
2025-07-28 04:12:43 [DEBUG] Entering function process_payment with arguments: 5
2025-07-28 22:18:33 [INFO] User login successful for user: diana
2025-07-28 00:21:31 [INFO] Service notification started
2025-07-28 05:16:21 [INFO] Database connection established
2025-07-28 01:13:10 [INFO] User login successful for user: eve
2025-07-28 00:53:58 [INFO] Cache cleared successfully
2025-07-28 13:02:53 [WARNING] API response time exceeded threshold
2025-07-28 21:33:43 [INFO] Cache cleared successfully
2025-07-28 05:00:34 [DEBUG] Session token generated for user: diana
2025-07-28 12:14:39 [INFO] Service notification started
2025-07-28 10:07:24 [ERROR] File write failed: backup.zip
2025-07-28 01:11:41 [INFO] Service auth started
2025-07-28 23:06:54 [WARNING] Second failed login attempt for user: alice. Next attempt will ERROR. Retrying...
2025-07-28 07:28:32 [INFO] Cache cleared successfully
2025-07-28 20:06:47 [INFO] User login successful for user: alice
2025-07-28 08:48:26 [WARNING] Configuration file deprecated: config.yml
2025-07-28 06:46:18 [WARNING] Failed login attempt for user: charlie. Retrying...
2025-07-28 09:14:25 [WARNING] API response time exceeded threshold
2025-07-28 13:41:48 [WARNING] Failed login attempt for user: bob. Retrying...
2025-07-28 00:58:38 [INFO] User login successful for user: diana
2025-07-28 14:21:30 [ERROR] Email sending failed to recipient: admin@google.com
2025-07-28 20:22:34 [INFO] Cache cleared successfully
2025-07-28 22:44:06 [INFO] Database connection established
2025-07-28 08:11:29 [WARNING] Slow query detected: execution time 2755ms
2025-07-28 23:54:07 [INFO] File uploaded: data.csv
2025-07-28 23:58:16 [WARNING] Disk space low: 793 remaining
2025-07-28 17:56:10 [INFO] Database connection established
2025-07-28 19:34:48 [INFO] Cache cleared successfully
2025-07-28 17:22:11 [ERROR] Deadlock detected in transaction ID 3073
2025-07-28 17:38:22 [INFO] File uploaded: backup.zip
2025-07-28 14:26:53 [ERROR] Unhandled exception: TimeoutError
2025-07-28 15:12:53 [INFO] Database connection established
2025-07-28 06:52:31 [INFO] Cache cleared successfully
2025-07-28 23:16:32 [INFO] Service payment started
2025-07-28 22:34:34 [INFO] Scheduled backup completed successfully
2025-07-28 21:57:19 [INFO] Service payment started
2025-07-28 21:14:10 [WARNING] Disk space low: 1678 remaining
2025-07-28 02:07:46 [ERROR] Database connection lost
2025-07-28 18:04:30 [INFO] Cache cleared successfully
2025-07-28 07:56:33 [ERROR] File write failed: data.csv
2025-07-28 00:10:11 [INFO] Cache cleared successfully
2025-07-28 18:16:33 [WARNING] API response time exceeded threshold
2025-07-28 16:02:03 [INFO] Database connection established
2025-07-28 14:08:37 [ERROR] Database connection lost
2025-07-28 19:12:39 [INFO] Service auth started
2025-07-28 02:37:32 [INFO] User login successful for user: eve
2025-07-28 10:19:30 [INFO] File uploaded: config.yml
2025-07-28 09:27:53 [WARNING] High memory usage detected
2025-07-28 20:02:04 [INFO] File uploaded: data.csv
2025-07-28 04:20:37 [INFO] File uploaded: config.yml
2025-07-28 02:51:39 [ERROR] Database connection lost
2025-07-28 00:35:02 [INFO] File uploaded: backup.zip
2025-07-28 07:25:14 [INFO] User login successful for user: charlie
2025-07-28 22:50:32 [WARNING] Failed login attempt for user: diana. Retrying...
