2025-07-30 16:28:15 [WARNING] Slow query detected: execution time 865ms
2025-07-30 08:06:38 [WARNING] Failed login attempt for user: bob. Retrying...
2025-07-30 22:37:53 [WARNING] Failed login attempt for user: bob. Retrying...
2025-07-30 06:33:00 [WARNING] Failed login attempt for user: eve. Retrying...
2025-07-30 03:48:47 [INFO] Database connection established
2025-07-30 12:24:45 [INFO] File uploaded: backup.zip
2025-07-30 19:16:39 [INFO] Scheduled backup completed successfully
2025-07-30 16:24:48 [DEBUG] Session token generated for user: bob
2025-07-30 16:27:19 [INFO] Service auth started
2025-07-30 19:40:19 [WARNING] High memory usage detected
2025-07-30 21:17:47 [WARNING] Second failed login attempt for user: bob. Next attempt will ERROR. Retrying...
2025-07-30 03:08:09 [INFO] Database connection established
2025-07-30 09:55:30 [ERROR] Service inventory crashed
2025-07-30 18:03:13 [INFO] Cache cleared successfully
2025-07-30 06:29:35 [INFO] Scheduled backup completed successfully
2025-07-30 17:38:20 [INFO] Service inventory started
2025-07-30 03:04:25 [WARNING] High memory usage detected
2025-07-30 09:42:27 [INFO] Scheduled backup completed successfully
2025-07-30 22:00:44 [INFO] File uploaded: backup.zip
2025-07-30 15:39:41 [INFO] User login successful for user: diana
2025-07-30 09:03:47 [ERROR] Unhandled exception: TimeoutError
2025-07-30 19:16:35 [DEBUG] Entering function process_payment with arguments: 1
2025-07-30 09:16:32 [WARNING] Configuration file deprecated: backup.zip
2025-07-30 22:25:20 [INFO] Service payment started
2025-07-30 02:42:59 [INFO] Cache cleared successfully
2025-07-30 15:26:39 [ERROR] File write failed: report.pdf
2025-07-30 14:08:33 [INFO] Service auth started
2025-07-30 11:00:52 [WARNING] Slow query detected: execution time 3426ms
2025-07-30 08:10:15 [ERROR] Deadlock detected in transaction ID 187
2025-07-30 02:10:00 [INFO] Database connection established
2025-07-30 22:20:26 [WARNING] Second failed login attempt for user: eve. Next attempt will ERROR. Retrying...
2025-07-30 05:14:19 [ERROR] Service auth crashed
2025-07-30 15:35:27 [INFO] Service inventory started
2025-07-30 09:12:50 [INFO] Cache cleared successfully
2025-07-30 21:19:55 [WARNING] Second failed login attempt for user: diana. Next attempt will ERROR. Retrying...
2025-07-30 10:53:49 [ERROR] Database connection lost
2025-07-30 08:51:28 [INFO] Scheduled backup completed successfully
2025-07-30 05:51:18 [WARNING] Slow query detected: execution time 3686ms
2025-07-30 06:26:58 [WARNING] Disk space low: 2838 remaining
2025-07-30 15:46:34 [INFO] File uploaded: data.csv
2025-07-30 11:04:28 [WARNING] Second failed login attempt for user: eve. Next attempt will ERROR. Retrying...
2025-07-30 12:03:41 [INFO] File uploaded: data.csv
2025-07-30 03:49:31 [WARNING] Second failed login attempt for user: bob. Next attempt will ERROR. Retrying...
2025-07-30 04:27:57 [INFO] Scheduled backup completed successfully
2025-07-30 11:19:51 [WARNING] Disk space low: 2761 remaining
2025-07-30 23:52:05 [WARNING] Disk space low: 3726 remaining
2025-07-30 20:29:43 [INFO] User login successful for user: charlie
2025-07-30 00:42:37 [WARNING] High memory usage detected
2025-07-30 09:39:22 [ERROR] Database connection lost
2025-07-30 21:07:25 [INFO] Service notification started
2025-07-30 23:49:36 [INFO] Cache cleared successfully
2025-07-30 04:19:15 [INFO] File uploaded: data.csv
2025-07-30 01:05:54 [WARNING] Failed login attempt for user: alice. Retrying...
2025-07-30 02:10:12 [ERROR] Unhandled exception: FileNotFoundError
2025-07-30 20:48:22 [INFO] Cache cleared successfully
2025-07-30 09:47:31 [INFO] Service notification started
2025-07-30 06:25:22 [INFO] Service auth started
2025-07-30 06:20:29 [DEBUG] Session token generated for user: diana
2025-07-30 13:51:16 [ERROR] Deadlock detected in transaction ID 2849
2025-07-30 14:34:39 [INFO] Service inventory started
2025-07-30 04:42:44 [WARNING] API response time exceeded threshold
2025-07-30 21:59:44 [INFO] Service payment started
2025-07-30 09:42:30 [INFO] Scheduled backup completed successfully
2025-07-30 16:08:50 [WARNING] Failed login attempt for user: eve. Retrying...
2025-07-30 23:24:45 [INFO] Database connection established
2025-07-30 13:03:31 [WARNING] Second failed login attempt for user: alice. Next attempt will ERROR. Retrying...
2025-07-30 05:13:46 [INFO] Service auth started
2025-07-30 22:54:34 [INFO] Scheduled backup completed successfully
2025-07-30 04:34:18 [WARNING] Second failed login attempt for user: diana. Next attempt will ERROR. Retrying...
2025-07-30 23:38:24 [WARNING] Failed login attempt for user: diana. Retrying...
2025-07-30 08:45:06 [INFO] File uploaded: config.yml
2025-07-30 16:48:20 [INFO] Scheduled backup completed successfully
2025-07-30 05:30:23 [WARNING] Disk space low: 1455 remaining
2025-07-30 18:05:19 [INFO] Cache cleared successfully
2025-07-30 04:21:38 [WARNING] Disk space low: 343 remaining
2025-07-30 23:19:29 [INFO] Service auth started
2025-07-30 08:25:29 [INFO] Scheduled backup completed successfully
2025-07-30 05:25:50 [INFO] Service auth started
2025-07-30 12:33:54 [INFO] Database connection established
2025-07-30 20:00:40 [INFO] File uploaded: report.pdf
2025-07-30 21:25:30 [DEBUG] Session token generated for user: charlie
2025-07-30 09:54:09 [INFO] File uploaded: report.pdf
2025-07-30 11:26:21 [INFO] File uploaded: config.yml
2025-07-30 05:50:00 [WARNING] Disk space low: 1967 remaining
2025-07-30 08:12:28 [INFO] Service payment started
2025-07-30 10:35:00 [WARNING] Slow query detected: execution time 2090ms
2025-07-30 00:32:36 [INFO] Scheduled backup completed successfully
2025-07-30 13:55:08 [DEBUG] Variable x has value: 3171
2025-07-30 21:56:18 [INFO] File uploaded: data.csv
2025-07-30 12:25:18 [DEBUG] Variable x has value: 2892
2025-07-30 10:16:06 [INFO] User login successful for user: charlie
2025-07-30 14:26:59 [ERROR] File write failed: data.csv
2025-07-30 05:30:56 [INFO] Cache cleared successfully
2025-07-30 08:10:31 [WARNING] Failed login attempt for user: alice. Retrying...
2025-07-30 06:37:11 [INFO] File uploaded: config.yml
2025-07-30 21:16:18 [INFO] Database connection established
2025-07-30 03:21:06 [DEBUG] Session token generated for user: diana
2025-07-30 21:12:23 [INFO] Scheduled backup completed successfully
2025-07-30 07:57:33 [DEBUG] Entering function generate_report with arguments: 5
2025-07-30 02:37:02 [INFO] File uploaded: report.pdf
2025-07-30 01:11:55 [INFO] Database connection established
2025-07-30 12:49:59 [WARNING] Configuration file deprecated: data.csv
2025-07-30 13:50:59 [INFO] Database connection established
2025-07-30 02:35:34 [INFO] User login successful for user: alice
2025-07-30 08:59:55 [ERROR] Service payment crashed
2025-07-30 18:41:56 [WARNING] API response time exceeded threshold
2025-07-30 00:03:29 [INFO] Cache cleared successfully
2025-07-30 09:40:10 [INFO] User login successful for user: eve
2025-07-30 07:03:53 [ERROR] Database connection lost
2025-07-30 04:46:29 [WARNING] Disk space low: 3296 remaining
2025-07-30 17:32:19 [WARNING] High memory usage detected
2025-07-30 10:35:50 [INFO] Cache cleared successfully
2025-07-30 22:35:36 [INFO] Database connection established
2025-07-30 00:58:37 [INFO] Database connection established
2025-07-30 13:40:55 [INFO] Database connection established
2025-07-30 15:13:51 [INFO] Database connection established
2025-07-30 22:50:08 [INFO] User login successful for user: alice
2025-07-30 20:41:21 [INFO] Scheduled backup completed successfully
2025-07-30 02:29:25 [ERROR] Email sending failed to recipient: user@gmail.com
2025-07-30 07:02:44 [DEBUG] Temporary file created at: config.yml
2025-07-30 12:46:24 [INFO] Cache cleared successfully
2025-07-30 20:00:07 [INFO] Service notification started
2025-07-30 12:42:28 [INFO] Service notification started
2025-07-30 21:40:34 [INFO] User login successful for user: alice
2025-07-30 19:13:09 [ERROR] Email sending failed to recipient: support@amazon.com
2025-07-30 09:23:12 [INFO] Scheduled backup completed successfully
2025-07-30 12:05:46 [INFO] File uploaded: backup.zip
2025-07-30 09:12:05 [INFO] Service auth started
2025-07-30 05:18:25 [INFO] User login successful for user: bob
2025-07-30 06:47:42 [ERROR] Email sending failed to recipient: admin@google.com
2025-07-30 22:13:21 [INFO] File uploaded: backup.zip
2025-07-30 17:47:09 [ERROR] Unhandled exception: FileNotFoundError
2025-07-30 07:07:04 [INFO] Scheduled backup completed successfully
2025-07-30 10:34:25 [INFO] Scheduled backup completed successfully
2025-07-30 15:14:18 [ERROR] Service auth crashed
2025-07-30 00:47:35 [INFO] Cache cleared successfully
2025-07-30 22:03:43 [INFO] Service notification started
2025-07-30 02:07:13 [INFO] User login successful for user: eve
2025-07-30 12:26:28 [WARNING] Disk space low: 1527 remaining
2025-07-30 02:44:09 [ERROR] Email sending failed to recipient: support@amazon.com
2025-07-30 18:39:54 [INFO] Scheduled backup completed successfully
2025-07-30 07:05:48 [DEBUG] Session token generated for user: diana
2025-07-30 21:05:56 [ERROR] Email sending failed to recipient: admin@google.com
2025-07-30 02:58:25 [ERROR] Email sending failed to recipient: admin@google.com
2025-07-30 23:58:46 [WARNING] Slow query detected: execution time 3961ms
2025-07-30 12:44:42 [DEBUG] Session token generated for user: bob
2025-07-30 15:26:18 [WARNING] High memory usage detected
2025-07-30 12:22:52 [WARNING] Disk space low: 2338 remaining
2025-07-30 12:47:35 [WARNING] Slow query detected: execution time 774ms
2025-07-30 20:21:25 [INFO] User login successful for user: eve
2025-07-30 17:56:39 [DEBUG] Query executed: UPDATE orders SET status='shipped' WHERE id=42
2025-07-30 17:35:08 [INFO] Cache cleared successfully
2025-07-30 11:17:02 [WARNING] Failed login attempt for user: bob. Retrying...
2025-07-30 02:36:39 [INFO] Cache cleared successfully
2025-07-30 03:58:15 [INFO] Database connection established
2025-07-30 05:17:24 [INFO] File uploaded: data.csv
2025-07-30 23:01:48 [INFO] Scheduled backup completed successfully
2025-07-30 17:42:16 [WARNING] Second failed login attempt for user: diana. Next attempt will ERROR. Retrying...
2025-07-30 07:55:31 [WARNING] Configuration file deprecated: report.pdf
2025-07-30 23:26:24 [INFO] Cache cleared successfully
2025-07-30 16:25:56 [INFO] User login successful for user: alice
2025-07-30 14:24:03 [INFO] Cache cleared successfully
2025-07-30 22:44:54 [INFO] Cache cleared successfully
2025-07-30 02:36:02 [INFO] User login successful for user: diana
2025-07-30 02:21:16 [INFO] File uploaded: report.pdf
2025-07-30 13:30:16 [INFO] File uploaded: config.yml
2025-07-30 08:01:08 [INFO] Scheduled backup completed successfully
2025-07-30 07:21:21 [INFO] File uploaded: report.pdf
2025-07-30 03:12:12 [INFO] File uploaded: config.yml
2025-07-30 08:45:15 [ERROR] Service notification crashed
2025-07-30 22:54:05 [INFO] Cache cleared successfully
2025-07-30 12:17:33 [WARNING] High memory usage detected
2025-07-30 07:06:41 [INFO] User login successful for user: eve
2025-07-30 00:19:05 [INFO] Database connection established
2025-07-30 18:25:52 [ERROR] Service auth crashed
2025-07-30 06:06:04 [INFO] File uploaded: config.yml
2025-07-30 09:46:19 [INFO] User login successful for user: diana
2025-07-30 18:44:06 [ERROR] Deadlock detected in transaction ID 2664
2025-07-30 04:02:15 [WARNING] High memory usage detected
2025-07-30 02:00:02 [ERROR] Email sending failed to recipient: admin@google.com
2025-07-30 05:02:38 [ERROR] Database connection lost
2025-07-30 19:16:58 [INFO] File uploaded: data.csv
2025-07-30 00:14:00 [WARNING] Slow query detected: execution time 2811ms
2025-07-30 06:17:17 [DEBUG] Entering function generate_report with arguments: 1
2025-07-30 08:31:20 [ERROR] Unhandled exception: TimeoutError
2025-07-30 15:32:43 [INFO] Service notification started
2025-07-30 04:55:37 [INFO] Scheduled backup completed successfully
2025-07-30 00:31:32 [INFO] File uploaded: config.yml
2025-07-30 23:53:20 [WARNING] Second failed login attempt for user: bob. Next attempt will ERROR. Retrying...
2025-07-30 05:14:18 [INFO] Database connection established
2025-07-30 20:59:53 [WARNING] API response time exceeded threshold
2025-07-30 03:22:27 [INFO] Scheduled backup completed successfully
2025-07-30 03:30:16 [DEBUG] Session token generated for user: alice
2025-07-30 20:33:04 [ERROR] Database connection lost
2025-07-30 17:41:31 [INFO] Service inventory started
2025-07-30 08:47:49 [WARNING] High memory usage detected
2025-07-30 01:56:16 [INFO] Database connection established
2025-07-30 00:52:07 [ERROR] File write failed: data.csv
2025-07-30 20:40:55 [INFO] Cache cleared successfully
2025-07-30 13:23:09 [INFO] Database connection established
2025-07-30 13:58:34 [INFO] Service auth started
2025-07-30 01:46:27 [INFO] Service inventory started
2025-07-30 13:10:38 [INFO] Database connection established
2025-07-30 21:57:46 [INFO] Service notification started
2025-07-30 01:20:07 [INFO] Service inventory started
2025-07-30 08:46:00 [DEBUG] Temporary file created at: backup.zip
2025-07-30 17:14:09 [INFO] Database connection established
2025-07-30 16:18:15 [WARNING] Second failed login attempt for user: alice. Next attempt will ERROR. Retrying...
2025-07-30 13:06:11 [INFO] User login successful for user: alice
2025-07-30 06:05:34 [INFO] User login successful for user: charlie
2025-07-30 13:13:28 [WARNING] Slow query detected: execution time 3236ms
2025-07-30 16:39:43 [ERROR] Service payment crashed
2025-07-30 05:28:49 [INFO] Cache cleared successfully
2025-07-30 18:38:12 [INFO] Database connection established
2025-07-30 09:06:23 [INFO] User login successful for user: eve
2025-07-30 08:05:05 [INFO] Cache cleared successfully
2025-07-30 05:19:37 [INFO] Cache cleared successfully
2025-07-30 03:42:13 [INFO] Cache cleared successfully
2025-07-30 08:07:51 [WARNING] Disk space low: 3001 remaining
2025-07-30 04:42:36 [ERROR] Database connection lost
2025-07-30 03:17:24 [WARNING] Configuration file deprecated: report.pdf
2025-07-30 09:09:53 [WARNING] Second failed login attempt for user: charlie. Next attempt will ERROR. Retrying...
2025-07-30 06:30:54 [INFO] Scheduled backup completed successfully
2025-07-30 20:30:37 [INFO] File uploaded: report.pdf
2025-07-30 12:41:30 [WARNING] Configuration file deprecated: report.pdf
2025-07-30 23:13:31 [INFO] Cache cleared successfully
2025-07-30 02:19:43 [DEBUG] Session token generated for user: alice
