2025-07-27 07:57:00 [ERROR] Database connection lost
2025-07-27 00:50:03 [INFO] Database connection established
2025-07-27 01:46:26 [INFO] Scheduled backup completed successfully
2025-07-27 12:15:29 [ERROR] Deadlock detected in transaction ID 4878
2025-07-27 18:50:57 [INFO] Database connection established
2025-07-27 18:47:05 [INFO] Cache cleared successfully
2025-07-27 14:59:00 [INFO] User login successful for user: diana
2025-07-27 14:10:57 [WARNING] Failed login attempt for user: charlie. Retrying...
2025-07-27 23:37:41 [WARNING] Second failed login attempt for user: eve. Next attempt will ERROR. Retrying...
2025-07-27 22:44:10 [INFO] Database connection established
2025-07-27 03:27:22 [INFO] File uploaded: config.yml
2025-07-27 04:34:12 [ERROR] Database connection lost
2025-07-27 10:30:13 [INFO] Cache cleared successfully
2025-07-27 11:20:40 [WARNING] Second failed login attempt for user: bob. Next attempt will ERROR. Retrying...
2025-07-27 12:32:03 [INFO] Scheduled backup completed successfully
2025-07-27 14:10:57 [ERROR] Email sending failed to recipient: support@amazon.com
2025-07-27 05:15:46 [INFO] Cache cleared successfully
2025-07-27 09:08:32 [WARNING] Second failed login attempt for user: charlie. Next attempt will ERROR. Retrying...
2025-07-27 08:53:10 [INFO] Database connection established
2025-07-27 18:22:47 [INFO] Scheduled backup completed successfully
2025-07-27 08:02:23 [INFO] File uploaded: config.yml
2025-07-27 19:39:53 [ERROR] Service auth crashed
2025-07-27 19:09:42 [INFO] Service inventory started
2025-07-27 21:13:51 [INFO] File uploaded: data.csv
2025-07-27 07:33:44 [INFO] Cache cleared successfully
2025-07-27 11:11:11 [INFO] Scheduled backup completed successfully
2025-07-27 02:53:26 [INFO] Service auth started
2025-07-27 20:49:39 [WARNING] Second failed login attempt for user: alice. Next attempt will ERROR. Retrying...
2025-07-27 06:40:39 [ERROR] Service payment crashed
2025-07-27 20:37:31 [INFO] Database connection established
2025-07-27 15:35:20 [INFO] Service auth started
2025-07-27 00:25:30 [ERROR] Unhandled exception: TimeoutError
2025-07-27 13:38:15 [INFO] Service notification started
2025-07-27 10:30:51 [INFO] Scheduled backup completed successfully
2025-07-27 19:14:05 [INFO] Database connection established
2025-07-27 18:10:37 [ERROR] Database connection lost
2025-07-27 10:24:39 [INFO] Database connection established
2025-07-27 06:28:58 [ERROR] Service inventory crashed
2025-07-27 09:55:08 [INFO] File uploaded: backup.zip
2025-07-27 15:43:32 [WARNING] Configuration file deprecated: data.csv
2025-07-27 17:05:18 [INFO] Database connection established
2025-07-27 08:27:29 [WARNING] Slow query detected: execution time 323ms
2025-07-27 20:33:27 [INFO] User login successful for user: diana
2025-07-27 05:46:29 [INFO] Service auth started
2025-07-27 19:59:44 [INFO] Cache cleared successfully
2025-07-27 11:09:30 [ERROR] Deadlock detected in transaction ID 1121
2025-07-27 05:43:44 [INFO] User login successful for user: diana
2025-07-27 17:22:55 [INFO] User login successful for user: bob
2025-07-27 21:10:45 [INFO] Cache cleared successfully
2025-07-27 16:30:50 [ERROR] Unhandled exception: FileNotFoundError
2025-07-27 09:24:38 [INFO] Database connection established
2025-07-27 16:13:24 [INFO] Cache cleared successfully
2025-07-27 02:47:46 [INFO] File uploaded: config.yml
2025-07-27 17:07:53 [INFO] Scheduled backup completed successfully
2025-07-27 16:51:41 [INFO] Cache cleared successfully
2025-07-27 09:23:30 [ERROR] Deadlock detected in transaction ID 4413
2025-07-27 04:39:27 [INFO] Service payment started
2025-07-27 09:45:27 [ERROR] Email sending failed to recipient: support@amazon.com
2025-07-27 00:43:35 [WARNING] High memory usage detected
2025-07-27 16:04:55 [WARNING] Slow query detected: execution time 2824ms
2025-07-27 23:30:59 [INFO] Service payment started
2025-07-27 23:30:14 [INFO] Scheduled backup completed successfully
2025-07-27 01:48:39 [INFO] Cache cleared successfully
2025-07-27 10:40:12 [INFO] Cache cleared successfully
2025-07-27 14:27:46 [WARNING] Disk space low: 4719 remaining
2025-07-27 15:11:10 [INFO] Service payment started
2025-07-27 16:28:31 [WARNING] Slow query detected: execution time 1169ms
2025-07-27 13:24:10 [INFO] Database connection established
2025-07-27 00:09:59 [INFO] Scheduled backup completed successfully
2025-07-27 23:43:17 [WARNING] High memory usage detected
2025-07-27 19:52:35 [ERROR] Database connection lost
2025-07-27 00:23:06 [INFO] User login successful for user: alice
2025-07-27 05:49:16 [INFO] File uploaded: config.yml
2025-07-27 22:28:28 [INFO] Scheduled backup completed successfully
2025-07-27 03:41:31 [WARNING] Disk space low: 264 remaining
2025-07-27 17:14:34 [INFO] Database connection established
2025-07-27 08:55:26 [ERROR] Service inventory crashed
2025-07-27 08:44:44 [INFO] Scheduled backup completed successfully
2025-07-27 21:35:22 [INFO] File uploaded: report.pdf
2025-07-27 01:33:08 [WARNING] API response time exceeded threshold
2025-07-27 21:14:17 [ERROR] File write failed: config.yml
2025-07-27 20:15:40 [INFO] Scheduled backup completed successfully
2025-07-27 00:21:24 [WARNING] API response time exceeded threshold
2025-07-27 01:52:28 [ERROR] Database connection lost
2025-07-27 00:03:04 [INFO] Service inventory started
2025-07-27 11:53:32 [WARNING] High memory usage detected
2025-07-27 23:36:04 [WARNING] Configuration file deprecated: data.csv
2025-07-27 02:49:10 [INFO] User login successful for user: bob
2025-07-27 11:27:08 [ERROR] Unhandled exception: NullPointerException
2025-07-27 07:34:26 [INFO] Cache cleared successfully
2025-07-27 18:16:28 [INFO] Service payment started
2025-07-27 11:49:12 [INFO] File uploaded: data.csv
2025-07-27 22:47:32 [DEBUG] Temporary file created at: config.yml
2025-07-27 21:09:16 [INFO] File uploaded: report.pdf
2025-07-27 15:50:30 [INFO] User login successful for user: diana
2025-07-27 07:29:03 [INFO] File uploaded: config.yml
2025-07-27 22:09:38 [DEBUG] Temporary file created at: config.yml
2025-07-27 10:01:13 [INFO] Cache cleared successfully
2025-07-27 20:37:34 [INFO] User login successful for user: eve
2025-07-27 17:19:22 [INFO] File uploaded: data.csv
2025-07-27 04:52:02 [INFO] Scheduled backup completed successfully
2025-07-27 04:29:02 [INFO] Cache cleared successfully
2025-07-27 12:44:45 [INFO] File uploaded: report.pdf
2025-07-27 15:10:50 [DEBUG] Session token generated for user: bob
2025-07-27 01:25:14 [WARNING] API response time exceeded threshold
2025-07-27 04:29:52 [INFO] Scheduled backup completed successfully
2025-07-27 03:44:31 [INFO] Database connection established
2025-07-27 21:32:33 [WARNING] Failed login attempt for user: bob. Retrying...
2025-07-27 07:42:20 [ERROR] Database connection lost
2025-07-27 08:35:51 [INFO] User login successful for user: diana
2025-07-27 01:26:37 [WARNING] Second failed login attempt for user: diana. Next attempt will ERROR. Retrying...
2025-07-27 07:02:58 [ERROR] Deadlock detected in transaction ID 4093
2025-07-27 17:38:03 [ERROR] Database connection lost
2025-07-27 03:30:04 [INFO] Service payment started
2025-07-27 15:10:50 [INFO] Database connection established
2025-07-27 07:17:25 [INFO] User login successful for user: charlie
2025-07-27 03:29:59 [INFO] Service notification started
2025-07-27 23:33:38 [INFO] File uploaded: config.yml
2025-07-27 14:11:59 [INFO] Database connection established
2025-07-27 11:04:10 [WARNING] Failed login attempt for user: diana. Retrying...
2025-07-27 03:56:14 [INFO] Database connection established
2025-07-27 05:04:05 [INFO] Service payment started
2025-07-27 07:42:17 [WARNING] API response time exceeded threshold
2025-07-27 21:12:01 [ERROR] Deadlock detected in transaction ID 3380
2025-07-27 01:18:16 [ERROR] Database connection lost
2025-07-27 17:50:00 [ERROR] Database connection lost
2025-07-27 08:25:20 [DEBUG] Temporary file created at: backup.zip
2025-07-27 20:47:27 [ERROR] Database connection lost
2025-07-27 02:54:45 [INFO] Database connection established
2025-07-27 05:39:14 [INFO] Service inventory started
2025-07-27 03:57:29 [INFO] Service payment started
2025-07-27 02:07:42 [INFO] User login successful for user: bob
2025-07-27 21:23:40 [INFO] Scheduled backup completed successfully
2025-07-27 20:45:11 [WARNING] High memory usage detected
2025-07-27 03:40:37 [DEBUG] Session token generated for user: eve
2025-07-27 23:44:34 [INFO] Scheduled backup completed successfully
2025-07-27 21:35:37 [WARNING] Configuration file deprecated: config.yml
2025-07-27 04:17:58 [WARNING] API response time exceeded threshold
2025-07-27 19:04:03 [INFO] Database connection established
2025-07-27 13:46:45 [WARNING] Configuration file deprecated: config.yml
2025-07-27 02:19:33 [WARNING] API response time exceeded threshold
2025-07-27 12:34:58 [INFO] Scheduled backup completed successfully
2025-07-27 09:36:33 [INFO] User login successful for user: eve
2025-07-27 09:47:55 [INFO] File uploaded: config.yml
2025-07-27 01:02:15 [INFO] File uploaded: report.pdf
2025-07-27 20:33:06 [WARNING] Failed login attempt for user: bob. Retrying...
2025-07-27 18:47:24 [INFO] Scheduled backup completed successfully
2025-07-27 02:42:13 [ERROR] Unhandled exception: FileNotFoundError
2025-07-27 01:40:34 [WARNING] Slow query detected: execution time 250ms
2025-07-27 00:06:40 [INFO] Scheduled backup completed successfully
2025-07-27 11:28:00 [ERROR] Email sending failed to recipient: support@amazon.com
2025-07-27 20:33:03 [INFO] User login successful for user: diana
2025-07-27 04:15:49 [ERROR] Unhandled exception: FileNotFoundError
2025-07-27 03:12:22 [ERROR] Service payment crashed
2025-07-27 01:36:01 [INFO] User login successful for user: bob
2025-07-27 03:27:33 [INFO] User login successful for user: diana
2025-07-27 10:55:27 [WARNING] Disk space low: 3667 remaining
2025-07-27 08:34:49 [WARNING] Slow query detected: execution time 4498ms
2025-07-27 16:16:24 [ERROR] Service payment crashed
2025-07-27 04:03:55 [INFO] Service auth started
2025-07-27 10:43:53 [ERROR] File write failed: config.yml
2025-07-27 00:05:27 [INFO] Database connection established
2025-07-27 15:32:32 [INFO] Scheduled backup completed successfully
2025-07-27 06:53:42 [INFO] Scheduled backup completed successfully
2025-07-27 08:21:06 [INFO] User login successful for user: charlie
2025-07-27 22:52:40 [INFO] Cache cleared successfully
2025-07-27 21:25:02 [INFO] File uploaded: backup.zip
2025-07-27 13:36:18 [ERROR] Deadlock detected in transaction ID 2013
2025-07-27 22:01:00 [INFO] Service auth started
2025-07-27 08:27:59 [ERROR] File write failed: backup.zip
2025-07-27 07:10:17 [INFO] Service notification started
2025-07-27 05:43:20 [ERROR] Unhandled exception: TimeoutError
2025-07-27 04:30:29 [INFO] File uploaded: config.yml
2025-07-27 01:08:36 [INFO] User login successful for user: bob
2025-07-27 18:59:07 [WARNING] API response time exceeded threshold
2025-07-27 23:28:06 [DEBUG] Query executed: UPDATE orders SET status='shipped' WHERE id=42
2025-07-27 16:00:26 [ERROR] Unhandled exception: NullPointerException
2025-07-27 17:02:23 [INFO] User login successful for user: eve
2025-07-27 15:37:32 [INFO] File uploaded: report.pdf
2025-07-27 04:36:29 [WARNING] High memory usage detected
2025-07-27 07:20:55 [INFO] Cache cleared successfully
2025-07-27 09:35:08 [INFO] File uploaded: data.csv
2025-07-27 07:26:12 [INFO] Service auth started
2025-07-27 23:43:29 [INFO] User login successful for user: eve
2025-07-27 13:05:43 [INFO] Cache cleared successfully
2025-07-27 08:15:24 [INFO] File uploaded: config.yml
2025-07-27 13:00:25 [INFO] User login successful for user: bob
2025-07-27 03:11:52 [INFO] Scheduled backup completed successfully
2025-07-27 23:08:08 [INFO] Cache cleared successfully
2025-07-27 06:40:23 [WARNING] Configuration file deprecated: report.pdf
2025-07-27 11:46:02 [ERROR] Unhandled exception: TimeoutError
2025-07-27 23:00:01 [INFO] Service notification started
2025-07-27 19:58:20 [INFO] Database connection established
2025-07-27 15:53:09 [WARNING] High memory usage detected
2025-07-27 17:57:50 [INFO] File uploaded: backup.zip
2025-07-27 05:27:43 [ERROR] Unhandled exception: TimeoutError
2025-07-27 22:41:45 [INFO] Service auth started
2025-07-27 14:10:58 [ERROR] Email sending failed to recipient: support@amazon.com
2025-07-27 02:06:55 [INFO] Cache cleared successfully
2025-07-27 18:10:32 [INFO] Scheduled backup completed successfully
2025-07-27 20:46:02 [INFO] User login successful for user: charlie
2025-07-27 08:54:13 [WARNING] Disk space low: 2346 remaining
2025-07-27 14:12:38 [INFO] Scheduled backup completed successfully
2025-07-27 00:19:01 [INFO] Cache cleared successfully
2025-07-27 17:39:18 [INFO] Scheduled backup completed successfully
2025-07-27 13:15:09 [INFO] Service auth started
2025-07-27 23:45:46 [INFO] Database connection established
2025-07-27 20:41:42 [INFO] Service inventory started
2025-07-27 07:44:03 [INFO] Service inventory started
2025-07-27 22:21:16 [INFO] Scheduled backup completed successfully
2025-07-27 11:29:55 [INFO] File uploaded: report.pdf
2025-07-27 18:43:12 [WARNING] Failed login attempt for user: diana. Retrying...
2025-07-27 10:35:09 [INFO] Database connection established
2025-07-27 05:56:05 [WARNING] Configuration file deprecated: data.csv
2025-07-27 15:52:05 [DEBUG] Temporary file created at: report.pdf
2025-07-27 04:18:17 [INFO] Cache cleared successfully
2025-07-27 22:30:02 [INFO] Cache cleared successfully
2025-07-27 03:29:25 [ERROR] Deadlock detected in transaction ID 3308
2025-07-27 11:06:19 [INFO] Service payment started
2025-07-27 07:59:21 [INFO] Scheduled backup completed successfully
2025-07-27 16:15:52 [ERROR] Service inventory crashed
2025-07-27 15:51:00 [WARNING] Second failed login attempt for user: bob. Next attempt will ERROR. Retrying...
2025-07-27 13:32:57 [ERROR] Unhandled exception: TimeoutError
2025-07-27 10:07:26 [ERROR] Email sending failed to recipient: user@gmail.com
2025-07-27 02:41:05 [ERROR] Service notification crashed
2025-07-27 02:15:47 [WARNING] API response time exceeded threshold
2025-07-27 16:13:27 [WARNING] Failed login attempt for user: eve. Retrying...
2025-07-27 12:57:17 [INFO] Database connection established
2025-07-27 10:46:45 [INFO] Service notification started
2025-07-27 23:06:37 [INFO] Database connection established
2025-07-27 21:14:12 [INFO] Database connection established
2025-07-27 04:27:51 [INFO] User login successful for user: bob
2025-07-27 01:25:55 [INFO] Database connection established
2025-07-27 08:04:25 [INFO] Service inventory started
2025-07-27 12:33:20 [WARNING] Second failed login attempt for user: diana. Next attempt will ERROR. Retrying...
2025-07-27 04:03:19 [ERROR] Service payment crashed
2025-07-27 18:25:45 [INFO] Cache cleared successfully
2025-07-27 07:03:59 [ERROR] Email sending failed to recipient: admin@google.com
2025-07-27 10:00:28 [WARNING] Disk space low: 1942 remaining
2025-07-27 13:05:57 [INFO] User login successful for user: charlie
2025-07-27 10:49:50 [INFO] Cache cleared successfully
2025-07-27 02:50:45 [INFO] Service notification started
2025-07-27 15:30:46 [WARNING] Failed login attempt for user: charlie. Retrying...
2025-07-27 17:36:30 [INFO] Service inventory started
2025-07-27 23:38:57 [WARNING] High memory usage detected
2025-07-27 16:20:34 [ERROR] Email sending failed to recipient: support@amazon.com
2025-07-27 05:28:59 [INFO] File uploaded: report.pdf
2025-07-27 22:29:21 [INFO] User login successful for user: diana
2025-07-27 14:37:38 [INFO] Scheduled backup completed successfully
2025-07-27 19:18:43 [INFO] Service notification started
2025-07-27 12:51:32 [ERROR] Service notification crashed
2025-07-27 03:11:46 [INFO] Scheduled backup completed successfully
2025-07-27 11:19:02 [WARNING] API response time exceeded threshold
2025-07-27 03:59:45 [INFO] File uploaded: data.csv
2025-07-27 11:33:47 [INFO] Scheduled backup completed successfully
2025-07-27 08:02:01 [INFO] File uploaded: data.csv
2025-07-27 08:41:22 [WARNING] Second failed login attempt for user: diana. Next attempt will ERROR. Retrying...
2025-07-27 09:42:47 [INFO] Database connection established
2025-07-27 05:41:13 [INFO] Scheduled backup completed successfully
2025-07-27 23:24:15 [DEBUG] Query executed: SELECT * FROM users
2025-07-27 19:33:18 [INFO] Scheduled backup completed successfully
2025-07-27 20:34:23 [INFO] Scheduled backup completed successfully
2025-07-27 12:46:41 [WARNING] High memory usage detected
2025-07-27 23:31:35 [ERROR] Database connection lost
2025-07-27 23:17:04 [INFO] Scheduled backup completed successfully
2025-07-27 15:24:22 [INFO] Scheduled backup completed successfully
2025-07-27 02:38:03 [WARNING] Failed login attempt for user: diana. Retrying...
2025-07-27 20:24:15 [INFO] Database connection established
2025-07-27 04:54:10 [ERROR] Service notification crashed
2025-07-27 00:06:56 [WARNING] Second failed login attempt for user: alice. Next attempt will ERROR. Retrying...
2025-07-27 06:39:39 [ERROR] Service notification crashed
2025-07-27 23:23:43 [ERROR] Service auth crashed
2025-07-27 15:40:57 [WARNING] High memory usage detected
2025-07-27 00:27:24 [INFO] Scheduled backup completed successfully
2025-07-27 04:46:42 [ERROR] Unhandled exception: FileNotFoundError
2025-07-27 18:04:51 [INFO] File uploaded: backup.zip
2025-07-27 08:25:35 [DEBUG] Temporary file created at: backup.zip
2025-07-27 06:11:40 [WARNING] Slow query detected: execution time 2918ms
2025-07-27 11:51:17 [WARNING] Configuration file deprecated: backup.zip
2025-07-27 04:14:44 [DEBUG] Variable x has value: 3356
2025-07-27 05:10:44 [INFO] User login successful for user: diana
2025-07-27 11:58:37 [INFO] File uploaded: backup.zip
2025-07-27 13:15:00 [INFO] Scheduled backup completed successfully
2025-07-27 14:15:50 [INFO] File uploaded: backup.zip
2025-07-27 22:20:49 [INFO] Scheduled backup completed successfully
2025-07-27 04:33:27 [INFO] Service inventory started
2025-07-27 14:45:01 [WARNING] API response time exceeded threshold
2025-07-27 06:10:26 [INFO] Service auth started
2025-07-27 08:41:16 [ERROR] Database connection lost
2025-07-27 07:41:13 [INFO] Service payment started
2025-07-27 10:37:19 [INFO] Service auth started
2025-07-27 04:48:26 [INFO] Service payment started
2025-07-27 03:26:45 [INFO] Database connection established
2025-07-27 13:37:46 [INFO] Cache cleared successfully
2025-07-27 21:22:40 [WARNING] API response time exceeded threshold
2025-07-27 13:57:44 [INFO] File uploaded: report.pdf
2025-07-27 13:39:36 [WARNING] API response time exceeded threshold
2025-07-27 22:13:42 [INFO] Scheduled backup completed successfully
2025-07-27 02:12:46 [INFO] User login successful for user: charlie
2025-07-27 06:39:09 [INFO] Scheduled backup completed successfully
2025-07-27 01:11:44 [INFO] Scheduled backup completed successfully
2025-07-27 23:12:04 [INFO] Cache cleared successfully
2025-07-27 19:12:07 [INFO] Service inventory started
2025-07-27 11:26:21 [INFO] Scheduled backup completed successfully
2025-07-27 03:22:35 [INFO] File uploaded: report.pdf
2025-07-27 17:28:27 [INFO] File uploaded: data.csv
2025-07-27 08:08:37 [INFO] Scheduled backup completed successfully
2025-07-27 13:13:11 [INFO] Cache cleared successfully
2025-07-27 02:24:53 [WARNING] Slow query detected: execution time 1658ms
2025-07-27 10:06:44 [ERROR] Service payment crashed
2025-07-27 05:24:48 [DEBUG] Temporary file created at: report.pdf
2025-07-27 11:24:01 [INFO] Service inventory started
2025-07-27 15:59:55 [WARNING] Configuration file deprecated: data.csv
2025-07-27 21:03:59 [INFO] File uploaded: backup.zip
2025-07-27 18:42:56 [INFO] User login successful for user: eve
