2025-07-22 19:32:50 [INFO] Cache cleared successfully
2025-07-22 09:22:13 [INFO] Cache cleared successfully
2025-07-22 00:09:15 [INFO] File uploaded: backup.zip
2025-07-22 17:28:07 [INFO] User login successful for user: alice
2025-07-22 14:12:02 [ERROR] Email sending failed to recipient: support@amazon.com
2025-07-22 02:39:40 [INFO] User login successful for user: charlie
2025-07-22 14:55:13 [WARNING] API response time exceeded threshold
2025-07-22 03:22:58 [INFO] Scheduled backup completed successfully
2025-07-22 20:26:58 [WARNING] Configuration file deprecated: backup.zip
2025-07-22 15:33:46 [WARNING] Slow query detected: execution time 4164ms
2025-07-22 05:41:43 [WARNING] Configuration file deprecated: report.pdf
2025-07-22 08:18:36 [ERROR] Service payment crashed
2025-07-22 03:37:49 [INFO] Scheduled backup completed successfully
2025-07-22 07:49:35 [INFO] User login successful for user: alice
2025-07-22 18:02:16 [INFO] User login successful for user: bob
2025-07-22 12:07:35 [INFO] File uploaded: config.yml
2025-07-22 06:12:43 [INFO] File uploaded: report.pdf
2025-07-22 02:47:52 [INFO] User login successful for user: bob
2025-07-22 05:14:28 [ERROR] Service notification crashed
2025-07-22 05:31:33 [INFO] Scheduled backup completed successfully
2025-07-22 15:41:23 [INFO] User login successful for user: eve
2025-07-22 07:17:27 [ERROR] File write failed: backup.zip
2025-07-22 12:26:45 [INFO] File uploaded: report.pdf
2025-07-22 21:35:05 [INFO] Database connection established
2025-07-22 15:54:20 [INFO] User login successful for user: charlie
2025-07-22 19:50:53 [WARNING] Disk space low: 4516 remaining
2025-07-22 02:55:37 [INFO] User login successful for user: alice
2025-07-22 18:25:17 [WARNING] Configuration file deprecated: data.csv
2025-07-22 20:38:52 [INFO] Service notification started
2025-07-22 12:00:47 [WARNING] Slow query detected: execution time 2265ms
2025-07-22 17:36:45 [WARNING] Second failed login attempt for user: bob. Next attempt will ERROR. Retrying...
2025-07-22 05:00:08 [INFO] Service payment started
2025-07-22 16:02:54 [ERROR] Database connection lost
2025-07-22 01:44:11 [INFO] User login successful for user: diana
2025-07-22 18:01:12 [WARNING] API response time exceeded threshold
2025-07-22 09:29:07 [INFO] Scheduled backup completed successfully
2025-07-22 19:53:03 [ERROR] Unhandled exception: TimeoutError
2025-07-22 10:26:23 [INFO] Database connection established
2025-07-22 04:58:06 [INFO] Database connection established
2025-07-22 13:10:00 [INFO] File uploaded: config.yml
2025-07-22 02:21:24 [ERROR] Email sending failed to recipient: admin@google.com
2025-07-22 23:39:46 [WARNING] Slow query detected: execution time 3808ms
2025-07-22 05:52:08 [DEBUG] Entering function process_payment with arguments: 6
2025-07-22 08:14:16 [WARNING] API response time exceeded threshold
2025-07-22 01:54:35 [DEBUG] Query executed: SELECT * FROM users
2025-07-22 03:41:00 [INFO] Database connection established
2025-07-22 01:18:36 [INFO] Database connection established
2025-07-22 00:38:56 [WARNING] Second failed login attempt for user: diana. Next attempt will ERROR. Retrying...
2025-07-22 23:16:50 [INFO] Cache cleared successfully
2025-07-22 19:07:22 [INFO] Cache cleared successfully
2025-07-22 17:22:31 [WARNING] Disk space low: 3046 remaining
2025-07-22 13:09:10 [INFO] Scheduled backup completed successfully
2025-07-22 19:05:04 [INFO] Service auth started
2025-07-22 20:37:24 [ERROR] File write failed: report.pdf
2025-07-22 01:53:53 [INFO] Database connection established
2025-07-22 02:19:16 [ERROR] Unhandled exception: TimeoutError
2025-07-22 10:58:17 [WARNING] Configuration file deprecated: backup.zip
2025-07-22 12:01:39 [INFO] Scheduled backup completed successfully
2025-07-22 08:41:32 [INFO] Database connection established
2025-07-22 18:24:11 [INFO] Cache cleared successfully
2025-07-22 16:45:34 [INFO] Cache cleared successfully
2025-07-22 21:32:14 [INFO] Database connection established
2025-07-22 15:34:49 [INFO] Cache cleared successfully
2025-07-22 16:09:20 [ERROR] Service notification crashed
2025-07-22 04:09:11 [INFO] Service payment started
2025-07-22 01:02:04 [INFO] Service inventory started
2025-07-22 02:28:05 [INFO] Database connection established
2025-07-22 14:56:50 [ERROR] Service notification crashed
2025-07-22 02:57:48 [INFO] Database connection established
2025-07-22 15:41:19 [INFO] Scheduled backup completed successfully
2025-07-22 23:23:58 [INFO] Scheduled backup completed successfully
2025-07-22 10:50:24 [INFO] Service payment started
2025-07-22 08:00:16 [INFO] Service notification started
2025-07-22 09:45:45 [INFO] File uploaded: data.csv
2025-07-22 05:04:53 [WARNING] API response time exceeded threshold
2025-07-22 09:01:31 [INFO] Service inventory started
2025-07-22 04:38:42 [WARNING] Configuration file deprecated: config.yml
2025-07-22 05:39:20 [WARNING] API response time exceeded threshold
2025-07-22 22:07:25 [INFO] Database connection established
2025-07-22 20:53:53 [DEBUG] Variable x has value: 1584
2025-07-22 18:39:45 [ERROR] Email sending failed to recipient: user@gmail.com
2025-07-22 23:03:09 [ERROR] Email sending failed to recipient: admin@google.com
2025-07-22 01:59:11 [ERROR] Service auth crashed
2025-07-22 12:14:46 [INFO] Cache cleared successfully
2025-07-22 20:36:02 [INFO] Service payment started
2025-07-22 11:52:57 [INFO] Database connection established
2025-07-22 04:53:51 [INFO] Database connection established
2025-07-22 19:07:09 [INFO] File uploaded: report.pdf
2025-07-22 18:53:08 [INFO] Scheduled backup completed successfully
2025-07-22 16:11:31 [DEBUG] Temporary file created at: data.csv
2025-07-22 08:00:18 [WARNING] Slow query detected: execution time 4106ms
2025-07-22 11:26:30 [WARNING] API response time exceeded threshold
2025-07-22 02:41:27 [WARNING] Disk space low: 1460 remaining
2025-07-22 13:30:17 [INFO] Scheduled backup completed successfully
2025-07-22 17:40:08 [ERROR] Service notification crashed
2025-07-22 08:48:46 [INFO] Scheduled backup completed successfully
2025-07-22 09:11:29 [INFO] Service payment started
2025-07-22 06:51:28 [INFO] User login successful for user: charlie
2025-07-22 07:44:05 [ERROR] Database connection lost
2025-07-22 18:11:22 [DEBUG] Variable x has value: 4382
2025-07-22 06:21:27 [INFO] Service notification started
2025-07-22 00:27:12 [DEBUG] Query executed: UPDATE orders SET status='shipped' WHERE id=42
2025-07-22 16:48:07 [INFO] Cache cleared successfully
2025-07-22 07:15:21 [INFO] Database connection established
2025-07-22 09:47:14 [INFO] Cache cleared successfully
2025-07-22 14:54:50 [INFO] Cache cleared successfully
2025-07-22 09:34:08 [INFO] Scheduled backup completed successfully
2025-07-22 19:03:17 [INFO] Scheduled backup completed successfully
2025-07-22 12:56:52 [INFO] Service inventory started
2025-07-22 00:12:46 [INFO] Database connection established
2025-07-22 13:25:08 [WARNING] Second failed login attempt for user: bob. Next attempt will ERROR. Retrying...
2025-07-22 07:33:54 [INFO] Service notification started
2025-07-22 03:25:31 [WARNING] Second failed login attempt for user: eve. Next attempt will ERROR. Retrying...
2025-07-22 02:25:56 [INFO] Service notification started
2025-07-22 06:09:00 [INFO] Cache cleared successfully
2025-07-22 10:34:30 [INFO] Scheduled backup completed successfully
2025-07-22 19:02:06 [INFO] User login successful for user: bob
2025-07-22 20:34:21 [INFO] Service payment started
2025-07-22 07:19:05 [INFO] File uploaded: config.yml
2025-07-22 10:13:05 [INFO] User login successful for user: bob
2025-07-22 08:58:00 [INFO] Scheduled backup completed successfully
2025-07-22 13:58:12 [INFO] User login successful for user: charlie
2025-07-22 16:59:25 [ERROR] Unhandled exception: FileNotFoundError
2025-07-22 08:28:40 [DEBUG] Session token generated for user: alice
2025-07-22 09:55:35 [INFO] Service auth started
2025-07-22 10:07:36 [WARNING] Failed login attempt for user: alice. Retrying...
2025-07-22 08:05:54 [INFO] Scheduled backup completed successfully
2025-07-22 00:11:00 [INFO] File uploaded: backup.zip
2025-07-22 22:43:30 [INFO] Scheduled backup completed successfully
2025-07-22 02:14:40 [INFO] User login successful for user: charlie
2025-07-22 22:26:37 [DEBUG] Entering function send_email with arguments: 7
2025-07-22 09:14:13 [INFO] File uploaded: data.csv
2025-07-22 17:30:07 [DEBUG] Temporary file created at: config.yml
2025-07-22 05:29:34 [INFO] User login successful for user: diana
2025-07-22 22:30:45 [INFO] File uploaded: backup.zip
2025-07-22 01:10:46 [ERROR] Database connection lost
2025-07-22 02:33:03 [INFO] Cache cleared successfully
2025-07-22 18:12:27 [ERROR] Deadlock detected in transaction ID 2270
2025-07-22 19:38:05 [ERROR] Service inventory crashed
2025-07-22 20:48:51 [DEBUG] Query executed: SELECT * FROM users
2025-07-22 23:04:16 [INFO] Scheduled backup completed successfully
2025-07-22 00:02:22 [INFO] Database connection established
2025-07-22 17:11:16 [DEBUG] Variable x has value: 1710
2025-07-22 10:42:01 [INFO] Cache cleared successfully
2025-07-22 23:47:58 [INFO] Database connection established
2025-07-22 00:57:39 [INFO] Scheduled backup completed successfully
2025-07-22 00:56:12 [WARNING] Disk space low: 3116 remaining
2025-07-22 21:09:54 [INFO] Database connection established
2025-07-22 21:26:16 [ERROR] Deadlock detected in transaction ID 3162
2025-07-22 08:36:27 [WARNING] API response time exceeded threshold
2025-07-22 22:14:09 [INFO] File uploaded: data.csv
2025-07-22 01:50:20 [INFO] Cache cleared successfully
2025-07-22 08:50:22 [WARNING] Failed login attempt for user: diana. Retrying...
2025-07-22 12:50:18 [INFO] File uploaded: backup.zip
2025-07-22 06:03:11 [INFO] Service payment started
2025-07-22 07:55:23 [DEBUG] Variable x has value: 472
2025-07-22 08:13:14 [DEBUG] Variable x has value: 2168
2025-07-22 22:28:08 [INFO] Service notification started
2025-07-22 16:57:35 [WARNING] High memory usage detected
2025-07-22 12:59:18 [WARNING] Failed login attempt for user: diana. Retrying...
2025-07-22 22:38:17 [WARNING] Slow query detected: execution time 3318ms
2025-07-22 05:17:13 [INFO] File uploaded: config.yml
2025-07-22 23:46:38 [INFO] Database connection established
2025-07-22 09:32:14 [WARNING] Second failed login attempt for user: eve. Next attempt will ERROR. Retrying...
2025-07-22 00:24:34 [INFO] User login successful for user: bob
2025-07-22 19:55:34 [INFO] File uploaded: report.pdf
2025-07-22 01:27:51 [WARNING] Failed login attempt for user: charlie. Retrying...
2025-07-22 23:02:10 [INFO] Database connection established
2025-07-22 03:44:09 [INFO] Scheduled backup completed successfully
2025-07-22 10:49:11 [ERROR] Unhandled exception: NullPointerException
2025-07-22 23:59:00 [WARNING] Failed login attempt for user: bob. Retrying...
2025-07-22 23:20:46 [INFO] Database connection established
2025-07-22 13:20:49 [DEBUG] Query executed: UPDATE orders SET status='shipped' WHERE id=42
2025-07-22 18:09:24 [INFO] File uploaded: report.pdf
2025-07-22 11:59:49 [INFO] Service notification started
2025-07-22 08:04:08 [ERROR] Unhandled exception: NullPointerException
2025-07-22 19:49:30 [ERROR] Unhandled exception: TimeoutError
2025-07-22 12:47:04 [WARNING] Failed login attempt for user: charlie. Retrying...
2025-07-22 05:49:05 [DEBUG] Session token generated for user: diana
2025-07-22 18:01:15 [INFO] Database connection established
2025-07-22 07:44:39 [DEBUG] Query executed: SELECT * FROM users
2025-07-22 00:13:33 [INFO] Scheduled backup completed successfully
2025-07-22 03:53:46 [INFO] Scheduled backup completed successfully
2025-07-22 15:09:33 [INFO] User login successful for user: eve
2025-07-22 04:50:34 [WARNING] High memory usage detected
2025-07-22 19:25:07 [WARNING] API response time exceeded threshold
2025-07-22 16:50:00 [INFO] Service auth started
2025-07-22 17:50:40 [WARNING] High memory usage detected
2025-07-22 10:12:50 [INFO] File uploaded: config.yml
2025-07-22 23:08:21 [INFO] File uploaded: report.pdf
2025-07-22 16:21:27 [WARNING] Second failed login attempt for user: diana. Next attempt will ERROR. Retrying...
2025-07-22 04:04:10 [ERROR] Service inventory crashed
2025-07-22 09:40:08 [INFO] Cache cleared successfully
2025-07-22 23:49:14 [INFO] User login successful for user: eve
2025-07-22 22:20:09 [ERROR] File write failed: data.csv
2025-07-22 10:27:31 [INFO] User login successful for user: charlie
2025-07-22 05:09:06 [WARNING] High memory usage detected
2025-07-22 12:13:46 [WARNING] Failed login attempt for user: diana. Retrying...
2025-07-22 09:04:28 [WARNING] API response time exceeded threshold
2025-07-22 19:22:23 [INFO] File uploaded: data.csv
2025-07-22 04:07:05 [INFO] File uploaded: config.yml
2025-07-22 18:38:11 [WARNING] API response time exceeded threshold
2025-07-22 23:43:39 [INFO] File uploaded: config.yml
2025-07-22 01:42:00 [WARNING] Failed login attempt for user: bob. Retrying...
2025-07-22 07:43:15 [INFO] User login successful for user: eve
2025-07-22 09:52:01 [DEBUG] Variable x has value: 3371
2025-07-22 08:54:15 [INFO] Scheduled backup completed successfully
2025-07-22 20:09:03 [INFO] Service payment started
2025-07-22 16:51:14 [INFO] Cache cleared successfully
2025-07-22 16:46:11 [INFO] Service inventory started
2025-07-22 03:26:23 [INFO] File uploaded: backup.zip
2025-07-22 21:40:34 [INFO] User login successful for user: alice
2025-07-22 15:26:59 [INFO] Service payment started
2025-07-22 05:43:55 [ERROR] File write failed: data.csv
2025-07-22 15:45:57 [INFO] Scheduled backup completed successfully
2025-07-22 17:41:59 [INFO] Database connection established
2025-07-22 05:55:17 [INFO] Database connection established
2025-07-22 11:36:37 [ERROR] Deadlock detected in transaction ID 2985
2025-07-22 20:20:58 [INFO] Service inventory started
2025-07-22 19:30:02 [INFO] Cache cleared successfully
2025-07-22 14:05:15 [INFO] Database connection established
2025-07-22 10:13:15 [WARNING] API response time exceeded threshold
2025-07-22 16:08:26 [INFO] User login successful for user: eve
2025-07-22 21:07:25 [INFO] User login successful for user: charlie
2025-07-22 10:52:57 [ERROR] Service inventory crashed
2025-07-22 01:30:54 [INFO] User login successful for user: alice
2025-07-22 15:30:22 [INFO] User login successful for user: eve
2025-07-22 22:44:35 [ERROR] Database connection lost
2025-07-22 02:04:52 [INFO] File uploaded: config.yml
2025-07-22 06:31:03 [INFO] Cache cleared successfully
2025-07-22 02:58:07 [INFO] Scheduled backup completed successfully
2025-07-22 12:22:24 [INFO] Scheduled backup completed successfully
2025-07-22 07:39:27 [INFO] User login successful for user: eve
2025-07-22 03:49:47 [INFO] File uploaded: backup.zip
2025-07-22 20:15:58 [INFO] User login successful for user: eve
2025-07-22 04:12:10 [INFO] Cache cleared successfully
2025-07-22 04:40:28 [DEBUG] Query executed: UPDATE orders SET status='shipped' WHERE id=42
2025-07-22 06:26:23 [INFO] Database connection established
2025-07-22 09:05:23 [INFO] Database connection established
2025-07-22 05:02:05 [ERROR] File write failed: report.pdf
2025-07-22 13:08:15 [INFO] User login successful for user: alice
2025-07-22 04:20:33 [INFO] Scheduled backup completed successfully
2025-07-22 17:31:55 [INFO] Database connection established
2025-07-22 19:07:29 [DEBUG] Temporary file created at: config.yml
2025-07-22 18:28:53 [WARNING] Failed login attempt for user: alice. Retrying...
2025-07-22 07:26:57 [INFO] Scheduled backup completed successfully
2025-07-22 23:06:01 [WARNING] Disk space low: 2038 remaining
2025-07-22 20:31:01 [INFO] Cache cleared successfully
2025-07-22 09:01:07 [WARNING] Slow query detected: execution time 509ms
2025-07-22 19:38:19 [INFO] File uploaded: backup.zip
2025-07-22 02:35:50 [WARNING] High memory usage detected
2025-07-22 02:19:03 [INFO] Cache cleared successfully
2025-07-22 00:22:21 [ERROR] File write failed: data.csv
2025-07-22 07:37:16 [WARNING] Failed login attempt for user: diana. Retrying...
2025-07-22 09:43:41 [INFO] Database connection established
2025-07-22 03:31:27 [WARNING] High memory usage detected
2025-07-22 22:25:59 [WARNING] Slow query detected: execution time 493ms
2025-07-22 00:52:41 [INFO] File uploaded: report.pdf
2025-07-22 01:06:14 [INFO] Service payment started
2025-07-22 15:16:15 [INFO] Database connection established
2025-07-22 14:56:38 [ERROR] Database connection lost
2025-07-22 02:00:55 [INFO] Cache cleared successfully
2025-07-22 08:30:52 [INFO] Database connection established
2025-07-22 05:51:10 [INFO] Cache cleared successfully
2025-07-22 02:39:26 [INFO] Database connection established
2025-07-22 16:01:56 [WARNING] Slow query detected: execution time 767ms
2025-07-22 00:22:55 [INFO] File uploaded: data.csv
2025-07-22 06:20:16 [WARNING] Disk space low: 3603 remaining
