2025-08-02 11:55:53 [INFO] Database connection established
2025-08-02 22:16:37 [WARNING] Slow query detected: execution time 4776ms
2025-08-02 00:28:36 [WARNING] Failed login attempt for user: eve. Retrying...
2025-08-02 14:12:02 [WARNING] High memory usage detected
2025-08-02 15:34:26 [WARNING] Failed login attempt for user: diana. Retrying...
2025-08-02 12:05:27 [INFO] Cache cleared successfully
2025-08-02 05:00:11 [INFO] Database connection established
2025-08-02 21:08:40 [INFO] Database connection established
2025-08-02 23:45:56 [INFO] Cache cleared successfully
2025-08-02 05:10:35 [ERROR] Unhandled exception: TimeoutError
2025-08-02 19:03:56 [INFO] Service notification started
2025-08-02 03:54:39 [INFO] File uploaded: data.csv
2025-08-02 02:03:44 [ERROR] Database connection lost
2025-08-02 12:24:04 [DEBUG] Entering function send_email with arguments: 10
2025-08-02 04:15:52 [INFO] User login successful for user: diana
2025-08-02 17:02:05 [INFO] File uploaded: config.yml
2025-08-02 08:59:10 [INFO] Database connection established
2025-08-02 03:32:41 [WARNING] API response time exceeded threshold
2025-08-02 11:59:55 [INFO] Service notification started
2025-08-02 01:44:19 [ERROR] Deadlock detected in transaction ID 1066
2025-08-02 18:51:42 [INFO] File uploaded: config.yml
2025-08-02 18:18:29 [INFO] User login successful for user: diana
2025-08-02 03:58:46 [ERROR] Email sending failed to recipient: admin@google.com
2025-08-02 15:02:13 [ERROR] Unhandled exception: FileNotFoundError
2025-08-02 04:40:56 [ERROR] Email sending failed to recipient: support@amazon.com
2025-08-02 04:29:23 [WARNING] Failed login attempt for user: diana. Retrying...
2025-08-02 23:42:28 [INFO] Database connection established
2025-08-02 03:56:56 [INFO] Service auth started
2025-08-02 03:33:07 [DEBUG] Variable x has value: 1598
2025-08-02 19:05:52 [INFO] File uploaded: data.csv
2025-08-02 13:39:40 [DEBUG] Query executed: UPDATE orders SET status='shipped' WHERE id=42
2025-08-02 15:50:11 [INFO] User login successful for user: eve
2025-08-02 16:20:46 [INFO] Cache cleared successfully
2025-08-02 16:55:03 [WARNING] Configuration file deprecated: backup.zip
2025-08-02 08:35:21 [INFO] Service auth started
2025-08-02 13:35:54 [INFO] Cache cleared successfully
2025-08-02 22:22:33 [INFO] File uploaded: data.csv
2025-08-02 17:30:33 [INFO] Cache cleared successfully
2025-08-02 19:10:48 [WARNING] Failed login attempt for user: diana. Retrying...
2025-08-02 07:57:44 [INFO] Database connection established
2025-08-02 17:06:10 [INFO] User login successful for user: eve
2025-08-02 00:25:15 [INFO] Cache cleared successfully
2025-08-02 09:11:24 [WARNING] API response time exceeded threshold
2025-08-02 13:55:03 [INFO] Service notification started
2025-08-02 23:15:29 [INFO] File uploaded: data.csv
2025-08-02 07:08:45 [WARNING] Slow query detected: execution time 904ms
2025-08-02 05:38:25 [ERROR] Unhandled exception: NullPointerException
2025-08-02 23:22:46 [INFO] Service payment started
2025-08-02 16:43:10 [INFO] Service notification started
2025-08-02 01:02:03 [INFO] Cache cleared successfully
2025-08-02 08:57:33 [INFO] Service payment started
2025-08-02 09:19:40 [INFO] Cache cleared successfully
2025-08-02 10:02:33 [INFO] Cache cleared successfully
2025-08-02 02:37:04 [INFO] File uploaded: backup.zip
2025-08-02 11:25:41 [INFO] Database connection established
2025-08-02 03:00:34 [INFO] File uploaded: data.csv
2025-08-02 13:41:42 [INFO] Scheduled backup completed successfully
2025-08-02 03:46:11 [ERROR] Database connection lost
2025-08-02 11:31:27 [WARNING] Slow query detected: execution time 1948ms
2025-08-02 17:07:23 [INFO] User login successful for user: charlie
2025-08-02 09:33:31 [WARNING] Disk space low: 1326 remaining
2025-08-02 09:18:05 [INFO] Database connection established
2025-08-02 02:06:29 [INFO] User login successful for user: bob
2025-08-02 09:25:15 [ERROR] Deadlock detected in transaction ID 1230
2025-08-02 05:37:35 [INFO] Database connection established
2025-08-02 16:57:39 [ERROR] Database connection lost
2025-08-02 09:11:00 [INFO] File uploaded: backup.zip
2025-08-02 03:46:45 [WARNING] Configuration file deprecated: backup.zip
2025-08-02 07:34:04 [WARNING] Failed login attempt for user: eve. Retrying...
2025-08-02 22:20:01 [WARNING] Disk space low: 2150 remaining
2025-08-02 02:58:12 [ERROR] Database connection lost
2025-08-02 12:08:29 [INFO] Database connection established
2025-08-02 12:29:20 [WARNING] Failed login attempt for user: bob. Retrying...
2025-08-02 03:13:45 [INFO] Scheduled backup completed successfully
2025-08-02 05:02:57 [INFO] File uploaded: data.csv
2025-08-02 20:52:56 [INFO] Cache cleared successfully
2025-08-02 09:28:07 [INFO] Service notification started
2025-08-02 10:39:06 [INFO] Database connection established
2025-08-02 14:12:46 [INFO] Service notification started
2025-08-02 15:03:41 [INFO] Database connection established
2025-08-02 07:47:45 [INFO] Scheduled backup completed successfully
2025-08-02 17:04:17 [ERROR] Unhandled exception: TimeoutError
2025-08-02 21:48:52 [INFO] Service auth started
2025-08-02 13:18:22 [WARNING] Disk space low: 4837 remaining
2025-08-02 17:32:18 [INFO] Service inventory started
2025-08-02 13:45:00 [INFO] Scheduled backup completed successfully
2025-08-02 05:45:00 [INFO] Cache cleared successfully
2025-08-02 09:38:27 [INFO] User login successful for user: diana
2025-08-02 18:22:55 [ERROR] Unhandled exception: FileNotFoundError
2025-08-02 02:50:30 [INFO] Database connection established
2025-08-02 23:15:22 [INFO] Database connection established
2025-08-02 13:48:08 [INFO] Database connection established
2025-08-02 15:47:16 [INFO] Service notification started
2025-08-02 03:19:41 [INFO] File uploaded: report.pdf
2025-08-02 03:06:24 [INFO] Service auth started
2025-08-02 17:01:30 [INFO] Cache cleared successfully
2025-08-02 17:28:57 [INFO] Scheduled backup completed successfully
2025-08-02 02:51:18 [INFO] Service inventory started
2025-08-02 22:16:59 [INFO] Service notification started
2025-08-02 19:15:43 [INFO] User login successful for user: diana
2025-08-02 05:31:18 [WARNING] API response time exceeded threshold
2025-08-02 18:52:11 [INFO] Scheduled backup completed successfully
2025-08-02 14:11:54 [INFO] User login successful for user: alice
2025-08-02 20:57:19 [INFO] File uploaded: backup.zip
2025-08-02 06:18:35 [INFO] Database connection established
2025-08-02 02:05:14 [INFO] Service payment started
2025-08-02 08:30:06 [INFO] Scheduled backup completed successfully
2025-08-02 22:41:41 [WARNING] API response time exceeded threshold
2025-08-02 02:45:13 [INFO] Service inventory started
2025-08-02 14:03:12 [INFO] Service payment started
2025-08-02 00:09:35 [WARNING] Failed login attempt for user: diana. Retrying...
2025-08-02 19:32:14 [INFO] Cache cleared successfully
2025-08-02 15:21:37 [INFO] User login successful for user: bob
2025-08-02 01:23:39 [INFO] File uploaded: backup.zip
2025-08-02 02:31:42 [INFO] Cache cleared successfully
2025-08-02 00:29:14 [WARNING] Second failed login attempt for user: eve. Next attempt will ERROR. Retrying...
2025-08-02 03:09:50 [INFO] Scheduled backup completed successfully
2025-08-02 15:22:34 [ERROR] Database connection lost
2025-08-02 02:47:28 [DEBUG] Query executed: SELECT * FROM users
2025-08-02 22:21:59 [INFO] Cache cleared successfully
2025-08-02 10:03:08 [INFO] File uploaded: backup.zip
2025-08-02 01:33:20 [INFO] Database connection established
2025-08-02 02:04:52 [ERROR] Database connection lost
2025-08-02 08:23:16 [INFO] User login successful for user: bob
2025-08-02 10:26:08 [INFO] File uploaded: report.pdf
2025-08-02 11:30:54 [ERROR] Unhandled exception: NullPointerException
2025-08-02 16:15:38 [ERROR] Service auth crashed
2025-08-02 15:22:46 [ERROR] Service inventory crashed
2025-08-02 15:33:19 [INFO] Database connection established
2025-08-02 08:55:41 [INFO] Cache cleared successfully
2025-08-02 19:03:55 [INFO] Service notification started
2025-08-02 03:00:32 [INFO] Service notification started
2025-08-02 01:37:20 [INFO] Cache cleared successfully
2025-08-02 10:27:45 [ERROR] Email sending failed to recipient: admin@google.com
2025-08-02 12:25:00 [INFO] Scheduled backup completed successfully
2025-08-02 03:27:52 [INFO] File uploaded: config.yml
2025-08-02 08:58:15 [INFO] Scheduled backup completed successfully
2025-08-02 02:15:57 [ERROR] Service payment crashed
2025-08-02 07:45:52 [ERROR] Unhandled exception: NullPointerException
2025-08-02 00:23:28 [WARNING] Disk space low: 710 remaining
2025-08-02 04:21:35 [INFO] User login successful for user: bob
2025-08-02 13:34:14 [ERROR] Unhandled exception: NullPointerException
2025-08-02 20:16:01 [INFO] Cache cleared successfully
2025-08-02 22:39:52 [DEBUG] Query executed: UPDATE orders SET status='shipped' WHERE id=42
2025-08-02 23:51:41 [WARNING] Second failed login attempt for user: alice. Next attempt will ERROR. Retrying...
2025-08-02 08:16:19 [INFO] Database connection established
2025-08-02 17:08:48 [WARNING] Second failed login attempt for user: charlie. Next attempt will ERROR. Retrying...
2025-08-02 09:10:04 [WARNING] Second failed login attempt for user: charlie. Next attempt will ERROR. Retrying...
2025-08-02 22:14:41 [WARNING] Slow query detected: execution time 4082ms
2025-08-02 05:03:56 [INFO] Database connection established
2025-08-02 00:38:16 [WARNING] Failed login attempt for user: diana. Retrying...
2025-08-02 12:47:39 [WARNING] Disk space low: 1955 remaining
2025-08-02 03:22:11 [INFO] File uploaded: data.csv
2025-08-02 17:51:34 [INFO] User login successful for user: charlie
2025-08-02 08:24:26 [INFO] Cache cleared successfully
2025-08-02 05:03:00 [INFO] File uploaded: config.yml
2025-08-02 19:24:45 [INFO] User login successful for user: alice
2025-08-02 12:09:20 [WARNING] Disk space low: 1256 remaining
2025-08-02 18:23:54 [INFO] Service auth started
2025-08-02 19:40:20 [INFO] Cache cleared successfully
2025-08-02 11:37:45 [INFO] Service notification started
2025-08-02 23:18:46 [ERROR] Service payment crashed
2025-08-02 03:56:08 [INFO] File uploaded: data.csv
2025-08-02 18:27:11 [INFO] Service notification started
2025-08-02 15:19:20 [INFO] Cache cleared successfully
2025-08-02 05:30:49 [INFO] Database connection established
2025-08-02 01:48:45 [DEBUG] Entering function send_email with arguments: 8
2025-08-02 23:59:32 [INFO] Scheduled backup completed successfully
2025-08-02 23:25:29 [INFO] User login successful for user: eve
2025-08-02 12:54:00 [INFO] User login successful for user: bob
2025-08-02 09:29:35 [INFO] Cache cleared successfully
2025-08-02 19:44:10 [DEBUG] Variable x has value: 4404
2025-08-02 13:25:54 [ERROR] Email sending failed to recipient: support@amazon.com
2025-08-02 11:53:46 [INFO] Database connection established
2025-08-02 09:57:36 [INFO] Service inventory started
2025-08-02 05:50:34 [INFO] Database connection established
2025-08-02 13:19:45 [INFO] User login successful for user: charlie
2025-08-02 21:25:42 [INFO] Cache cleared successfully
2025-08-02 10:43:28 [INFO] File uploaded: report.pdf
2025-08-02 03:31:05 [INFO] Cache cleared successfully
2025-08-02 11:40:19 [ERROR] File write failed: backup.zip
2025-08-02 11:53:24 [WARNING] Disk space low: 3229 remaining
2025-08-02 05:23:18 [INFO] Cache cleared successfully
2025-08-02 11:07:21 [ERROR] Email sending failed to recipient: user@gmail.com
2025-08-02 15:50:37 [DEBUG] Query executed: SELECT * FROM users
2025-08-02 23:35:49 [ERROR] Database connection lost
2025-08-02 12:24:15 [INFO] Service inventory started
2025-08-02 13:56:37 [INFO] User login successful for user: charlie
2025-08-02 22:22:27 [INFO] Cache cleared successfully
2025-08-02 01:32:58 [WARNING] Slow query detected: execution time 3626ms
2025-08-02 01:26:02 [INFO] Service payment started
2025-08-02 17:01:56 [INFO] Cache cleared successfully
2025-08-02 14:31:46 [ERROR] File write failed: config.yml
2025-08-02 05:26:10 [INFO] Cache cleared successfully
2025-08-02 22:56:37 [INFO] Service notification started
2025-08-02 06:42:26 [INFO] Database connection established
2025-08-02 13:51:54 [DEBUG] Temporary file created at: config.yml
2025-08-02 14:25:42 [INFO] File uploaded: backup.zip
2025-08-02 22:14:24 [WARNING] Failed login attempt for user: bob. Retrying...
2025-08-02 15:42:01 [INFO] Scheduled backup completed successfully
2025-08-02 16:06:56 [INFO] Cache cleared successfully
2025-08-02 19:42:07 [INFO] Cache cleared successfully
2025-08-02 00:10:51 [INFO] User login successful for user: bob
2025-08-02 03:37:23 [INFO] File uploaded: config.yml
2025-08-02 02:23:02 [INFO] Cache cleared successfully
2025-08-02 15:04:23 [WARNING] Configuration file deprecated: config.yml
2025-08-02 19:04:14 [INFO] Service inventory started
2025-08-02 07:44:48 [INFO] Database connection established
2025-08-02 10:07:14 [INFO] User login successful for user: diana
2025-08-02 13:18:41 [INFO] User login successful for user: diana
2025-08-02 02:13:47 [INFO] File uploaded: config.yml
2025-08-02 17:24:10 [INFO] Cache cleared successfully
2025-08-02 23:32:24 [INFO] Service inventory started
2025-08-02 22:20:46 [INFO] Cache cleared successfully
2025-08-02 23:45:48 [WARNING] Configuration file deprecated: config.yml
2025-08-02 03:57:06 [INFO] Cache cleared successfully
2025-08-02 19:46:16 [WARNING] Disk space low: 3887 remaining
2025-08-02 14:33:49 [WARNING] Disk space low: 4486 remaining
2025-08-02 07:33:39 [INFO] Database connection established
2025-08-02 16:11:28 [INFO] User login successful for user: alice
2025-08-02 08:00:01 [INFO] Database connection established
2025-08-02 04:16:28 [INFO] File uploaded: backup.zip
2025-08-02 00:40:06 [WARNING] API response time exceeded threshold
2025-08-02 08:47:22 [DEBUG] Entering function process_payment with arguments: 8
2025-08-02 07:27:14 [INFO] Scheduled backup completed successfully
2025-08-02 13:55:44 [INFO] Database connection established
2025-08-02 19:35:07 [INFO] Service inventory started
2025-08-02 08:48:29 [INFO] User login successful for user: diana
2025-08-02 10:42:34 [ERROR] Database connection lost
2025-08-02 10:47:56 [INFO] File uploaded: report.pdf
2025-08-02 21:46:48 [INFO] Cache cleared successfully
2025-08-02 04:21:24 [DEBUG] Session token generated for user: charlie
2025-08-02 22:18:44 [WARNING] API response time exceeded threshold
2025-08-02 23:23:22 [INFO] Cache cleared successfully
2025-08-02 22:01:09 [ERROR] Service auth crashed
2025-08-02 16:09:07 [INFO] File uploaded: report.pdf
2025-08-02 21:56:53 [WARNING] High memory usage detected
2025-08-02 08:54:35 [INFO] File uploaded: backup.zip
2025-08-02 07:50:00 [INFO] Database connection established
2025-08-02 11:26:47 [WARNING] High memory usage detected
2025-08-02 17:04:16 [INFO] User login successful for user: diana
2025-08-02 00:28:19 [INFO] Cache cleared successfully
2025-08-02 16:52:06 [WARNING] Configuration file deprecated: backup.zip
2025-08-02 11:54:15 [INFO] User login successful for user: bob
2025-08-02 15:42:21 [ERROR] Deadlock detected in transaction ID 1444
2025-08-02 06:34:07 [INFO] Cache cleared successfully
2025-08-02 20:38:54 [INFO] File uploaded: report.pdf
2025-08-02 14:10:08 [ERROR] Service payment crashed
2025-08-02 09:42:32 [WARNING] Slow query detected: execution time 3810ms
2025-08-02 19:53:03 [INFO] Database connection established
2025-08-02 14:51:00 [INFO] User login successful for user: alice
2025-08-02 20:46:01 [INFO] Scheduled backup completed successfully
2025-08-02 14:11:05 [INFO] Scheduled backup completed successfully
2025-08-02 18:40:08 [ERROR] File write failed: report.pdf
2025-08-02 10:28:18 [ERROR] Unhandled exception: NullPointerException
2025-08-02 11:11:20 [INFO] File uploaded: config.yml
2025-08-02 01:59:47 [ERROR] Unhandled exception: NullPointerException
2025-08-02 06:09:59 [INFO] Database connection established
2025-08-02 16:05:12 [INFO] Service payment started
2025-08-02 15:50:09 [INFO] Scheduled backup completed successfully
2025-08-02 05:01:03 [WARNING] Second failed login attempt for user: charlie. Next attempt will ERROR. Retrying...
2025-08-02 06:21:15 [WARNING] High memory usage detected
2025-08-02 03:50:31 [INFO] Service notification started
2025-08-02 00:28:25 [INFO] Service auth started
2025-08-02 23:26:10 [WARNING] API response time exceeded threshold
2025-08-02 18:05:56 [DEBUG] Session token generated for user: diana
2025-08-02 14:29:50 [INFO] File uploaded: data.csv
2025-08-02 00:46:56 [INFO] Service payment started
2025-08-02 06:17:22 [WARNING] Slow query detected: execution time 3753ms
2025-08-02 00:07:48 [WARNING] Slow query detected: execution time 3550ms
2025-08-02 04:07:11 [INFO] File uploaded: report.pdf
2025-08-02 04:57:11 [INFO] Scheduled backup completed successfully
2025-08-02 16:50:29 [INFO] Service notification started
2025-08-02 23:25:28 [INFO] Service inventory started
2025-08-02 03:23:24 [WARNING] API response time exceeded threshold
2025-08-02 20:15:16 [INFO] Cache cleared successfully
2025-08-02 18:44:23 [INFO] Service notification started
2025-08-02 02:12:02 [INFO] User login successful for user: bob
2025-08-02 15:03:36 [ERROR] Email sending failed to recipient: support@amazon.com
2025-08-02 04:05:46 [INFO] Service auth started
2025-08-02 02:58:45 [WARNING] Slow query detected: execution time 1080ms
2025-08-02 22:40:39 [INFO] User login successful for user: charlie
2025-08-02 15:21:15 [DEBUG] Session token generated for user: bob
2025-08-02 09:29:50 [INFO] Database connection established
2025-08-02 20:18:09 [ERROR] Service inventory crashed
2025-08-02 15:30:53 [ERROR] Service inventory crashed
2025-08-02 04:33:01 [ERROR] Unhandled exception: FileNotFoundError
2025-08-02 07:00:25 [INFO] Database connection established
2025-08-02 11:27:51 [INFO] File uploaded: data.csv
2025-08-02 19:59:06 [INFO] File uploaded: backup.zip
2025-08-02 16:52:47 [WARNING] Failed login attempt for user: alice. Retrying...
2025-08-02 18:24:04 [INFO] File uploaded: report.pdf
2025-08-02 16:16:18 [INFO] User login successful for user: charlie
2025-08-02 17:02:25 [INFO] File uploaded: config.yml
2025-08-02 11:47:55 [DEBUG] Query executed: UPDATE orders SET status='shipped' WHERE id=42
2025-08-02 16:14:06 [ERROR] Database connection lost
2025-08-02 06:16:36 [INFO] Cache cleared successfully
2025-08-02 02:40:01 [WARNING] Disk space low: 2463 remaining
2025-08-02 21:31:36 [WARNING] API response time exceeded threshold
2025-08-02 04:46:53 [WARNING] API response time exceeded threshold
2025-08-02 05:20:23 [WARNING] Second failed login attempt for user: charlie. Next attempt will ERROR. Retrying...
2025-08-02 20:59:41 [INFO] Database connection established
2025-08-02 21:57:38 [INFO] Cache cleared successfully
2025-08-02 02:48:47 [INFO] File uploaded: data.csv
2025-08-02 23:26:21 [DEBUG] Variable x has value: 262
2025-08-02 23:26:10 [INFO] File uploaded: config.yml
2025-08-02 16:29:42 [DEBUG] Session token generated for user: alice
2025-08-02 02:35:06 [INFO] File uploaded: backup.zip
2025-08-02 08:30:57 [INFO] User login successful for user: bob
2025-08-02 09:33:49 [INFO] Cache cleared successfully
2025-08-02 09:01:47 [INFO] Database connection established
2025-08-02 09:41:09 [WARNING] Second failed login attempt for user: alice. Next attempt will ERROR. Retrying...
2025-08-02 22:43:11 [WARNING] Failed login attempt for user: bob. Retrying...
2025-08-02 11:34:11 [INFO] File uploaded: backup.zip
2025-08-02 08:08:00 [ERROR] File write failed: backup.zip
2025-08-02 19:30:38 [ERROR] File write failed: report.pdf
2025-08-02 08:21:39 [ERROR] File write failed: report.pdf
2025-08-02 09:12:02 [ERROR] Deadlock detected in transaction ID 3354
2025-08-02 05:39:02 [WARNING] API response time exceeded threshold
2025-08-02 13:41:04 [INFO] File uploaded: config.yml
2025-08-02 17:24:00 [INFO] Database connection established
2025-08-02 20:46:03 [WARNING] Disk space low: 4 remaining
2025-08-02 03:15:04 [ERROR] Service auth crashed
2025-08-02 23:30:47 [INFO] User login successful for user: charlie
2025-08-02 07:30:45 [INFO] Service notification started
2025-08-02 02:04:54 [INFO] Cache cleared successfully
2025-08-02 21:30:51 [INFO] Service payment started
2025-08-02 01:46:40 [INFO] User login successful for user: eve
2025-08-02 19:52:23 [INFO] Scheduled backup completed successfully
2025-08-02 05:13:42 [INFO] User login successful for user: charlie
2025-08-02 17:45:59 [INFO] Cache cleared successfully
2025-08-02 09:42:58 [DEBUG] Query executed: SELECT * FROM users
2025-08-02 04:06:40 [INFO] Scheduled backup completed successfully
2025-08-02 02:34:25 [INFO] File uploaded: backup.zip
2025-08-02 00:55:14 [DEBUG] Session token generated for user: bob
2025-08-02 12:17:24 [INFO] Cache cleared successfully
2025-08-02 03:57:06 [INFO] User login successful for user: charlie
2025-08-02 16:42:02 [INFO] User login successful for user: diana
2025-08-02 12:21:46 [INFO] Database connection established
2025-08-02 16:04:11 [INFO] Cache cleared successfully
2025-08-02 16:57:24 [INFO] Cache cleared successfully
2025-08-02 20:47:54 [INFO] Service auth started
2025-08-02 17:16:46 [INFO] Cache cleared successfully
2025-08-02 00:56:31 [DEBUG] Entering function generate_report with arguments: 3
2025-08-02 04:34:25 [INFO] Database connection established
2025-08-02 22:36:39 [INFO] Database connection established
2025-08-02 09:06:18 [INFO] Database connection established
2025-08-02 04:25:20 [INFO] File uploaded: report.pdf
2025-08-02 10:28:53 [WARNING] High memory usage detected
2025-08-02 04:10:10 [WARNING] Disk space low: 2378 remaining
2025-08-02 18:24:08 [WARNING] Disk space low: 2593 remaining
2025-08-02 08:46:27 [INFO] User login successful for user: bob
2025-08-02 00:46:15 [INFO] Scheduled backup completed successfully
2025-08-02 06:06:23 [WARNING] Failed login attempt for user: alice. Retrying...
2025-08-02 14:13:37 [INFO] Service notification started
2025-08-02 09:41:40 [INFO] Cache cleared successfully
2025-08-02 06:13:43 [WARNING] Second failed login attempt for user: diana. Next attempt will ERROR. Retrying...
2025-08-02 01:59:53 [WARNING] High memory usage detected
2025-08-02 09:35:51 [ERROR] Service auth crashed
2025-08-02 13:32:08 [INFO] Database connection established
2025-08-02 11:22:14 [WARNING] Configuration file deprecated: report.pdf
2025-08-02 08:41:30 [INFO] Scheduled backup completed successfully
2025-08-02 19:07:56 [INFO] File uploaded: data.csv
2025-08-02 05:42:34 [INFO] Database connection established
2025-08-02 02:22:07 [INFO] File uploaded: config.yml
2025-08-02 02:00:44 [INFO] Cache cleared successfully
2025-08-02 19:10:46 [INFO] Cache cleared successfully
2025-08-02 05:21:54 [WARNING] Failed login attempt for user: eve. Retrying...
2025-08-02 07:13:12 [ERROR] Deadlock detected in transaction ID 50
2025-08-02 10:06:01 [INFO] Scheduled backup completed successfully
2025-08-02 05:48:56 [WARNING] Second failed login attempt for user: diana. Next attempt will ERROR. Retrying...
2025-08-02 07:19:43 [DEBUG] Entering function generate_report with arguments: 8
2025-08-02 19:35:37 [ERROR] File write failed: report.pdf
2025-08-02 05:01:56 [INFO] Database connection established
2025-08-02 13:33:07 [INFO] User login successful for user: eve
2025-08-02 04:55:29 [ERROR] Unhandled exception: TimeoutError
2025-08-02 20:05:51 [INFO] Service inventory started
2025-08-02 20:13:19 [WARNING] Second failed login attempt for user: bob. Next attempt will ERROR. Retrying...
2025-08-02 19:45:45 [WARNING] Failed login attempt for user: diana. Retrying...
2025-08-02 22:42:18 [ERROR] Database connection lost
2025-08-02 19:24:51 [INFO] Database connection established
2025-08-02 07:58:23 [INFO] Cache cleared successfully
2025-08-02 10:24:59 [WARNING] API response time exceeded threshold
2025-08-02 03:51:15 [INFO] User login successful for user: diana
2025-08-02 03:35:11 [INFO] Service notification started
2025-08-02 20:41:44 [WARNING] Slow query detected: execution time 2260ms
2025-08-02 18:30:20 [WARNING] API response time exceeded threshold
2025-08-02 03:21:46 [DEBUG] Query executed: UPDATE orders SET status='shipped' WHERE id=42
2025-08-02 06:50:41 [WARNING] Configuration file deprecated: report.pdf
2025-08-02 04:36:23 [INFO] User login successful for user: bob
2025-08-02 23:20:18 [INFO] User login successful for user: bob
2025-08-02 04:42:52 [ERROR] Database connection lost
2025-08-02 23:26:43 [ERROR] Deadlock detected in transaction ID 3137
2025-08-02 14:19:17 [ERROR] File write failed: config.yml
2025-08-02 18:14:46 [DEBUG] Temporary file created at: config.yml
2025-08-02 23:12:44 [WARNING] High memory usage detected
2025-08-02 00:47:26 [ERROR] Email sending failed to recipient: user@gmail.com
2025-08-02 23:02:58 [INFO] Database connection established
2025-08-02 15:29:32 [INFO] Cache cleared successfully
2025-08-02 19:04:21 [INFO] File uploaded: config.yml
2025-08-02 17:31:57 [INFO] User login successful for user: eve
2025-08-02 06:24:53 [WARNING] Disk space low: 4158 remaining
2025-08-02 01:45:44 [INFO] Database connection established
2025-08-02 03:12:23 [INFO] Scheduled backup completed successfully
2025-08-02 09:43:36 [INFO] Scheduled backup completed successfully
2025-08-02 00:45:00 [WARNING] Slow query detected: execution time 1438ms
2025-08-02 12:34:09 [INFO] File uploaded: report.pdf
2025-08-02 05:08:47 [INFO] Service payment started
2025-08-02 09:57:06 [INFO] Database connection established
2025-08-02 18:07:52 [ERROR] File write failed: report.pdf
2025-08-02 13:11:04 [INFO] Scheduled backup completed successfully
2025-08-02 15:14:05 [INFO] User login successful for user: charlie
2025-08-02 05:01:37 [ERROR] File write failed: data.csv
2025-08-02 10:46:40 [INFO] Database connection established
2025-08-02 20:24:05 [INFO] Database connection established
2025-08-02 23:49:36 [INFO] File uploaded: data.csv
2025-08-02 09:52:55 [INFO] Service auth started
2025-08-02 04:07:45 [INFO] Scheduled backup completed successfully
2025-08-02 13:37:44 [DEBUG] Session token generated for user: diana
2025-08-02 23:28:32 [INFO] Service auth started
2025-08-02 06:45:33 [INFO] Database connection established
2025-08-02 16:42:17 [WARNING] Second failed login attempt for user: diana. Next attempt will ERROR. Retrying...
2025-08-02 01:35:34 [INFO] Database connection established
2025-08-02 04:56:13 [WARNING] Failed login attempt for user: alice. Retrying...
2025-08-02 00:08:44 [ERROR] Deadlock detected in transaction ID 1829
2025-08-02 08:53:21 [ERROR] Unhandled exception: TimeoutError
2025-08-02 08:29:26 [WARNING] Failed login attempt for user: eve. Retrying...
2025-08-02 22:08:42 [INFO] Cache cleared successfully
2025-08-02 21:43:02 [ERROR] Service inventory crashed
2025-08-02 03:02:30 [INFO] User login successful for user: alice
2025-08-02 08:43:53 [INFO] Scheduled backup completed successfully
2025-08-02 05:07:30 [INFO] File uploaded: backup.zip
2025-08-02 06:53:45 [WARNING] Disk space low: 3164 remaining
2025-08-02 08:40:51 [ERROR] File write failed: data.csv
2025-08-02 01:59:27 [WARNING] Second failed login attempt for user: eve. Next attempt will ERROR. Retrying...
2025-08-02 20:42:55 [INFO] Scheduled backup completed successfully
2025-08-02 17:18:54 [INFO] Cache cleared successfully
2025-08-02 23:32:02 [WARNING] API response time exceeded threshold
2025-08-02 13:05:39 [ERROR] Database connection lost
2025-08-02 02:45:44 [INFO] Database connection established
2025-08-02 04:24:26 [WARNING] Failed login attempt for user: diana. Retrying...
2025-08-02 21:23:09 [INFO] Scheduled backup completed successfully
2025-08-02 22:59:52 [INFO] Service payment started
2025-08-02 21:56:15 [ERROR] Database connection lost
2025-08-02 14:07:11 [INFO] Cache cleared successfully
2025-08-02 21:44:21 [INFO] User login successful for user: eve
2025-08-02 01:21:19 [INFO] Scheduled backup completed successfully
2025-08-02 19:40:57 [DEBUG] Temporary file created at: data.csv
2025-08-02 03:49:50 [WARNING] Slow query detected: execution time 754ms
2025-08-02 04:32:33 [INFO] File uploaded: report.pdf
2025-08-02 02:49:21 [INFO] Database connection established
2025-08-02 17:40:08 [DEBUG] Query executed: SELECT * FROM users
2025-08-02 17:29:57 [INFO] Scheduled backup completed successfully
2025-08-02 08:11:22 [INFO] Service inventory started
2025-08-02 07:17:14 [INFO] Database connection established
2025-08-02 14:56:35 [INFO] Service payment started
2025-08-02 11:08:44 [INFO] Cache cleared successfully
2025-08-02 13:30:46 [INFO] User login successful for user: charlie
2025-08-02 08:35:48 [INFO] File uploaded: config.yml
2025-08-02 06:38:59 [ERROR] Service payment crashed
2025-08-02 06:16:23 [INFO] Database connection established
2025-08-02 03:55:39 [INFO] Cache cleared successfully
2025-08-02 18:07:09 [WARNING] High memory usage detected
2025-08-02 11:30:43 [WARNING] Disk space low: 2625 remaining
2025-08-02 11:58:33 [WARNING] Failed login attempt for user: bob. Retrying...
2025-08-02 08:22:27 [INFO] Database connection established
2025-08-02 20:59:42 [WARNING] High memory usage detected
2025-08-02 04:43:32 [INFO] Cache cleared successfully
2025-08-02 23:35:41 [WARNING] High memory usage detected
2025-08-02 02:17:32 [INFO] User login successful for user: diana
2025-08-02 06:51:24 [WARNING] Disk space low: 4884 remaining
2025-08-02 14:08:53 [INFO] Scheduled backup completed successfully
2025-08-02 03:47:50 [WARNING] Disk space low: 2577 remaining
2025-08-02 04:07:20 [ERROR] Service payment crashed
2025-08-02 19:55:22 [WARNING] API response time exceeded threshold
2025-08-02 00:51:34 [WARNING] API response time exceeded threshold
2025-08-02 19:10:11 [DEBUG] Entering function send_email with arguments: 6
2025-08-02 17:38:36 [WARNING] Failed login attempt for user: alice. Retrying...
2025-08-02 22:22:19 [WARNING] Configuration file deprecated: data.csv
2025-08-02 01:02:15 [INFO] File uploaded: backup.zip
2025-08-02 10:22:43 [INFO] Service notification started
2025-08-02 06:44:33 [INFO] Database connection established
2025-08-02 11:13:52 [ERROR] Email sending failed to recipient: user@gmail.com
2025-08-02 16:01:43 [INFO] File uploaded: backup.zip
2025-08-02 01:39:15 [INFO] User login successful for user: diana
2025-08-02 01:50:45 [INFO] Database connection established
2025-08-02 03:32:16 [INFO] Scheduled backup completed successfully
2025-08-02 18:58:15 [INFO] Service payment started
2025-08-02 02:59:16 [INFO] File uploaded: data.csv
2025-08-02 10:56:30 [INFO] User login successful for user: eve
2025-08-02 10:46:39 [ERROR] Email sending failed to recipient: admin@google.com
2025-08-02 14:18:18 [INFO] Scheduled backup completed successfully
2025-08-02 16:33:31 [INFO] File uploaded: report.pdf
2025-08-02 17:39:45 [WARNING] Configuration file deprecated: backup.zip
2025-08-02 15:39:56 [INFO] User login successful for user: charlie
2025-08-02 21:43:11 [INFO] Database connection established
2025-08-02 23:04:34 [ERROR] Service payment crashed
2025-08-02 09:50:32 [INFO] File uploaded: report.pdf
2025-08-02 06:28:37 [WARNING] Failed login attempt for user: bob. Retrying...
2025-08-02 07:54:39 [INFO] File uploaded: backup.zip
2025-08-02 18:42:54 [INFO] Database connection established
2025-08-02 11:49:17 [ERROR] Deadlock detected in transaction ID 1760
2025-08-02 00:47:11 [INFO] Database connection established
2025-08-02 02:49:48 [INFO] Cache cleared successfully
2025-08-02 23:25:50 [ERROR] File write failed: backup.zip
2025-08-02 04:30:03 [INFO] Service notification started
2025-08-02 20:40:42 [INFO] File uploaded: data.csv
2025-08-02 02:22:10 [DEBUG] Variable x has value: 4313
2025-08-02 16:59:25 [ERROR] Unhandled exception: NullPointerException
2025-08-02 19:39:49 [INFO] Database connection established
2025-08-02 07:18:44 [INFO] User login successful for user: charlie
2025-08-02 22:13:23 [INFO] Service payment started
2025-08-02 13:12:05 [DEBUG] Entering function process_payment with arguments: 10
2025-08-02 23:06:58 [WARNING] High memory usage detected
2025-08-02 02:30:25 [WARNING] API response time exceeded threshold
2025-08-02 13:29:36 [INFO] Service auth started
2025-08-02 00:23:03 [INFO] Service auth started
2025-08-02 19:20:49 [WARNING] Disk space low: 4095 remaining
2025-08-02 22:20:10 [INFO] File uploaded: report.pdf
2025-08-02 01:33:24 [INFO] Scheduled backup completed successfully
2025-08-02 07:02:27 [ERROR] Database connection lost
2025-08-02 07:54:23 [WARNING] High memory usage detected
2025-08-02 01:07:31 [ERROR] Email sending failed to recipient: admin@google.com
2025-08-02 22:41:08 [WARNING] API response time exceeded threshold
2025-08-02 09:23:52 [INFO] Scheduled backup completed successfully
2025-08-02 19:29:45 [INFO] Cache cleared successfully
2025-08-02 16:36:14 [WARNING] High memory usage detected
2025-08-02 08:29:36 [INFO] Database connection established
2025-08-02 17:42:58 [INFO] Scheduled backup completed successfully
2025-08-02 05:43:42 [ERROR] File write failed: backup.zip
2025-08-02 00:12:17 [WARNING] Slow query detected: execution time 853ms
2025-08-02 08:59:27 [INFO] User login successful for user: alice
2025-08-02 05:29:02 [WARNING] High memory usage detected
2025-08-02 18:03:31 [INFO] Database connection established
2025-08-02 01:16:09 [INFO] File uploaded: backup.zip
2025-08-02 21:23:05 [INFO] Database connection established
2025-08-02 01:10:30 [INFO] Database connection established
2025-08-02 07:32:22 [ERROR] Deadlock detected in transaction ID 212
2025-08-02 16:54:16 [INFO] File uploaded: config.yml
2025-08-02 19:27:27 [INFO] User login successful for user: bob
2025-08-02 07:46:03 [ERROR] File write failed: config.yml
2025-08-02 13:42:03 [WARNING] Second failed login attempt for user: diana. Next attempt will ERROR. Retrying...
2025-08-02 13:57:27 [INFO] User login successful for user: eve
2025-08-02 19:54:44 [INFO] User login successful for user: bob
2025-08-02 03:08:44 [INFO] File uploaded: backup.zip
2025-08-02 23:28:43 [INFO] Scheduled backup completed successfully
2025-08-02 18:56:38 [INFO] File uploaded: backup.zip
2025-08-02 10:46:07 [INFO] File uploaded: config.yml
2025-08-02 22:48:52 [INFO] Scheduled backup completed successfully
2025-08-02 06:21:27 [INFO] Scheduled backup completed successfully
2025-08-02 10:22:02 [WARNING] High memory usage detected
2025-08-02 05:29:08 [WARNING] Failed login attempt for user: charlie. Retrying...
2025-08-02 20:40:48 [INFO] User login successful for user: diana
2025-08-02 14:22:15 [INFO] Scheduled backup completed successfully
2025-08-02 17:05:00 [INFO] Cache cleared successfully
2025-08-02 12:18:13 [ERROR] Deadlock detected in transaction ID 4142
2025-08-02 00:56:39 [ERROR] Deadlock detected in transaction ID 113
2025-08-02 08:34:42 [INFO] Service notification started
2025-08-02 18:27:49 [INFO] Cache cleared successfully
2025-08-02 07:38:45 [ERROR] File write failed: config.yml
2025-08-02 11:09:24 [INFO] Cache cleared successfully
2025-08-02 21:21:57 [ERROR] Service auth crashed
2025-08-02 00:39:26 [INFO] Database connection established
2025-08-02 18:47:33 [ERROR] Service auth crashed
2025-08-02 22:47:04 [INFO] Database connection established
2025-08-02 03:53:05 [WARNING] Disk space low: 3166 remaining
2025-08-02 00:14:13 [WARNING] Second failed login attempt for user: alice. Next attempt will ERROR. Retrying...
2025-08-02 01:54:31 [INFO] Service inventory started
2025-08-02 02:16:10 [ERROR] Email sending failed to recipient: admin@google.com
2025-08-02 16:32:12 [INFO] Database connection established
2025-08-02 13:03:58 [INFO] Database connection established
2025-08-02 09:46:02 [INFO] Service auth started
2025-08-02 01:06:23 [ERROR] Database connection lost
2025-08-02 22:01:40 [INFO] Cache cleared successfully
2025-08-02 17:06:38 [ERROR] Deadlock detected in transaction ID 55
2025-08-02 12:47:15 [WARNING] Failed login attempt for user: diana. Retrying...
2025-08-02 12:38:53 [INFO] Scheduled backup completed successfully
2025-08-02 20:08:02 [INFO] Database connection established
2025-08-02 14:07:40 [INFO] Database connection established
2025-08-02 07:02:59 [DEBUG] Variable x has value: 2525
2025-08-02 04:15:26 [ERROR] Email sending failed to recipient: support@amazon.com
2025-08-02 19:57:39 [INFO] Database connection established
2025-08-02 15:51:51 [WARNING] Failed login attempt for user: charlie. Retrying...
2025-08-02 05:32:26 [ERROR] Service inventory crashed
2025-08-02 02:38:51 [WARNING] Slow query detected: execution time 1145ms
2025-08-02 10:52:59 [INFO] File uploaded: report.pdf
2025-08-02 20:40:50 [INFO] Cache cleared successfully
2025-08-02 03:29:17 [INFO] Scheduled backup completed successfully
2025-08-02 03:46:22 [ERROR] Email sending failed to recipient: admin@google.com
2025-08-02 08:01:56 [INFO] Scheduled backup completed successfully
2025-08-02 18:40:48 [ERROR] Email sending failed to recipient: admin@google.com
2025-08-02 02:05:03 [INFO] Database connection established
2025-08-02 21:32:50 [INFO] Cache cleared successfully
2025-08-02 03:55:50 [INFO] Database connection established
2025-08-02 10:25:34 [INFO] Service payment started
2025-08-02 18:40:49 [INFO] Service notification started
2025-08-02 19:13:38 [DEBUG] Variable x has value: 2056
2025-08-02 23:46:39 [INFO] User login successful for user: alice
2025-08-02 02:12:13 [INFO] Cache cleared successfully
2025-08-02 06:42:30 [ERROR] File write failed: backup.zip
2025-08-02 09:48:20 [INFO] Cache cleared successfully
2025-08-02 14:03:39 [INFO] File uploaded: data.csv
2025-08-02 23:32:12 [INFO] Scheduled backup completed successfully
2025-08-02 20:10:18 [ERROR] Service auth crashed
2025-08-02 23:31:17 [WARNING] Configuration file deprecated: config.yml
2025-08-02 14:49:25 [INFO] Cache cleared successfully
2025-08-02 14:24:19 [INFO] Scheduled backup completed successfully
2025-08-02 08:10:37 [INFO] User login successful for user: eve
2025-08-02 19:24:07 [INFO] Cache cleared successfully
2025-08-02 20:36:32 [WARNING] API response time exceeded threshold
2025-08-02 21:18:06 [WARNING] API response time exceeded threshold
2025-08-02 05:18:55 [INFO] File uploaded: data.csv
2025-08-02 06:48:11 [INFO] Service auth started
2025-08-02 07:29:03 [INFO] Service inventory started
2025-08-02 19:59:47 [INFO] File uploaded: data.csv
2025-08-02 16:56:33 [INFO] Service payment started
2025-08-02 09:32:20 [INFO] Scheduled backup completed successfully
2025-08-02 06:47:30 [INFO] Scheduled backup completed successfully
2025-08-02 15:34:04 [INFO] Database connection established
2025-08-02 21:32:25 [ERROR] Unhandled exception: TimeoutError
2025-08-02 18:06:06 [ERROR] File write failed: report.pdf
2025-08-02 14:03:41 [INFO] Database connection established
2025-08-02 02:38:45 [ERROR] Email sending failed to recipient: support@amazon.com
2025-08-02 16:31:40 [INFO] Scheduled backup completed successfully
2025-08-02 22:37:49 [INFO] Service auth started
2025-08-02 17:17:44 [INFO] Service notification started
2025-08-02 11:46:40 [INFO] Cache cleared successfully
2025-08-02 17:21:19 [INFO] Cache cleared successfully
2025-08-02 15:05:29 [INFO] Cache cleared successfully
2025-08-02 16:17:01 [INFO] File uploaded: data.csv
2025-08-02 04:21:15 [WARNING] Slow query detected: execution time 4184ms
2025-08-02 03:36:28 [INFO] Database connection established
2025-08-02 13:13:01 [INFO] File uploaded: report.pdf
2025-08-02 14:48:49 [INFO] User login successful for user: alice
2025-08-02 23:50:12 [INFO] Database connection established
2025-08-02 21:24:08 [INFO] Scheduled backup completed successfully
2025-08-02 11:20:48 [INFO] Service inventory started
2025-08-02 16:34:15 [INFO] Service auth started
2025-08-02 20:25:20 [DEBUG] Temporary file created at: data.csv
2025-08-02 16:27:33 [ERROR] File write failed: report.pdf
2025-08-02 00:30:24 [ERROR] Email sending failed to recipient: support@amazon.com
2025-08-02 14:00:58 [INFO] Cache cleared successfully
2025-08-02 02:08:56 [INFO] User login successful for user: charlie
2025-08-02 08:39:10 [INFO] File uploaded: config.yml
2025-08-02 08:40:06 [INFO] Database connection established
2025-08-02 09:18:06 [INFO] Service notification started
2025-08-02 17:37:40 [ERROR] Deadlock detected in transaction ID 4652
2025-08-02 23:46:59 [WARNING] API response time exceeded threshold
2025-08-02 22:56:06 [WARNING] Slow query detected: execution time 672ms
2025-08-02 10:25:29 [ERROR] Database connection lost
2025-08-02 13:16:50 [WARNING] High memory usage detected
2025-08-02 02:38:06 [ERROR] File write failed: backup.zip
2025-08-02 08:08:22 [WARNING] Disk space low: 2810 remaining
2025-08-02 04:01:34 [WARNING] Second failed login attempt for user: alice. Next attempt will ERROR. Retrying...
2025-08-02 14:51:45 [INFO] Cache cleared successfully
2025-08-02 05:02:21 [INFO] Service payment started
2025-08-02 04:09:55 [WARNING] Configuration file deprecated: report.pdf
2025-08-02 21:58:23 [INFO] Scheduled backup completed successfully
2025-08-02 16:21:56 [DEBUG] Variable x has value: 4415
2025-08-02 11:05:31 [INFO] Cache cleared successfully
2025-08-02 06:19:28 [ERROR] Database connection lost
2025-08-02 14:47:14 [INFO] Service inventory started
2025-08-02 13:56:33 [WARNING] Second failed login attempt for user: diana. Next attempt will ERROR. Retrying...
2025-08-02 09:28:33 [WARNING] Slow query detected: execution time 1570ms
2025-08-02 11:04:55 [INFO] File uploaded: data.csv
2025-08-02 08:33:33 [ERROR] Unhandled exception: NullPointerException
2025-08-02 23:55:15 [DEBUG] Variable x has value: 2305
2025-08-02 04:58:11 [INFO] Cache cleared successfully
2025-08-02 16:55:10 [INFO] User login successful for user: charlie
2025-08-02 10:45:02 [DEBUG] Query executed: UPDATE orders SET status='shipped' WHERE id=42
2025-08-02 12:45:24 [INFO] User login successful for user: alice
2025-08-02 04:17:59 [INFO] Database connection established
2025-08-02 00:41:59 [WARNING] Failed login attempt for user: bob. Retrying...
2025-08-02 05:38:21 [INFO] Cache cleared successfully
2025-08-02 04:51:14 [WARNING] Configuration file deprecated: data.csv
2025-08-02 10:50:20 [INFO] Cache cleared successfully
2025-08-02 19:21:44 [INFO] Scheduled backup completed successfully
2025-08-02 21:37:34 [INFO] Cache cleared successfully
2025-08-02 18:07:15 [INFO] Service auth started
2025-08-02 20:13:12 [INFO] Scheduled backup completed successfully
2025-08-02 02:01:13 [DEBUG] Entering function generate_report with arguments: 6
2025-08-02 00:22:37 [WARNING] Second failed login attempt for user: alice. Next attempt will ERROR. Retrying...
2025-08-02 01:26:23 [INFO] Service payment started
2025-08-02 14:55:30 [INFO] Service inventory started
2025-08-02 22:53:53 [WARNING] Slow query detected: execution time 4938ms
2025-08-02 11:42:51 [INFO] File uploaded: backup.zip
2025-08-02 09:08:07 [ERROR] Unhandled exception: TimeoutError
2025-08-02 15:44:12 [INFO] Service inventory started
2025-08-02 01:26:20 [WARNING] Second failed login attempt for user: diana. Next attempt will ERROR. Retrying...
2025-08-02 17:10:23 [DEBUG] Variable x has value: 1440
2025-08-02 05:09:53 [INFO] Scheduled backup completed successfully
2025-08-02 02:04:12 [INFO] Database connection established
2025-08-02 12:08:26 [INFO] File uploaded: backup.zip
2025-08-02 00:51:32 [ERROR] Email sending failed to recipient: support@amazon.com
2025-08-02 16:19:29 [INFO] Service notification started
2025-08-02 16:38:49 [WARNING] Configuration file deprecated: config.yml
2025-08-02 01:25:54 [ERROR] Unhandled exception: NullPointerException
2025-08-02 10:19:35 [WARNING] Second failed login attempt for user: eve. Next attempt will ERROR. Retrying...
2025-08-02 05:46:10 [ERROR] Deadlock detected in transaction ID 2768
2025-08-02 08:15:13 [INFO] User login successful for user: eve
2025-08-02 17:24:07 [INFO] User login successful for user: eve
2025-08-02 00:13:59 [INFO] File uploaded: data.csv
2025-08-02 17:17:31 [INFO] File uploaded: data.csv
2025-08-02 15:50:09 [INFO] File uploaded: backup.zip
2025-08-02 16:51:06 [INFO] Database connection established
2025-08-02 20:11:07 [ERROR] Email sending failed to recipient: user@gmail.com
2025-08-02 23:29:31 [INFO] Scheduled backup completed successfully
2025-08-02 07:18:46 [ERROR] Service auth crashed
2025-08-02 10:16:54 [INFO] User login successful for user: eve
2025-08-02 15:14:48 [INFO] File uploaded: config.yml
2025-08-02 11:03:57 [INFO] Scheduled backup completed successfully
2025-08-02 20:26:28 [INFO] Database connection established
2025-08-02 10:38:34 [WARNING] High memory usage detected
2025-08-02 17:58:26 [INFO] Scheduled backup completed successfully
2025-08-02 23:25:58 [INFO] File uploaded: data.csv
2025-08-02 01:22:05 [WARNING] Configuration file deprecated: config.yml
2025-08-02 10:53:43 [INFO] Cache cleared successfully
2025-08-02 06:16:57 [ERROR] File write failed: data.csv
2025-08-02 21:26:26 [ERROR] Unhandled exception: FileNotFoundError
2025-08-02 20:53:04 [ERROR] Service notification crashed
2025-08-02 12:11:02 [INFO] Service notification started
2025-08-02 21:19:04 [ERROR] Database connection lost
2025-08-02 07:38:13 [INFO] Database connection established
2025-08-02 20:32:45 [WARNING] Failed login attempt for user: bob. Retrying...
2025-08-02 13:00:43 [WARNING] Failed login attempt for user: bob. Retrying...
2025-08-02 03:21:14 [WARNING] Configuration file deprecated: report.pdf
2025-08-02 01:50:37 [INFO] Scheduled backup completed successfully
2025-08-02 20:52:16 [ERROR] Database connection lost
2025-08-02 09:21:05 [WARNING] Second failed login attempt for user: alice. Next attempt will ERROR. Retrying...
2025-08-02 02:08:24 [INFO] Database connection established
2025-08-02 08:36:12 [INFO] Service inventory started
2025-08-02 02:11:12 [ERROR] Email sending failed to recipient: admin@google.com
2025-08-02 13:25:26 [INFO] User login successful for user: charlie
2025-08-02 14:45:47 [INFO] File uploaded: config.yml
2025-08-02 18:02:11 [INFO] Cache cleared successfully
2025-08-02 16:24:33 [INFO] Scheduled backup completed successfully
2025-08-02 07:27:22 [ERROR] Deadlock detected in transaction ID 1498
2025-08-02 21:50:08 [INFO] File uploaded: data.csv
2025-08-02 01:23:45 [WARNING] Failed login attempt for user: charlie. Retrying...
2025-08-02 04:51:21 [INFO] Cache cleared successfully
2025-08-02 16:52:32 [WARNING] High memory usage detected
2025-08-02 22:34:35 [WARNING] Failed login attempt for user: bob. Retrying...
2025-08-02 23:29:38 [WARNING] Configuration file deprecated: backup.zip
2025-08-02 07:10:39 [DEBUG] Variable x has value: 810
2025-08-02 15:22:21 [WARNING] Failed login attempt for user: eve. Retrying...
2025-08-02 04:24:03 [ERROR] Email sending failed to recipient: admin@google.com
2025-08-02 13:45:45 [INFO] Cache cleared successfully
2025-08-02 05:25:58 [INFO] Service notification started
2025-08-02 02:25:25 [INFO] Cache cleared successfully
2025-08-02 17:16:52 [DEBUG] Query executed: SELECT * FROM users
2025-08-02 10:46:36 [DEBUG] Temporary file created at: config.yml
2025-08-02 13:54:26 [WARNING] Second failed login attempt for user: charlie. Next attempt will ERROR. Retrying...
2025-08-02 20:04:47 [INFO] Database connection established
2025-08-02 16:12:28 [INFO] Database connection established
2025-08-02 12:06:48 [INFO] File uploaded: config.yml
2025-08-02 08:04:11 [ERROR] Deadlock detected in transaction ID 1960
2025-08-02 16:15:13 [INFO] File uploaded: backup.zip
2025-08-02 02:29:13 [WARNING] High memory usage detected
2025-08-02 20:06:50 [DEBUG] Session token generated for user: charlie
2025-08-02 21:56:40 [INFO] Database connection established
2025-08-02 05:47:21 [ERROR] Email sending failed to recipient: admin@google.com
2025-08-02 08:54:59 [INFO] Service payment started
2025-08-02 01:33:33 [ERROR] Database connection lost
2025-08-02 17:42:00 [ERROR] Email sending failed to recipient: user@gmail.com
2025-08-02 01:28:50 [INFO] Scheduled backup completed successfully
2025-08-02 22:39:17 [ERROR] File write failed: config.yml
2025-08-02 07:43:39 [DEBUG] Query executed: SELECT * FROM users
2025-08-02 23:59:22 [INFO] Cache cleared successfully
2025-08-02 05:40:57 [INFO] Service payment started
2025-08-02 20:58:46 [INFO] File uploaded: backup.zip
2025-08-02 12:15:11 [INFO] Service payment started
2025-08-02 07:19:29 [WARNING] High memory usage detected
2025-08-02 02:41:39 [INFO] Scheduled backup completed successfully
2025-08-02 19:52:25 [ERROR] Deadlock detected in transaction ID 2847
2025-08-02 02:12:34 [INFO] Scheduled backup completed successfully
2025-08-02 16:51:02 [INFO] Service payment started
2025-08-02 20:51:01 [INFO] Service auth started
2025-08-02 18:46:59 [ERROR] Database connection lost
2025-08-02 21:53:27 [INFO] Service inventory started
2025-08-02 21:21:10 [INFO] Cache cleared successfully
2025-08-02 16:05:25 [INFO] Scheduled backup completed successfully
2025-08-02 05:14:31 [INFO] Database connection established
2025-08-02 01:42:16 [INFO] Cache cleared successfully
2025-08-02 19:33:58 [ERROR] Unhandled exception: NullPointerException
2025-08-02 12:26:32 [INFO] Service inventory started
2025-08-02 13:40:53 [ERROR] Deadlock detected in transaction ID 1914
2025-08-02 02:26:53 [INFO] Scheduled backup completed successfully
2025-08-02 19:32:36 [INFO] Cache cleared successfully
2025-08-02 02:55:26 [WARNING] Failed login attempt for user: alice. Retrying...
2025-08-02 23:18:11 [WARNING] API response time exceeded threshold
2025-08-02 22:15:47 [WARNING] High memory usage detected
2025-08-02 08:00:16 [ERROR] Unhandled exception: FileNotFoundError
2025-08-02 05:56:00 [ERROR] Deadlock detected in transaction ID 3482
2025-08-02 00:37:26 [INFO] Scheduled backup completed successfully
2025-08-02 13:09:33 [ERROR] Service notification crashed
2025-08-02 16:20:09 [WARNING] Disk space low: 3498 remaining
2025-08-02 21:15:26 [INFO] Database connection established
2025-08-02 08:56:13 [WARNING] Configuration file deprecated: data.csv
2025-08-02 12:33:43 [INFO] File uploaded: data.csv
2025-08-02 13:37:44 [WARNING] Second failed login attempt for user: charlie. Next attempt will ERROR. Retrying...
2025-08-02 09:30:18 [INFO] File uploaded: config.yml
2025-08-02 19:49:31 [DEBUG] Session token generated for user: alice
2025-08-02 05:56:28 [INFO] User login successful for user: charlie
2025-08-02 07:05:52 [INFO] Scheduled backup completed successfully
2025-08-02 16:56:54 [WARNING] High memory usage detected
2025-08-02 19:44:58 [WARNING] Disk space low: 1866 remaining
2025-08-02 02:09:38 [INFO] Service auth started
2025-08-02 12:22:59 [INFO] Scheduled backup completed successfully
2025-08-02 14:31:55 [WARNING] Second failed login attempt for user: bob. Next attempt will ERROR. Retrying...
2025-08-02 18:28:51 [INFO] User login successful for user: charlie
2025-08-02 05:02:41 [INFO] Scheduled backup completed successfully
2025-08-02 06:06:25 [WARNING] API response time exceeded threshold
2025-08-02 23:56:07 [INFO] Service payment started
2025-08-02 10:45:32 [ERROR] Email sending failed to recipient: user@gmail.com
2025-08-02 17:37:34 [INFO] File uploaded: backup.zip
2025-08-02 16:53:55 [ERROR] Email sending failed to recipient: user@gmail.com
2025-08-02 19:21:37 [INFO] Scheduled backup completed successfully
2025-08-02 21:35:04 [INFO] File uploaded: data.csv
2025-08-02 10:44:31 [ERROR] Email sending failed to recipient: user@gmail.com
2025-08-02 14:12:33 [WARNING] Slow query detected: execution time 1563ms
2025-08-02 06:26:35 [ERROR] Unhandled exception: TimeoutError
2025-08-02 04:02:18 [INFO] Database connection established
2025-08-02 04:19:14 [INFO] User login successful for user: bob
2025-08-02 02:40:13 [INFO] File uploaded: config.yml
2025-08-02 10:07:58 [INFO] Cache cleared successfully
2025-08-02 19:17:02 [DEBUG] Variable x has value: 4555
2025-08-02 00:41:34 [WARNING] API response time exceeded threshold
2025-08-02 14:28:05 [INFO] User login successful for user: eve
2025-08-02 23:02:49 [INFO] Scheduled backup completed successfully
2025-08-02 03:43:26 [INFO] Database connection established
2025-08-02 01:46:24 [WARNING] Failed login attempt for user: diana. Retrying...
2025-08-02 14:05:03 [INFO] Database connection established
2025-08-02 12:27:25 [WARNING] Second failed login attempt for user: eve. Next attempt will ERROR. Retrying...
2025-08-02 22:18:27 [ERROR] Service auth crashed
2025-08-02 04:07:13 [WARNING] Failed login attempt for user: bob. Retrying...
2025-08-02 21:00:50 [INFO] User login successful for user: bob
2025-08-02 12:45:52 [INFO] File uploaded: backup.zip
2025-08-02 13:43:59 [INFO] Scheduled backup completed successfully
2025-08-02 15:24:58 [INFO] Cache cleared successfully
2025-08-02 12:57:39 [INFO] File uploaded: config.yml
2025-08-02 13:43:38 [INFO] Database connection established
2025-08-02 20:11:28 [ERROR] Deadlock detected in transaction ID 4525
2025-08-02 18:42:19 [WARNING] Failed login attempt for user: bob. Retrying...
2025-08-02 16:53:48 [INFO] Scheduled backup completed successfully
2025-08-02 16:50:06 [INFO] Database connection established
2025-08-02 18:11:03 [INFO] Database connection established
2025-08-02 21:48:52 [ERROR] File write failed: report.pdf
2025-08-02 07:18:18 [ERROR] Service inventory crashed
2025-08-02 05:57:21 [INFO] User login successful for user: eve
2025-08-02 09:06:16 [INFO] Database connection established
2025-08-02 23:52:33 [INFO] Cache cleared successfully
2025-08-02 12:58:00 [INFO] Scheduled backup completed successfully
2025-08-02 02:29:39 [INFO] Service inventory started
2025-08-02 04:35:17 [INFO] Scheduled backup completed successfully
2025-08-02 15:22:40 [INFO] Database connection established
2025-08-02 19:16:12 [WARNING] Second failed login attempt for user: bob. Next attempt will ERROR. Retrying...
2025-08-02 08:19:16 [INFO] Scheduled backup completed successfully
2025-08-02 00:03:21 [ERROR] Email sending failed to recipient: support@amazon.com
2025-08-02 03:57:32 [INFO] Database connection established
2025-08-02 00:06:58 [WARNING] Disk space low: 4967 remaining
2025-08-02 15:56:09 [INFO] Scheduled backup completed successfully
2025-08-02 16:51:27 [INFO] File uploaded: report.pdf
2025-08-02 03:22:50 [INFO] Scheduled backup completed successfully
2025-08-02 22:04:03 [INFO] Service payment started
2025-08-02 17:45:43 [INFO] File uploaded: data.csv
2025-08-02 06:52:44 [INFO] User login successful for user: diana
2025-08-02 18:33:57 [INFO] Service auth started
2025-08-02 08:09:43 [ERROR] Email sending failed to recipient: support@amazon.com
2025-08-02 14:34:55 [INFO] User login successful for user: bob
2025-08-02 07:39:55 [INFO] Database connection established
2025-08-02 08:43:14 [INFO] User login successful for user: charlie
2025-08-02 08:18:43 [INFO] Scheduled backup completed successfully
2025-08-02 09:01:39 [INFO] Database connection established
2025-08-02 03:57:43 [WARNING] Slow query detected: execution time 3554ms
2025-08-02 22:29:11 [INFO] Service payment started
2025-08-02 17:24:36 [INFO] Database connection established
2025-08-02 14:51:07 [INFO] Service auth started
2025-08-02 08:52:24 [INFO] Cache cleared successfully
2025-08-02 08:42:42 [WARNING] Disk space low: 2887 remaining
2025-08-02 18:36:38 [ERROR] Database connection lost
2025-08-02 22:05:26 [INFO] Cache cleared successfully
2025-08-02 03:28:45 [INFO] User login successful for user: charlie
2025-08-02 21:52:17 [ERROR] Service auth crashed
2025-08-02 13:15:16 [ERROR] Database connection lost
2025-08-02 09:13:47 [ERROR] Unhandled exception: NullPointerException
2025-08-02 18:08:03 [ERROR] Database connection lost
2025-08-02 18:20:09 [WARNING] Slow query detected: execution time 1129ms
