2025-07-04 06:13:03 [INFO] Scheduled backup completed successfully
2025-07-04 03:10:36 [WARNING] Failed login attempt for user: eve. Retrying...
2025-07-04 00:28:16 [INFO] User login successful for user: eve
2025-07-04 22:05:28 [INFO] User login successful for user: bob
2025-07-04 23:01:44 [WARNING] Configuration file deprecated: config.yml
2025-07-04 00:57:28 [INFO] Service payment started
2025-07-04 17:17:24 [INFO] Database connection established
2025-07-04 18:19:44 [DEBUG] Temporary file created at: config.yml
2025-07-04 05:21:37 [WARNING] Failed login attempt for user: eve. Retrying...
2025-07-04 10:05:10 [ERROR] File write failed: backup.zip
2025-07-04 10:39:22 [INFO] Database connection established
2025-07-04 04:35:32 [INFO] Service notification started
2025-07-04 21:58:31 [WARNING] Failed login attempt for user: eve. Retrying...
2025-07-04 03:31:17 [INFO] User login successful for user: diana
2025-07-04 18:52:28 [INFO] Service payment started
2025-07-04 00:33:36 [ERROR] Database connection lost
2025-07-04 05:20:46 [WARNING] Disk space low: 2064 remaining
2025-07-04 16:46:48 [ERROR] File write failed: data.csv
2025-07-04 04:55:44 [INFO] Database connection established
2025-07-04 04:29:43 [INFO] File uploaded: data.csv
2025-07-04 09:51:45 [INFO] User login successful for user: eve
2025-07-04 07:27:49 [INFO] Service payment started
2025-07-04 19:49:38 [WARNING] Disk space low: 2428 remaining
2025-07-04 18:18:03 [DEBUG] Query executed: UPDATE orders SET status='shipped' WHERE id=42
2025-07-04 19:59:08 [ERROR] Database connection lost
2025-07-04 09:23:04 [INFO] Database connection established
2025-07-04 21:12:23 [INFO] Database connection established
2025-07-04 09:30:23 [INFO] Service payment started
2025-07-04 07:19:12 [INFO] File uploaded: backup.zip
2025-07-04 10:22:24 [INFO] User login successful for user: alice
2025-07-04 16:13:00 [WARNING] Configuration file deprecated: config.yml
2025-07-04 02:09:50 [ERROR] Deadlock detected in transaction ID 505
2025-07-04 15:58:46 [ERROR] Service payment crashed
2025-07-04 16:52:00 [INFO] Cache cleared successfully
2025-07-04 22:29:31 [INFO] Scheduled backup completed successfully
2025-07-04 06:05:08 [INFO] Service notification started
2025-07-04 19:42:21 [ERROR] File write failed: config.yml
2025-07-04 18:30:16 [INFO] File uploaded: config.yml
2025-07-04 00:03:00 [ERROR] Database connection lost
2025-07-04 15:48:35 [WARNING] Slow query detected: execution time 108ms
2025-07-04 03:13:52 [INFO] File uploaded: config.yml
2025-07-04 09:08:05 [INFO] Database connection established
2025-07-04 05:04:57 [ERROR] Database connection lost
2025-07-04 05:54:26 [INFO] Cache cleared successfully
2025-07-04 07:51:46 [INFO] Service notification started
2025-07-04 16:39:09 [ERROR] Unhandled exception: FileNotFoundError
2025-07-04 21:36:55 [DEBUG] Variable x has value: 1410
2025-07-04 08:32:51 [INFO] Service notification started
2025-07-04 21:17:58 [INFO] User login successful for user: charlie
2025-07-04 15:06:33 [INFO] Service notification started
2025-07-04 23:33:32 [WARNING] Configuration file deprecated: backup.zip
2025-07-04 02:58:53 [INFO] Service auth started
2025-07-04 05:09:59 [INFO] File uploaded: config.yml
2025-07-04 06:00:04 [INFO] Cache cleared successfully
2025-07-04 07:27:46 [ERROR] File write failed: data.csv
2025-07-04 06:28:23 [DEBUG] Session token generated for user: charlie
2025-07-04 07:09:33 [INFO] Cache cleared successfully
2025-07-04 17:12:34 [INFO] Service payment started
2025-07-04 17:26:00 [ERROR] Unhandled exception: TimeoutError
2025-07-04 18:45:39 [INFO] File uploaded: data.csv
2025-07-04 05:24:11 [INFO] Database connection established
2025-07-04 01:16:27 [WARNING] Second failed login attempt for user: alice. Next attempt will ERROR. Retrying...
2025-07-04 07:44:32 [INFO] Scheduled backup completed successfully
2025-07-04 02:02:10 [WARNING] Slow query detected: execution time 2432ms
2025-07-04 07:17:55 [INFO] Scheduled backup completed successfully
2025-07-04 17:30:01 [INFO] File uploaded: data.csv
2025-07-04 10:03:42 [INFO] Database connection established
2025-07-04 13:53:18 [INFO] User login successful for user: bob
2025-07-04 16:22:17 [INFO] User login successful for user: alice
2025-07-04 07:43:49 [ERROR] Service auth crashed
2025-07-04 13:37:37 [ERROR] File write failed: report.pdf
2025-07-04 22:35:59 [INFO] Scheduled backup completed successfully
2025-07-04 00:37:38 [INFO] Cache cleared successfully
2025-07-04 04:41:55 [INFO] Service inventory started
2025-07-04 14:51:27 [INFO] Cache cleared successfully
2025-07-04 20:39:26 [WARNING] Slow query detected: execution time 1585ms
2025-07-04 03:36:26 [INFO] File uploaded: report.pdf
2025-07-04 19:02:25 [INFO] Scheduled backup completed successfully
2025-07-04 03:34:54 [ERROR] Deadlock detected in transaction ID 4281
2025-07-04 15:49:01 [INFO] Service payment started
2025-07-04 12:58:12 [INFO] Service inventory started
2025-07-04 22:50:03 [ERROR] Database connection lost
2025-07-04 06:29:10 [ERROR] Service inventory crashed
2025-07-04 11:36:33 [WARNING] Disk space low: 866 remaining
2025-07-04 02:14:39 [DEBUG] Session token generated for user: bob
2025-07-04 15:02:27 [INFO] Database connection established
2025-07-04 08:24:55 [INFO] User login successful for user: diana
2025-07-04 02:05:35 [INFO] User login successful for user: eve
2025-07-04 14:55:51 [INFO] Service inventory started
2025-07-04 02:45:37 [ERROR] Email sending failed to recipient: user@gmail.com
2025-07-04 13:00:35 [WARNING] Failed login attempt for user: bob. Retrying...
2025-07-04 21:59:59 [INFO] File uploaded: config.yml
2025-07-04 03:00:51 [INFO] File uploaded: config.yml
2025-07-04 10:31:25 [ERROR] Email sending failed to recipient: support@amazon.com
2025-07-04 19:56:46 [ERROR] Service inventory crashed
2025-07-04 07:12:10 [INFO] File uploaded: config.yml
2025-07-04 21:30:43 [WARNING] Second failed login attempt for user: eve. Next attempt will ERROR. Retrying...
2025-07-04 19:36:46 [ERROR] File write failed: config.yml
2025-07-04 16:45:14 [WARNING] High memory usage detected
2025-07-04 18:40:07 [INFO] Service notification started
2025-07-04 18:46:36 [ERROR] Deadlock detected in transaction ID 3679
2025-07-04 08:32:55 [WARNING] API response time exceeded threshold
2025-07-04 03:58:20 [WARNING] Failed login attempt for user: eve. Retrying...
2025-07-04 13:48:33 [INFO] Scheduled backup completed successfully
2025-07-04 19:51:34 [INFO] Cache cleared successfully
2025-07-04 21:06:47 [WARNING] Configuration file deprecated: backup.zip
2025-07-04 11:43:03 [ERROR] File write failed: config.yml
2025-07-04 17:41:19 [INFO] Scheduled backup completed successfully
2025-07-04 09:43:18 [WARNING] API response time exceeded threshold
2025-07-04 17:44:32 [WARNING] Failed login attempt for user: eve. Retrying...
2025-07-04 00:33:51 [INFO] Database connection established
2025-07-04 04:13:22 [INFO] User login successful for user: alice
2025-07-04 12:13:05 [INFO] File uploaded: backup.zip
2025-07-04 18:24:27 [ERROR] Database connection lost
2025-07-04 11:53:08 [INFO] User login successful for user: alice
2025-07-04 03:19:26 [INFO] Database connection established
2025-07-04 01:00:59 [INFO] Database connection established
2025-07-04 00:03:31 [INFO] Service auth started
2025-07-04 21:11:29 [ERROR] Database connection lost
2025-07-04 00:34:08 [WARNING] Slow query detected: execution time 3526ms
2025-07-04 15:17:47 [INFO] Scheduled backup completed successfully
2025-07-04 12:44:12 [INFO] Cache cleared successfully
2025-07-04 11:35:35 [INFO] File uploaded: data.csv
2025-07-04 01:55:19 [INFO] Scheduled backup completed successfully
2025-07-04 23:51:08 [INFO] Service inventory started
2025-07-04 00:33:56 [ERROR] File write failed: backup.zip
2025-07-04 14:06:16 [INFO] File uploaded: backup.zip
2025-07-04 08:43:20 [WARNING] API response time exceeded threshold
2025-07-04 06:28:00 [ERROR] Deadlock detected in transaction ID 3466
2025-07-04 20:11:48 [WARNING] Failed login attempt for user: charlie. Retrying...
2025-07-04 11:31:07 [INFO] User login successful for user: eve
2025-07-04 00:50:02 [INFO] Service auth started
2025-07-04 01:05:17 [INFO] Database connection established
2025-07-04 02:44:59 [ERROR] Database connection lost
2025-07-04 19:09:44 [INFO] Database connection established
2025-07-04 15:10:12 [INFO] Database connection established
2025-07-04 15:19:56 [WARNING] API response time exceeded threshold
2025-07-04 21:52:17 [INFO] Scheduled backup completed successfully
2025-07-04 21:15:49 [INFO] Scheduled backup completed successfully
2025-07-04 06:13:47 [INFO] User login successful for user: charlie
2025-07-04 06:14:10 [ERROR] Deadlock detected in transaction ID 1125
2025-07-04 04:24:44 [INFO] Cache cleared successfully
2025-07-04 15:14:09 [INFO] User login successful for user: eve
2025-07-04 08:19:10 [ERROR] File write failed: config.yml
2025-07-04 10:30:46 [INFO] User login successful for user: bob
2025-07-04 03:10:55 [INFO] Database connection established
2025-07-04 10:16:05 [INFO] Database connection established
2025-07-04 18:11:00 [INFO] Cache cleared successfully
2025-07-04 15:18:08 [WARNING] Failed login attempt for user: charlie. Retrying...
2025-07-04 07:29:10 [DEBUG] Session token generated for user: diana
2025-07-04 20:00:28 [WARNING] High memory usage detected
2025-07-04 14:42:18 [INFO] File uploaded: config.yml
2025-07-04 18:15:47 [INFO] Cache cleared successfully
2025-07-04 07:25:58 [INFO] Database connection established
2025-07-04 18:04:26 [INFO] Database connection established
2025-07-04 21:58:27 [WARNING] Disk space low: 768 remaining
2025-07-04 01:04:35 [INFO] Service payment started
2025-07-04 13:20:18 [ERROR] Unhandled exception: TimeoutError
2025-07-04 05:41:58 [DEBUG] Temporary file created at: report.pdf
2025-07-04 00:06:39 [WARNING] Slow query detected: execution time 3584ms
2025-07-04 04:18:12 [ERROR] Deadlock detected in transaction ID 2019
2025-07-04 11:27:59 [WARNING] Slow query detected: execution time 134ms
2025-07-04 04:34:23 [INFO] Service auth started
2025-07-04 01:34:04 [INFO] Scheduled backup completed successfully
2025-07-04 04:36:38 [INFO] User login successful for user: diana
2025-07-04 00:19:19 [ERROR] Database connection lost
2025-07-04 03:49:37 [INFO] Cache cleared successfully
2025-07-04 02:13:52 [ERROR] Service auth crashed
2025-07-04 10:28:03 [WARNING] API response time exceeded threshold
2025-07-04 23:54:18 [INFO] Database connection established
2025-07-04 16:25:39 [INFO] Scheduled backup completed successfully
2025-07-04 04:36:03 [ERROR] Email sending failed to recipient: user@gmail.com
2025-07-04 04:09:36 [INFO] User login successful for user: bob
2025-07-04 16:05:43 [INFO] Database connection established
2025-07-04 22:29:34 [WARNING] Second failed login attempt for user: alice. Next attempt will ERROR. Retrying...
2025-07-04 15:17:24 [INFO] Database connection established
2025-07-04 18:57:10 [INFO] File uploaded: report.pdf
2025-07-04 05:31:57 [INFO] User login successful for user: eve
2025-07-04 14:49:26 [INFO] Service notification started
2025-07-04 22:41:01 [INFO] Scheduled backup completed successfully
2025-07-04 15:07:09 [INFO] File uploaded: report.pdf
2025-07-04 12:32:47 [WARNING] Disk space low: 2806 remaining
2025-07-04 05:56:26 [WARNING] Slow query detected: execution time 4588ms
2025-07-04 15:18:09 [WARNING] Configuration file deprecated: report.pdf
2025-07-04 22:25:46 [WARNING] Disk space low: 276 remaining
2025-07-04 18:04:42 [DEBUG] Query executed: SELECT * FROM users
2025-07-04 06:55:11 [ERROR] File write failed: config.yml
2025-07-04 00:28:06 [ERROR] Deadlock detected in transaction ID 392
2025-07-04 16:18:47 [WARNING] Disk space low: 1710 remaining
2025-07-04 08:24:20 [INFO] Database connection established
2025-07-04 01:06:35 [INFO] User login successful for user: alice
2025-07-04 18:19:44 [INFO] User login successful for user: charlie
2025-07-04 08:04:33 [INFO] Database connection established
2025-07-04 09:12:53 [WARNING] API response time exceeded threshold
2025-07-04 17:24:40 [INFO] Database connection established
2025-07-04 23:42:13 [INFO] User login successful for user: eve
2025-07-04 19:15:02 [WARNING] High memory usage detected
2025-07-04 21:32:56 [WARNING] Slow query detected: execution time 1536ms
2025-07-04 19:23:34 [ERROR] File write failed: data.csv
2025-07-04 11:20:09 [INFO] Database connection established
2025-07-04 10:53:59 [ERROR] Database connection lost
2025-07-04 04:37:26 [WARNING] Second failed login attempt for user: charlie. Next attempt will ERROR. Retrying...
2025-07-04 02:11:40 [INFO] Scheduled backup completed successfully
2025-07-04 12:33:28 [INFO] File uploaded: config.yml
2025-07-04 21:06:42 [INFO] File uploaded: backup.zip
2025-07-04 06:15:06 [WARNING] Second failed login attempt for user: alice. Next attempt will ERROR. Retrying...
2025-07-04 19:53:29 [INFO] Scheduled backup completed successfully
2025-07-04 12:46:47 [INFO] Cache cleared successfully
2025-07-04 04:38:48 [INFO] Service auth started
2025-07-04 01:27:42 [INFO] File uploaded: data.csv
2025-07-04 08:09:38 [WARNING] Configuration file deprecated: report.pdf
2025-07-04 21:19:21 [INFO] Scheduled backup completed successfully
2025-07-04 04:49:12 [WARNING] Disk space low: 1164 remaining
2025-07-04 02:49:59 [INFO] Cache cleared successfully
2025-07-04 15:21:19 [WARNING] Failed login attempt for user: eve. Retrying...
2025-07-04 22:31:15 [INFO] User login successful for user: charlie
2025-07-04 00:36:35 [INFO] User login successful for user: eve
2025-07-04 05:10:01 [INFO] Scheduled backup completed successfully
2025-07-04 06:34:05 [WARNING] Slow query detected: execution time 1140ms
2025-07-04 10:48:36 [DEBUG] Variable x has value: 3434
2025-07-04 20:02:26 [INFO] Database connection established
2025-07-04 08:36:31 [INFO] Scheduled backup completed successfully
2025-07-04 09:16:57 [INFO] Cache cleared successfully
2025-07-04 22:43:43 [INFO] Service auth started
2025-07-04 23:25:05 [INFO] File uploaded: config.yml
2025-07-04 23:02:51 [INFO] Scheduled backup completed successfully
2025-07-04 11:08:05 [INFO] Database connection established
2025-07-04 19:54:47 [INFO] User login successful for user: alice
2025-07-04 00:03:37 [INFO] Cache cleared successfully
2025-07-04 22:20:42 [INFO] User login successful for user: charlie
2025-07-04 20:12:29 [INFO] Cache cleared successfully
2025-07-04 19:05:13 [INFO] Cache cleared successfully
2025-07-04 15:12:38 [ERROR] Service inventory crashed
2025-07-04 12:23:33 [ERROR] Service inventory crashed
2025-07-04 21:41:37 [INFO] Database connection established
2025-07-04 20:00:52 [WARNING] High memory usage detected
2025-07-04 12:55:26 [ERROR] Email sending failed to recipient: support@amazon.com
2025-07-04 07:17:15 [ERROR] File write failed: backup.zip
2025-07-04 09:08:21 [INFO] File uploaded: data.csv
2025-07-04 10:37:34 [INFO] File uploaded: backup.zip
2025-07-04 18:51:15 [INFO] Service payment started
2025-07-04 10:26:09 [INFO] Cache cleared successfully
2025-07-04 11:29:31 [WARNING] API response time exceeded threshold
2025-07-04 16:51:42 [INFO] Database connection established
2025-07-04 21:05:07 [WARNING] Configuration file deprecated: data.csv
2025-07-04 08:45:31 [ERROR] Service payment crashed
2025-07-04 17:39:04 [INFO] User login successful for user: diana
2025-07-04 03:32:00 [INFO] File uploaded: report.pdf
2025-07-04 12:03:08 [INFO] File uploaded: data.csv
2025-07-04 04:56:25 [INFO] Cache cleared successfully
2025-07-04 12:23:20 [INFO] Service payment started
2025-07-04 05:52:38 [ERROR] Database connection lost
2025-07-04 06:40:56 [INFO] Scheduled backup completed successfully
2025-07-04 08:38:32 [INFO] User login successful for user: bob
2025-07-04 16:11:35 [INFO] File uploaded: backup.zip
2025-07-04 17:37:32 [WARNING] Failed login attempt for user: bob. Retrying...
2025-07-04 21:25:05 [WARNING] Failed login attempt for user: alice. Retrying...
2025-07-04 13:03:21 [ERROR] Email sending failed to recipient: user@gmail.com
2025-07-04 06:18:32 [WARNING] Disk space low: 2280 remaining
2025-07-04 01:46:53 [WARNING] Failed login attempt for user: charlie. Retrying...
2025-07-04 21:19:05 [INFO] User login successful for user: charlie
2025-07-04 13:21:36 [WARNING] Failed login attempt for user: eve. Retrying...
2025-07-04 22:35:39 [INFO] Scheduled backup completed successfully
2025-07-04 11:41:22 [INFO] User login successful for user: alice
2025-07-04 02:21:27 [INFO] User login successful for user: eve
2025-07-04 19:07:12 [INFO] File uploaded: data.csv
2025-07-04 10:19:48 [INFO] Service notification started
2025-07-04 02:40:20 [INFO] Cache cleared successfully
2025-07-04 17:41:17 [INFO] File uploaded: backup.zip
2025-07-04 15:55:00 [INFO] File uploaded: data.csv
2025-07-04 12:32:10 [INFO] Cache cleared successfully
2025-07-04 20:49:47 [INFO] Service auth started
2025-07-04 16:22:03 [INFO] Service payment started
2025-07-04 06:11:03 [INFO] User login successful for user: alice
2025-07-04 00:29:27 [ERROR] Unhandled exception: NullPointerException
2025-07-04 14:52:38 [INFO] Service payment started
2025-07-04 20:08:03 [ERROR] Unhandled exception: TimeoutError
2025-07-04 08:19:17 [ERROR] Database connection lost
2025-07-04 20:32:26 [INFO] Scheduled backup completed successfully
2025-07-04 07:36:19 [DEBUG] Entering function process_payment with arguments: 4
2025-07-04 01:42:54 [DEBUG] Query executed: SELECT * FROM users
2025-07-04 21:39:12 [INFO] Service notification started
2025-07-04 15:31:08 [WARNING] Slow query detected: execution time 973ms
2025-07-04 17:14:39 [INFO] Service notification started
2025-07-04 17:54:38 [INFO] User login successful for user: bob
2025-07-04 08:20:48 [ERROR] Database connection lost
2025-07-04 23:22:26 [INFO] File uploaded: data.csv
2025-07-04 08:32:36 [DEBUG] Temporary file created at: backup.zip
2025-07-04 11:56:53 [WARNING] Second failed login attempt for user: diana. Next attempt will ERROR. Retrying...
2025-07-04 13:11:15 [INFO] Scheduled backup completed successfully
2025-07-04 00:53:07 [WARNING] Disk space low: 2888 remaining
2025-07-04 17:46:54 [ERROR] Email sending failed to recipient: admin@google.com
2025-07-04 03:31:38 [WARNING] High memory usage detected
2025-07-04 04:36:59 [WARNING] High memory usage detected
2025-07-04 13:02:39 [INFO] File uploaded: config.yml
2025-07-04 01:57:13 [WARNING] Failed login attempt for user: eve. Retrying...
2025-07-04 18:44:25 [INFO] File uploaded: data.csv
2025-07-04 11:28:08 [INFO] Database connection established
2025-07-04 23:54:35 [INFO] Database connection established
2025-07-04 22:01:50 [INFO] User login successful for user: diana
2025-07-04 15:41:41 [INFO] User login successful for user: bob
2025-07-04 00:55:27 [WARNING] High memory usage detected
2025-07-04 23:07:32 [INFO] File uploaded: backup.zip
2025-07-04 13:12:13 [ERROR] Service inventory crashed
2025-07-04 08:57:49 [INFO] Database connection established
2025-07-04 22:01:08 [INFO] File uploaded: report.pdf
2025-07-04 13:22:39 [WARNING] Second failed login attempt for user: eve. Next attempt will ERROR. Retrying...
2025-07-04 22:10:51 [INFO] User login successful for user: charlie
2025-07-04 19:01:19 [INFO] Scheduled backup completed successfully
2025-07-04 22:56:45 [INFO] File uploaded: data.csv
2025-07-04 08:03:26 [INFO] Database connection established
2025-07-04 11:50:30 [ERROR] Database connection lost
2025-07-04 05:29:46 [INFO] User login successful for user: alice
2025-07-04 16:49:45 [INFO] Scheduled backup completed successfully
2025-07-04 13:13:25 [INFO] User login successful for user: bob
2025-07-04 00:12:47 [INFO] Service notification started
2025-07-04 20:07:12 [INFO] User login successful for user: eve
2025-07-04 21:07:25 [WARNING] Configuration file deprecated: config.yml
2025-07-04 13:35:36 [INFO] Database connection established
2025-07-04 07:33:33 [INFO] File uploaded: data.csv
2025-07-04 22:38:43 [INFO] File uploaded: report.pdf
2025-07-04 12:28:29 [INFO] Service auth started
2025-07-04 21:50:28 [INFO] File uploaded: backup.zip
2025-07-04 16:38:56 [INFO] Service notification started
2025-07-04 09:37:34 [INFO] File uploaded: report.pdf
2025-07-04 06:28:26 [WARNING] Slow query detected: execution time 3754ms
2025-07-04 10:03:52 [DEBUG] Session token generated for user: diana
2025-07-04 05:36:47 [INFO] Cache cleared successfully
2025-07-04 16:02:31 [ERROR] Unhandled exception: FileNotFoundError
2025-07-04 14:49:27 [ERROR] Database connection lost
2025-07-04 13:45:08 [ERROR] Email sending failed to recipient: admin@google.com
2025-07-04 06:31:47 [ERROR] Unhandled exception: NullPointerException
2025-07-04 21:43:55 [INFO] File uploaded: report.pdf
2025-07-04 04:54:43 [WARNING] High memory usage detected
2025-07-04 03:06:28 [WARNING] Configuration file deprecated: config.yml
2025-07-04 23:49:15 [INFO] User login successful for user: charlie
2025-07-04 09:36:29 [INFO] File uploaded: backup.zip
2025-07-04 12:26:20 [INFO] Database connection established
2025-07-04 11:59:30 [INFO] Cache cleared successfully
2025-07-04 15:26:45 [ERROR] File write failed: data.csv
2025-07-04 12:28:24 [INFO] Service payment started
2025-07-04 22:47:45 [INFO] User login successful for user: bob
2025-07-04 05:47:44 [WARNING] Slow query detected: execution time 3348ms
2025-07-04 01:54:00 [WARNING] Configuration file deprecated: report.pdf
2025-07-04 01:41:46 [INFO] File uploaded: backup.zip
2025-07-04 07:50:11 [INFO] Cache cleared successfully
2025-07-04 15:24:57 [INFO] File uploaded: backup.zip
2025-07-04 05:17:47 [WARNING] Failed login attempt for user: bob. Retrying...
2025-07-04 10:14:40 [INFO] Cache cleared successfully
2025-07-04 18:11:02 [INFO] User login successful for user: charlie
2025-07-04 14:02:48 [ERROR] Service payment crashed
2025-07-04 03:05:09 [INFO] File uploaded: data.csv
2025-07-04 11:37:28 [INFO] Scheduled backup completed successfully
2025-07-04 01:57:25 [INFO] User login successful for user: eve
2025-07-04 01:44:06 [INFO] Cache cleared successfully
2025-07-04 01:14:41 [INFO] File uploaded: config.yml
2025-07-04 08:30:50 [ERROR] Deadlock detected in transaction ID 467
2025-07-04 14:40:36 [INFO] File uploaded: report.pdf
2025-07-04 00:22:40 [ERROR] Unhandled exception: TimeoutError
2025-07-04 22:08:06 [WARNING] API response time exceeded threshold
2025-07-04 11:20:06 [INFO] Service inventory started
2025-07-04 04:15:51 [DEBUG] Temporary file created at: backup.zip
2025-07-04 04:26:08 [WARNING] Configuration file deprecated: report.pdf
2025-07-04 18:34:27 [INFO] File uploaded: backup.zip
2025-07-04 00:38:48 [ERROR] Unhandled exception: TimeoutError
2025-07-04 05:29:26 [ERROR] Unhandled exception: FileNotFoundError
2025-07-04 20:23:41 [WARNING] High memory usage detected
2025-07-04 08:47:18 [INFO] File uploaded: backup.zip
2025-07-04 01:06:48 [INFO] Database connection established
2025-07-04 01:26:25 [WARNING] Second failed login attempt for user: charlie. Next attempt will ERROR. Retrying...
2025-07-04 21:19:37 [INFO] Scheduled backup completed successfully
2025-07-04 00:34:08 [INFO] Scheduled backup completed successfully
2025-07-04 08:00:22 [INFO] File uploaded: report.pdf
2025-07-04 17:06:21 [WARNING] High memory usage detected
2025-07-04 20:01:42 [INFO] Service auth started
2025-07-04 01:00:54 [WARNING] API response time exceeded threshold
2025-07-04 20:39:35 [INFO] Database connection established
2025-07-04 04:48:25 [WARNING] Slow query detected: execution time 728ms
2025-07-04 04:01:02 [WARNING] Slow query detected: execution time 3203ms
2025-07-04 02:07:49 [ERROR] File write failed: report.pdf
2025-07-04 16:00:55 [WARNING] Disk space low: 3301 remaining
2025-07-04 11:58:51 [INFO] User login successful for user: eve
2025-07-04 13:06:22 [INFO] Service payment started
2025-07-04 09:42:22 [ERROR] Deadlock detected in transaction ID 979
2025-07-04 00:18:43 [INFO] File uploaded: report.pdf
2025-07-04 11:38:33 [INFO] Scheduled backup completed successfully
2025-07-04 21:36:07 [INFO] Service auth started
2025-07-04 21:54:47 [INFO] Cache cleared successfully
2025-07-04 16:34:20 [WARNING] High memory usage detected
2025-07-04 00:13:02 [ERROR] Email sending failed to recipient: support@amazon.com
2025-07-04 12:10:36 [INFO] Cache cleared successfully
2025-07-04 08:56:38 [INFO] Scheduled backup completed successfully
2025-07-04 11:49:45 [INFO] Cache cleared successfully
2025-07-04 09:30:46 [INFO] User login successful for user: alice
2025-07-04 21:54:24 [INFO] User login successful for user: eve
2025-07-04 10:23:06 [ERROR] Service payment crashed
2025-07-04 13:48:00 [WARNING] High memory usage detected
2025-07-04 21:51:15 [WARNING] Disk space low: 1363 remaining
2025-07-04 00:19:36 [INFO] Service payment started
2025-07-04 08:29:13 [INFO] Service notification started
2025-07-04 09:52:44 [INFO] File uploaded: report.pdf
2025-07-04 21:00:06 [INFO] Cache cleared successfully
2025-07-04 14:22:46 [INFO] Scheduled backup completed successfully
2025-07-04 03:25:16 [INFO] User login successful for user: bob
2025-07-04 20:53:31 [INFO] Database connection established
2025-07-04 05:54:44 [ERROR] Unhandled exception: FileNotFoundError
2025-07-04 13:09:44 [INFO] Service notification started
2025-07-04 22:44:21 [INFO] Service payment started
2025-07-04 02:22:30 [INFO] Database connection established
2025-07-04 05:00:52 [INFO] Cache cleared successfully
2025-07-04 10:35:34 [ERROR] Email sending failed to recipient: admin@google.com
2025-07-04 00:48:28 [INFO] Database connection established
2025-07-04 14:18:12 [WARNING] Second failed login attempt for user: eve. Next attempt will ERROR. Retrying...
2025-07-04 00:48:24 [INFO] Cache cleared successfully
2025-07-04 18:48:07 [INFO] Cache cleared successfully
2025-07-04 15:50:05 [INFO] File uploaded: backup.zip
2025-07-04 10:22:01 [INFO] Service payment started
2025-07-04 08:09:18 [INFO] File uploaded: data.csv
2025-07-04 03:03:36 [ERROR] Deadlock detected in transaction ID 99
2025-07-04 22:07:56 [INFO] Scheduled backup completed successfully
2025-07-04 08:44:49 [WARNING] Configuration file deprecated: report.pdf
2025-07-04 00:34:04 [INFO] File uploaded: data.csv
2025-07-04 07:57:47 [INFO] User login successful for user: eve
2025-07-04 16:48:33 [INFO] Database connection established
2025-07-04 15:12:33 [DEBUG] Entering function generate_report with arguments: 1
2025-07-04 13:13:13 [ERROR] Service payment crashed
2025-07-04 15:54:18 [WARNING] Slow query detected: execution time 2563ms
2025-07-04 04:23:52 [INFO] Scheduled backup completed successfully
2025-07-04 20:40:30 [ERROR] Unhandled exception: FileNotFoundError
2025-07-04 10:50:25 [INFO] Cache cleared successfully
2025-07-04 07:42:54 [INFO] Scheduled backup completed successfully
2025-07-04 05:09:44 [INFO] Database connection established
2025-07-04 07:01:23 [WARNING] Second failed login attempt for user: charlie. Next attempt will ERROR. Retrying...
2025-07-04 16:02:10 [DEBUG] Entering function generate_report with arguments: 1
2025-07-04 20:33:53 [WARNING] Disk space low: 1564 remaining
2025-07-04 18:10:24 [DEBUG] Query executed: UPDATE orders SET status='shipped' WHERE id=42
2025-07-04 22:25:44 [INFO] Database connection established
2025-07-04 18:53:33 [INFO] User login successful for user: charlie
2025-07-04 06:32:58 [DEBUG] Session token generated for user: alice
2025-07-04 22:36:07 [DEBUG] Session token generated for user: charlie
2025-07-04 17:52:30 [ERROR] File write failed: report.pdf
2025-07-04 13:55:16 [INFO] Scheduled backup completed successfully
2025-07-04 23:42:22 [DEBUG] Session token generated for user: eve
2025-07-04 02:49:24 [ERROR] Service payment crashed
2025-07-04 05:51:41 [WARNING] API response time exceeded threshold
2025-07-04 04:31:44 [INFO] File uploaded: data.csv
2025-07-04 13:32:47 [WARNING] Failed login attempt for user: bob. Retrying...
2025-07-04 05:43:30 [ERROR] File write failed: backup.zip
2025-07-04 06:35:20 [ERROR] Service notification crashed
2025-07-04 09:31:33 [INFO] Database connection established
2025-07-04 22:54:08 [ERROR] Email sending failed to recipient: support@amazon.com
2025-07-04 15:33:08 [WARNING] Disk space low: 4439 remaining
2025-07-04 16:44:03 [ERROR] Service auth crashed
2025-07-04 13:27:55 [WARNING] Second failed login attempt for user: diana. Next attempt will ERROR. Retrying...
2025-07-04 07:51:29 [WARNING] Slow query detected: execution time 2424ms
2025-07-04 12:31:05 [INFO] Cache cleared successfully
2025-07-04 17:29:41 [WARNING] Slow query detected: execution time 1250ms
2025-07-04 20:23:40 [INFO] Database connection established
2025-07-04 12:24:38 [WARNING] Disk space low: 1748 remaining
2025-07-04 21:58:04 [INFO] Database connection established
2025-07-04 07:19:18 [INFO] Service payment started
2025-07-04 09:12:58 [INFO] Scheduled backup completed successfully
2025-07-04 14:56:44 [INFO] Database connection established
2025-07-04 01:30:32 [INFO] Scheduled backup completed successfully
2025-07-04 07:35:41 [INFO] User login successful for user: diana
2025-07-04 08:59:08 [INFO] Database connection established
2025-07-04 14:06:25 [INFO] Database connection established
2025-07-04 12:34:57 [WARNING] Configuration file deprecated: data.csv
2025-07-04 03:39:03 [INFO] Scheduled backup completed successfully
2025-07-04 23:44:06 [INFO] File uploaded: config.yml
2025-07-04 15:28:38 [INFO] Service notification started
2025-07-04 15:47:15 [INFO] Database connection established
2025-07-04 06:20:56 [WARNING] Failed login attempt for user: eve. Retrying...
2025-07-04 07:08:26 [INFO] Database connection established
2025-07-04 18:00:48 [ERROR] Email sending failed to recipient: user@gmail.com
2025-07-04 10:03:57 [INFO] Service notification started
2025-07-04 21:48:56 [INFO] User login successful for user: charlie
2025-07-04 01:53:48 [DEBUG] Session token generated for user: alice
2025-07-04 02:23:20 [INFO] Database connection established
2025-07-04 16:55:29 [INFO] Database connection established
2025-07-04 15:21:03 [INFO] Scheduled backup completed successfully
2025-07-04 04:38:49 [ERROR] Deadlock detected in transaction ID 4126
2025-07-04 00:49:56 [ERROR] File write failed: config.yml
2025-07-04 01:34:01 [INFO] Service inventory started
2025-07-04 01:37:39 [INFO] File uploaded: config.yml
2025-07-04 17:00:15 [INFO] File uploaded: data.csv
2025-07-04 18:47:50 [INFO] Scheduled backup completed successfully
2025-07-04 22:22:27 [INFO] User login successful for user: bob
2025-07-04 08:37:50 [INFO] Database connection established
2025-07-04 08:08:03 [INFO] Database connection established
2025-07-04 19:50:40 [ERROR] Database connection lost
2025-07-04 17:01:05 [INFO] Cache cleared successfully
2025-07-04 22:39:12 [INFO] Cache cleared successfully
2025-07-04 12:51:39 [INFO] User login successful for user: alice
2025-07-04 23:43:39 [ERROR] Unhandled exception: NullPointerException
2025-07-04 07:41:58 [INFO] Database connection established
2025-07-04 06:21:26 [WARNING] API response time exceeded threshold
2025-07-04 15:02:47 [INFO] User login successful for user: alice
2025-07-04 09:18:11 [INFO] User login successful for user: alice
2025-07-04 23:00:58 [INFO] Database connection established
2025-07-04 14:27:26 [WARNING] Second failed login attempt for user: charlie. Next attempt will ERROR. Retrying...
2025-07-04 08:08:18 [INFO] File uploaded: report.pdf
2025-07-04 20:34:16 [INFO] File uploaded: config.yml
2025-07-04 19:28:35 [WARNING] High memory usage detected
2025-07-04 01:16:24 [INFO] Scheduled backup completed successfully
2025-07-04 20:40:35 [WARNING] Slow query detected: execution time 4913ms
2025-07-04 19:20:16 [INFO] Cache cleared successfully
2025-07-04 17:59:00 [ERROR] Database connection lost
2025-07-04 09:32:32 [WARNING] Configuration file deprecated: config.yml
2025-07-04 09:17:23 [WARNING] API response time exceeded threshold
2025-07-04 09:17:08 [WARNING] API response time exceeded threshold
2025-07-04 23:07:12 [INFO] Scheduled backup completed successfully
2025-07-04 11:00:32 [DEBUG] Entering function generate_report with arguments: 8
2025-07-04 21:04:47 [ERROR] File write failed: report.pdf
2025-07-04 05:03:23 [WARNING] Second failed login attempt for user: alice. Next attempt will ERROR. Retrying...
2025-07-04 08:28:03 [INFO] Scheduled backup completed successfully
2025-07-04 18:09:27 [INFO] Database connection established
2025-07-04 23:55:22 [INFO] Database connection established
2025-07-04 17:05:43 [WARNING] Configuration file deprecated: data.csv
2025-07-04 09:10:55 [WARNING] Slow query detected: execution time 4616ms
2025-07-04 12:00:11 [INFO] File uploaded: config.yml
2025-07-04 16:48:13 [INFO] User login successful for user: diana
2025-07-04 20:19:16 [INFO] File uploaded: data.csv
2025-07-04 02:22:51 [INFO] User login successful for user: diana
2025-07-04 16:04:03 [INFO] Database connection established
2025-07-04 18:34:48 [ERROR] Service inventory crashed
2025-07-04 00:14:13 [ERROR] File write failed: config.yml
2025-07-04 06:06:52 [ERROR] Email sending failed to recipient: user@gmail.com
2025-07-04 04:56:03 [INFO] Database connection established
2025-07-04 07:08:31 [ERROR] File write failed: data.csv
2025-07-04 22:10:12 [DEBUG] Query executed: SELECT * FROM users
2025-07-04 23:23:13 [INFO] Database connection established
2025-07-04 13:23:13 [ERROR] Database connection lost
2025-07-04 10:42:12 [INFO] User login successful for user: alice
2025-07-04 12:29:28 [WARNING] API response time exceeded threshold
2025-07-04 20:16:56 [INFO] Cache cleared successfully
2025-07-04 00:21:29 [INFO] File uploaded: backup.zip
2025-07-04 23:35:45 [ERROR] Email sending failed to recipient: support@amazon.com
2025-07-04 03:31:44 [WARNING] API response time exceeded threshold
2025-07-04 00:45:05 [INFO] Service inventory started
2025-07-04 01:38:04 [ERROR] Deadlock detected in transaction ID 4304
2025-07-04 08:55:48 [INFO] File uploaded: report.pdf
2025-07-04 06:58:06 [INFO] Cache cleared successfully
2025-07-04 14:18:37 [DEBUG] Variable x has value: 3171
2025-07-04 06:27:06 [ERROR] File write failed: config.yml
2025-07-04 09:47:31 [INFO] Service payment started
2025-07-04 16:58:33 [INFO] Scheduled backup completed successfully
2025-07-04 21:50:24 [INFO] Service auth started
2025-07-04 19:56:12 [WARNING] Disk space low: 2539 remaining
2025-07-04 15:33:35 [ERROR] Database connection lost
2025-07-04 00:50:14 [INFO] Database connection established
2025-07-04 10:02:19 [WARNING] Slow query detected: execution time 1298ms
2025-07-04 10:38:42 [WARNING] Disk space low: 4372 remaining
2025-07-04 14:04:07 [INFO] Scheduled backup completed successfully
2025-07-04 10:36:15 [INFO] Cache cleared successfully
2025-07-04 07:00:32 [INFO] Scheduled backup completed successfully
2025-07-04 18:42:34 [INFO] Scheduled backup completed successfully
2025-07-04 05:39:57 [INFO] File uploaded: data.csv
2025-07-04 03:41:33 [INFO] Database connection established
2025-07-04 21:49:31 [DEBUG] Variable x has value: 1595
2025-07-04 11:34:26 [WARNING] Disk space low: 917 remaining
2025-07-04 11:17:44 [WARNING] API response time exceeded threshold
2025-07-04 02:06:18 [INFO] Service inventory started
2025-07-04 19:50:26 [ERROR] Unhandled exception: TimeoutError
2025-07-04 05:20:50 [ERROR] File write failed: config.yml
2025-07-04 01:50:27 [INFO] Service notification started
2025-07-04 05:30:04 [INFO] Cache cleared successfully
2025-07-04 11:15:11 [WARNING] Slow query detected: execution time 3980ms
2025-07-04 15:21:19 [INFO] Scheduled backup completed successfully
2025-07-04 05:58:18 [WARNING] Second failed login attempt for user: bob. Next attempt will ERROR. Retrying...
2025-07-04 18:12:15 [INFO] User login successful for user: diana
2025-07-04 12:03:54 [INFO] File uploaded: backup.zip
2025-07-04 02:43:38 [INFO] Database connection established
2025-07-04 05:43:50 [INFO] File uploaded: data.csv
2025-07-04 14:50:51 [DEBUG] Session token generated for user: eve
2025-07-04 04:25:05 [INFO] Cache cleared successfully
2025-07-04 22:22:34 [ERROR] File write failed: report.pdf
2025-07-04 03:41:36 [INFO] User login successful for user: alice
2025-07-04 10:11:10 [INFO] File uploaded: data.csv
2025-07-04 08:49:31 [DEBUG] Variable x has value: 4709
2025-07-04 22:50:50 [INFO] File uploaded: report.pdf
2025-07-04 10:55:48 [INFO] Database connection established
2025-07-04 05:34:27 [INFO] Service inventory started
2025-07-04 05:43:30 [WARNING] API response time exceeded threshold
2025-07-04 23:43:43 [INFO] User login successful for user: eve
2025-07-04 13:15:01 [WARNING] High memory usage detected
2025-07-04 13:38:48 [INFO] Database connection established
2025-07-04 12:31:15 [INFO] Scheduled backup completed successfully
2025-07-04 17:40:40 [WARNING] Second failed login attempt for user: bob. Next attempt will ERROR. Retrying...
2025-07-04 16:08:14 [INFO] Service auth started
2025-07-04 15:59:42 [DEBUG] Session token generated for user: charlie
2025-07-04 11:46:38 [INFO] Cache cleared successfully
2025-07-04 03:10:51 [WARNING] Disk space low: 518 remaining
2025-07-04 13:12:14 [INFO] User login successful for user: alice
2025-07-04 06:48:56 [INFO] Scheduled backup completed successfully
2025-07-04 08:22:29 [INFO] Service inventory started
2025-07-04 17:43:18 [INFO] Service payment started
2025-07-04 09:07:51 [ERROR] Deadlock detected in transaction ID 2375
2025-07-04 10:42:17 [INFO] User login successful for user: eve
2025-07-04 12:19:31 [INFO] Scheduled backup completed successfully
2025-07-04 10:20:03 [ERROR] Unhandled exception: NullPointerException
2025-07-04 10:29:20 [WARNING] Second failed login attempt for user: alice. Next attempt will ERROR. Retrying...
2025-07-04 22:13:56 [INFO] Database connection established
2025-07-04 16:30:33 [DEBUG] Entering function generate_report with arguments: 2
2025-07-04 18:26:51 [ERROR] Unhandled exception: NullPointerException
2025-07-04 20:58:12 [WARNING] High memory usage detected
2025-07-04 02:46:33 [ERROR] Unhandled exception: TimeoutError
2025-07-04 14:39:48 [INFO] Cache cleared successfully
2025-07-04 02:53:18 [INFO] Scheduled backup completed successfully
2025-07-04 04:13:37 [INFO] Database connection established
2025-07-04 06:49:31 [WARNING] Configuration file deprecated: report.pdf
2025-07-04 06:41:47 [INFO] Database connection established
2025-07-04 01:27:57 [WARNING] Configuration file deprecated: data.csv
2025-07-04 15:47:02 [WARNING] Slow query detected: execution time 47ms
2025-07-04 13:00:34 [WARNING] Configuration file deprecated: backup.zip
2025-07-04 15:47:23 [INFO] User login successful for user: charlie
2025-07-04 08:13:30 [INFO] Database connection established
2025-07-04 18:43:57 [ERROR] Service auth crashed
2025-07-04 18:03:44 [INFO] Database connection established
2025-07-04 11:12:31 [INFO] Cache cleared successfully
2025-07-04 23:27:04 [WARNING] Slow query detected: execution time 1942ms
2025-07-04 06:54:12 [INFO] Cache cleared successfully
2025-07-04 11:14:34 [WARNING] High memory usage detected
2025-07-04 08:55:58 [INFO] Database connection established
2025-07-04 07:47:23 [INFO] Cache cleared successfully
2025-07-04 14:37:41 [ERROR] Deadlock detected in transaction ID 4988
2025-07-04 13:28:57 [INFO] Cache cleared successfully
2025-07-04 07:20:50 [INFO] Cache cleared successfully
2025-07-04 23:49:56 [WARNING] High memory usage detected
2025-07-04 10:04:08 [DEBUG] Temporary file created at: data.csv
2025-07-04 23:24:38 [INFO] Database connection established
2025-07-04 17:52:40 [INFO] Database connection established
2025-07-04 15:13:13 [INFO] Scheduled backup completed successfully
2025-07-04 04:32:14 [INFO] File uploaded: config.yml
