2025-08-12 05:46:38 [INFO] Cache cleared successfully
2025-08-12 10:45:18 [INFO] Scheduled backup completed successfully
2025-08-12 09:07:16 [DEBUG] Query executed: SELECT * FROM users
2025-08-12 06:44:31 [INFO] User login successful for user: eve
2025-08-12 14:13:16 [INFO] Cache cleared successfully
2025-08-12 13:31:43 [INFO] Service auth started
2025-08-12 15:54:51 [WARNING] Slow query detected: execution time 40ms
2025-08-12 18:15:37 [WARNING] Disk space low: 4183 remaining
2025-08-12 15:12:45 [INFO] File uploaded: data.csv
2025-08-12 09:53:19 [INFO] Scheduled backup completed successfully
2025-08-12 06:33:24 [ERROR] Service auth crashed
2025-08-12 12:23:01 [INFO] Cache cleared successfully
2025-08-12 06:06:32 [ERROR] File write failed: report.pdf
2025-08-12 10:12:53 [INFO] Scheduled backup completed successfully
2025-08-12 05:29:16 [INFO] Service notification started
2025-08-12 05:06:29 [WARNING] Failed login attempt for user: eve. Retrying...
2025-08-12 07:08:15 [INFO] Database connection established
2025-08-12 08:38:01 [INFO] Cache cleared successfully
2025-08-12 11:23:20 [INFO] Database connection established
2025-08-12 09:12:40 [INFO] File uploaded: backup.zip
2025-08-12 15:18:57 [INFO] File uploaded: data.csv
2025-08-12 22:12:06 [ERROR] Database connection lost
2025-08-12 14:49:15 [WARNING] Configuration file deprecated: data.csv
2025-08-12 11:04:20 [ERROR] Deadlock detected in transaction ID 2557
2025-08-12 18:45:54 [INFO] Database connection established
2025-08-12 07:24:28 [INFO] Service inventory started
2025-08-12 01:22:34 [INFO] File uploaded: report.pdf
2025-08-12 18:49:54 [INFO] Service auth started
2025-08-12 01:04:26 [WARNING] Configuration file deprecated: config.yml
2025-08-12 08:14:19 [WARNING] High memory usage detected
2025-08-12 23:31:34 [WARNING] API response time exceeded threshold
2025-08-12 10:57:38 [DEBUG] Variable x has value: 917
2025-08-12 01:41:56 [WARNING] Slow query detected: execution time 3523ms
2025-08-12 05:14:51 [WARNING] Disk space low: 2227 remaining
2025-08-12 07:41:57 [INFO] User login successful for user: charlie
2025-08-12 01:55:14 [ERROR] Unhandled exception: NullPointerException
2025-08-12 17:07:41 [INFO] Cache cleared successfully
2025-08-12 18:51:44 [INFO] Service notification started
2025-08-12 04:09:45 [INFO] Scheduled backup completed successfully
2025-08-12 16:53:45 [INFO] User login successful for user: alice
2025-08-12 11:20:06 [INFO] Scheduled backup completed successfully
2025-08-12 07:15:29 [WARNING] High memory usage detected
2025-08-12 10:40:34 [WARNING] High memory usage detected
2025-08-12 15:41:57 [INFO] File uploaded: config.yml
2025-08-12 06:39:03 [WARNING] Disk space low: 2971 remaining
2025-08-12 08:11:46 [WARNING] Configuration file deprecated: config.yml
2025-08-12 19:24:06 [INFO] Scheduled backup completed successfully
2025-08-12 17:52:17 [INFO] Cache cleared successfully
2025-08-12 07:46:53 [INFO] Database connection established
2025-08-12 17:58:32 [ERROR] Deadlock detected in transaction ID 2368
2025-08-12 04:06:58 [INFO] Scheduled backup completed successfully
2025-08-12 06:36:13 [INFO] Cache cleared successfully
2025-08-12 06:32:41 [INFO] Service inventory started
2025-08-12 01:56:20 [ERROR] Email sending failed to recipient: admin@google.com
2025-08-12 22:55:27 [WARNING] Second failed login attempt for user: eve. Next attempt will ERROR. Retrying...
2025-08-12 17:42:32 [INFO] Database connection established
2025-08-12 18:07:01 [INFO] Scheduled backup completed successfully
2025-08-12 14:02:37 [INFO] Service auth started
2025-08-12 17:40:15 [WARNING] Failed login attempt for user: eve. Retrying...
2025-08-12 17:26:07 [INFO] Service notification started
2025-08-12 22:25:55 [WARNING] High memory usage detected
2025-08-12 20:41:16 [INFO] Service auth started
2025-08-12 02:53:34 [INFO] Cache cleared successfully
2025-08-12 04:38:52 [ERROR] Service payment crashed
2025-08-12 16:11:50 [ERROR] File write failed: backup.zip
2025-08-12 05:45:02 [WARNING] Slow query detected: execution time 3363ms
2025-08-12 02:13:46 [INFO] User login successful for user: bob
2025-08-12 13:41:09 [INFO] Service payment started
2025-08-12 08:38:36 [INFO] Scheduled backup completed successfully
2025-08-12 03:52:56 [INFO] Database connection established
2025-08-12 23:49:39 [INFO] User login successful for user: alice
2025-08-12 04:15:33 [INFO] Cache cleared successfully
2025-08-12 08:09:29 [WARNING] High memory usage detected
2025-08-12 09:01:48 [INFO] Scheduled backup completed successfully
2025-08-12 16:22:47 [INFO] Service auth started
2025-08-12 12:47:54 [DEBUG] Session token generated for user: eve
2025-08-12 05:47:59 [INFO] User login successful for user: bob
2025-08-12 05:22:51 [INFO] Database connection established
2025-08-12 11:11:36 [INFO] User login successful for user: charlie
2025-08-12 10:34:53 [INFO] Database connection established
2025-08-12 12:00:13 [ERROR] Email sending failed to recipient: admin@google.com
2025-08-12 14:06:05 [DEBUG] Query executed: UPDATE orders SET status='shipped' WHERE id=42
2025-08-12 09:55:44 [INFO] Cache cleared successfully
2025-08-12 10:32:27 [INFO] Cache cleared successfully
2025-08-12 01:53:31 [INFO] Database connection established
2025-08-12 11:46:40 [INFO] Scheduled backup completed successfully
2025-08-12 00:00:19 [INFO] Scheduled backup completed successfully
2025-08-12 06:59:32 [ERROR] Deadlock detected in transaction ID 2558
2025-08-12 05:25:37 [INFO] Database connection established
2025-08-12 02:58:55 [WARNING] Disk space low: 380 remaining
2025-08-12 04:53:24 [INFO] Database connection established
2025-08-12 15:58:17 [DEBUG] Query executed: SELECT * FROM users
2025-08-12 06:40:55 [INFO] Scheduled backup completed successfully
2025-08-12 15:33:44 [INFO] User login successful for user: charlie
2025-08-12 04:41:40 [ERROR] Unhandled exception: NullPointerException
2025-08-12 22:05:42 [INFO] File uploaded: config.yml
2025-08-12 02:29:56 [INFO] Cache cleared successfully
2025-08-12 13:56:31 [INFO] Cache cleared successfully
2025-08-12 01:32:46 [INFO] User login successful for user: alice
2025-08-12 04:24:56 [ERROR] Email sending failed to recipient: admin@google.com
2025-08-12 22:05:45 [INFO] Cache cleared successfully
2025-08-12 16:13:05 [INFO] User login successful for user: bob
2025-08-12 19:06:07 [INFO] File uploaded: report.pdf
2025-08-12 23:14:46 [INFO] Scheduled backup completed successfully
2025-08-12 18:35:14 [INFO] User login successful for user: eve
2025-08-12 18:49:08 [INFO] Cache cleared successfully
2025-08-12 16:06:29 [INFO] Scheduled backup completed successfully
2025-08-12 11:15:21 [INFO] User login successful for user: charlie
2025-08-12 08:06:56 [ERROR] Service inventory crashed
2025-08-12 14:21:41 [WARNING] Slow query detected: execution time 634ms
2025-08-12 00:27:09 [INFO] Scheduled backup completed successfully
2025-08-12 01:17:03 [INFO] Service payment started
2025-08-12 07:50:47 [WARNING] Disk space low: 3225 remaining
2025-08-12 03:56:15 [ERROR] Database connection lost
2025-08-12 02:42:06 [INFO] Cache cleared successfully
2025-08-12 04:23:37 [INFO] Scheduled backup completed successfully
2025-08-12 01:25:26 [INFO] Service notification started
2025-08-12 03:25:32 [INFO] User login successful for user: eve
2025-08-12 01:28:53 [INFO] Cache cleared successfully
2025-08-12 13:38:58 [WARNING] Disk space low: 3900 remaining
2025-08-12 06:15:00 [INFO] File uploaded: config.yml
2025-08-12 04:02:33 [INFO] Service payment started
2025-08-12 18:07:50 [WARNING] Failed login attempt for user: charlie. Retrying...
2025-08-12 10:54:46 [INFO] Scheduled backup completed successfully
2025-08-12 08:56:10 [ERROR] Unhandled exception: FileNotFoundError
2025-08-12 00:38:12 [ERROR] Deadlock detected in transaction ID 2234
2025-08-12 23:24:34 [INFO] Scheduled backup completed successfully
2025-08-12 00:24:51 [INFO] Service payment started
2025-08-12 13:10:31 [WARNING] High memory usage detected
2025-08-12 01:26:35 [ERROR] Deadlock detected in transaction ID 4829
2025-08-12 02:36:49 [INFO] User login successful for user: eve
2025-08-12 22:41:46 [DEBUG] Session token generated for user: charlie
2025-08-12 08:01:30 [ERROR] Deadlock detected in transaction ID 2041
2025-08-12 12:15:12 [ERROR] Service inventory crashed
2025-08-12 13:36:13 [WARNING] API response time exceeded threshold
2025-08-12 07:31:03 [INFO] Cache cleared successfully
2025-08-12 20:59:02 [INFO] Service payment started
2025-08-12 13:39:29 [INFO] File uploaded: report.pdf
2025-08-12 03:57:59 [INFO] Database connection established
2025-08-12 21:44:22 [ERROR] Database connection lost
2025-08-12 23:05:06 [ERROR] Unhandled exception: FileNotFoundError
2025-08-12 07:25:33 [INFO] File uploaded: report.pdf
2025-08-12 21:39:25 [ERROR] Service notification crashed
2025-08-12 17:54:44 [INFO] Cache cleared successfully
2025-08-12 21:44:29 [INFO] User login successful for user: diana
2025-08-12 07:24:57 [INFO] Scheduled backup completed successfully
2025-08-12 22:40:53 [INFO] Cache cleared successfully
2025-08-12 04:54:22 [INFO] Scheduled backup completed successfully
2025-08-12 12:02:56 [INFO] User login successful for user: charlie
2025-08-12 19:28:56 [INFO] Service payment started
2025-08-12 19:09:45 [INFO] Database connection established
2025-08-12 13:29:14 [INFO] Service inventory started
2025-08-12 08:34:36 [INFO] User login successful for user: alice
2025-08-12 14:34:30 [WARNING] Configuration file deprecated: backup.zip
2025-08-12 23:08:47 [INFO] User login successful for user: alice
2025-08-12 20:33:48 [ERROR] Database connection lost
2025-08-12 13:18:47 [INFO] Scheduled backup completed successfully
2025-08-12 21:19:02 [INFO] Service auth started
2025-08-12 15:14:32 [WARNING] Configuration file deprecated: backup.zip
2025-08-12 05:51:33 [ERROR] Database connection lost
2025-08-12 08:35:38 [DEBUG] Query executed: SELECT * FROM users
2025-08-12 13:04:23 [INFO] File uploaded: backup.zip
2025-08-12 23:35:40 [INFO] Database connection established
2025-08-12 05:57:45 [INFO] Database connection established
2025-08-12 10:03:28 [INFO] Service notification started
2025-08-12 14:39:08 [INFO] File uploaded: config.yml
2025-08-12 04:54:54 [INFO] Scheduled backup completed successfully
2025-08-12 00:58:51 [INFO] User login successful for user: charlie
2025-08-12 03:48:39 [INFO] Database connection established
2025-08-12 01:10:53 [INFO] User login successful for user: eve
2025-08-12 08:07:31 [DEBUG] Entering function process_payment with arguments: 9
2025-08-12 20:50:48 [WARNING] Failed login attempt for user: diana. Retrying...
2025-08-12 20:56:15 [WARNING] Failed login attempt for user: eve. Retrying...
2025-08-12 20:31:00 [WARNING] High memory usage detected
2025-08-12 22:14:48 [INFO] Service auth started
2025-08-12 15:30:40 [ERROR] File write failed: data.csv
2025-08-12 13:03:40 [INFO] Cache cleared successfully
2025-08-12 03:10:25 [INFO] Cache cleared successfully
2025-08-12 14:43:41 [WARNING] High memory usage detected
2025-08-12 13:43:12 [INFO] Database connection established
2025-08-12 02:36:31 [INFO] Service auth started
2025-08-12 04:17:59 [INFO] User login successful for user: bob
2025-08-12 20:44:51 [WARNING] Disk space low: 1162 remaining
2025-08-12 03:50:34 [INFO] User login successful for user: alice
2025-08-12 22:42:51 [INFO] File uploaded: report.pdf
2025-08-12 00:57:35 [ERROR] File write failed: data.csv
2025-08-12 19:54:29 [INFO] User login successful for user: alice
2025-08-12 06:39:36 [INFO] Scheduled backup completed successfully
2025-08-12 10:02:02 [INFO] Database connection established
2025-08-12 04:06:21 [WARNING] High memory usage detected
2025-08-12 10:28:07 [ERROR] Email sending failed to recipient: user@gmail.com
2025-08-12 21:51:05 [WARNING] Slow query detected: execution time 4191ms
2025-08-12 23:28:26 [INFO] Cache cleared successfully
2025-08-12 16:49:07 [WARNING] API response time exceeded threshold
2025-08-12 01:26:46 [INFO] User login successful for user: bob
2025-08-12 01:14:26 [INFO] Cache cleared successfully
2025-08-12 04:13:31 [ERROR] Deadlock detected in transaction ID 2807
2025-08-12 10:01:30 [INFO] Database connection established
2025-08-12 11:34:19 [INFO] Service payment started
2025-08-12 14:59:58 [WARNING] Configuration file deprecated: data.csv
2025-08-12 01:05:31 [ERROR] Service inventory crashed
2025-08-12 20:48:32 [INFO] Cache cleared successfully
2025-08-12 20:47:58 [INFO] Database connection established
2025-08-12 07:01:21 [ERROR] Email sending failed to recipient: user@gmail.com
2025-08-12 02:04:46 [INFO] File uploaded: data.csv
2025-08-12 13:32:26 [WARNING] Second failed login attempt for user: alice. Next attempt will ERROR. Retrying...
2025-08-12 16:01:43 [INFO] Cache cleared successfully
2025-08-12 07:41:42 [INFO] Service auth started
2025-08-12 10:07:09 [WARNING] Failed login attempt for user: diana. Retrying...
2025-08-12 23:17:42 [INFO] File uploaded: data.csv
2025-08-12 21:53:12 [WARNING] Second failed login attempt for user: eve. Next attempt will ERROR. Retrying...
2025-08-12 12:09:30 [WARNING] High memory usage detected
2025-08-12 02:28:37 [INFO] Cache cleared successfully
2025-08-12 05:21:54 [INFO] Cache cleared successfully
2025-08-12 14:47:42 [WARNING] Configuration file deprecated: report.pdf
2025-08-12 11:52:53 [INFO] User login successful for user: diana
2025-08-12 05:42:03 [INFO] File uploaded: data.csv
2025-08-12 15:58:49 [ERROR] Service auth crashed
2025-08-12 17:55:46 [INFO] Cache cleared successfully
2025-08-12 00:53:50 [WARNING] Slow query detected: execution time 1915ms
2025-08-12 12:35:38 [INFO] Database connection established
2025-08-12 21:49:07 [INFO] Database connection established
2025-08-12 10:40:42 [INFO] Service notification started
2025-08-12 10:03:00 [WARNING] High memory usage detected
2025-08-12 10:45:22 [INFO] Database connection established
2025-08-12 21:15:27 [ERROR] Unhandled exception: FileNotFoundError
2025-08-12 12:41:43 [INFO] User login successful for user: bob
2025-08-12 22:30:47 [INFO] Scheduled backup completed successfully
2025-08-12 12:52:27 [INFO] Scheduled backup completed successfully
2025-08-12 05:36:12 [WARNING] Configuration file deprecated: config.yml
2025-08-12 10:01:45 [INFO] Database connection established
2025-08-12 20:56:31 [INFO] User login successful for user: charlie
2025-08-12 07:38:57 [ERROR] File write failed: report.pdf
2025-08-12 07:34:41 [ERROR] File write failed: data.csv
2025-08-12 21:33:03 [INFO] Database connection established
2025-08-12 13:19:17 [INFO] Cache cleared successfully
2025-08-12 23:26:39 [WARNING] Configuration file deprecated: report.pdf
2025-08-12 12:23:16 [WARNING] High memory usage detected
2025-08-12 21:48:40 [ERROR] Service notification crashed
2025-08-12 13:29:10 [INFO] Scheduled backup completed successfully
2025-08-12 08:11:06 [WARNING] Disk space low: 1225 remaining
2025-08-12 23:47:32 [INFO] Scheduled backup completed successfully
2025-08-12 10:41:54 [INFO] Cache cleared successfully
2025-08-12 16:44:56 [INFO] Database connection established
2025-08-12 04:11:40 [INFO] Service payment started
2025-08-12 02:19:35 [DEBUG] Session token generated for user: diana
2025-08-12 21:46:44 [WARNING] Failed login attempt for user: bob. Retrying...
2025-08-12 04:35:48 [INFO] Scheduled backup completed successfully
2025-08-12 14:45:33 [INFO] Database connection established
2025-08-12 04:05:57 [INFO] Cache cleared successfully
2025-08-12 16:03:52 [WARNING] High memory usage detected
2025-08-12 05:42:49 [INFO] User login successful for user: bob
2025-08-12 20:24:38 [INFO] File uploaded: backup.zip
2025-08-12 20:24:22 [WARNING] Slow query detected: execution time 4488ms
2025-08-12 15:46:51 [INFO] User login successful for user: alice
2025-08-12 01:01:45 [INFO] Cache cleared successfully
2025-08-12 05:33:37 [INFO] User login successful for user: alice
2025-08-12 17:40:43 [WARNING] Disk space low: 2262 remaining
2025-08-12 17:42:59 [INFO] Scheduled backup completed successfully
2025-08-12 06:12:37 [WARNING] Failed login attempt for user: alice. Retrying...
2025-08-12 17:38:45 [INFO] Database connection established
2025-08-12 18:41:20 [WARNING] API response time exceeded threshold
2025-08-12 23:22:50 [WARNING] Slow query detected: execution time 1068ms
2025-08-12 06:26:56 [INFO] Service payment started
2025-08-12 04:31:01 [DEBUG] Temporary file created at: backup.zip
2025-08-12 18:00:37 [INFO] Scheduled backup completed successfully
2025-08-12 20:47:24 [INFO] User login successful for user: eve
2025-08-12 01:14:12 [ERROR] Service auth crashed
2025-08-12 12:14:36 [ERROR] Service inventory crashed
2025-08-12 12:00:59 [INFO] Scheduled backup completed successfully
2025-08-12 04:26:00 [INFO] Cache cleared successfully
2025-08-12 14:28:07 [WARNING] High memory usage detected
2025-08-12 07:42:58 [INFO] User login successful for user: alice
2025-08-12 14:09:54 [INFO] File uploaded: backup.zip
2025-08-12 04:47:36 [INFO] File uploaded: data.csv
2025-08-12 18:06:20 [INFO] Service payment started
2025-08-12 01:50:50 [INFO] User login successful for user: charlie
2025-08-12 20:21:07 [INFO] File uploaded: config.yml
2025-08-12 03:59:09 [INFO] Scheduled backup completed successfully
2025-08-12 17:32:40 [INFO] Cache cleared successfully
2025-08-12 01:32:55 [INFO] Cache cleared successfully
2025-08-12 13:34:21 [WARNING] Second failed login attempt for user: bob. Next attempt will ERROR. Retrying...
2025-08-12 12:38:03 [ERROR] Deadlock detected in transaction ID 615
2025-08-12 04:42:54 [INFO] Cache cleared successfully
2025-08-12 04:07:09 [INFO] File uploaded: report.pdf
2025-08-12 05:24:09 [ERROR] Service auth crashed
2025-08-12 09:49:17 [DEBUG] Variable x has value: 2588
2025-08-12 09:38:22 [DEBUG] Temporary file created at: report.pdf
2025-08-12 21:02:32 [INFO] Scheduled backup completed successfully
2025-08-12 02:16:25 [ERROR] Database connection lost
2025-08-12 08:07:51 [INFO] Scheduled backup completed successfully
2025-08-12 08:23:25 [ERROR] Email sending failed to recipient: user@gmail.com
2025-08-12 07:34:54 [INFO] File uploaded: report.pdf
2025-08-12 17:10:40 [INFO] Service auth started
2025-08-12 04:50:29 [WARNING] Slow query detected: execution time 435ms
2025-08-12 06:17:56 [INFO] Database connection established
2025-08-12 07:44:28 [ERROR] Unhandled exception: TimeoutError
2025-08-12 14:06:37 [INFO] File uploaded: data.csv
2025-08-12 21:41:23 [ERROR] Email sending failed to recipient: user@gmail.com
2025-08-12 00:00:35 [ERROR] Service notification crashed
2025-08-12 10:47:33 [INFO] Service auth started
2025-08-12 15:13:48 [DEBUG] Variable x has value: 689
2025-08-12 14:54:30 [INFO] Cache cleared successfully
2025-08-12 14:41:43 [INFO] Service inventory started
2025-08-12 08:59:36 [INFO] Database connection established
2025-08-12 08:28:12 [INFO] Database connection established
2025-08-12 19:02:13 [WARNING] High memory usage detected
2025-08-12 15:24:01 [INFO] Service auth started
2025-08-12 02:51:18 [INFO] Cache cleared successfully
2025-08-12 16:41:24 [INFO] Database connection established
2025-08-12 04:54:59 [INFO] User login successful for user: diana
2025-08-12 00:29:16 [INFO] Service payment started
2025-08-12 22:59:15 [INFO] Scheduled backup completed successfully
2025-08-12 13:01:54 [INFO] User login successful for user: diana
2025-08-12 20:10:48 [INFO] File uploaded: report.pdf
2025-08-12 17:32:55 [WARNING] API response time exceeded threshold
2025-08-12 03:25:45 [INFO] Scheduled backup completed successfully
2025-08-12 23:43:43 [INFO] Cache cleared successfully
2025-08-12 07:26:32 [WARNING] API response time exceeded threshold
2025-08-12 23:20:37 [WARNING] Configuration file deprecated: report.pdf
2025-08-12 07:26:16 [INFO] Cache cleared successfully
2025-08-12 19:39:17 [ERROR] Unhandled exception: NullPointerException
2025-08-12 10:51:48 [WARNING] Slow query detected: execution time 4981ms
2025-08-12 08:22:34 [WARNING] Slow query detected: execution time 4528ms
2025-08-12 17:56:27 [INFO] Cache cleared successfully
2025-08-12 23:08:13 [DEBUG] Entering function send_email with arguments: 9
2025-08-12 05:46:30 [WARNING] Configuration file deprecated: report.pdf
2025-08-12 09:47:16 [WARNING] API response time exceeded threshold
2025-08-12 01:38:40 [INFO] Service auth started
2025-08-12 04:40:44 [ERROR] File write failed: backup.zip
2025-08-12 08:24:39 [INFO] File uploaded: config.yml
2025-08-12 13:43:19 [INFO] Cache cleared successfully
2025-08-12 21:25:02 [ERROR] Email sending failed to recipient: support@amazon.com
2025-08-12 03:38:13 [INFO] User login successful for user: bob
2025-08-12 00:58:23 [INFO] User login successful for user: charlie
2025-08-12 08:36:06 [INFO] Cache cleared successfully
2025-08-12 07:17:11 [INFO] Database connection established
2025-08-12 20:20:18 [INFO] Service inventory started
2025-08-12 02:19:35 [INFO] Scheduled backup completed successfully
2025-08-12 03:01:44 [WARNING] Slow query detected: execution time 1150ms
2025-08-12 19:34:35 [WARNING] High memory usage detected
2025-08-12 23:46:59 [WARNING] Failed login attempt for user: charlie. Retrying...
2025-08-12 15:39:30 [INFO] Service auth started
2025-08-12 04:06:25 [INFO] Cache cleared successfully
2025-08-12 09:23:18 [INFO] User login successful for user: bob
2025-08-12 12:49:45 [ERROR] Email sending failed to recipient: support@amazon.com
2025-08-12 03:10:57 [ERROR] Service payment crashed
2025-08-12 00:26:38 [WARNING] Failed login attempt for user: bob. Retrying...
2025-08-12 08:08:29 [INFO] Database connection established
2025-08-12 19:31:16 [INFO] Scheduled backup completed successfully
2025-08-12 02:36:09 [INFO] Scheduled backup completed successfully
2025-08-12 23:32:33 [DEBUG] Session token generated for user: diana
2025-08-12 22:51:19 [INFO] Cache cleared successfully
2025-08-12 03:57:42 [INFO] Scheduled backup completed successfully
2025-08-12 13:18:30 [DEBUG] Entering function process_payment with arguments: 5
2025-08-12 12:45:30 [ERROR] Service auth crashed
2025-08-12 12:06:18 [INFO] File uploaded: report.pdf
2025-08-12 14:50:09 [INFO] Cache cleared successfully
2025-08-12 07:13:43 [WARNING] Disk space low: 858 remaining
2025-08-12 14:55:18 [INFO] User login successful for user: alice
2025-08-12 02:56:16 [INFO] Cache cleared successfully
2025-08-12 00:34:56 [INFO] Service payment started
2025-08-12 11:24:18 [ERROR] Deadlock detected in transaction ID 2625
2025-08-12 13:31:56 [DEBUG] Query executed: SELECT * FROM users
2025-08-12 17:11:37 [INFO] Service notification started
2025-08-12 11:16:47 [WARNING] Slow query detected: execution time 1973ms
2025-08-12 06:53:40 [INFO] Scheduled backup completed successfully
2025-08-12 02:37:43 [DEBUG] Variable x has value: 3519
2025-08-12 06:13:47 [INFO] User login successful for user: bob
2025-08-12 17:39:13 [WARNING] Failed login attempt for user: alice. Retrying...
2025-08-12 15:35:21 [INFO] User login successful for user: charlie
2025-08-12 17:42:37 [INFO] Cache cleared successfully
2025-08-12 05:20:45 [ERROR] Database connection lost
2025-08-12 23:45:51 [WARNING] Slow query detected: execution time 2043ms
2025-08-12 08:43:52 [INFO] Scheduled backup completed successfully
2025-08-12 15:27:07 [INFO] Cache cleared successfully
2025-08-12 22:33:08 [INFO] File uploaded: data.csv
2025-08-12 02:24:46 [WARNING] API response time exceeded threshold
2025-08-12 02:48:41 [ERROR] File write failed: config.yml
2025-08-12 22:38:27 [INFO] Cache cleared successfully
2025-08-12 10:55:37 [INFO] Database connection established
2025-08-12 17:25:21 [INFO] Service auth started
2025-08-12 21:56:52 [INFO] Scheduled backup completed successfully
2025-08-12 01:03:51 [INFO] Database connection established
2025-08-12 05:28:51 [WARNING] API response time exceeded threshold
2025-08-12 04:40:02 [WARNING] Slow query detected: execution time 2867ms
2025-08-12 02:12:59 [INFO] File uploaded: backup.zip
2025-08-12 22:21:17 [INFO] Database connection established
2025-08-12 03:08:22 [INFO] Cache cleared successfully
2025-08-12 22:58:23 [WARNING] Disk space low: 4319 remaining
2025-08-12 01:40:19 [INFO] File uploaded: config.yml
2025-08-12 01:32:02 [INFO] Scheduled backup completed successfully
2025-08-12 19:58:29 [INFO] File uploaded: report.pdf
2025-08-12 08:05:19 [ERROR] Database connection lost
2025-08-12 20:54:17 [INFO] Service payment started
2025-08-12 02:22:41 [INFO] Scheduled backup completed successfully
2025-08-12 13:14:30 [INFO] Database connection established
2025-08-12 00:55:53 [ERROR] Service notification crashed
2025-08-12 07:48:12 [INFO] Scheduled backup completed successfully
2025-08-12 16:23:20 [INFO] Service auth started
2025-08-12 04:23:34 [ERROR] Database connection lost
2025-08-12 15:48:41 [INFO] File uploaded: backup.zip
2025-08-12 17:00:51 [INFO] Service notification started
2025-08-12 05:34:57 [INFO] Scheduled backup completed successfully
2025-08-12 17:01:18 [INFO] Scheduled backup completed successfully
2025-08-12 01:29:40 [INFO] Database connection established
2025-08-12 19:22:28 [WARNING] Failed login attempt for user: alice. Retrying...
2025-08-12 15:42:30 [INFO] Cache cleared successfully
2025-08-12 20:20:03 [INFO] User login successful for user: charlie
2025-08-12 01:01:20 [INFO] User login successful for user: bob
2025-08-12 15:36:17 [INFO] Cache cleared successfully
2025-08-12 21:07:34 [INFO] Cache cleared successfully
2025-08-12 14:55:13 [WARNING] Slow query detected: execution time 850ms
2025-08-12 08:45:02 [WARNING] Second failed login attempt for user: charlie. Next attempt will ERROR. Retrying...
2025-08-12 04:54:39 [WARNING] Slow query detected: execution time 1941ms
2025-08-12 15:13:54 [INFO] Database connection established
2025-08-12 17:38:39 [WARNING] High memory usage detected
2025-08-12 08:51:06 [ERROR] Unhandled exception: NullPointerException
2025-08-12 22:09:54 [WARNING] API response time exceeded threshold
2025-08-12 17:30:15 [INFO] Database connection established
2025-08-12 20:25:08 [INFO] Service notification started
2025-08-12 06:17:42 [INFO] Service auth started
2025-08-12 15:19:06 [WARNING] Slow query detected: execution time 4009ms
2025-08-12 03:44:04 [INFO] Service notification started
2025-08-12 21:54:37 [INFO] User login successful for user: eve
2025-08-12 02:33:57 [INFO] Cache cleared successfully
2025-08-12 20:54:28 [INFO] Database connection established
2025-08-12 05:58:45 [INFO] Database connection established
2025-08-12 00:05:46 [DEBUG] Entering function generate_report with arguments: 8
2025-08-12 12:11:34 [INFO] File uploaded: data.csv
2025-08-12 06:08:42 [INFO] Database connection established
2025-08-12 23:35:27 [INFO] User login successful for user: charlie
2025-08-12 16:47:02 [ERROR] Database connection lost
2025-08-12 13:47:26 [INFO] Cache cleared successfully
2025-08-12 06:27:27 [DEBUG] Query executed: UPDATE orders SET status='shipped' WHERE id=42
2025-08-12 14:36:58 [WARNING] Second failed login attempt for user: alice. Next attempt will ERROR. Retrying...
2025-08-12 11:56:40 [INFO] File uploaded: backup.zip
2025-08-12 12:06:45 [WARNING] High memory usage detected
2025-08-12 01:25:06 [INFO] Service auth started
2025-08-12 19:19:27 [INFO] Database connection established
2025-08-12 18:33:05 [INFO] Cache cleared successfully
2025-08-12 13:21:48 [INFO] Service payment started
2025-08-12 22:16:34 [INFO] Cache cleared successfully
2025-08-12 08:20:12 [INFO] Service payment started
2025-08-12 09:48:05 [INFO] Service payment started
2025-08-12 16:27:30 [INFO] Cache cleared successfully
2025-08-12 19:41:01 [INFO] User login successful for user: eve
2025-08-12 23:57:42 [INFO] Service notification started
2025-08-12 21:29:29 [WARNING] Second failed login attempt for user: alice. Next attempt will ERROR. Retrying...
2025-08-12 17:18:03 [DEBUG] Entering function process_payment with arguments: 7
2025-08-12 08:17:51 [INFO] Scheduled backup completed successfully
2025-08-12 16:26:45 [INFO] Scheduled backup completed successfully
2025-08-12 23:18:45 [INFO] Scheduled backup completed successfully
2025-08-12 13:54:02 [WARNING] Failed login attempt for user: charlie. Retrying...
2025-08-12 11:46:01 [WARNING] High memory usage detected
2025-08-12 18:25:09 [ERROR] Unhandled exception: NullPointerException
2025-08-12 16:08:19 [INFO] File uploaded: backup.zip
2025-08-12 10:12:49 [INFO] Scheduled backup completed successfully
2025-08-12 07:26:47 [DEBUG] Entering function generate_report with arguments: 3
2025-08-12 22:43:26 [ERROR] Unhandled exception: FileNotFoundError
2025-08-12 18:23:06 [INFO] Service auth started
2025-08-12 13:18:03 [ERROR] Deadlock detected in transaction ID 4106
2025-08-12 12:52:17 [INFO] Database connection established
2025-08-12 23:05:33 [INFO] File uploaded: data.csv
2025-08-12 11:42:51 [INFO] Cache cleared successfully
2025-08-12 16:22:18 [INFO] Cache cleared successfully
2025-08-12 19:10:52 [INFO] User login successful for user: charlie
2025-08-12 18:21:17 [INFO] Scheduled backup completed successfully
2025-08-12 12:33:08 [INFO] User login successful for user: bob
2025-08-12 11:46:41 [INFO] Scheduled backup completed successfully
2025-08-12 22:54:33 [INFO] Database connection established
2025-08-12 06:26:40 [INFO] Scheduled backup completed successfully
2025-08-12 00:11:30 [INFO] Service notification started
2025-08-12 11:30:05 [INFO] Scheduled backup completed successfully
2025-08-12 16:41:24 [WARNING] API response time exceeded threshold
2025-08-12 05:28:07 [INFO] File uploaded: data.csv
2025-08-12 22:39:27 [ERROR] Deadlock detected in transaction ID 243
2025-08-12 23:50:38 [ERROR] Unhandled exception: NullPointerException
2025-08-12 04:45:35 [INFO] Scheduled backup completed successfully
2025-08-12 12:08:28 [WARNING] High memory usage detected
2025-08-12 21:19:17 [WARNING] API response time exceeded threshold
2025-08-12 19:03:06 [ERROR] Email sending failed to recipient: support@amazon.com
2025-08-12 23:45:20 [ERROR] Deadlock detected in transaction ID 2115
2025-08-12 00:10:09 [ERROR] Email sending failed to recipient: support@amazon.com
2025-08-12 18:10:56 [ERROR] Unhandled exception: FileNotFoundError
2025-08-12 18:56:25 [WARNING] High memory usage detected
2025-08-12 16:19:16 [INFO] Scheduled backup completed successfully
2025-08-12 19:21:17 [INFO] Database connection established
2025-08-12 22:27:50 [INFO] Database connection established
2025-08-12 21:17:37 [WARNING] Configuration file deprecated: data.csv
2025-08-12 18:38:09 [INFO] Scheduled backup completed successfully
2025-08-12 12:44:15 [DEBUG] Query executed: UPDATE orders SET status='shipped' WHERE id=42
2025-08-12 20:19:57 [WARNING] High memory usage detected
2025-08-12 10:20:13 [INFO] Scheduled backup completed successfully
2025-08-12 23:03:11 [INFO] Service notification started
2025-08-12 16:12:00 [INFO] Database connection established
2025-08-12 17:32:58 [DEBUG] Variable x has value: 3954
2025-08-12 01:33:31 [INFO] Cache cleared successfully
2025-08-12 16:26:15 [INFO] Cache cleared successfully
2025-08-12 20:53:06 [DEBUG] Temporary file created at: data.csv
2025-08-12 19:09:30 [INFO] Database connection established
2025-08-12 21:14:00 [ERROR] File write failed: config.yml
2025-08-12 15:08:16 [ERROR] Email sending failed to recipient: user@gmail.com
2025-08-12 13:50:30 [INFO] Scheduled backup completed successfully
2025-08-12 09:19:12 [WARNING] Disk space low: 2456 remaining
2025-08-12 02:22:34 [ERROR] Deadlock detected in transaction ID 269
2025-08-12 05:18:22 [INFO] Service auth started
2025-08-12 23:05:51 [INFO] Cache cleared successfully
2025-08-12 03:23:59 [ERROR] Email sending failed to recipient: support@amazon.com
2025-08-12 09:04:21 [ERROR] File write failed: backup.zip
2025-08-12 23:05:44 [INFO] File uploaded: report.pdf
2025-08-12 22:23:56 [DEBUG] Temporary file created at: report.pdf
2025-08-12 00:43:14 [INFO] Scheduled backup completed successfully
2025-08-12 11:08:51 [INFO] Cache cleared successfully
2025-08-12 09:25:48 [WARNING] API response time exceeded threshold
2025-08-12 00:05:00 [INFO] Cache cleared successfully
2025-08-12 18:52:07 [DEBUG] Query executed: SELECT * FROM users
2025-08-12 04:00:22 [INFO] Database connection established
2025-08-12 06:37:13 [INFO] Scheduled backup completed successfully
2025-08-12 00:13:56 [INFO] Database connection established
2025-08-12 02:22:06 [INFO] Cache cleared successfully
2025-08-12 04:19:53 [INFO] Service inventory started
2025-08-12 17:42:39 [INFO] Service inventory started
2025-08-12 10:14:14 [WARNING] Slow query detected: execution time 58ms
2025-08-12 12:26:43 [INFO] Scheduled backup completed successfully
2025-08-12 05:39:59 [INFO] User login successful for user: bob
2025-08-12 17:36:21 [WARNING] High memory usage detected
2025-08-12 01:28:10 [INFO] File uploaded: data.csv
2025-08-12 08:46:50 [INFO] Cache cleared successfully
2025-08-12 14:54:03 [INFO] File uploaded: data.csv
2025-08-12 14:36:15 [DEBUG] Variable x has value: 897
2025-08-12 17:30:16 [INFO] Service payment started
2025-08-12 17:58:44 [INFO] Cache cleared successfully
2025-08-12 12:09:41 [INFO] File uploaded: backup.zip
2025-08-12 10:00:37 [INFO] Database connection established
2025-08-12 04:59:39 [ERROR] Email sending failed to recipient: user@gmail.com
