2025-07-22 19:18:30 [INFO] Service inventory started
2025-07-22 09:06:10 [INFO] Cache cleared successfully
2025-07-22 06:48:08 [INFO] File uploaded: data.csv
2025-07-22 21:04:09 [ERROR] Unhandled exception: TimeoutError
2025-07-22 09:14:41 [ERROR] Database connection lost
2025-07-22 20:45:54 [ERROR] File write failed: config.yml
2025-07-22 07:24:03 [INFO] User login successful for user: diana
2025-07-22 03:43:17 [ERROR] Unhandled exception: NullPointerException
2025-07-22 14:32:36 [INFO] User login successful for user: charlie
2025-07-22 01:42:54 [WARNING] API response time exceeded threshold
2025-07-22 16:35:13 [ERROR] File write failed: report.pdf
2025-07-22 08:17:04 [INFO] Service inventory started
2025-07-22 21:04:43 [INFO] Scheduled backup completed successfully
2025-07-22 09:00:14 [INFO] Cache cleared successfully
2025-07-22 23:43:02 [INFO] Cache cleared successfully
2025-07-22 07:47:27 [DEBUG] Temporary file created at: data.csv
2025-07-22 12:48:22 [INFO] Database connection established
2025-07-22 10:44:22 [INFO] User login successful for user: bob
2025-07-22 12:10:45 [WARNING] High memory usage detected
2025-07-22 10:12:08 [INFO] User login successful for user: diana
2025-07-22 17:26:29 [INFO] File uploaded: report.pdf
2025-07-22 16:15:06 [INFO] Scheduled backup completed successfully
2025-07-22 12:54:37 [ERROR] File write failed: data.csv
2025-07-22 04:02:39 [INFO] User login successful for user: charlie
2025-07-22 03:24:20 [ERROR] File write failed: report.pdf
2025-07-22 06:41:55 [INFO] Cache cleared successfully
2025-07-22 05:22:45 [INFO] User login successful for user: charlie
2025-07-22 04:15:09 [ERROR] Email sending failed to recipient: support@amazon.com
2025-07-22 00:48:43 [INFO] File uploaded: backup.zip
2025-07-22 03:53:35 [INFO] File uploaded: backup.zip
2025-07-22 05:17:46 [WARNING] Disk space low: 3168 remaining
2025-07-22 15:04:53 [ERROR] Deadlock detected in transaction ID 4999
2025-07-22 07:12:51 [INFO] Database connection established
2025-07-22 09:30:21 [WARNING] API response time exceeded threshold
2025-07-22 16:19:37 [WARNING] Second failed login attempt for user: charlie. Next attempt will ERROR. Retrying...
2025-07-22 20:19:31 [WARNING] Slow query detected: execution time 2524ms
2025-07-22 14:58:00 [INFO] Scheduled backup completed successfully
2025-07-22 21:33:54 [DEBUG] Variable x has value: 3174
2025-07-22 14:37:32 [INFO] User login successful for user: charlie
2025-07-22 08:10:40 [INFO] Service auth started
2025-07-22 13:01:11 [INFO] File uploaded: backup.zip
2025-07-22 04:43:16 [INFO] Scheduled backup completed successfully
2025-07-22 13:28:54 [WARNING] Slow query detected: execution time 384ms
2025-07-22 12:45:57 [WARNING] High memory usage detected
2025-07-22 07:08:32 [ERROR] Database connection lost
2025-07-22 18:36:35 [ERROR] Deadlock detected in transaction ID 3120
2025-07-22 06:16:12 [INFO] Scheduled backup completed successfully
2025-07-22 21:43:07 [ERROR] Service auth crashed
2025-07-22 01:38:02 [INFO] Database connection established
2025-07-22 01:10:02 [INFO] Service auth started
2025-07-22 12:25:17 [INFO] Scheduled backup completed successfully
2025-07-22 05:50:05 [INFO] Cache cleared successfully
2025-07-22 12:57:08 [ERROR] Database connection lost
2025-07-22 22:09:40 [INFO] Scheduled backup completed successfully
2025-07-22 17:39:48 [INFO] Service notification started
2025-07-22 10:33:42 [WARNING] Disk space low: 31 remaining
2025-07-22 05:30:47 [INFO] Cache cleared successfully
2025-07-22 13:56:09 [ERROR] Deadlock detected in transaction ID 4023
2025-07-22 02:21:51 [WARNING] Configuration file deprecated: report.pdf
2025-07-22 02:12:06 [DEBUG] Variable x has value: 2600
2025-07-22 19:36:06 [INFO] Service payment started
2025-07-22 06:31:51 [ERROR] Service payment crashed
2025-07-22 06:52:40 [INFO] Cache cleared successfully
2025-07-22 13:12:06 [INFO] Service auth started
2025-07-22 19:42:40 [INFO] Service auth started
2025-07-22 13:26:28 [INFO] Service inventory started
2025-07-22 08:36:13 [INFO] User login successful for user: alice
2025-07-22 07:58:16 [INFO] User login successful for user: alice
2025-07-22 10:09:44 [INFO] Scheduled backup completed successfully
2025-07-22 12:51:51 [INFO] Scheduled backup completed successfully
2025-07-22 21:40:45 [INFO] Cache cleared successfully
2025-07-22 17:40:09 [INFO] Service auth started
2025-07-22 16:57:33 [INFO] Service auth started
2025-07-22 00:40:18 [WARNING] Configuration file deprecated: config.yml
2025-07-22 03:03:47 [WARNING] Configuration file deprecated: report.pdf
2025-07-22 01:21:25 [INFO] File uploaded: report.pdf
2025-07-22 19:41:55 [WARNING] Configuration file deprecated: config.yml
2025-07-22 16:59:08 [INFO] File uploaded: config.yml
2025-07-22 20:54:34 [INFO] Database connection established
2025-07-22 08:26:20 [INFO] Database connection established
2025-07-22 20:28:46 [INFO] Cache cleared successfully
2025-07-22 00:08:24 [INFO] Service payment started
2025-07-22 09:48:03 [INFO] Cache cleared successfully
2025-07-22 02:55:10 [INFO] Scheduled backup completed successfully
2025-07-22 07:10:23 [INFO] Cache cleared successfully
2025-07-22 19:49:09 [INFO] Scheduled backup completed successfully
2025-07-22 01:12:19 [INFO] User login successful for user: bob
2025-07-22 21:32:02 [ERROR] Service inventory crashed
2025-07-22 11:17:18 [INFO] Scheduled backup completed successfully
2025-07-22 19:45:07 [INFO] Database connection established
2025-07-22 14:47:54 [INFO] Scheduled backup completed successfully
2025-07-22 22:59:26 [ERROR] Deadlock detected in transaction ID 2827
2025-07-22 10:15:25 [INFO] Scheduled backup completed successfully
2025-07-22 04:28:04 [WARNING] Second failed login attempt for user: eve. Next attempt will ERROR. Retrying...
2025-07-22 12:29:52 [ERROR] Unhandled exception: TimeoutError
2025-07-22 09:30:14 [ERROR] Service notification crashed
2025-07-22 15:18:52 [WARNING] High memory usage detected
2025-07-22 23:26:33 [INFO] Database connection established
2025-07-22 07:27:22 [WARNING] Second failed login attempt for user: bob. Next attempt will ERROR. Retrying...
2025-07-22 21:03:08 [INFO] Scheduled backup completed successfully
2025-07-22 09:18:51 [INFO] File uploaded: config.yml
2025-07-22 20:13:32 [INFO] User login successful for user: charlie
2025-07-22 02:34:15 [INFO] Cache cleared successfully
2025-07-22 20:11:25 [ERROR] Database connection lost
2025-07-22 06:50:35 [INFO] Cache cleared successfully
2025-07-22 02:17:30 [ERROR] Deadlock detected in transaction ID 3325
2025-07-22 10:46:12 [WARNING] Disk space low: 4394 remaining
2025-07-22 07:42:33 [ERROR] Unhandled exception: TimeoutError
2025-07-22 05:41:21 [ERROR] Service inventory crashed
2025-07-22 11:31:58 [INFO] Scheduled backup completed successfully
2025-07-22 09:53:20 [INFO] Scheduled backup completed successfully
2025-07-22 05:08:23 [INFO] Service payment started
2025-07-22 19:41:43 [INFO] Database connection established
2025-07-22 14:08:44 [INFO] Cache cleared successfully
2025-07-22 18:59:43 [DEBUG] Variable x has value: 193
2025-07-22 12:34:45 [DEBUG] Query executed: SELECT * FROM users
2025-07-22 01:15:23 [INFO] Database connection established
2025-07-22 16:26:23 [INFO] Cache cleared successfully
2025-07-22 15:34:08 [INFO] User login successful for user: eve
2025-07-22 07:56:42 [INFO] Database connection established
2025-07-22 15:00:54 [INFO] Scheduled backup completed successfully
2025-07-22 18:28:20 [INFO] Scheduled backup completed successfully
2025-07-22 04:12:20 [WARNING] Configuration file deprecated: backup.zip
2025-07-22 06:33:44 [ERROR] Database connection lost
2025-07-22 12:11:59 [WARNING] Second failed login attempt for user: alice. Next attempt will ERROR. Retrying...
2025-07-22 12:25:38 [WARNING] Slow query detected: execution time 1231ms
2025-07-22 19:34:11 [INFO] Scheduled backup completed successfully
2025-07-22 18:49:14 [INFO] Scheduled backup completed successfully
2025-07-22 22:28:41 [ERROR] Deadlock detected in transaction ID 2100
2025-07-22 13:52:18 [DEBUG] Session token generated for user: eve
2025-07-22 09:46:05 [INFO] File uploaded: report.pdf
2025-07-22 07:10:16 [DEBUG] Entering function process_payment with arguments: 2
2025-07-22 03:38:31 [INFO] Service notification started
2025-07-22 11:26:52 [WARNING] High memory usage detected
2025-07-22 16:50:34 [INFO] User login successful for user: alice
2025-07-22 12:05:52 [INFO] Database connection established
2025-07-22 00:39:31 [INFO] Scheduled backup completed successfully
2025-07-22 01:01:48 [INFO] User login successful for user: bob
2025-07-22 00:36:16 [WARNING] Disk space low: 4882 remaining
2025-07-22 09:11:32 [ERROR] Database connection lost
2025-07-22 10:33:37 [ERROR] Service auth crashed
2025-07-22 18:24:43 [INFO] Service notification started
2025-07-22 11:56:29 [INFO] Service notification started
2025-07-22 00:00:37 [INFO] File uploaded: backup.zip
2025-07-22 20:57:44 [INFO] Scheduled backup completed successfully
2025-07-22 11:25:07 [INFO] User login successful for user: charlie
2025-07-22 21:29:33 [WARNING] Slow query detected: execution time 1190ms
2025-07-22 09:12:41 [ERROR] File write failed: config.yml
2025-07-22 12:18:02 [WARNING] Second failed login attempt for user: alice. Next attempt will ERROR. Retrying...
2025-07-22 05:53:18 [INFO] Service auth started
2025-07-22 18:25:36 [INFO] User login successful for user: alice
2025-07-22 02:56:01 [INFO] Database connection established
2025-07-22 22:46:21 [INFO] Service auth started
2025-07-22 14:45:40 [INFO] File uploaded: data.csv
2025-07-22 05:45:22 [INFO] Cache cleared successfully
2025-07-22 11:03:44 [ERROR] Unhandled exception: NullPointerException
2025-07-22 02:44:14 [INFO] Cache cleared successfully
2025-07-22 03:42:14 [WARNING] API response time exceeded threshold
2025-07-22 09:42:11 [WARNING] Second failed login attempt for user: diana. Next attempt will ERROR. Retrying...
2025-07-22 15:29:40 [ERROR] Email sending failed to recipient: support@amazon.com
2025-07-22 09:42:15 [WARNING] Slow query detected: execution time 3051ms
2025-07-22 00:17:36 [INFO] Service inventory started
2025-07-22 06:08:09 [INFO] Database connection established
2025-07-22 05:51:20 [INFO] User login successful for user: diana
2025-07-22 00:23:52 [INFO] File uploaded: report.pdf
2025-07-22 23:41:11 [DEBUG] Temporary file created at: config.yml
2025-07-22 22:55:33 [ERROR] Service payment crashed
2025-07-22 18:00:06 [INFO] Database connection established
2025-07-22 02:45:24 [INFO] Database connection established
2025-07-22 12:17:20 [WARNING] API response time exceeded threshold
2025-07-22 09:25:55 [INFO] Cache cleared successfully
2025-07-22 07:37:13 [ERROR] Deadlock detected in transaction ID 4975
2025-07-22 15:10:54 [INFO] Database connection established
2025-07-22 00:35:43 [INFO] User login successful for user: eve
2025-07-22 06:07:41 [ERROR] Service notification crashed
2025-07-22 19:57:58 [INFO] Cache cleared successfully
2025-07-22 23:39:06 [INFO] Service auth started
2025-07-22 23:10:51 [ERROR] Database connection lost
2025-07-22 19:25:39 [WARNING] Second failed login attempt for user: charlie. Next attempt will ERROR. Retrying...
2025-07-22 15:31:02 [INFO] User login successful for user: charlie
2025-07-22 08:41:33 [ERROR] Service inventory crashed
2025-07-22 11:42:48 [INFO] Cache cleared successfully
2025-07-22 02:01:13 [INFO] Cache cleared successfully
2025-07-22 06:05:51 [ERROR] File write failed: backup.zip
2025-07-22 03:37:22 [ERROR] Unhandled exception: FileNotFoundError
2025-07-22 05:01:36 [DEBUG] Temporary file created at: backup.zip
2025-07-22 06:09:29 [INFO] Database connection established
2025-07-22 06:14:50 [INFO] Database connection established
2025-07-22 19:22:26 [INFO] User login successful for user: charlie
2025-07-22 09:44:35 [INFO] User login successful for user: bob
2025-07-22 17:54:33 [INFO] User login successful for user: charlie
2025-07-22 03:20:18 [WARNING] Slow query detected: execution time 2215ms
2025-07-22 23:24:29 [WARNING] Slow query detected: execution time 4465ms
2025-07-22 20:10:29 [INFO] Service notification started
2025-07-22 09:26:04 [ERROR] Deadlock detected in transaction ID 1334
2025-07-22 14:53:28 [ERROR] Service payment crashed
2025-07-22 04:54:08 [WARNING] High memory usage detected
2025-07-22 18:43:31 [INFO] User login successful for user: eve
2025-07-22 04:28:46 [INFO] Service payment started
2025-07-22 02:30:03 [INFO] File uploaded: config.yml
2025-07-22 12:15:08 [INFO] File uploaded: backup.zip
2025-07-22 10:43:50 [WARNING] API response time exceeded threshold
2025-07-22 13:50:31 [WARNING] High memory usage detected
2025-07-22 21:56:27 [INFO] Database connection established
2025-07-22 05:00:39 [INFO] User login successful for user: alice
2025-07-22 10:42:51 [WARNING] Failed login attempt for user: charlie. Retrying...
2025-07-22 12:17:05 [WARNING] Second failed login attempt for user: bob. Next attempt will ERROR. Retrying...
2025-07-22 13:21:32 [INFO] File uploaded: data.csv
2025-07-22 20:04:43 [WARNING] Slow query detected: execution time 2677ms
2025-07-22 20:49:28 [INFO] User login successful for user: diana
2025-07-22 16:07:12 [ERROR] Service auth crashed
2025-07-22 22:37:22 [INFO] File uploaded: data.csv
2025-07-22 21:44:53 [WARNING] API response time exceeded threshold
2025-07-22 00:32:58 [WARNING] High memory usage detected
2025-07-22 01:36:27 [ERROR] Email sending failed to recipient: user@gmail.com
2025-07-22 19:03:34 [INFO] User login successful for user: alice
2025-07-22 05:52:31 [ERROR] Deadlock detected in transaction ID 2352
2025-07-22 22:48:07 [INFO] File uploaded: report.pdf
2025-07-22 01:30:46 [INFO] Database connection established
2025-07-22 11:47:27 [INFO] User login successful for user: charlie
2025-07-22 14:59:34 [INFO] File uploaded: data.csv
2025-07-22 03:21:33 [INFO] Scheduled backup completed successfully
2025-07-22 08:34:19 [INFO] Cache cleared successfully
2025-07-22 01:40:33 [INFO] Service notification started
2025-07-22 17:03:11 [INFO] Cache cleared successfully
2025-07-22 00:23:12 [INFO] Scheduled backup completed successfully
2025-07-22 19:22:52 [ERROR] Database connection lost
2025-07-22 18:22:42 [WARNING] Disk space low: 126 remaining
2025-07-22 17:15:18 [WARNING] Configuration file deprecated: backup.zip
2025-07-22 10:01:34 [INFO] Service auth started
2025-07-22 10:40:26 [INFO] User login successful for user: alice
2025-07-22 02:32:51 [DEBUG] Session token generated for user: charlie
2025-07-22 12:26:11 [DEBUG] Session token generated for user: alice
2025-07-22 03:59:59 [ERROR] Deadlock detected in transaction ID 410
2025-07-22 01:47:36 [INFO] Database connection established
2025-07-22 09:35:02 [WARNING] Configuration file deprecated: report.pdf
2025-07-22 13:33:41 [INFO] Cache cleared successfully
2025-07-22 21:40:22 [INFO] Database connection established
2025-07-22 00:07:45 [INFO] Service auth started
2025-07-22 18:11:40 [INFO] Scheduled backup completed successfully
2025-07-22 07:24:56 [INFO] Cache cleared successfully
2025-07-22 13:17:26 [INFO] File uploaded: data.csv
2025-07-22 15:37:37 [INFO] User login successful for user: bob
2025-07-22 19:58:53 [INFO] File uploaded: data.csv
2025-07-22 02:24:31 [WARNING] Slow query detected: execution time 764ms
2025-07-22 05:42:59 [INFO] Service auth started
2025-07-22 15:03:25 [INFO] Service notification started
2025-07-22 18:21:16 [INFO] Cache cleared successfully
2025-07-22 17:02:30 [ERROR] Database connection lost
2025-07-22 19:59:06 [WARNING] Disk space low: 3506 remaining
2025-07-22 18:03:53 [ERROR] Email sending failed to recipient: user@gmail.com
2025-07-22 17:37:42 [ERROR] Unhandled exception: FileNotFoundError
2025-07-22 20:07:24 [INFO] Cache cleared successfully
2025-07-22 18:59:58 [INFO] Database connection established
2025-07-22 12:48:42 [INFO] File uploaded: data.csv
2025-07-22 15:14:41 [WARNING] Configuration file deprecated: config.yml
2025-07-22 04:16:23 [INFO] Scheduled backup completed successfully
2025-07-22 12:11:50 [ERROR] Deadlock detected in transaction ID 826
2025-07-22 09:48:21 [INFO] Service auth started
2025-07-22 01:22:59 [WARNING] API response time exceeded threshold
2025-07-22 08:33:34 [WARNING] Disk space low: 2337 remaining
2025-07-22 22:59:22 [INFO] User login successful for user: alice
2025-07-22 20:09:46 [INFO] Database connection established
2025-07-22 03:33:41 [ERROR] Email sending failed to recipient: user@gmail.com
2025-07-22 19:14:31 [INFO] Cache cleared successfully
2025-07-22 16:42:59 [INFO] Database connection established
2025-07-22 11:39:56 [INFO] File uploaded: config.yml
2025-07-22 00:54:59 [ERROR] Database connection lost
2025-07-22 13:07:01 [WARNING] Failed login attempt for user: bob. Retrying...
2025-07-22 23:12:04 [WARNING] Configuration file deprecated: backup.zip
2025-07-22 01:07:01 [INFO] Database connection established
2025-07-22 01:29:32 [INFO] Service notification started
2025-07-22 22:36:47 [INFO] Database connection established
2025-07-22 16:56:03 [INFO] Database connection established
2025-07-22 09:11:57 [INFO] User login successful for user: alice
2025-07-22 06:03:14 [INFO] File uploaded: data.csv
2025-07-22 00:20:08 [INFO] Scheduled backup completed successfully
2025-07-22 09:51:29 [DEBUG] Variable x has value: 4735
2025-07-22 20:27:17 [INFO] File uploaded: backup.zip
2025-07-22 16:05:01 [WARNING] API response time exceeded threshold
2025-07-22 08:09:34 [INFO] Service auth started
2025-07-22 23:19:47 [ERROR] File write failed: backup.zip
2025-07-22 12:19:48 [INFO] Cache cleared successfully
2025-07-22 19:46:01 [INFO] User login successful for user: eve
2025-07-22 09:37:35 [INFO] File uploaded: report.pdf
2025-07-22 14:45:50 [INFO] Database connection established
2025-07-22 07:33:17 [INFO] Database connection established
2025-07-22 08:23:08 [INFO] User login successful for user: bob
2025-07-22 08:39:56 [INFO] Scheduled backup completed successfully
2025-07-22 16:11:32 [ERROR] Deadlock detected in transaction ID 488
2025-07-22 15:56:19 [ERROR] Email sending failed to recipient: admin@google.com
2025-07-22 23:29:50 [INFO] User login successful for user: alice
2025-07-22 06:12:15 [DEBUG] Session token generated for user: eve
2025-07-22 16:42:34 [INFO] File uploaded: backup.zip
2025-07-22 09:13:55 [INFO] Database connection established
2025-07-22 23:23:52 [ERROR] File write failed: report.pdf
2025-07-22 22:56:05 [INFO] User login successful for user: eve
2025-07-22 06:57:09 [ERROR] Email sending failed to recipient: admin@google.com
2025-07-22 23:56:43 [INFO] Cache cleared successfully
2025-07-22 09:37:51 [INFO] Cache cleared successfully
2025-07-22 17:48:24 [INFO] Cache cleared successfully
2025-07-22 21:46:56 [INFO] File uploaded: backup.zip
2025-07-22 15:20:02 [INFO] User login successful for user: eve
2025-07-22 08:26:06 [INFO] Database connection established
2025-07-22 01:04:25 [INFO] Scheduled backup completed successfully
2025-07-22 21:22:40 [ERROR] Unhandled exception: NullPointerException
2025-07-22 08:48:18 [INFO] Database connection established
2025-07-22 00:50:31 [INFO] Scheduled backup completed successfully
2025-07-22 11:13:45 [INFO] Scheduled backup completed successfully
2025-07-22 17:07:25 [INFO] Database connection established
2025-07-22 09:25:07 [INFO] Service auth started
2025-07-22 01:47:10 [WARNING] Configuration file deprecated: report.pdf
2025-07-22 12:16:06 [INFO] Service inventory started
2025-07-22 04:21:45 [DEBUG] Session token generated for user: alice
2025-07-22 20:51:35 [INFO] User login successful for user: bob
2025-07-22 14:49:13 [INFO] Scheduled backup completed successfully
2025-07-22 12:51:50 [INFO] Database connection established
2025-07-22 16:13:05 [DEBUG] Variable x has value: 45
2025-07-22 01:07:44 [INFO] Cache cleared successfully
2025-07-22 20:48:22 [ERROR] Deadlock detected in transaction ID 4720
2025-07-22 00:02:30 [ERROR] Deadlock detected in transaction ID 4127
2025-07-22 06:20:12 [INFO] Scheduled backup completed successfully
2025-07-22 14:29:55 [ERROR] Service payment crashed
2025-07-22 17:32:16 [WARNING] Failed login attempt for user: alice. Retrying...
2025-07-22 20:12:53 [ERROR] Deadlock detected in transaction ID 1903
2025-07-22 20:57:34 [INFO] File uploaded: report.pdf
2025-07-22 01:12:34 [INFO] User login successful for user: diana
2025-07-22 05:31:28 [WARNING] Failed login attempt for user: alice. Retrying...
2025-07-22 16:10:39 [WARNING] Second failed login attempt for user: eve. Next attempt will ERROR. Retrying...
2025-07-22 10:53:37 [WARNING] API response time exceeded threshold
2025-07-22 04:08:48 [ERROR] Unhandled exception: TimeoutError
2025-07-22 02:21:59 [INFO] File uploaded: backup.zip
2025-07-22 10:23:19 [INFO] Scheduled backup completed successfully
2025-07-22 22:59:45 [ERROR] Service notification crashed
2025-07-22 08:07:29 [INFO] File uploaded: data.csv
2025-07-22 11:26:09 [WARNING] Second failed login attempt for user: bob. Next attempt will ERROR. Retrying...
2025-07-22 21:33:03 [DEBUG] Session token generated for user: charlie
2025-07-22 10:34:33 [WARNING] Failed login attempt for user: charlie. Retrying...
2025-07-22 03:41:52 [WARNING] Configuration file deprecated: config.yml
2025-07-22 01:31:52 [ERROR] Email sending failed to recipient: admin@google.com
2025-07-22 23:44:17 [INFO] Scheduled backup completed successfully
2025-07-22 04:24:02 [INFO] File uploaded: backup.zip
2025-07-22 20:40:19 [INFO] File uploaded: config.yml
2025-07-22 01:17:54 [WARNING] Disk space low: 4293 remaining
2025-07-22 08:52:15 [WARNING] Configuration file deprecated: data.csv
2025-07-22 00:51:28 [INFO] Database connection established
2025-07-22 02:00:02 [INFO] File uploaded: backup.zip
2025-07-22 23:55:39 [INFO] Database connection established
2025-07-22 15:15:32 [ERROR] Database connection lost
2025-07-22 13:04:33 [DEBUG] Variable x has value: 81
2025-07-22 12:41:49 [WARNING] Disk space low: 2726 remaining
2025-07-22 00:09:35 [WARNING] Configuration file deprecated: report.pdf
2025-07-22 10:26:13 [WARNING] High memory usage detected
2025-07-22 20:46:16 [INFO] Cache cleared successfully
2025-07-22 18:43:13 [WARNING] Disk space low: 4165 remaining
2025-07-22 19:31:31 [DEBUG] Entering function generate_report with arguments: 5
2025-07-22 10:14:13 [ERROR] Email sending failed to recipient: user@gmail.com
2025-07-22 04:09:23 [DEBUG] Variable x has value: 1493
2025-07-22 09:37:53 [INFO] Cache cleared successfully
2025-07-22 11:14:31 [INFO] Scheduled backup completed successfully
2025-07-22 23:29:36 [WARNING] Second failed login attempt for user: eve. Next attempt will ERROR. Retrying...
2025-07-22 05:46:01 [INFO] User login successful for user: alice
2025-07-22 11:06:42 [DEBUG] Temporary file created at: backup.zip
2025-07-22 20:42:12 [INFO] Scheduled backup completed successfully
2025-07-22 16:39:14 [INFO] User login successful for user: charlie
2025-07-22 03:12:13 [WARNING] API response time exceeded threshold
2025-07-22 07:44:38 [INFO] File uploaded: config.yml
2025-07-22 10:55:39 [INFO] Database connection established
2025-07-22 13:52:54 [INFO] User login successful for user: charlie
2025-07-22 17:18:57 [INFO] Service payment started
2025-07-22 17:43:31 [WARNING] Disk space low: 1298 remaining
2025-07-22 00:21:00 [INFO] User login successful for user: alice
2025-07-22 09:41:00 [WARNING] Slow query detected: execution time 960ms
2025-07-22 14:01:10 [WARNING] Second failed login attempt for user: diana. Next attempt will ERROR. Retrying...
2025-07-22 13:11:58 [WARNING] Second failed login attempt for user: bob. Next attempt will ERROR. Retrying...
2025-07-22 12:21:10 [ERROR] Email sending failed to recipient: support@amazon.com
2025-07-22 17:20:19 [INFO] File uploaded: data.csv
2025-07-22 11:07:48 [INFO] Database connection established
2025-07-22 09:49:18 [INFO] Database connection established
2025-07-22 23:18:43 [WARNING] Failed login attempt for user: alice. Retrying...
2025-07-22 03:56:16 [DEBUG] Query executed: UPDATE orders SET status='shipped' WHERE id=42
2025-07-22 13:56:33 [WARNING] Configuration file deprecated: config.yml
2025-07-22 08:13:05 [INFO] Scheduled backup completed successfully
2025-07-22 13:42:19 [INFO] Service auth started
2025-07-22 12:47:29 [WARNING] Disk space low: 3091 remaining
2025-07-22 15:51:14 [WARNING] Failed login attempt for user: charlie. Retrying...
2025-07-22 10:02:34 [INFO] File uploaded: report.pdf
2025-07-22 01:14:10 [INFO] Database connection established
2025-07-22 04:14:05 [ERROR] Database connection lost
2025-07-22 19:44:46 [ERROR] Email sending failed to recipient: support@amazon.com
2025-07-22 15:38:00 [WARNING] Disk space low: 1476 remaining
2025-07-22 12:44:09 [WARNING] Failed login attempt for user: charlie. Retrying...
2025-07-22 10:24:12 [ERROR] File write failed: backup.zip
2025-07-22 15:57:09 [INFO] Scheduled backup completed successfully
2025-07-22 01:33:07 [ERROR] Service payment crashed
2025-07-22 13:22:07 [WARNING] API response time exceeded threshold
2025-07-22 08:39:45 [INFO] Service auth started
2025-07-22 10:15:24 [INFO] File uploaded: config.yml
2025-07-22 02:06:30 [DEBUG] Temporary file created at: backup.zip
2025-07-22 06:01:36 [INFO] Database connection established
2025-07-22 00:15:56 [INFO] Service inventory started
2025-07-22 06:45:39 [WARNING] API response time exceeded threshold
2025-07-22 00:24:55 [INFO] Database connection established
2025-07-22 01:14:29 [INFO] File uploaded: config.yml
2025-07-22 08:47:01 [ERROR] Service inventory crashed
2025-07-22 19:28:09 [INFO] User login successful for user: eve
2025-07-22 02:03:30 [INFO] User login successful for user: eve
2025-07-22 17:52:34 [DEBUG] Query executed: UPDATE orders SET status='shipped' WHERE id=42
2025-07-22 20:00:11 [INFO] Database connection established
2025-07-22 20:46:24 [INFO] Database connection established
2025-07-22 16:34:32 [DEBUG] Session token generated for user: bob
2025-07-22 19:20:48 [INFO] Cache cleared successfully
2025-07-22 08:39:58 [INFO] Cache cleared successfully
2025-07-22 12:16:26 [INFO] Cache cleared successfully
2025-07-22 20:14:58 [ERROR] Email sending failed to recipient: admin@google.com
2025-07-22 06:10:08 [ERROR] File write failed: data.csv
2025-07-22 16:38:47 [INFO] File uploaded: report.pdf
2025-07-22 05:18:16 [INFO] Cache cleared successfully
2025-07-22 01:46:00 [INFO] File uploaded: report.pdf
2025-07-22 10:39:02 [INFO] Service inventory started
2025-07-22 12:02:24 [INFO] Database connection established
2025-07-22 14:10:11 [WARNING] Failed login attempt for user: eve. Retrying...
2025-07-22 07:43:09 [INFO] Scheduled backup completed successfully
2025-07-22 11:14:20 [INFO] Cache cleared successfully
2025-07-22 15:32:49 [INFO] User login successful for user: bob
2025-07-22 09:33:24 [INFO] Service auth started
2025-07-22 16:07:07 [WARNING] Second failed login attempt for user: charlie. Next attempt will ERROR. Retrying...
2025-07-22 05:09:27 [ERROR] File write failed: report.pdf
2025-07-22 08:08:33 [ERROR] Deadlock detected in transaction ID 3529
2025-07-22 10:05:13 [INFO] Database connection established
2025-07-22 17:42:57 [ERROR] Database connection lost
2025-07-22 00:14:01 [ERROR] Service payment crashed
2025-07-22 01:01:26 [WARNING] High memory usage detected
2025-07-22 20:39:22 [INFO] Database connection established
2025-07-22 12:17:50 [WARNING] Second failed login attempt for user: charlie. Next attempt will ERROR. Retrying...
2025-07-22 21:30:15 [INFO] Service notification started
2025-07-22 14:55:29 [WARNING] Configuration file deprecated: config.yml
2025-07-22 11:35:45 [WARNING] Second failed login attempt for user: bob. Next attempt will ERROR. Retrying...
2025-07-22 23:57:50 [INFO] Database connection established
2025-07-22 13:52:50 [INFO] User login successful for user: bob
2025-07-22 09:01:29 [ERROR] Deadlock detected in transaction ID 1037
2025-07-22 19:20:22 [INFO] File uploaded: report.pdf
2025-07-22 09:58:00 [ERROR] Unhandled exception: NullPointerException
2025-07-22 05:39:14 [INFO] Scheduled backup completed successfully
2025-07-22 08:54:41 [INFO] Database connection established
2025-07-22 03:15:21 [ERROR] Service auth crashed
2025-07-22 13:18:32 [INFO] Service auth started
2025-07-22 00:59:53 [INFO] File uploaded: backup.zip
2025-07-22 00:43:31 [INFO] File uploaded: backup.zip
2025-07-22 07:44:11 [WARNING] Second failed login attempt for user: diana. Next attempt will ERROR. Retrying...
2025-07-22 14:21:11 [INFO] Service notification started
2025-07-22 17:57:29 [WARNING] Failed login attempt for user: bob. Retrying...
2025-07-22 08:55:23 [WARNING] Failed login attempt for user: bob. Retrying...
2025-07-22 11:39:59 [INFO] Database connection established
2025-07-22 06:54:29 [WARNING] Failed login attempt for user: diana. Retrying...
2025-07-22 03:23:02 [INFO] Cache cleared successfully
2025-07-22 15:09:11 [INFO] Database connection established
2025-07-22 05:33:15 [INFO] Database connection established
2025-07-22 11:10:19 [INFO] Service payment started
2025-07-22 03:05:57 [INFO] File uploaded: backup.zip
2025-07-22 23:35:16 [INFO] File uploaded: config.yml
2025-07-22 02:17:55 [INFO] User login successful for user: bob
2025-07-22 10:15:18 [INFO] Scheduled backup completed successfully
2025-07-22 21:50:39 [INFO] File uploaded: config.yml
2025-07-22 02:17:29 [INFO] File uploaded: report.pdf
2025-07-22 03:15:24 [INFO] Database connection established
2025-07-22 11:34:22 [INFO] Cache cleared successfully
2025-07-22 22:50:18 [ERROR] Service inventory crashed
2025-07-22 16:46:16 [INFO] Cache cleared successfully
2025-07-22 00:37:13 [INFO] Scheduled backup completed successfully
2025-07-22 19:20:21 [DEBUG] Variable x has value: 3803
2025-07-22 22:38:47 [INFO] User login successful for user: alice
2025-07-22 11:23:22 [WARNING] Disk space low: 1032 remaining
2025-07-22 06:34:42 [WARNING] Failed login attempt for user: bob. Retrying...
2025-07-22 20:51:32 [WARNING] High memory usage detected
2025-07-22 19:31:49 [INFO] Database connection established
2025-07-22 12:03:41 [DEBUG] Temporary file created at: backup.zip
2025-07-22 13:32:02 [DEBUG] Query executed: SELECT * FROM users
2025-07-22 00:18:34 [ERROR] File write failed: report.pdf
2025-07-22 13:11:05 [INFO] Service notification started
2025-07-22 08:17:13 [INFO] Database connection established
2025-07-22 12:22:26 [INFO] Database connection established
2025-07-22 23:31:07 [INFO] Scheduled backup completed successfully
2025-07-22 05:35:07 [DEBUG] Entering function process_payment with arguments: 9
2025-07-22 05:53:19 [INFO] Cache cleared successfully
2025-07-22 05:29:36 [INFO] Cache cleared successfully
2025-07-22 02:46:24 [INFO] Scheduled backup completed successfully
2025-07-22 23:50:34 [INFO] Service auth started
2025-07-22 20:52:59 [ERROR] Deadlock detected in transaction ID 750
2025-07-22 01:49:14 [INFO] File uploaded: config.yml
2025-07-22 16:41:44 [INFO] Scheduled backup completed successfully
2025-07-22 12:07:20 [ERROR] File write failed: config.yml
2025-07-22 12:03:27 [INFO] Cache cleared successfully
2025-07-22 16:49:15 [WARNING] Disk space low: 2386 remaining
2025-07-22 20:57:59 [WARNING] API response time exceeded threshold
2025-07-22 22:02:45 [INFO] File uploaded: backup.zip
2025-07-22 12:29:13 [INFO] Cache cleared successfully
2025-07-22 06:26:08 [ERROR] File write failed: data.csv
2025-07-22 02:21:57 [INFO] Database connection established
2025-07-22 04:22:37 [INFO] Scheduled backup completed successfully
2025-07-22 16:57:00 [INFO] File uploaded: report.pdf
2025-07-22 03:46:50 [INFO] Cache cleared successfully
2025-07-22 23:05:37 [INFO] Database connection established
2025-07-22 03:32:31 [ERROR] Email sending failed to recipient: support@amazon.com
2025-07-22 10:44:49 [INFO] Scheduled backup completed successfully
2025-07-22 04:20:34 [INFO] Service payment started
2025-07-22 12:57:35 [INFO] Cache cleared successfully
2025-07-22 09:27:24 [WARNING] Disk space low: 506 remaining
2025-07-22 14:49:21 [INFO] Service inventory started
2025-07-22 07:23:33 [INFO] User login successful for user: bob
2025-07-22 02:06:35 [INFO] Cache cleared successfully
2025-07-22 03:03:53 [INFO] Scheduled backup completed successfully
2025-07-22 05:17:36 [INFO] Scheduled backup completed successfully
2025-07-22 17:42:38 [INFO] Scheduled backup completed successfully
2025-07-22 22:21:42 [INFO] Database connection established
2025-07-22 14:48:21 [INFO] Scheduled backup completed successfully
2025-07-22 21:36:24 [INFO] User login successful for user: bob
2025-07-22 04:15:14 [WARNING] Failed login attempt for user: bob. Retrying...
2025-07-22 14:27:31 [WARNING] Slow query detected: execution time 1310ms
2025-07-22 04:31:34 [WARNING] Slow query detected: execution time 4384ms
2025-07-22 04:36:20 [WARNING] Failed login attempt for user: alice. Retrying...
2025-07-22 09:15:12 [INFO] File uploaded: data.csv
2025-07-22 01:56:14 [INFO] Scheduled backup completed successfully
2025-07-22 18:59:14 [INFO] Scheduled backup completed successfully
2025-07-22 21:51:59 [ERROR] Email sending failed to recipient: user@gmail.com
2025-07-22 08:34:22 [WARNING] Second failed login attempt for user: charlie. Next attempt will ERROR. Retrying...
2025-07-22 09:50:57 [DEBUG] Temporary file created at: report.pdf
2025-07-22 12:46:50 [INFO] Service payment started
2025-07-22 10:53:29 [INFO] User login successful for user: bob
2025-07-22 21:24:06 [ERROR] Database connection lost
2025-07-22 21:34:43 [ERROR] Unhandled exception: FileNotFoundError
2025-07-22 05:54:10 [INFO] Cache cleared successfully
2025-07-22 16:11:33 [WARNING] API response time exceeded threshold
2025-07-22 00:31:34 [INFO] Cache cleared successfully
2025-07-22 13:20:50 [INFO] Database connection established
2025-07-22 03:47:59 [DEBUG] Entering function send_email with arguments: 1
2025-07-22 02:09:26 [INFO] Scheduled backup completed successfully
2025-07-22 19:58:17 [WARNING] Failed login attempt for user: charlie. Retrying...
2025-07-22 04:32:30 [ERROR] Deadlock detected in transaction ID 206
2025-07-22 09:46:01 [INFO] Scheduled backup completed successfully
2025-07-22 05:20:08 [INFO] Service notification started
2025-07-22 07:22:53 [INFO] Cache cleared successfully
2025-07-22 23:16:35 [WARNING] Slow query detected: execution time 2763ms
2025-07-22 14:32:21 [INFO] File uploaded: backup.zip
2025-07-22 13:10:59 [WARNING] High memory usage detected
2025-07-22 20:19:20 [DEBUG] Session token generated for user: diana
2025-07-22 06:53:51 [INFO] User login successful for user: diana
2025-07-22 16:42:05 [INFO] User login successful for user: charlie
2025-07-22 09:22:26 [INFO] Service auth started
2025-07-22 23:17:22 [INFO] Scheduled backup completed successfully
2025-07-22 05:29:12 [INFO] Scheduled backup completed successfully
2025-07-22 18:44:55 [INFO] Database connection established
2025-07-22 09:14:05 [ERROR] Unhandled exception: TimeoutError
2025-07-22 07:40:28 [INFO] Cache cleared successfully
2025-07-22 15:08:28 [INFO] User login successful for user: eve
2025-07-22 14:51:48 [INFO] User login successful for user: diana
2025-07-22 14:13:45 [INFO] Cache cleared successfully
2025-07-22 03:18:10 [DEBUG] Query executed: UPDATE orders SET status='shipped' WHERE id=42
2025-07-22 09:03:57 [INFO] Service inventory started
2025-07-22 14:26:06 [INFO] Scheduled backup completed successfully
2025-07-22 13:50:26 [INFO] File uploaded: data.csv
2025-07-22 06:15:14 [WARNING] Disk space low: 4769 remaining
2025-07-22 06:03:45 [WARNING] Slow query detected: execution time 1422ms
2025-07-22 04:54:05 [WARNING] Slow query detected: execution time 4494ms
2025-07-22 05:47:35 [INFO] Cache cleared successfully
2025-07-22 10:04:28 [WARNING] Disk space low: 4261 remaining
2025-07-22 21:36:52 [WARNING] High memory usage detected
2025-07-22 14:15:27 [ERROR] Database connection lost
2025-07-22 20:53:41 [INFO] User login successful for user: bob
2025-07-22 07:50:04 [INFO] Database connection established
2025-07-22 14:16:27 [INFO] Service notification started
2025-07-22 12:37:21 [INFO] User login successful for user: diana
2025-07-22 12:14:56 [WARNING] Second failed login attempt for user: diana. Next attempt will ERROR. Retrying...
2025-07-22 09:02:05 [WARNING] API response time exceeded threshold
2025-07-22 14:05:07 [WARNING] Configuration file deprecated: report.pdf
2025-07-22 08:24:38 [INFO] User login successful for user: alice
2025-07-22 22:01:06 [INFO] Cache cleared successfully
2025-07-22 03:44:05 [INFO] File uploaded: backup.zip
2025-07-22 04:53:27 [ERROR] Deadlock detected in transaction ID 370
2025-07-22 03:45:02 [DEBUG] Query executed: SELECT * FROM users
2025-07-22 23:19:34 [ERROR] Unhandled exception: NullPointerException
2025-07-22 04:46:49 [INFO] Cache cleared successfully
2025-07-22 10:20:34 [INFO] Database connection established
2025-07-22 13:12:55 [ERROR] File write failed: backup.zip
2025-07-22 20:59:39 [INFO] User login successful for user: alice
2025-07-22 16:50:23 [DEBUG] Entering function send_email with arguments: 10
2025-07-22 02:10:16 [WARNING] Second failed login attempt for user: charlie. Next attempt will ERROR. Retrying...
2025-07-22 23:58:42 [INFO] Scheduled backup completed successfully
2025-07-22 05:38:41 [INFO] User login successful for user: alice
2025-07-22 22:05:41 [INFO] Database connection established
2025-07-22 14:45:46 [INFO] Cache cleared successfully
2025-07-22 22:23:05 [INFO] Service auth started
2025-07-22 22:30:37 [INFO] Service inventory started
2025-07-22 22:21:04 [INFO] User login successful for user: charlie
2025-07-22 04:25:51 [WARNING] High memory usage detected
2025-07-22 11:52:16 [INFO] Scheduled backup completed successfully
2025-07-22 04:46:22 [ERROR] Deadlock detected in transaction ID 1322
2025-07-22 07:36:52 [INFO] Service payment started
2025-07-22 12:06:12 [INFO] Cache cleared successfully
2025-07-22 03:33:31 [WARNING] Slow query detected: execution time 1664ms
2025-07-22 13:46:53 [ERROR] Email sending failed to recipient: user@gmail.com
2025-07-22 05:27:00 [ERROR] Unhandled exception: NullPointerException
2025-07-22 05:16:39 [INFO] Service inventory started
2025-07-22 14:19:59 [INFO] Service payment started
2025-07-22 09:09:45 [INFO] File uploaded: backup.zip
2025-07-22 05:32:20 [DEBUG] Entering function generate_report with arguments: 3
2025-07-22 18:26:55 [INFO] User login successful for user: alice
2025-07-22 23:44:24 [ERROR] File write failed: report.pdf
2025-07-22 18:17:50 [INFO] Database connection established
2025-07-22 00:17:19 [ERROR] Email sending failed to recipient: user@gmail.com
2025-07-22 20:46:46 [WARNING] Second failed login attempt for user: alice. Next attempt will ERROR. Retrying...
2025-07-22 16:39:09 [INFO] Cache cleared successfully
2025-07-22 02:37:17 [INFO] Service inventory started
2025-07-22 00:35:44 [INFO] User login successful for user: eve
2025-07-22 21:51:08 [ERROR] Database connection lost
2025-07-22 03:21:13 [INFO] Database connection established
2025-07-22 17:21:30 [INFO] User login successful for user: eve
2025-07-22 22:25:19 [WARNING] API response time exceeded threshold
2025-07-22 14:12:26 [ERROR] Unhandled exception: NullPointerException
2025-07-22 04:20:37 [INFO] Scheduled backup completed successfully
2025-07-22 00:43:07 [WARNING] High memory usage detected
2025-07-22 23:43:00 [INFO] Service auth started
2025-07-22 02:36:17 [INFO] Scheduled backup completed successfully
2025-07-22 22:01:52 [DEBUG] Session token generated for user: eve
2025-07-22 16:45:39 [INFO] File uploaded: config.yml
2025-07-22 18:16:55 [INFO] Scheduled backup completed successfully
2025-07-22 14:12:36 [INFO] Service notification started
2025-07-22 18:45:22 [INFO] Database connection established
2025-07-22 23:01:19 [WARNING] Configuration file deprecated: config.yml
2025-07-22 11:11:37 [WARNING] Configuration file deprecated: report.pdf
2025-07-22 17:20:24 [WARNING] Configuration file deprecated: data.csv
2025-07-22 11:01:15 [INFO] Database connection established
2025-07-22 15:55:01 [ERROR] Database connection lost
2025-07-22 23:11:36 [ERROR] Unhandled exception: FileNotFoundError
2025-07-22 23:25:32 [INFO] User login successful for user: diana
2025-07-22 06:29:14 [ERROR] Database connection lost
2025-07-22 07:20:12 [INFO] Service notification started
2025-07-22 03:53:16 [INFO] Service auth started
2025-07-22 07:50:59 [INFO] User login successful for user: alice
2025-07-22 07:16:51 [INFO] Scheduled backup completed successfully
2025-07-22 07:04:59 [INFO] Database connection established
2025-07-22 22:18:56 [WARNING] Configuration file deprecated: report.pdf
2025-07-22 07:03:17 [WARNING] Disk space low: 1304 remaining
2025-07-22 07:03:23 [ERROR] Deadlock detected in transaction ID 859
2025-07-22 22:45:36 [WARNING] High memory usage detected
2025-07-22 00:16:04 [ERROR] File write failed: config.yml
2025-07-22 02:16:45 [ERROR] Database connection lost
2025-07-22 21:16:28 [INFO] File uploaded: report.pdf
2025-07-22 20:02:37 [INFO] File uploaded: report.pdf
2025-07-22 22:55:09 [ERROR] Email sending failed to recipient: support@amazon.com
2025-07-22 01:17:10 [WARNING] Configuration file deprecated: report.pdf
2025-07-22 22:13:25 [INFO] Scheduled backup completed successfully
2025-07-22 22:46:19 [INFO] Cache cleared successfully
2025-07-22 11:19:21 [INFO] File uploaded: backup.zip
2025-07-22 10:08:54 [DEBUG] Entering function generate_report with arguments: 6
2025-07-22 10:38:13 [ERROR] Service inventory crashed
2025-07-22 14:50:32 [WARNING] Disk space low: 1164 remaining
2025-07-22 16:20:08 [INFO] Service payment started
2025-07-22 02:46:45 [INFO] Cache cleared successfully
2025-07-22 22:01:47 [ERROR] Deadlock detected in transaction ID 756
2025-07-22 00:27:11 [ERROR] Database connection lost
2025-07-22 01:12:01 [INFO] User login successful for user: diana
2025-07-22 01:17:04 [ERROR] Deadlock detected in transaction ID 2132
2025-07-22 19:11:02 [WARNING] API response time exceeded threshold
2025-07-22 15:11:55 [INFO] User login successful for user: alice
2025-07-22 10:28:53 [INFO] User login successful for user: bob
2025-07-22 21:27:04 [INFO] User login successful for user: eve
2025-07-22 00:06:26 [INFO] File uploaded: data.csv
2025-07-22 14:16:33 [INFO] Scheduled backup completed successfully
2025-07-22 16:38:36 [ERROR] Service inventory crashed
2025-07-22 22:33:52 [ERROR] Email sending failed to recipient: admin@google.com
2025-07-22 07:33:55 [INFO] File uploaded: config.yml
2025-07-22 06:39:26 [DEBUG] Query executed: SELECT * FROM users
2025-07-22 16:31:16 [INFO] File uploaded: data.csv
2025-07-22 06:41:23 [WARNING] API response time exceeded threshold
2025-07-22 09:05:55 [WARNING] API response time exceeded threshold
2025-07-22 16:56:27 [DEBUG] Entering function send_email with arguments: 10
2025-07-22 06:37:38 [INFO] User login successful for user: charlie
2025-07-22 18:53:34 [WARNING] Configuration file deprecated: data.csv
2025-07-22 23:12:38 [INFO] Scheduled backup completed successfully
2025-07-22 10:39:44 [INFO] Scheduled backup completed successfully
2025-07-22 20:38:56 [INFO] File uploaded: backup.zip
2025-07-22 10:18:08 [INFO] Database connection established
2025-07-22 21:21:12 [INFO] Scheduled backup completed successfully
2025-07-22 14:40:09 [INFO] Cache cleared successfully
2025-07-22 23:46:14 [WARNING] Slow query detected: execution time 116ms
2025-07-22 00:23:51 [INFO] Service auth started
2025-07-22 03:44:35 [INFO] File uploaded: config.yml
2025-07-22 04:51:02 [INFO] Cache cleared successfully
2025-07-22 22:27:46 [INFO] Database connection established
2025-07-22 19:15:23 [INFO] Cache cleared successfully
2025-07-22 23:15:20 [INFO] Scheduled backup completed successfully
2025-07-22 07:10:08 [WARNING] Failed login attempt for user: diana. Retrying...
2025-07-22 07:06:12 [INFO] Cache cleared successfully
2025-07-22 11:22:42 [ERROR] File write failed: report.pdf
2025-07-22 12:28:31 [ERROR] Deadlock detected in transaction ID 2126
2025-07-22 01:26:50 [INFO] Scheduled backup completed successfully
2025-07-22 23:04:55 [INFO] Service auth started
2025-07-22 01:57:08 [INFO] Database connection established
2025-07-22 02:17:44 [ERROR] Service payment crashed
2025-07-22 04:03:27 [ERROR] File write failed: data.csv
2025-07-22 04:41:04 [ERROR] Deadlock detected in transaction ID 466
2025-07-22 15:56:19 [ERROR] Database connection lost
2025-07-22 22:45:29 [INFO] Service auth started
2025-07-22 21:15:45 [INFO] Cache cleared successfully
2025-07-22 04:53:22 [INFO] Scheduled backup completed successfully
2025-07-22 06:51:29 [INFO] User login successful for user: alice
2025-07-22 05:20:57 [ERROR] Deadlock detected in transaction ID 3969
2025-07-22 17:40:14 [INFO] Service notification started
2025-07-22 10:54:30 [INFO] Database connection established
2025-07-22 19:12:07 [INFO] Service notification started
2025-07-22 06:59:04 [INFO] Service auth started
2025-07-22 14:16:28 [WARNING] Slow query detected: execution time 4557ms
2025-07-22 05:51:09 [INFO] File uploaded: data.csv
2025-07-22 15:47:11 [INFO] Service auth started
2025-07-22 13:34:59 [WARNING] Disk space low: 2608 remaining
2025-07-22 15:56:51 [DEBUG] Variable x has value: 4638
2025-07-22 18:29:13 [INFO] Service auth started
2025-07-22 22:45:36 [INFO] Cache cleared successfully
2025-07-22 05:37:27 [INFO] Database connection established
2025-07-22 21:05:43 [WARNING] Slow query detected: execution time 1315ms
2025-07-22 12:53:00 [DEBUG] Session token generated for user: diana
2025-07-22 13:31:48 [WARNING] Slow query detected: execution time 3099ms
2025-07-22 21:04:05 [WARNING] Configuration file deprecated: backup.zip
2025-07-22 18:19:19 [INFO] Scheduled backup completed successfully
2025-07-22 18:54:57 [ERROR] Email sending failed to recipient: support@amazon.com
2025-07-22 17:04:54 [INFO] File uploaded: data.csv
2025-07-22 15:38:11 [INFO] Database connection established
2025-07-22 07:04:40 [WARNING] Slow query detected: execution time 2557ms
2025-07-22 20:14:55 [INFO] File uploaded: backup.zip
2025-07-22 22:42:48 [INFO] File uploaded: config.yml
2025-07-22 00:37:28 [INFO] Service auth started
2025-07-22 15:04:08 [WARNING] High memory usage detected
2025-07-22 01:49:17 [WARNING] Second failed login attempt for user: alice. Next attempt will ERROR. Retrying...
2025-07-22 22:06:58 [INFO] Service inventory started
2025-07-22 01:12:42 [INFO] Cache cleared successfully
2025-07-22 22:24:54 [INFO] User login successful for user: bob
2025-07-22 21:02:56 [INFO] User login successful for user: diana
2025-07-22 16:52:57 [INFO] Cache cleared successfully
2025-07-22 07:43:04 [WARNING] Slow query detected: execution time 3687ms
2025-07-22 18:05:50 [INFO] Scheduled backup completed successfully
2025-07-22 15:13:15 [INFO] Scheduled backup completed successfully
2025-07-22 03:27:57 [INFO] User login successful for user: bob
2025-07-22 14:05:15 [INFO] Database connection established
2025-07-22 07:59:15 [WARNING] Slow query detected: execution time 3051ms
2025-07-22 05:32:53 [ERROR] Database connection lost
2025-07-22 00:39:11 [ERROR] Email sending failed to recipient: support@amazon.com
2025-07-22 10:28:33 [WARNING] Slow query detected: execution time 4710ms
2025-07-22 20:03:02 [ERROR] Service inventory crashed
2025-07-22 12:31:37 [INFO] Service notification started
2025-07-22 13:11:56 [DEBUG] Entering function send_email with arguments: 9
2025-07-22 04:53:39 [ERROR] Unhandled exception: TimeoutError
2025-07-22 10:34:42 [INFO] Database connection established
2025-07-22 05:56:28 [INFO] Scheduled backup completed successfully
2025-07-22 08:17:50 [INFO] File uploaded: report.pdf
2025-07-22 11:51:35 [INFO] User login successful for user: bob
2025-07-22 00:33:24 [INFO] File uploaded: report.pdf
2025-07-22 04:44:32 [WARNING] High memory usage detected
2025-07-22 22:35:44 [DEBUG] Session token generated for user: eve
2025-07-22 06:03:58 [DEBUG] Temporary file created at: report.pdf
2025-07-22 04:11:16 [WARNING] Configuration file deprecated: config.yml
2025-07-22 05:57:17 [INFO] Database connection established
2025-07-22 05:01:56 [INFO] Service auth started
2025-07-22 17:56:28 [WARNING] Second failed login attempt for user: alice. Next attempt will ERROR. Retrying...
2025-07-22 08:14:39 [INFO] Service auth started
2025-07-22 18:44:13 [INFO] File uploaded: report.pdf
2025-07-22 23:32:04 [ERROR] File write failed: backup.zip
2025-07-22 05:05:16 [WARNING] Slow query detected: execution time 3081ms
2025-07-22 11:33:26 [INFO] Database connection established
2025-07-22 22:26:41 [INFO] Service notification started
2025-07-22 08:11:56 [WARNING] API response time exceeded threshold
2025-07-22 08:09:56 [WARNING] Disk space low: 1595 remaining
2025-07-22 20:42:53 [INFO] File uploaded: data.csv
2025-07-22 03:52:01 [WARNING] Configuration file deprecated: data.csv
2025-07-22 07:37:46 [INFO] Service auth started
2025-07-22 22:10:44 [INFO] Database connection established
2025-07-22 23:45:43 [INFO] Database connection established
2025-07-22 12:31:18 [INFO] Cache cleared successfully
2025-07-22 17:03:05 [INFO] File uploaded: report.pdf
2025-07-22 22:03:35 [INFO] Database connection established
2025-07-22 20:38:01 [INFO] Cache cleared successfully
2025-07-22 10:18:08 [ERROR] Service inventory crashed
2025-07-22 02:41:40 [INFO] Database connection established
2025-07-22 17:10:08 [INFO] File uploaded: config.yml
2025-07-22 04:51:47 [WARNING] Configuration file deprecated: config.yml
2025-07-22 21:29:40 [WARNING] High memory usage detected
2025-07-22 04:28:29 [ERROR] File write failed: data.csv
2025-07-22 15:57:24 [ERROR] Unhandled exception: FileNotFoundError
2025-07-22 03:26:21 [INFO] User login successful for user: eve
2025-07-22 07:31:33 [INFO] File uploaded: config.yml
2025-07-22 03:44:51 [WARNING] High memory usage detected
2025-07-22 00:08:57 [ERROR] Service inventory crashed
2025-07-22 02:55:17 [WARNING] Failed login attempt for user: diana. Retrying...
2025-07-22 10:05:38 [INFO] User login successful for user: diana
2025-07-22 06:56:10 [INFO] Database connection established
2025-07-22 15:27:50 [ERROR] Unhandled exception: NullPointerException
2025-07-22 21:36:33 [INFO] Database connection established
2025-07-22 23:36:23 [WARNING] Failed login attempt for user: alice. Retrying...
2025-07-22 03:28:29 [WARNING] Disk space low: 4783 remaining
2025-07-22 18:18:22 [INFO] Cache cleared successfully
2025-07-22 16:42:30 [ERROR] Email sending failed to recipient: user@gmail.com
2025-07-22 07:54:58 [WARNING] Disk space low: 300 remaining
2025-07-22 09:24:05 [INFO] User login successful for user: bob
2025-07-22 01:59:51 [INFO] Cache cleared successfully
2025-07-22 07:24:07 [INFO] Service notification started
2025-07-22 18:42:25 [INFO] Scheduled backup completed successfully
2025-07-22 02:53:24 [INFO] Service payment started
2025-07-22 06:09:34 [INFO] Scheduled backup completed successfully
2025-07-22 16:32:46 [INFO] User login successful for user: bob
2025-07-22 13:47:40 [WARNING] High memory usage detected
2025-07-22 08:50:41 [INFO] Service inventory started
2025-07-22 20:08:05 [ERROR] File write failed: config.yml
2025-07-22 05:26:51 [WARNING] API response time exceeded threshold
2025-07-22 18:02:38 [INFO] User login successful for user: bob
2025-07-22 13:22:36 [ERROR] Email sending failed to recipient: support@amazon.com
2025-07-22 06:42:27 [WARNING] Configuration file deprecated: backup.zip
2025-07-22 04:33:45 [WARNING] Disk space low: 3514 remaining
2025-07-22 14:42:07 [INFO] Scheduled backup completed successfully
2025-07-22 07:05:44 [WARNING] Configuration file deprecated: data.csv
2025-07-22 08:38:50 [INFO] Database connection established
2025-07-22 09:56:26 [INFO] Scheduled backup completed successfully
2025-07-22 05:38:18 [INFO] Cache cleared successfully
2025-07-22 12:22:20 [INFO] User login successful for user: diana
2025-07-22 12:03:58 [INFO] Cache cleared successfully
2025-07-22 22:24:26 [INFO] Database connection established
2025-07-22 19:20:46 [INFO] File uploaded: config.yml
2025-07-22 10:48:17 [DEBUG] Variable x has value: 2268
2025-07-22 14:17:16 [INFO] Cache cleared successfully
2025-07-22 08:48:37 [WARNING] Slow query detected: execution time 4527ms
2025-07-22 21:19:05 [INFO] Service auth started
2025-07-22 16:25:45 [DEBUG] Query executed: SELECT * FROM users
2025-07-22 18:18:25 [WARNING] High memory usage detected
2025-07-22 20:23:32 [INFO] Scheduled backup completed successfully
2025-07-22 04:29:04 [INFO] File uploaded: backup.zip
2025-07-22 21:53:08 [DEBUG] Query executed: UPDATE orders SET status='shipped' WHERE id=42
2025-07-22 14:35:38 [INFO] Cache cleared successfully
2025-07-22 09:11:51 [INFO] User login successful for user: eve
2025-07-22 00:05:00 [INFO] Scheduled backup completed successfully
2025-07-22 20:37:35 [INFO] Service auth started
2025-07-22 20:29:27 [INFO] Cache cleared successfully
2025-07-22 00:45:27 [INFO] Scheduled backup completed successfully
2025-07-22 09:39:56 [INFO] User login successful for user: bob
2025-07-22 02:10:10 [ERROR] Email sending failed to recipient: support@amazon.com
2025-07-22 10:39:59 [INFO] Cache cleared successfully
2025-07-22 00:47:14 [WARNING] Configuration file deprecated: report.pdf
2025-07-22 12:08:40 [INFO] Scheduled backup completed successfully
2025-07-22 14:45:37 [INFO] Database connection established
2025-07-22 10:19:45 [INFO] File uploaded: config.yml
2025-07-22 18:37:54 [INFO] Database connection established
2025-07-22 20:50:39 [INFO] User login successful for user: eve
2025-07-22 11:35:51 [INFO] Cache cleared successfully
2025-07-22 13:21:13 [INFO] File uploaded: report.pdf
2025-07-22 20:36:31 [INFO] User login successful for user: diana
2025-07-22 05:12:09 [WARNING] Slow query detected: execution time 3183ms
2025-07-22 06:36:33 [INFO] Cache cleared successfully
2025-07-22 01:30:46 [INFO] Cache cleared successfully
2025-07-22 02:40:13 [WARNING] API response time exceeded threshold
2025-07-22 15:00:27 [INFO] Cache cleared successfully
2025-07-22 11:04:43 [INFO] User login successful for user: alice
2025-07-22 09:55:49 [INFO] Cache cleared successfully
2025-07-22 20:22:29 [INFO] File uploaded: data.csv
2025-07-22 15:56:58 [INFO] Cache cleared successfully
2025-07-22 21:16:23 [INFO] File uploaded: report.pdf
2025-07-22 07:14:09 [INFO] Database connection established
2025-07-22 14:46:14 [WARNING] Slow query detected: execution time 2933ms
2025-07-22 17:34:26 [INFO] Database connection established
2025-07-22 01:19:18 [INFO] Cache cleared successfully
2025-07-22 07:52:29 [INFO] Service inventory started
2025-07-22 12:45:53 [INFO] Service inventory started
2025-07-22 14:43:25 [INFO] File uploaded: backup.zip
2025-07-22 11:18:00 [INFO] User login successful for user: bob
2025-07-22 15:17:48 [ERROR] Service auth crashed
2025-07-22 11:46:31 [INFO] Scheduled backup completed successfully
2025-07-22 16:37:55 [INFO] Service payment started
2025-07-22 22:12:09 [DEBUG] Temporary file created at: config.yml
2025-07-22 04:32:23 [WARNING] High memory usage detected
2025-07-22 05:32:22 [INFO] File uploaded: config.yml
