2025-07-04 12:55:35 [INFO] Scheduled backup completed successfully
2025-07-04 01:56:02 [WARNING] Disk space low: 1924 remaining
2025-07-04 05:21:54 [INFO] Database connection established
2025-07-04 17:59:08 [INFO] Scheduled backup completed successfully
2025-07-04 23:30:48 [WARNING] Disk space low: 99 remaining
2025-07-04 16:22:49 [WARNING] Second failed login attempt for user: bob. Next attempt will ERROR. Retrying...
2025-07-04 19:24:11 [ERROR] Deadlock detected in transaction ID 3291
2025-07-04 20:45:48 [INFO] Cache cleared successfully
2025-07-04 23:40:43 [INFO] File uploaded: data.csv
2025-07-04 09:03:24 [INFO] Scheduled backup completed successfully
2025-07-04 04:21:23 [DEBUG] Variable x has value: 551
2025-07-04 09:50:53 [ERROR] Service auth crashed
2025-07-04 14:13:47 [WARNING] Disk space low: 1822 remaining
2025-07-04 05:45:14 [INFO] User login successful for user: diana
2025-07-04 09:56:33 [INFO] Cache cleared successfully
2025-07-04 19:37:25 [WARNING] Disk space low: 2531 remaining
2025-07-04 05:05:48 [INFO] Database connection established
2025-07-04 16:10:14 [INFO] Scheduled backup completed successfully
2025-07-04 08:00:22 [WARNING] Configuration file deprecated: backup.zip
2025-07-04 05:27:47 [INFO] User login successful for user: alice
2025-07-04 22:57:26 [INFO] Database connection established
2025-07-04 05:53:25 [WARNING] High memory usage detected
2025-07-04 14:59:33 [ERROR] File write failed: data.csv
2025-07-04 19:32:12 [ERROR] Unhandled exception: NullPointerException
2025-07-04 21:11:49 [INFO] User login successful for user: bob
2025-07-04 14:35:35 [INFO] User login successful for user: bob
2025-07-04 06:27:11 [WARNING] API response time exceeded threshold
2025-07-04 22:05:57 [INFO] File uploaded: report.pdf
2025-07-04 13:07:29 [INFO] Database connection established
2025-07-04 21:13:01 [WARNING] Second failed login attempt for user: diana. Next attempt will ERROR. Retrying...
2025-07-04 08:29:30 [INFO] User login successful for user: diana
2025-07-04 02:38:53 [INFO] Database connection established
2025-07-04 06:17:52 [INFO] Database connection established
2025-07-04 10:54:28 [ERROR] File write failed: config.yml
2025-07-04 12:26:06 [WARNING] High memory usage detected
2025-07-04 20:21:36 [INFO] Database connection established
2025-07-04 01:09:47 [INFO] User login successful for user: diana
2025-07-04 20:46:29 [ERROR] Unhandled exception: NullPointerException
2025-07-04 19:18:14 [INFO] Scheduled backup completed successfully
2025-07-04 21:44:11 [DEBUG] Entering function process_payment with arguments: 7
2025-07-04 18:21:45 [INFO] Scheduled backup completed successfully
2025-07-04 14:35:19 [INFO] Service notification started
2025-07-04 07:36:47 [WARNING] Disk space low: 2504 remaining
2025-07-04 06:39:39 [INFO] File uploaded: report.pdf
2025-07-04 20:51:40 [DEBUG] Entering function process_payment with arguments: 5
2025-07-04 06:09:46 [WARNING] Disk space low: 1550 remaining
2025-07-04 09:19:27 [ERROR] Email sending failed to recipient: user@gmail.com
2025-07-04 04:14:54 [WARNING] API response time exceeded threshold
2025-07-04 17:21:51 [INFO] Database connection established
2025-07-04 05:50:21 [INFO] Cache cleared successfully
2025-07-04 06:57:53 [ERROR] Email sending failed to recipient: support@amazon.com
2025-07-04 23:58:42 [WARNING] Second failed login attempt for user: diana. Next attempt will ERROR. Retrying...
2025-07-04 17:23:19 [INFO] File uploaded: config.yml
2025-07-04 14:49:12 [INFO] Scheduled backup completed successfully
2025-07-04 02:18:11 [WARNING] Second failed login attempt for user: alice. Next attempt will ERROR. Retrying...
2025-07-04 06:14:51 [INFO] User login successful for user: alice
2025-07-04 19:39:40 [ERROR] Unhandled exception: FileNotFoundError
2025-07-04 03:49:28 [INFO] User login successful for user: bob
2025-07-04 20:49:23 [WARNING] High memory usage detected
2025-07-04 15:18:54 [INFO] Scheduled backup completed successfully
2025-07-04 18:54:50 [INFO] Database connection established
2025-07-04 19:56:03 [INFO] User login successful for user: charlie
2025-07-04 03:45:30 [INFO] Scheduled backup completed successfully
2025-07-04 09:01:46 [INFO] Service inventory started
2025-07-04 17:22:18 [ERROR] Database connection lost
2025-07-04 21:13:43 [ERROR] Service payment crashed
2025-07-04 18:23:22 [INFO] Cache cleared successfully
2025-07-04 15:12:36 [INFO] File uploaded: backup.zip
2025-07-04 12:18:43 [INFO] Scheduled backup completed successfully
2025-07-04 05:57:52 [ERROR] Database connection lost
2025-07-04 17:17:50 [INFO] Cache cleared successfully
2025-07-04 03:13:52 [WARNING] API response time exceeded threshold
2025-07-04 18:31:45 [WARNING] API response time exceeded threshold
2025-07-04 19:27:13 [INFO] Database connection established
2025-07-04 09:20:40 [WARNING] Slow query detected: execution time 4071ms
2025-07-04 05:26:41 [WARNING] Second failed login attempt for user: alice. Next attempt will ERROR. Retrying...
2025-07-04 17:49:46 [INFO] File uploaded: report.pdf
2025-07-04 23:39:19 [INFO] Database connection established
2025-07-04 17:04:47 [INFO] Cache cleared successfully
2025-07-04 08:14:34 [INFO] Cache cleared successfully
2025-07-04 20:13:42 [ERROR] Service auth crashed
2025-07-04 23:54:06 [INFO] Database connection established
2025-07-04 07:43:26 [ERROR] Service payment crashed
2025-07-04 08:28:42 [ERROR] Database connection lost
2025-07-04 10:02:59 [INFO] Scheduled backup completed successfully
2025-07-04 12:06:41 [INFO] File uploaded: config.yml
2025-07-04 20:00:41 [INFO] Scheduled backup completed successfully
2025-07-04 15:42:46 [INFO] File uploaded: data.csv
2025-07-04 06:06:37 [ERROR] File write failed: backup.zip
2025-07-04 03:23:06 [INFO] Database connection established
2025-07-04 19:50:28 [WARNING] Slow query detected: execution time 1376ms
2025-07-04 17:09:51 [INFO] Database connection established
2025-07-04 20:45:00 [DEBUG] Query executed: SELECT * FROM users
2025-07-04 02:32:53 [DEBUG] Query executed: SELECT * FROM users
2025-07-04 01:49:48 [INFO] Scheduled backup completed successfully
2025-07-04 20:33:29 [INFO] Database connection established
2025-07-04 12:06:48 [INFO] Database connection established
2025-07-04 11:45:21 [WARNING] Second failed login attempt for user: charlie. Next attempt will ERROR. Retrying...
2025-07-04 21:03:41 [INFO] Scheduled backup completed successfully
2025-07-04 01:35:19 [INFO] User login successful for user: diana
2025-07-04 00:17:09 [WARNING] High memory usage detected
2025-07-04 08:51:26 [WARNING] Slow query detected: execution time 858ms
2025-07-04 18:20:15 [ERROR] Service payment crashed
2025-07-04 05:09:43 [WARNING] Slow query detected: execution time 1898ms
2025-07-04 16:52:39 [INFO] User login successful for user: diana
2025-07-04 09:15:13 [INFO] Database connection established
2025-07-04 21:40:56 [WARNING] Slow query detected: execution time 4335ms
2025-07-04 04:55:31 [INFO] Service notification started
2025-07-04 18:49:52 [DEBUG] Query executed: SELECT * FROM users
2025-07-04 16:03:50 [ERROR] Deadlock detected in transaction ID 2201
2025-07-04 21:49:29 [INFO] User login successful for user: diana
2025-07-04 07:43:39 [INFO] Service inventory started
2025-07-04 05:38:25 [INFO] Cache cleared successfully
2025-07-04 20:40:39 [WARNING] API response time exceeded threshold
2025-07-04 21:37:59 [DEBUG] Variable x has value: 399
2025-07-04 23:47:50 [WARNING] Disk space low: 1587 remaining
2025-07-04 06:26:11 [INFO] File uploaded: report.pdf
2025-07-04 14:31:33 [DEBUG] Query executed: SELECT * FROM users
2025-07-04 11:27:20 [INFO] Cache cleared successfully
2025-07-04 03:26:53 [WARNING] API response time exceeded threshold
2025-07-04 03:54:45 [WARNING] API response time exceeded threshold
2025-07-04 10:18:37 [ERROR] Email sending failed to recipient: user@gmail.com
2025-07-04 10:43:45 [WARNING] Configuration file deprecated: config.yml
2025-07-04 13:06:37 [ERROR] Service auth crashed
2025-07-04 13:42:35 [INFO] Scheduled backup completed successfully
2025-07-04 07:15:09 [INFO] File uploaded: config.yml
2025-07-04 20:17:31 [INFO] File uploaded: data.csv
2025-07-04 04:56:04 [ERROR] Email sending failed to recipient: support@amazon.com
2025-07-04 12:04:39 [WARNING] Second failed login attempt for user: diana. Next attempt will ERROR. Retrying...
2025-07-04 12:12:39 [WARNING] Second failed login attempt for user: eve. Next attempt will ERROR. Retrying...
2025-07-04 13:39:58 [WARNING] API response time exceeded threshold
2025-07-04 11:26:12 [INFO] Scheduled backup completed successfully
2025-07-04 17:49:41 [INFO] Database connection established
2025-07-04 12:41:09 [INFO] User login successful for user: eve
2025-07-04 23:24:45 [INFO] File uploaded: config.yml
2025-07-04 15:26:38 [DEBUG] Temporary file created at: data.csv
2025-07-04 08:36:24 [INFO] User login successful for user: diana
2025-07-04 12:10:37 [WARNING] Slow query detected: execution time 4196ms
2025-07-04 17:46:40 [WARNING] Slow query detected: execution time 3309ms
2025-07-04 16:45:05 [INFO] Scheduled backup completed successfully
2025-07-04 14:08:51 [INFO] Service inventory started
2025-07-04 19:47:15 [INFO] Scheduled backup completed successfully
2025-07-04 21:41:37 [WARNING] Failed login attempt for user: alice. Retrying...
2025-07-04 06:17:36 [INFO] User login successful for user: diana
2025-07-04 13:07:25 [INFO] Cache cleared successfully
2025-07-04 23:06:26 [INFO] Cache cleared successfully
2025-07-04 01:26:23 [INFO] User login successful for user: alice
2025-07-04 17:43:36 [INFO] File uploaded: report.pdf
2025-07-04 06:30:34 [INFO] Service payment started
2025-07-04 09:03:57 [WARNING] High memory usage detected
2025-07-04 08:49:25 [WARNING] Failed login attempt for user: charlie. Retrying...
2025-07-04 20:34:59 [INFO] Service auth started
2025-07-04 12:28:18 [DEBUG] Query executed: SELECT * FROM users
2025-07-04 06:42:36 [DEBUG] Query executed: SELECT * FROM users
2025-07-04 19:28:38 [INFO] Database connection established
2025-07-04 04:55:21 [INFO] User login successful for user: bob
2025-07-04 18:04:35 [INFO] Cache cleared successfully
2025-07-04 19:38:44 [WARNING] Slow query detected: execution time 4807ms
2025-07-04 17:13:37 [INFO] Scheduled backup completed successfully
2025-07-04 07:17:20 [INFO] User login successful for user: alice
2025-07-04 20:37:33 [WARNING] Second failed login attempt for user: eve. Next attempt will ERROR. Retrying...
2025-07-04 07:34:46 [INFO] Cache cleared successfully
2025-07-04 20:05:24 [INFO] Scheduled backup completed successfully
2025-07-04 03:48:49 [INFO] User login successful for user: bob
2025-07-04 05:27:19 [ERROR] Deadlock detected in transaction ID 3335
2025-07-04 10:15:09 [WARNING] High memory usage detected
2025-07-04 03:33:30 [ERROR] File write failed: backup.zip
2025-07-04 14:59:47 [WARNING] Slow query detected: execution time 4359ms
2025-07-04 15:03:20 [INFO] File uploaded: data.csv
2025-07-04 17:03:20 [INFO] Service payment started
2025-07-04 00:46:52 [INFO] Cache cleared successfully
2025-07-04 13:03:52 [INFO] Database connection established
2025-07-04 06:25:44 [INFO] Service inventory started
2025-07-04 07:12:05 [INFO] File uploaded: data.csv
2025-07-04 22:02:22 [INFO] Database connection established
2025-07-04 19:51:08 [WARNING] Second failed login attempt for user: diana. Next attempt will ERROR. Retrying...
2025-07-04 06:52:11 [INFO] Scheduled backup completed successfully
2025-07-04 10:14:09 [INFO] Database connection established
2025-07-04 12:23:12 [ERROR] Service payment crashed
2025-07-04 16:11:13 [INFO] Service payment started
2025-07-04 23:59:53 [ERROR] Service inventory crashed
2025-07-04 20:01:05 [INFO] File uploaded: report.pdf
2025-07-04 12:25:50 [WARNING] High memory usage detected
2025-07-04 08:56:07 [ERROR] Database connection lost
2025-07-04 13:33:12 [ERROR] Database connection lost
2025-07-04 19:56:47 [ERROR] Email sending failed to recipient: user@gmail.com
2025-07-04 07:32:03 [INFO] User login successful for user: diana
2025-07-04 01:57:41 [ERROR] Database connection lost
2025-07-04 15:24:04 [ERROR] Unhandled exception: TimeoutError
2025-07-04 14:24:45 [INFO] User login successful for user: diana
2025-07-04 17:01:50 [DEBUG] Query executed: SELECT * FROM users
2025-07-04 08:17:19 [WARNING] Failed login attempt for user: bob. Retrying...
2025-07-04 12:38:58 [WARNING] Second failed login attempt for user: charlie. Next attempt will ERROR. Retrying...
2025-07-04 07:19:59 [WARNING] Configuration file deprecated: report.pdf
2025-07-04 05:54:18 [INFO] User login successful for user: diana
2025-07-04 03:33:47 [ERROR] Email sending failed to recipient: user@gmail.com
2025-07-04 07:43:32 [INFO] Cache cleared successfully
2025-07-04 08:43:56 [INFO] Cache cleared successfully
2025-07-04 00:40:44 [WARNING] Slow query detected: execution time 3227ms
2025-07-04 10:27:49 [INFO] Service auth started
2025-07-04 20:16:26 [INFO] Database connection established
2025-07-04 10:24:02 [INFO] File uploaded: data.csv
2025-07-04 17:33:54 [WARNING] API response time exceeded threshold
2025-07-04 18:39:42 [WARNING] Failed login attempt for user: eve. Retrying...
2025-07-04 13:27:28 [INFO] Service auth started
2025-07-04 22:48:34 [WARNING] Failed login attempt for user: eve. Retrying...
2025-07-04 12:18:13 [INFO] User login successful for user: alice
2025-07-04 07:10:46 [INFO] Cache cleared successfully
2025-07-04 03:32:18 [INFO] Cache cleared successfully
2025-07-04 15:39:11 [INFO] Cache cleared successfully
2025-07-04 08:23:53 [WARNING] Second failed login attempt for user: eve. Next attempt will ERROR. Retrying...
2025-07-04 19:58:14 [INFO] Scheduled backup completed successfully
2025-07-04 10:51:46 [INFO] Scheduled backup completed successfully
2025-07-04 15:29:22 [INFO] Database connection established
2025-07-04 02:33:08 [INFO] User login successful for user: diana
2025-07-04 10:50:15 [WARNING] Configuration file deprecated: report.pdf
2025-07-04 19:24:26 [WARNING] Second failed login attempt for user: bob. Next attempt will ERROR. Retrying...
2025-07-04 11:59:01 [INFO] User login successful for user: charlie
2025-07-04 18:56:27 [INFO] Cache cleared successfully
2025-07-04 14:19:22 [INFO] User login successful for user: diana
2025-07-04 06:19:46 [INFO] User login successful for user: eve
2025-07-04 07:43:06 [ERROR] Database connection lost
2025-07-04 11:14:41 [INFO] Database connection established
2025-07-04 22:33:47 [INFO] Service payment started
2025-07-04 18:31:04 [INFO] User login successful for user: bob
2025-07-04 00:00:14 [ERROR] Deadlock detected in transaction ID 3758
2025-07-04 21:34:37 [ERROR] Unhandled exception: FileNotFoundError
2025-07-04 19:41:16 [WARNING] Disk space low: 2597 remaining
2025-07-04 11:19:39 [INFO] Cache cleared successfully
2025-07-04 06:12:46 [INFO] Cache cleared successfully
2025-07-04 12:52:06 [INFO] Scheduled backup completed successfully
2025-07-04 08:15:50 [INFO] User login successful for user: bob
2025-07-04 18:51:46 [WARNING] High memory usage detected
2025-07-04 23:03:58 [WARNING] Failed login attempt for user: diana. Retrying...
2025-07-04 03:12:21 [WARNING] Second failed login attempt for user: diana. Next attempt will ERROR. Retrying...
2025-07-04 13:10:42 [INFO] Scheduled backup completed successfully
2025-07-04 22:59:20 [INFO] Database connection established
2025-07-04 22:12:26 [INFO] Database connection established
2025-07-04 19:03:28 [INFO] File uploaded: data.csv
2025-07-04 23:08:43 [INFO] User login successful for user: alice
2025-07-04 14:18:19 [INFO] User login successful for user: eve
2025-07-04 23:05:32 [INFO] File uploaded: data.csv
2025-07-04 02:59:57 [ERROR] File write failed: data.csv
2025-07-04 17:22:42 [INFO] Database connection established
2025-07-04 10:20:03 [INFO] Cache cleared successfully
2025-07-04 18:31:44 [ERROR] File write failed: backup.zip
2025-07-04 13:37:24 [ERROR] Deadlock detected in transaction ID 4915
2025-07-04 11:23:37 [DEBUG] Entering function process_payment with arguments: 7
2025-07-04 17:15:59 [WARNING] Configuration file deprecated: data.csv
2025-07-04 23:22:38 [WARNING] Configuration file deprecated: backup.zip
2025-07-04 10:37:12 [INFO] Scheduled backup completed successfully
2025-07-04 04:29:20 [WARNING] Configuration file deprecated: report.pdf
2025-07-04 01:05:45 [INFO] User login successful for user: diana
2025-07-04 04:16:04 [INFO] User login successful for user: eve
2025-07-04 00:14:06 [INFO] Database connection established
2025-07-04 20:11:34 [INFO] Scheduled backup completed successfully
2025-07-04 05:00:30 [INFO] User login successful for user: eve
2025-07-04 02:48:50 [DEBUG] Session token generated for user: eve
2025-07-04 15:36:21 [INFO] User login successful for user: bob
2025-07-04 21:14:34 [INFO] User login successful for user: bob
2025-07-04 12:54:04 [ERROR] Unhandled exception: NullPointerException
2025-07-04 09:35:15 [INFO] Service inventory started
2025-07-04 02:58:32 [INFO] Service auth started
2025-07-04 15:14:31 [DEBUG] Temporary file created at: config.yml
2025-07-04 02:01:06 [ERROR] Email sending failed to recipient: user@gmail.com
2025-07-04 06:36:37 [INFO] User login successful for user: eve
2025-07-04 09:33:02 [DEBUG] Query executed: SELECT * FROM users
2025-07-04 22:41:28 [WARNING] Configuration file deprecated: data.csv
2025-07-04 10:30:04 [INFO] Scheduled backup completed successfully
2025-07-04 23:22:52 [WARNING] Configuration file deprecated: backup.zip
2025-07-04 18:14:17 [INFO] Database connection established
2025-07-04 19:01:45 [WARNING] High memory usage detected
2025-07-04 05:39:40 [WARNING] High memory usage detected
2025-07-04 05:44:53 [WARNING] High memory usage detected
2025-07-04 02:57:12 [DEBUG] Session token generated for user: charlie
2025-07-04 23:11:17 [INFO] Service payment started
2025-07-04 23:37:42 [WARNING] Second failed login attempt for user: alice. Next attempt will ERROR. Retrying...
2025-07-04 20:00:13 [DEBUG] Session token generated for user: bob
2025-07-04 15:49:50 [DEBUG] Query executed: UPDATE orders SET status='shipped' WHERE id=42
2025-07-04 22:02:22 [WARNING] Second failed login attempt for user: eve. Next attempt will ERROR. Retrying...
2025-07-04 00:15:45 [INFO] Service notification started
2025-07-04 03:26:59 [INFO] User login successful for user: eve
2025-07-04 14:26:43 [INFO] Cache cleared successfully
2025-07-04 02:01:48 [INFO] Scheduled backup completed successfully
2025-07-04 08:37:52 [INFO] Cache cleared successfully
2025-07-04 20:02:02 [DEBUG] Entering function generate_report with arguments: 4
2025-07-04 00:46:32 [INFO] File uploaded: report.pdf
2025-07-04 00:16:13 [DEBUG] Query executed: SELECT * FROM users
2025-07-04 04:41:55 [DEBUG] Query executed: SELECT * FROM users
2025-07-04 07:18:10 [ERROR] Unhandled exception: NullPointerException
2025-07-04 18:28:23 [INFO] Scheduled backup completed successfully
2025-07-04 10:44:33 [INFO] File uploaded: report.pdf
2025-07-04 17:51:23 [DEBUG] Variable x has value: 559
2025-07-04 15:57:44 [WARNING] Second failed login attempt for user: eve. Next attempt will ERROR. Retrying...
2025-07-04 11:46:10 [ERROR] Unhandled exception: FileNotFoundError
2025-07-04 04:28:19 [INFO] Scheduled backup completed successfully
2025-07-04 05:27:26 [INFO] Scheduled backup completed successfully
2025-07-04 01:05:44 [INFO] Database connection established
2025-07-04 01:33:48 [INFO] Service auth started
2025-07-04 01:38:33 [ERROR] Email sending failed to recipient: admin@google.com
2025-07-04 07:18:16 [INFO] Cache cleared successfully
