2025-08-01 04:18:26 [INFO] Cache cleared successfully
2025-08-01 13:20:19 [ERROR] Service notification crashed
2025-08-01 03:58:38 [WARNING] Failed login attempt for user: charlie. Retrying...
2025-08-01 04:38:47 [WARNING] High memory usage detected
2025-08-01 15:45:34 [WARNING] Slow query detected: execution time 3507ms
2025-08-01 20:06:58 [INFO] Service auth started
2025-08-01 23:28:18 [INFO] Cache cleared successfully
2025-08-01 19:26:30 [INFO] Scheduled backup completed successfully
2025-08-01 17:57:03 [INFO] Service payment started
2025-08-01 02:06:29 [WARNING] Disk space low: 4861 remaining
2025-08-01 18:29:42 [INFO] User login successful for user: diana
2025-08-01 16:16:20 [INFO] Service notification started
2025-08-01 01:08:41 [WARNING] API response time exceeded threshold
2025-08-01 23:22:33 [INFO] Cache cleared successfully
2025-08-01 21:44:48 [DEBUG] Entering function process_payment with arguments: 3
2025-08-01 12:21:55 [INFO] Database connection established
2025-08-01 23:16:45 [WARNING] High memory usage detected
2025-08-01 07:55:05 [ERROR] Email sending failed to recipient: user@gmail.com
2025-08-01 19:09:02 [INFO] Service payment started
2025-08-01 09:46:06 [INFO] Database connection established
2025-08-01 23:26:55 [WARNING] Configuration file deprecated: report.pdf
2025-08-01 08:21:43 [INFO] File uploaded: config.yml
2025-08-01 17:17:48 [DEBUG] Variable x has value: 696
2025-08-01 04:22:53 [ERROR] Unhandled exception: NullPointerException
2025-08-01 20:49:31 [INFO] File uploaded: report.pdf
2025-08-01 00:07:50 [INFO] Database connection established
2025-08-01 18:13:06 [INFO] Service inventory started
2025-08-01 11:01:36 [INFO] File uploaded: backup.zip
2025-08-01 03:50:22 [ERROR] File write failed: config.yml
2025-08-01 21:24:10 [INFO] File uploaded: config.yml
2025-08-01 00:00:06 [INFO] Scheduled backup completed successfully
2025-08-01 03:03:34 [WARNING] Slow query detected: execution time 4453ms
2025-08-01 03:25:18 [INFO] Cache cleared successfully
2025-08-01 16:41:00 [INFO] File uploaded: config.yml
2025-08-01 17:58:21 [INFO] File uploaded: report.pdf
2025-08-01 06:57:03 [INFO] Scheduled backup completed successfully
2025-08-01 01:04:51 [INFO] File uploaded: data.csv
2025-08-01 02:44:12 [INFO] Scheduled backup completed successfully
2025-08-01 21:13:40 [INFO] User login successful for user: eve
2025-08-01 22:15:17 [ERROR] Deadlock detected in transaction ID 1860
2025-08-01 04:02:07 [INFO] Cache cleared successfully
2025-08-01 09:00:47 [ERROR] Deadlock detected in transaction ID 3796
2025-08-01 02:20:58 [INFO] Scheduled backup completed successfully
2025-08-01 17:41:54 [INFO] User login successful for user: bob
2025-08-01 18:48:46 [INFO] Service payment started
2025-08-01 10:06:17 [INFO] File uploaded: config.yml
2025-08-01 01:38:36 [INFO] File uploaded: data.csv
2025-08-01 01:12:30 [ERROR] Deadlock detected in transaction ID 1729
2025-08-01 15:53:05 [INFO] File uploaded: config.yml
2025-08-01 00:38:05 [INFO] File uploaded: backup.zip
2025-08-01 11:18:32 [INFO] Scheduled backup completed successfully
2025-08-01 10:47:57 [WARNING] Slow query detected: execution time 970ms
2025-08-01 23:49:08 [ERROR] Service auth crashed
2025-08-01 23:40:19 [INFO] Service inventory started
2025-08-01 23:19:02 [ERROR] Email sending failed to recipient: support@amazon.com
2025-08-01 03:15:05 [WARNING] Second failed login attempt for user: diana. Next attempt will ERROR. Retrying...
2025-08-01 06:52:57 [INFO] User login successful for user: diana
2025-08-01 12:56:44 [INFO] Database connection established
2025-08-01 16:59:39 [ERROR] Service inventory crashed
2025-08-01 23:08:44 [INFO] Cache cleared successfully
2025-08-01 22:27:19 [INFO] Cache cleared successfully
2025-08-01 01:58:45 [INFO] File uploaded: backup.zip
2025-08-01 05:56:27 [ERROR] Email sending failed to recipient: admin@google.com
2025-08-01 01:05:19 [INFO] Cache cleared successfully
2025-08-01 02:38:54 [WARNING] Failed login attempt for user: bob. Retrying...
2025-08-01 13:25:32 [INFO] File uploaded: backup.zip
2025-08-01 12:07:59 [WARNING] High memory usage detected
2025-08-01 04:13:55 [INFO] Cache cleared successfully
2025-08-01 22:19:56 [INFO] User login successful for user: diana
2025-08-01 08:40:36 [WARNING] High memory usage detected
2025-08-01 09:35:15 [WARNING] Configuration file deprecated: data.csv
2025-08-01 09:30:36 [WARNING] API response time exceeded threshold
2025-08-01 21:13:24 [INFO] File uploaded: report.pdf
2025-08-01 03:53:13 [ERROR] Unhandled exception: FileNotFoundError
2025-08-01 07:42:10 [INFO] User login successful for user: charlie
2025-08-01 12:50:43 [INFO] Cache cleared successfully
2025-08-01 22:44:02 [INFO] Service payment started
2025-08-01 06:24:19 [INFO] Scheduled backup completed successfully
2025-08-01 15:20:50 [ERROR] Database connection lost
2025-08-01 21:17:42 [ERROR] File write failed: data.csv
2025-08-01 13:10:27 [INFO] Scheduled backup completed successfully
2025-08-01 17:53:13 [INFO] Scheduled backup completed successfully
2025-08-01 18:36:52 [INFO] Scheduled backup completed successfully
2025-08-01 00:19:30 [INFO] Service payment started
2025-08-01 23:36:49 [INFO] File uploaded: config.yml
2025-08-01 04:46:00 [DEBUG] Session token generated for user: diana
2025-08-01 18:43:51 [ERROR] Database connection lost
2025-08-01 06:04:50 [DEBUG] Query executed: UPDATE orders SET status='shipped' WHERE id=42
2025-08-01 04:40:41 [INFO] Database connection established
2025-08-01 01:54:07 [DEBUG] Variable x has value: 4013
2025-08-01 05:25:25 [ERROR] Unhandled exception: TimeoutError
2025-08-01 09:32:09 [ERROR] Service notification crashed
2025-08-01 23:49:11 [DEBUG] Session token generated for user: charlie
2025-08-01 20:44:44 [WARNING] High memory usage detected
2025-08-01 12:51:58 [ERROR] Database connection lost
2025-08-01 18:28:58 [ERROR] Email sending failed to recipient: user@gmail.com
2025-08-01 07:15:38 [INFO] Cache cleared successfully
2025-08-01 22:27:28 [ERROR] Deadlock detected in transaction ID 108
2025-08-01 14:53:13 [INFO] Service notification started
2025-08-01 13:38:31 [INFO] User login successful for user: bob
2025-08-01 21:26:10 [INFO] Cache cleared successfully
2025-08-01 14:44:03 [INFO] Cache cleared successfully
2025-08-01 09:58:43 [DEBUG] Variable x has value: 2383
2025-08-01 23:50:11 [INFO] Scheduled backup completed successfully
2025-08-01 18:41:10 [WARNING] Failed login attempt for user: bob. Retrying...
2025-08-01 12:47:11 [INFO] File uploaded: config.yml
2025-08-01 08:55:29 [WARNING] API response time exceeded threshold
2025-08-01 12:44:34 [INFO] User login successful for user: alice
2025-08-01 15:34:44 [WARNING] Slow query detected: execution time 2173ms
2025-08-01 16:54:50 [INFO] Cache cleared successfully
2025-08-01 17:26:21 [DEBUG] Query executed: UPDATE orders SET status='shipped' WHERE id=42
2025-08-01 00:52:04 [INFO] User login successful for user: charlie
2025-08-01 06:26:46 [INFO] Database connection established
2025-08-01 16:58:58 [INFO] Cache cleared successfully
2025-08-01 16:28:42 [ERROR] Database connection lost
2025-08-01 20:53:26 [INFO] Scheduled backup completed successfully
2025-08-01 10:35:33 [INFO] Scheduled backup completed successfully
2025-08-01 07:51:09 [ERROR] File write failed: config.yml
2025-08-01 19:19:10 [WARNING] Configuration file deprecated: report.pdf
2025-08-01 19:20:12 [INFO] Database connection established
2025-08-01 10:56:19 [INFO] Database connection established
2025-08-01 08:34:46 [INFO] Service payment started
2025-08-01 07:30:12 [WARNING] High memory usage detected
2025-08-01 08:28:24 [WARNING] Configuration file deprecated: report.pdf
2025-08-01 20:34:57 [INFO] Database connection established
2025-08-01 07:40:38 [WARNING] High memory usage detected
2025-08-01 10:54:35 [ERROR] Database connection lost
2025-08-01 13:07:16 [DEBUG] Variable x has value: 841
2025-08-01 19:12:24 [INFO] Scheduled backup completed successfully
2025-08-01 12:46:23 [WARNING] Configuration file deprecated: report.pdf
2025-08-01 15:18:45 [INFO] File uploaded: backup.zip
2025-08-01 23:50:23 [INFO] File uploaded: data.csv
2025-08-01 22:29:04 [INFO] User login successful for user: alice
2025-08-01 22:38:21 [ERROR] Database connection lost
2025-08-01 18:15:13 [WARNING] Failed login attempt for user: bob. Retrying...
2025-08-01 18:40:06 [DEBUG] Variable x has value: 543
2025-08-01 22:42:57 [WARNING] API response time exceeded threshold
2025-08-01 04:43:07 [ERROR] Deadlock detected in transaction ID 4558
2025-08-01 11:53:45 [DEBUG] Query executed: UPDATE orders SET status='shipped' WHERE id=42
2025-08-01 03:57:49 [INFO] User login successful for user: diana
2025-08-01 09:51:50 [WARNING] Configuration file deprecated: config.yml
2025-08-01 13:30:50 [WARNING] Second failed login attempt for user: eve. Next attempt will ERROR. Retrying...
2025-08-01 07:18:13 [INFO] File uploaded: config.yml
2025-08-01 16:04:57 [WARNING] API response time exceeded threshold
2025-08-01 10:58:37 [INFO] Scheduled backup completed successfully
2025-08-01 07:21:03 [DEBUG] Entering function send_email with arguments: 7
2025-08-01 03:54:08 [INFO] Database connection established
2025-08-01 00:18:31 [INFO] Scheduled backup completed successfully
2025-08-01 13:59:00 [WARNING] API response time exceeded threshold
2025-08-01 22:17:41 [INFO] Scheduled backup completed successfully
2025-08-01 07:32:58 [INFO] File uploaded: config.yml
2025-08-01 22:37:19 [DEBUG] Variable x has value: 1937
2025-08-01 05:54:40 [INFO] Scheduled backup completed successfully
2025-08-01 03:02:00 [INFO] User login successful for user: diana
2025-08-01 19:48:21 [INFO] Service auth started
2025-08-01 08:20:05 [INFO] Database connection established
2025-08-01 14:03:53 [INFO] User login successful for user: alice
2025-08-01 16:57:38 [INFO] Service auth started
2025-08-01 07:51:47 [WARNING] Disk space low: 261 remaining
2025-08-01 12:34:39 [INFO] User login successful for user: alice
2025-08-01 01:08:56 [INFO] File uploaded: report.pdf
2025-08-01 01:48:48 [INFO] Service notification started
2025-08-01 02:32:56 [INFO] Database connection established
2025-08-01 09:44:00 [INFO] User login successful for user: eve
2025-08-01 11:16:25 [INFO] File uploaded: report.pdf
2025-08-01 10:42:38 [INFO] Scheduled backup completed successfully
2025-08-01 07:49:31 [INFO] Database connection established
2025-08-01 07:50:57 [INFO] Service auth started
2025-08-01 05:16:11 [ERROR] File write failed: backup.zip
2025-08-01 02:31:48 [INFO] Scheduled backup completed successfully
2025-08-01 08:33:16 [WARNING] Failed login attempt for user: charlie. Retrying...
2025-08-01 23:35:40 [INFO] Cache cleared successfully
2025-08-01 01:53:25 [INFO] Database connection established
2025-08-01 06:53:01 [INFO] Service auth started
2025-08-01 06:52:33 [INFO] Service payment started
2025-08-01 20:15:12 [DEBUG] Temporary file created at: report.pdf
2025-08-01 20:52:12 [INFO] Scheduled backup completed successfully
2025-08-01 13:43:48 [INFO] File uploaded: report.pdf
2025-08-01 01:05:17 [ERROR] Unhandled exception: TimeoutError
2025-08-01 20:05:36 [INFO] Scheduled backup completed successfully
2025-08-01 12:18:11 [ERROR] Service inventory crashed
2025-08-01 18:41:30 [WARNING] Disk space low: 2822 remaining
2025-08-01 00:13:33 [DEBUG] Temporary file created at: report.pdf
2025-08-01 23:43:11 [INFO] Database connection established
2025-08-01 02:15:39 [INFO] Cache cleared successfully
2025-08-01 18:58:37 [INFO] Database connection established
2025-08-01 01:00:44 [INFO] Database connection established
2025-08-01 03:23:31 [WARNING] Second failed login attempt for user: eve. Next attempt will ERROR. Retrying...
2025-08-01 02:59:33 [ERROR] Database connection lost
2025-08-01 14:06:46 [INFO] User login successful for user: charlie
2025-08-01 09:53:35 [ERROR] Email sending failed to recipient: admin@google.com
2025-08-01 20:01:11 [WARNING] API response time exceeded threshold
2025-08-01 22:30:21 [ERROR] Service inventory crashed
2025-08-01 02:24:24 [ERROR] Email sending failed to recipient: admin@google.com
2025-08-01 00:24:27 [WARNING] Second failed login attempt for user: bob. Next attempt will ERROR. Retrying...
2025-08-01 03:30:00 [ERROR] File write failed: report.pdf
2025-08-01 07:39:36 [INFO] Scheduled backup completed successfully
2025-08-01 21:33:04 [ERROR] Email sending failed to recipient: support@amazon.com
2025-08-01 07:56:29 [INFO] User login successful for user: alice
2025-08-01 20:30:46 [INFO] File uploaded: backup.zip
2025-08-01 07:33:06 [ERROR] File write failed: data.csv
2025-08-01 15:50:26 [ERROR] File write failed: backup.zip
2025-08-01 06:00:21 [INFO] Cache cleared successfully
2025-08-01 19:56:05 [ERROR] Deadlock detected in transaction ID 2281
2025-08-01 21:56:01 [ERROR] Service notification crashed
2025-08-01 16:37:48 [INFO] Cache cleared successfully
2025-08-01 13:14:15 [INFO] Service inventory started
2025-08-01 21:59:19 [WARNING] High memory usage detected
2025-08-01 01:34:57 [INFO] Scheduled backup completed successfully
2025-08-01 11:00:21 [INFO] User login successful for user: eve
2025-08-01 17:12:51 [INFO] Cache cleared successfully
2025-08-01 05:30:03 [INFO] Database connection established
2025-08-01 08:13:53 [INFO] Service payment started
2025-08-01 22:47:10 [DEBUG] Entering function send_email with arguments: 10
2025-08-01 19:22:51 [WARNING] Second failed login attempt for user: charlie. Next attempt will ERROR. Retrying...
2025-08-01 18:31:41 [INFO] Database connection established
2025-08-01 12:49:32 [INFO] User login successful for user: charlie
