2025-07-09 22:46:31 [INFO] File uploaded: data.csv
2025-07-09 15:32:12 [ERROR] Email sending failed to recipient: support@amazon.com
2025-07-09 23:46:14 [INFO] Service inventory started
2025-07-09 13:38:19 [INFO] User login successful for user: alice
2025-07-09 04:17:53 [ERROR] File write failed: config.yml
2025-07-09 01:57:14 [INFO] Database connection established
2025-07-09 17:15:13 [DEBUG] Query executed: SELECT * FROM users
2025-07-09 20:30:26 [INFO] Service inventory started
2025-07-09 12:37:42 [INFO] Scheduled backup completed successfully
2025-07-09 06:06:07 [INFO] User login successful for user: eve
2025-07-09 03:45:43 [INFO] Scheduled backup completed successfully
2025-07-09 16:26:43 [INFO] File uploaded: data.csv
2025-07-09 17:02:40 [ERROR] File write failed: backup.zip
2025-07-09 21:56:37 [INFO] Service payment started
2025-07-09 02:00:37 [INFO] Database connection established
2025-07-09 06:19:15 [ERROR] Email sending failed to recipient: user@gmail.com
2025-07-09 16:56:31 [ERROR] Service auth crashed
2025-07-09 05:08:03 [INFO] Service payment started
2025-07-09 06:07:34 [INFO] Service payment started
2025-07-09 02:01:28 [WARNING] High memory usage detected
2025-07-09 00:57:42 [INFO] Service notification started
2025-07-09 14:17:05 [ERROR] Database connection lost
2025-07-09 10:26:42 [INFO] Service inventory started
2025-07-09 09:00:31 [ERROR] Deadlock detected in transaction ID 248
2025-07-09 10:32:56 [INFO] User login successful for user: diana
2025-07-09 10:37:50 [WARNING] Second failed login attempt for user: alice. Next attempt will ERROR. Retrying...
2025-07-09 20:39:50 [WARNING] Second failed login attempt for user: bob. Next attempt will ERROR. Retrying...
2025-07-09 15:15:52 [ERROR] Service auth crashed
2025-07-09 06:49:11 [INFO] Scheduled backup completed successfully
2025-07-09 10:29:21 [WARNING] Configuration file deprecated: config.yml
2025-07-09 06:36:07 [ERROR] File write failed: config.yml
2025-07-09 21:43:39 [DEBUG] Variable x has value: 2281
2025-07-09 11:57:17 [INFO] Scheduled backup completed successfully
2025-07-09 04:41:05 [WARNING] Second failed login attempt for user: charlie. Next attempt will ERROR. Retrying...
2025-07-09 21:18:40 [INFO] Cache cleared successfully
2025-07-09 14:48:14 [WARNING] Failed login attempt for user: charlie. Retrying...
2025-07-09 08:52:21 [WARNING] High memory usage detected
2025-07-09 23:46:11 [INFO] File uploaded: config.yml
2025-07-09 04:21:00 [INFO] Scheduled backup completed successfully
2025-07-09 09:34:16 [INFO] Scheduled backup completed successfully
2025-07-09 04:42:14 [INFO] Database connection established
2025-07-09 03:35:34 [DEBUG] Temporary file created at: backup.zip
2025-07-09 09:45:54 [WARNING] Configuration file deprecated: report.pdf
2025-07-09 05:44:34 [INFO] Cache cleared successfully
2025-07-09 09:08:59 [INFO] Service notification started
2025-07-09 11:32:59 [WARNING] Slow query detected: execution time 1731ms
2025-07-09 20:11:34 [WARNING] High memory usage detected
2025-07-09 12:13:21 [INFO] Scheduled backup completed successfully
2025-07-09 11:52:35 [INFO] File uploaded: backup.zip
2025-07-09 12:11:54 [INFO] File uploaded: backup.zip
2025-07-09 07:02:30 [INFO] Database connection established
2025-07-09 03:15:15 [INFO] Database connection established
2025-07-09 21:40:34 [INFO] User login successful for user: diana
2025-07-09 13:12:54 [INFO] Service notification started
2025-07-09 13:06:31 [ERROR] Unhandled exception: NullPointerException
2025-07-09 08:51:53 [INFO] Service payment started
2025-07-09 17:40:08 [INFO] File uploaded: data.csv
2025-07-09 21:36:06 [INFO] File uploaded: report.pdf
2025-07-09 18:55:34 [INFO] Cache cleared successfully
2025-07-09 00:12:13 [INFO] Service auth started
2025-07-09 17:36:40 [INFO] Cache cleared successfully
2025-07-09 21:40:49 [INFO] Service payment started
2025-07-09 19:48:42 [INFO] Database connection established
2025-07-09 01:02:48 [INFO] Database connection established
2025-07-09 21:09:37 [INFO] Scheduled backup completed successfully
2025-07-09 00:38:16 [INFO] File uploaded: backup.zip
2025-07-09 19:46:58 [INFO] User login successful for user: diana
2025-07-09 15:53:00 [WARNING] High memory usage detected
2025-07-09 10:10:05 [WARNING] High memory usage detected
2025-07-09 04:29:11 [WARNING] Slow query detected: execution time 1203ms
2025-07-09 04:53:39 [INFO] Database connection established
2025-07-09 08:11:53 [WARNING] Configuration file deprecated: config.yml
2025-07-09 04:44:07 [ERROR] Email sending failed to recipient: support@amazon.com
2025-07-09 17:02:54 [INFO] File uploaded: config.yml
2025-07-09 08:43:53 [WARNING] API response time exceeded threshold
2025-07-09 02:24:24 [INFO] Database connection established
2025-07-09 10:14:39 [ERROR] Database connection lost
2025-07-09 23:42:02 [INFO] Database connection established
2025-07-09 05:38:22 [INFO] File uploaded: data.csv
2025-07-09 22:07:57 [WARNING] Second failed login attempt for user: diana. Next attempt will ERROR. Retrying...
2025-07-09 01:30:36 [ERROR] File write failed: report.pdf
2025-07-09 13:12:53 [INFO] Database connection established
2025-07-09 02:41:14 [INFO] Database connection established
2025-07-09 09:39:34 [ERROR] File write failed: backup.zip
2025-07-09 18:06:55 [INFO] Cache cleared successfully
2025-07-09 04:20:13 [INFO] Service notification started
2025-07-09 15:07:19 [INFO] Scheduled backup completed successfully
2025-07-09 12:20:01 [DEBUG] Query executed: UPDATE orders SET status='shipped' WHERE id=42
2025-07-09 20:39:09 [INFO] User login successful for user: eve
2025-07-09 22:35:26 [INFO] Service payment started
2025-07-09 04:34:12 [INFO] Service payment started
2025-07-09 04:48:24 [INFO] User login successful for user: diana
2025-07-09 02:16:14 [WARNING] Slow query detected: execution time 23ms
2025-07-09 10:17:08 [ERROR] Email sending failed to recipient: user@gmail.com
2025-07-09 10:39:39 [INFO] Cache cleared successfully
2025-07-09 20:14:08 [INFO] Database connection established
2025-07-09 10:43:25 [INFO] Database connection established
2025-07-09 20:58:32 [WARNING] API response time exceeded threshold
2025-07-09 19:26:54 [WARNING] Second failed login attempt for user: eve. Next attempt will ERROR. Retrying...
2025-07-09 19:03:47 [INFO] File uploaded: backup.zip
2025-07-09 08:46:00 [INFO] Cache cleared successfully
2025-07-09 11:00:39 [ERROR] Email sending failed to recipient: admin@google.com
2025-07-09 16:57:26 [WARNING] Configuration file deprecated: report.pdf
2025-07-09 20:39:08 [WARNING] Configuration file deprecated: report.pdf
2025-07-09 21:32:29 [WARNING] High memory usage detected
2025-07-09 07:19:00 [ERROR] File write failed: backup.zip
2025-07-09 04:56:10 [DEBUG] Query executed: UPDATE orders SET status='shipped' WHERE id=42
2025-07-09 01:30:27 [INFO] File uploaded: report.pdf
2025-07-09 17:54:45 [DEBUG] Variable x has value: 2060
2025-07-09 09:57:37 [WARNING] Failed login attempt for user: eve. Retrying...
2025-07-09 15:58:44 [INFO] Scheduled backup completed successfully
2025-07-09 00:57:17 [INFO] Scheduled backup completed successfully
2025-07-09 05:00:52 [INFO] Cache cleared successfully
2025-07-09 21:39:26 [INFO] Scheduled backup completed successfully
2025-07-09 10:51:36 [INFO] Scheduled backup completed successfully
2025-07-09 21:07:21 [INFO] Scheduled backup completed successfully
2025-07-09 12:57:07 [DEBUG] Entering function process_payment with arguments: 1
2025-07-09 07:30:55 [ERROR] File write failed: data.csv
2025-07-09 08:30:40 [INFO] Scheduled backup completed successfully
2025-07-09 12:09:31 [WARNING] API response time exceeded threshold
2025-07-09 15:11:43 [INFO] File uploaded: data.csv
2025-07-09 14:43:03 [WARNING] Failed login attempt for user: diana. Retrying...
2025-07-09 19:23:00 [INFO] Database connection established
2025-07-09 14:39:00 [INFO] User login successful for user: diana
2025-07-09 06:26:37 [ERROR] File write failed: report.pdf
2025-07-09 02:11:52 [INFO] Database connection established
2025-07-09 21:14:00 [ERROR] Unhandled exception: FileNotFoundError
2025-07-09 22:21:45 [ERROR] Unhandled exception: FileNotFoundError
2025-07-09 08:22:03 [INFO] File uploaded: report.pdf
2025-07-09 21:26:49 [INFO] Cache cleared successfully
2025-07-09 21:23:04 [WARNING] Configuration file deprecated: report.pdf
2025-07-09 04:26:43 [WARNING] Disk space low: 3504 remaining
2025-07-09 08:59:35 [ERROR] Unhandled exception: TimeoutError
2025-07-09 04:32:48 [WARNING] Failed login attempt for user: charlie. Retrying...
2025-07-09 18:58:19 [ERROR] Deadlock detected in transaction ID 2710
2025-07-09 15:18:55 [ERROR] Email sending failed to recipient: admin@google.com
2025-07-09 05:37:31 [ERROR] Deadlock detected in transaction ID 1447
2025-07-09 13:52:49 [INFO] User login successful for user: alice
2025-07-09 13:34:16 [ERROR] Email sending failed to recipient: support@amazon.com
2025-07-09 17:04:50 [INFO] Service inventory started
2025-07-09 21:10:41 [INFO] Database connection established
2025-07-09 04:49:31 [ERROR] Database connection lost
2025-07-09 15:17:20 [WARNING] Disk space low: 3009 remaining
2025-07-09 00:08:41 [INFO] Service inventory started
2025-07-09 18:26:53 [INFO] Scheduled backup completed successfully
2025-07-09 03:28:24 [INFO] File uploaded: report.pdf
2025-07-09 23:50:43 [INFO] Scheduled backup completed successfully
2025-07-09 07:50:15 [INFO] Service payment started
2025-07-09 20:09:32 [WARNING] Slow query detected: execution time 904ms
2025-07-09 00:19:25 [INFO] Scheduled backup completed successfully
2025-07-09 21:04:49 [INFO] File uploaded: report.pdf
2025-07-09 12:00:48 [INFO] Scheduled backup completed successfully
2025-07-09 03:13:13 [WARNING] API response time exceeded threshold
2025-07-09 02:20:14 [INFO] Database connection established
2025-07-09 09:14:59 [INFO] File uploaded: backup.zip
2025-07-09 07:45:30 [INFO] Cache cleared successfully
2025-07-09 17:24:14 [INFO] File uploaded: config.yml
2025-07-09 04:07:30 [WARNING] High memory usage detected
2025-07-09 11:20:45 [INFO] Scheduled backup completed successfully
2025-07-09 20:24:47 [WARNING] Second failed login attempt for user: alice. Next attempt will ERROR. Retrying...
2025-07-09 00:03:47 [WARNING] Failed login attempt for user: diana. Retrying...
2025-07-09 18:57:27 [INFO] User login successful for user: diana
2025-07-09 07:34:43 [INFO] Database connection established
2025-07-09 04:42:05 [WARNING] API response time exceeded threshold
2025-07-09 16:41:03 [WARNING] Slow query detected: execution time 3069ms
2025-07-09 06:08:14 [WARNING] API response time exceeded threshold
2025-07-09 23:08:58 [WARNING] API response time exceeded threshold
2025-07-09 09:00:53 [WARNING] High memory usage detected
2025-07-09 21:45:17 [INFO] File uploaded: data.csv
2025-07-09 19:06:10 [WARNING] Disk space low: 429 remaining
2025-07-09 16:03:24 [ERROR] Service payment crashed
2025-07-09 13:50:16 [INFO] Cache cleared successfully
2025-07-09 02:28:36 [WARNING] API response time exceeded threshold
2025-07-09 00:10:13 [ERROR] Email sending failed to recipient: support@amazon.com
2025-07-09 21:42:57 [ERROR] Email sending failed to recipient: user@gmail.com
2025-07-09 06:00:46 [DEBUG] Query executed: SELECT * FROM users
2025-07-09 23:15:08 [INFO] Service notification started
2025-07-09 21:28:55 [INFO] Scheduled backup completed successfully
2025-07-09 07:54:01 [ERROR] Unhandled exception: NullPointerException
2025-07-09 14:04:41 [INFO] User login successful for user: bob
2025-07-09 03:30:00 [ERROR] Service auth crashed
2025-07-09 22:37:36 [ERROR] Deadlock detected in transaction ID 122
2025-07-09 15:58:42 [INFO] Cache cleared successfully
2025-07-09 03:17:12 [INFO] File uploaded: backup.zip
2025-07-09 05:35:06 [INFO] File uploaded: config.yml
2025-07-09 01:53:47 [INFO] User login successful for user: diana
2025-07-09 02:37:53 [ERROR] File write failed: backup.zip
2025-07-09 00:49:58 [INFO] Service notification started
2025-07-09 23:13:53 [INFO] File uploaded: report.pdf
2025-07-09 03:50:40 [WARNING] High memory usage detected
2025-07-09 19:22:14 [INFO] File uploaded: config.yml
2025-07-09 06:17:41 [INFO] Cache cleared successfully
2025-07-09 14:42:55 [INFO] Cache cleared successfully
2025-07-09 00:42:26 [INFO] Database connection established
2025-07-09 21:25:22 [WARNING] Slow query detected: execution time 1066ms
2025-07-09 14:34:59 [ERROR] Email sending failed to recipient: user@gmail.com
2025-07-09 15:33:36 [WARNING] Configuration file deprecated: backup.zip
2025-07-09 12:03:35 [DEBUG] Query executed: UPDATE orders SET status='shipped' WHERE id=42
2025-07-09 13:20:40 [WARNING] High memory usage detected
2025-07-09 13:22:30 [DEBUG] Variable x has value: 2492
2025-07-09 11:35:56 [WARNING] High memory usage detected
2025-07-09 21:09:56 [INFO] Service payment started
2025-07-09 04:32:59 [INFO] User login successful for user: charlie
2025-07-09 15:26:50 [DEBUG] Session token generated for user: alice
2025-07-09 12:12:47 [INFO] Service auth started
2025-07-09 22:49:38 [ERROR] Unhandled exception: NullPointerException
2025-07-09 20:47:35 [WARNING] Failed login attempt for user: alice. Retrying...
2025-07-09 11:46:27 [WARNING] Slow query detected: execution time 2083ms
2025-07-09 13:47:57 [ERROR] Service auth crashed
2025-07-09 07:31:33 [INFO] User login successful for user: alice
2025-07-09 14:06:17 [INFO] File uploaded: data.csv
2025-07-09 03:37:47 [WARNING] Failed login attempt for user: alice. Retrying...
2025-07-09 09:53:02 [INFO] Cache cleared successfully
2025-07-09 23:02:07 [DEBUG] Variable x has value: 1249
2025-07-09 16:06:50 [INFO] Scheduled backup completed successfully
2025-07-09 10:49:43 [INFO] Cache cleared successfully
2025-07-09 00:31:45 [WARNING] API response time exceeded threshold
2025-07-09 08:13:28 [ERROR] Email sending failed to recipient: support@amazon.com
2025-07-09 04:26:53 [INFO] Scheduled backup completed successfully
2025-07-09 16:25:20 [INFO] Cache cleared successfully
2025-07-09 23:04:53 [INFO] User login successful for user: charlie
2025-07-09 11:48:18 [ERROR] Unhandled exception: TimeoutError
2025-07-09 20:08:13 [INFO] Scheduled backup completed successfully
2025-07-09 03:37:32 [INFO] Scheduled backup completed successfully
2025-07-09 12:49:55 [INFO] Database connection established
2025-07-09 17:23:30 [WARNING] Slow query detected: execution time 1966ms
2025-07-09 17:52:18 [INFO] Cache cleared successfully
2025-07-09 11:15:07 [WARNING] API response time exceeded threshold
2025-07-09 01:13:58 [WARNING] Configuration file deprecated: config.yml
2025-07-09 03:27:37 [INFO] User login successful for user: diana
2025-07-09 23:56:26 [INFO] User login successful for user: bob
2025-07-09 17:02:56 [DEBUG] Query executed: UPDATE orders SET status='shipped' WHERE id=42
2025-07-09 19:03:49 [ERROR] File write failed: config.yml
2025-07-09 00:29:52 [INFO] Cache cleared successfully
2025-07-09 11:08:09 [INFO] File uploaded: report.pdf
2025-07-09 15:44:44 [INFO] File uploaded: config.yml
2025-07-09 18:43:41 [INFO] User login successful for user: eve
2025-07-09 12:07:37 [INFO] Database connection established
2025-07-09 07:03:46 [ERROR] Deadlock detected in transaction ID 535
2025-07-09 19:22:47 [INFO] User login successful for user: diana
2025-07-09 11:47:16 [INFO] Service payment started
2025-07-09 22:12:01 [WARNING] Second failed login attempt for user: charlie. Next attempt will ERROR. Retrying...
2025-07-09 22:02:50 [ERROR] Deadlock detected in transaction ID 2615
2025-07-09 01:34:34 [INFO] Database connection established
2025-07-09 01:35:41 [WARNING] High memory usage detected
2025-07-09 07:16:24 [DEBUG] Query executed: SELECT * FROM users
2025-07-09 08:25:14 [INFO] Database connection established
2025-07-09 23:59:48 [INFO] User login successful for user: alice
2025-07-09 05:31:32 [INFO] Database connection established
2025-07-09 14:39:59 [INFO] Cache cleared successfully
2025-07-09 02:45:15 [INFO] Scheduled backup completed successfully
2025-07-09 01:33:36 [ERROR] Email sending failed to recipient: admin@google.com
2025-07-09 09:55:56 [INFO] Cache cleared successfully
2025-07-09 13:05:09 [INFO] Service payment started
2025-07-09 07:48:25 [INFO] Scheduled backup completed successfully
2025-07-09 00:19:00 [INFO] File uploaded: config.yml
2025-07-09 20:51:00 [ERROR] Service inventory crashed
2025-07-09 05:25:59 [WARNING] Second failed login attempt for user: eve. Next attempt will ERROR. Retrying...
2025-07-09 00:16:45 [INFO] Service inventory started
2025-07-09 17:00:22 [INFO] Cache cleared successfully
2025-07-09 14:06:46 [INFO] User login successful for user: alice
2025-07-09 01:45:24 [WARNING] Second failed login attempt for user: diana. Next attempt will ERROR. Retrying...
2025-07-09 07:09:28 [WARNING] Configuration file deprecated: report.pdf
2025-07-09 10:16:55 [INFO] Database connection established
2025-07-09 13:04:34 [INFO] Database connection established
2025-07-09 00:37:07 [WARNING] Disk space low: 853 remaining
2025-07-09 03:31:39 [INFO] File uploaded: backup.zip
2025-07-09 08:05:13 [INFO] Database connection established
2025-07-09 13:16:20 [INFO] User login successful for user: bob
2025-07-09 16:38:17 [INFO] File uploaded: data.csv
2025-07-09 07:18:21 [ERROR] Unhandled exception: FileNotFoundError
2025-07-09 07:12:40 [INFO] Cache cleared successfully
2025-07-09 04:36:43 [INFO] Database connection established
2025-07-09 21:55:37 [ERROR] Deadlock detected in transaction ID 18
2025-07-09 23:53:55 [INFO] User login successful for user: alice
2025-07-09 17:07:42 [INFO] Database connection established
2025-07-09 21:44:23 [INFO] Scheduled backup completed successfully
2025-07-09 01:27:47 [INFO] Cache cleared successfully
2025-07-09 15:19:33 [INFO] Database connection established
2025-07-09 00:48:10 [INFO] Scheduled backup completed successfully
2025-07-09 02:09:02 [INFO] Service inventory started
2025-07-09 01:37:15 [INFO] File uploaded: backup.zip
2025-07-09 11:20:56 [INFO] Database connection established
2025-07-09 20:27:31 [ERROR] File write failed: backup.zip
2025-07-09 19:21:30 [INFO] Database connection established
2025-07-09 21:53:52 [INFO] File uploaded: backup.zip
2025-07-09 13:53:10 [INFO] Service inventory started
2025-07-09 22:27:17 [INFO] Service auth started
2025-07-09 19:27:22 [WARNING] Failed login attempt for user: eve. Retrying...
2025-07-09 14:08:22 [ERROR] File write failed: report.pdf
2025-07-09 00:30:40 [INFO] File uploaded: report.pdf
2025-07-09 17:24:15 [WARNING] API response time exceeded threshold
2025-07-09 21:35:53 [WARNING] API response time exceeded threshold
2025-07-09 01:41:17 [WARNING] Disk space low: 2989 remaining
2025-07-09 05:37:30 [INFO] Database connection established
2025-07-09 17:13:06 [INFO] File uploaded: backup.zip
2025-07-09 23:42:43 [INFO] User login successful for user: alice
2025-07-09 03:02:25 [DEBUG] Query executed: UPDATE orders SET status='shipped' WHERE id=42
2025-07-09 12:42:21 [INFO] User login successful for user: bob
2025-07-09 01:35:38 [ERROR] File write failed: report.pdf
2025-07-09 21:59:53 [WARNING] Disk space low: 922 remaining
2025-07-09 16:12:48 [INFO] User login successful for user: eve
2025-07-09 04:17:37 [INFO] Service notification started
2025-07-09 18:19:22 [INFO] Service auth started
2025-07-09 05:50:20 [WARNING] API response time exceeded threshold
2025-07-09 04:00:03 [INFO] File uploaded: data.csv
2025-07-09 06:07:18 [INFO] Scheduled backup completed successfully
2025-07-09 03:22:42 [WARNING] Slow query detected: execution time 758ms
2025-07-09 17:46:31 [INFO] Database connection established
2025-07-09 05:51:48 [INFO] Scheduled backup completed successfully
2025-07-09 17:53:31 [INFO] File uploaded: data.csv
2025-07-09 06:07:45 [INFO] User login successful for user: alice
2025-07-09 20:48:23 [WARNING] Configuration file deprecated: data.csv
2025-07-09 18:49:57 [INFO] Database connection established
2025-07-09 16:39:44 [ERROR] Unhandled exception: NullPointerException
2025-07-09 00:18:41 [ERROR] Service notification crashed
2025-07-09 09:38:44 [WARNING] Disk space low: 4741 remaining
2025-07-09 21:06:01 [INFO] Database connection established
2025-07-09 22:41:04 [INFO] Database connection established
2025-07-09 17:03:31 [DEBUG] Session token generated for user: charlie
2025-07-09 18:04:17 [INFO] File uploaded: report.pdf
2025-07-09 01:19:54 [INFO] Scheduled backup completed successfully
2025-07-09 03:09:26 [INFO] Database connection established
2025-07-09 09:49:24 [WARNING] Disk space low: 3505 remaining
2025-07-09 18:14:24 [INFO] Scheduled backup completed successfully
2025-07-09 08:54:22 [ERROR] Service notification crashed
2025-07-09 15:54:34 [INFO] Service inventory started
2025-07-09 06:32:50 [INFO] Service payment started
2025-07-09 19:41:09 [INFO] Service payment started
2025-07-09 20:25:16 [WARNING] Failed login attempt for user: bob. Retrying...
2025-07-09 07:13:45 [INFO] Scheduled backup completed successfully
2025-07-09 20:18:51 [INFO] Database connection established
2025-07-09 03:34:38 [WARNING] Configuration file deprecated: config.yml
2025-07-09 23:05:43 [INFO] File uploaded: data.csv
2025-07-09 13:12:53 [WARNING] Disk space low: 2108 remaining
2025-07-09 11:53:28 [INFO] User login successful for user: charlie
2025-07-09 05:28:31 [WARNING] Disk space low: 119 remaining
2025-07-09 10:27:28 [INFO] Database connection established
2025-07-09 21:19:35 [INFO] Scheduled backup completed successfully
2025-07-09 09:08:49 [INFO] User login successful for user: eve
2025-07-09 04:37:47 [ERROR] Email sending failed to recipient: admin@google.com
2025-07-09 17:17:48 [INFO] Database connection established
2025-07-09 10:16:12 [ERROR] Email sending failed to recipient: user@gmail.com
2025-07-09 23:22:55 [INFO] Scheduled backup completed successfully
2025-07-09 08:30:47 [INFO] File uploaded: config.yml
2025-07-09 04:32:42 [WARNING] API response time exceeded threshold
2025-07-09 02:20:00 [DEBUG] Query executed: SELECT * FROM users
2025-07-09 07:10:46 [INFO] File uploaded: data.csv
2025-07-09 19:01:44 [INFO] User login successful for user: bob
2025-07-09 00:51:00 [ERROR] Deadlock detected in transaction ID 1327
2025-07-09 15:46:15 [WARNING] Configuration file deprecated: config.yml
2025-07-09 06:52:45 [INFO] Service inventory started
2025-07-09 01:35:38 [WARNING] Configuration file deprecated: backup.zip
2025-07-09 03:31:05 [WARNING] High memory usage detected
2025-07-09 14:34:56 [INFO] File uploaded: report.pdf
2025-07-09 10:35:16 [INFO] File uploaded: data.csv
2025-07-09 21:58:28 [ERROR] Deadlock detected in transaction ID 686
2025-07-09 01:03:55 [INFO] User login successful for user: charlie
2025-07-09 15:59:40 [INFO] Scheduled backup completed successfully
2025-07-09 00:32:27 [INFO] Service payment started
2025-07-09 11:52:59 [INFO] File uploaded: backup.zip
2025-07-09 15:43:35 [WARNING] Configuration file deprecated: config.yml
2025-07-09 02:03:02 [ERROR] Email sending failed to recipient: user@gmail.com
2025-07-09 16:32:06 [WARNING] Second failed login attempt for user: eve. Next attempt will ERROR. Retrying...
2025-07-09 02:51:02 [INFO] File uploaded: report.pdf
2025-07-09 17:38:52 [INFO] Database connection established
2025-07-09 00:17:01 [INFO] Cache cleared successfully
2025-07-09 06:23:07 [INFO] Cache cleared successfully
2025-07-09 05:28:44 [WARNING] Disk space low: 2956 remaining
2025-07-09 17:43:55 [INFO] File uploaded: report.pdf
2025-07-09 23:07:35 [WARNING] Failed login attempt for user: bob. Retrying...
2025-07-09 19:04:32 [INFO] File uploaded: config.yml
2025-07-09 22:30:47 [INFO] Scheduled backup completed successfully
2025-07-09 07:09:30 [INFO] Database connection established
2025-07-09 08:47:28 [INFO] File uploaded: data.csv
2025-07-09 17:03:14 [INFO] File uploaded: report.pdf
2025-07-09 23:30:43 [INFO] Cache cleared successfully
2025-07-09 06:06:39 [ERROR] Service payment crashed
2025-07-09 10:23:48 [DEBUG] Variable x has value: 3089
2025-07-09 06:39:54 [INFO] Service inventory started
2025-07-09 12:47:50 [WARNING] Slow query detected: execution time 1629ms
2025-07-09 23:42:07 [INFO] Cache cleared successfully
2025-07-09 05:39:38 [ERROR] Service payment crashed
2025-07-09 15:49:54 [WARNING] API response time exceeded threshold
2025-07-09 22:59:47 [WARNING] Disk space low: 970 remaining
2025-07-09 11:50:56 [INFO] Scheduled backup completed successfully
2025-07-09 22:39:46 [INFO] File uploaded: data.csv
2025-07-09 19:49:36 [WARNING] API response time exceeded threshold
2025-07-09 01:24:02 [DEBUG] Entering function process_payment with arguments: 3
2025-07-09 08:38:22 [ERROR] Email sending failed to recipient: user@gmail.com
2025-07-09 06:00:55 [INFO] Scheduled backup completed successfully
2025-07-09 20:03:34 [ERROR] File write failed: data.csv
2025-07-09 06:54:08 [WARNING] Disk space low: 3321 remaining
2025-07-09 15:19:15 [INFO] Database connection established
2025-07-09 14:45:10 [INFO] Database connection established
2025-07-09 13:11:42 [ERROR] Deadlock detected in transaction ID 2000
2025-07-09 09:29:31 [INFO] User login successful for user: bob
2025-07-09 23:47:51 [ERROR] Email sending failed to recipient: user@gmail.com
2025-07-09 06:28:28 [INFO] Database connection established
2025-07-09 08:51:28 [INFO] File uploaded: report.pdf
2025-07-09 06:49:26 [WARNING] Slow query detected: execution time 3629ms
2025-07-09 20:25:44 [INFO] Scheduled backup completed successfully
2025-07-09 20:29:52 [INFO] Database connection established
2025-07-09 20:05:35 [INFO] Cache cleared successfully
2025-07-09 15:50:43 [INFO] Database connection established
2025-07-09 15:25:58 [ERROR] Service notification crashed
2025-07-09 08:58:39 [ERROR] Database connection lost
2025-07-09 22:14:35 [WARNING] Failed login attempt for user: alice. Retrying...
2025-07-09 08:47:13 [INFO] Scheduled backup completed successfully
2025-07-09 12:11:43 [INFO] Service auth started
2025-07-09 11:20:06 [INFO] Cache cleared successfully
2025-07-09 12:48:38 [DEBUG] Query executed: SELECT * FROM users
2025-07-09 18:21:30 [WARNING] Failed login attempt for user: bob. Retrying...
2025-07-09 17:48:40 [INFO] Service payment started
2025-07-09 05:59:27 [ERROR] Email sending failed to recipient: admin@google.com
2025-07-09 14:17:16 [ERROR] Email sending failed to recipient: support@amazon.com
2025-07-09 02:59:52 [INFO] Cache cleared successfully
2025-07-09 03:56:32 [INFO] Scheduled backup completed successfully
2025-07-09 20:50:26 [INFO] User login successful for user: eve
2025-07-09 15:38:13 [INFO] Service payment started
2025-07-09 23:06:48 [INFO] User login successful for user: diana
2025-07-09 18:15:04 [DEBUG] Query executed: SELECT * FROM users
2025-07-09 03:29:48 [INFO] File uploaded: report.pdf
2025-07-09 17:18:28 [INFO] Service notification started
2025-07-09 17:00:38 [INFO] File uploaded: backup.zip
2025-07-09 06:40:56 [INFO] Database connection established
2025-07-09 13:18:09 [WARNING] Failed login attempt for user: charlie. Retrying...
2025-07-09 11:08:34 [WARNING] Slow query detected: execution time 1921ms
2025-07-09 19:46:25 [WARNING] Slow query detected: execution time 1386ms
2025-07-09 20:37:39 [INFO] Cache cleared successfully
2025-07-09 22:32:57 [INFO] Cache cleared successfully
2025-07-09 08:52:22 [INFO] Scheduled backup completed successfully
2025-07-09 05:50:50 [ERROR] Deadlock detected in transaction ID 3776
2025-07-09 23:31:12 [DEBUG] Query executed: UPDATE orders SET status='shipped' WHERE id=42
2025-07-09 07:33:39 [INFO] Scheduled backup completed successfully
2025-07-09 03:05:06 [INFO] Scheduled backup completed successfully
2025-07-09 16:48:49 [WARNING] Second failed login attempt for user: eve. Next attempt will ERROR. Retrying...
2025-07-09 05:37:32 [ERROR] Unhandled exception: FileNotFoundError
2025-07-09 06:37:35 [ERROR] Unhandled exception: NullPointerException
2025-07-09 13:26:49 [INFO] Database connection established
2025-07-09 12:44:49 [INFO] File uploaded: backup.zip
2025-07-09 20:42:31 [ERROR] Deadlock detected in transaction ID 2082
2025-07-09 22:52:02 [INFO] File uploaded: report.pdf
2025-07-09 15:05:37 [INFO] User login successful for user: bob
2025-07-09 00:03:12 [ERROR] Unhandled exception: TimeoutError
2025-07-09 16:12:08 [INFO] File uploaded: backup.zip
2025-07-09 10:21:51 [ERROR] Database connection lost
2025-07-09 20:09:04 [INFO] Cache cleared successfully
2025-07-09 02:47:26 [INFO] Service inventory started
2025-07-09 16:47:43 [WARNING] API response time exceeded threshold
2025-07-09 19:27:20 [ERROR] Email sending failed to recipient: admin@google.com
2025-07-09 14:29:47 [INFO] User login successful for user: eve
2025-07-09 09:14:06 [INFO] File uploaded: report.pdf
2025-07-09 17:48:12 [WARNING] Disk space low: 669 remaining
2025-07-09 01:21:26 [INFO] File uploaded: data.csv
2025-07-09 20:21:10 [ERROR] File write failed: data.csv
2025-07-09 10:26:11 [ERROR] Email sending failed to recipient: user@gmail.com
2025-07-09 01:05:07 [DEBUG] Temporary file created at: config.yml
2025-07-09 08:40:06 [ERROR] Deadlock detected in transaction ID 3337
2025-07-09 18:32:14 [INFO] Scheduled backup completed successfully
2025-07-09 07:51:18 [INFO] Cache cleared successfully
2025-07-09 14:55:22 [WARNING] High memory usage detected
2025-07-09 23:43:51 [DEBUG] Query executed: SELECT * FROM users
2025-07-09 08:50:23 [INFO] File uploaded: report.pdf
2025-07-09 15:56:48 [INFO] Cache cleared successfully
2025-07-09 13:36:33 [WARNING] Slow query detected: execution time 2993ms
2025-07-09 10:10:08 [INFO] File uploaded: backup.zip
2025-07-09 16:32:57 [INFO] Service notification started
2025-07-09 18:49:51 [WARNING] Slow query detected: execution time 461ms
2025-07-09 06:43:16 [INFO] Cache cleared successfully
2025-07-09 23:35:36 [ERROR] Database connection lost
2025-07-09 23:04:06 [INFO] User login successful for user: alice
2025-07-09 11:24:45 [INFO] Scheduled backup completed successfully
2025-07-09 07:57:18 [ERROR] Email sending failed to recipient: support@amazon.com
2025-07-09 01:15:29 [ERROR] Unhandled exception: NullPointerException
2025-07-09 07:16:58 [WARNING] High memory usage detected
2025-07-09 01:12:33 [INFO] Database connection established
2025-07-09 07:04:23 [ERROR] Email sending failed to recipient: support@amazon.com
2025-07-09 13:44:03 [DEBUG] Temporary file created at: data.csv
2025-07-09 15:44:06 [INFO] File uploaded: config.yml
2025-07-09 02:22:32 [INFO] Scheduled backup completed successfully
2025-07-09 23:12:20 [ERROR] File write failed: data.csv
2025-07-09 05:16:40 [WARNING] API response time exceeded threshold
2025-07-09 00:29:39 [INFO] Scheduled backup completed successfully
2025-07-09 18:41:25 [INFO] Scheduled backup completed successfully
2025-07-09 05:47:29 [INFO] File uploaded: config.yml
2025-07-09 15:57:29 [WARNING] API response time exceeded threshold
2025-07-09 15:11:53 [INFO] Service notification started
2025-07-09 11:00:30 [INFO] Service payment started
2025-07-09 14:10:58 [INFO] User login successful for user: eve
2025-07-09 11:36:06 [ERROR] Service notification crashed
2025-07-09 23:36:46 [INFO] File uploaded: report.pdf
2025-07-09 06:12:15 [ERROR] Email sending failed to recipient: support@amazon.com
2025-07-09 22:49:25 [INFO] File uploaded: report.pdf
2025-07-09 02:47:13 [INFO] User login successful for user: eve
2025-07-09 12:11:04 [INFO] Service inventory started
2025-07-09 23:54:19 [INFO] Service payment started
2025-07-09 21:04:10 [INFO] Service notification started
2025-07-09 23:40:58 [INFO] Cache cleared successfully
2025-07-09 13:56:53 [INFO] Cache cleared successfully
2025-07-09 16:15:07 [WARNING] API response time exceeded threshold
2025-07-09 02:17:11 [ERROR] Email sending failed to recipient: support@amazon.com
2025-07-09 18:07:51 [INFO] File uploaded: report.pdf
2025-07-09 13:33:30 [INFO] Scheduled backup completed successfully
2025-07-09 07:26:52 [INFO] User login successful for user: eve
2025-07-09 01:24:01 [INFO] Service auth started
2025-07-09 18:58:20 [WARNING] Disk space low: 2383 remaining
2025-07-09 13:23:35 [INFO] File uploaded: backup.zip
2025-07-09 22:42:42 [INFO] File uploaded: report.pdf
2025-07-09 20:00:53 [WARNING] Slow query detected: execution time 549ms
2025-07-09 07:13:21 [ERROR] Service notification crashed
2025-07-09 20:26:26 [INFO] Scheduled backup completed successfully
2025-07-09 04:09:40 [INFO] Cache cleared successfully
2025-07-09 10:20:18 [INFO] Cache cleared successfully
2025-07-09 16:13:27 [INFO] Cache cleared successfully
2025-07-09 05:55:45 [WARNING] Second failed login attempt for user: bob. Next attempt will ERROR. Retrying...
2025-07-09 15:47:52 [INFO] Scheduled backup completed successfully
2025-07-09 05:40:33 [INFO] Scheduled backup completed successfully
2025-07-09 23:02:04 [WARNING] Slow query detected: execution time 3924ms
2025-07-09 18:41:07 [INFO] Cache cleared successfully
2025-07-09 16:07:49 [DEBUG] Variable x has value: 987
2025-07-09 18:44:25 [DEBUG] Entering function generate_report with arguments: 6
2025-07-09 14:44:35 [INFO] File uploaded: report.pdf
2025-07-09 04:30:26 [INFO] File uploaded: config.yml
2025-07-09 06:54:29 [INFO] Scheduled backup completed successfully
2025-07-09 12:22:27 [INFO] Service payment started
2025-07-09 00:19:38 [INFO] File uploaded: config.yml
2025-07-09 17:36:31 [INFO] Database connection established
2025-07-09 13:28:53 [INFO] Service inventory started
2025-07-09 20:26:45 [INFO] Scheduled backup completed successfully
2025-07-09 20:07:48 [INFO] Database connection established
2025-07-09 02:55:04 [INFO] Database connection established
2025-07-09 08:08:33 [INFO] User login successful for user: eve
2025-07-09 01:35:13 [WARNING] Second failed login attempt for user: diana. Next attempt will ERROR. Retrying...
2025-07-09 21:54:38 [ERROR] Database connection lost
2025-07-09 05:53:30 [ERROR] File write failed: backup.zip
2025-07-09 14:04:56 [INFO] File uploaded: config.yml
2025-07-09 13:01:13 [INFO] Service notification started
2025-07-09 22:24:07 [INFO] Cache cleared successfully
2025-07-09 11:45:42 [INFO] Service payment started
2025-07-09 01:05:07 [INFO] Database connection established
2025-07-09 21:02:47 [INFO] User login successful for user: alice
2025-07-09 00:07:34 [INFO] File uploaded: data.csv
2025-07-09 20:32:29 [WARNING] Failed login attempt for user: alice. Retrying...
2025-07-09 11:36:34 [INFO] Scheduled backup completed successfully
2025-07-09 06:14:48 [INFO] File uploaded: report.pdf
2025-07-09 04:04:00 [ERROR] Email sending failed to recipient: support@amazon.com
2025-07-09 19:53:14 [INFO] Database connection established
2025-07-09 19:09:48 [ERROR] Deadlock detected in transaction ID 1246
2025-07-09 13:24:34 [ERROR] Service inventory crashed
2025-07-09 14:38:32 [INFO] Scheduled backup completed successfully
2025-07-09 17:49:14 [INFO] Cache cleared successfully
2025-07-09 00:41:17 [INFO] Service payment started
2025-07-09 03:35:09 [ERROR] Database connection lost
2025-07-09 14:18:04 [INFO] User login successful for user: eve
2025-07-09 13:45:34 [INFO] User login successful for user: alice
2025-07-09 12:55:57 [INFO] Cache cleared successfully
2025-07-09 08:40:08 [INFO] Database connection established
2025-07-09 13:06:24 [INFO] Scheduled backup completed successfully
2025-07-09 09:37:28 [ERROR] Service auth crashed
2025-07-09 15:40:50 [INFO] File uploaded: data.csv
2025-07-09 06:46:22 [WARNING] Failed login attempt for user: alice. Retrying...
2025-07-09 08:26:05 [INFO] Service inventory started
2025-07-09 14:02:01 [INFO] Cache cleared successfully
2025-07-09 12:05:53 [ERROR] Email sending failed to recipient: user@gmail.com
2025-07-09 06:12:46 [INFO] User login successful for user: alice
2025-07-09 20:31:41 [INFO] Database connection established
2025-07-09 11:58:59 [WARNING] Second failed login attempt for user: diana. Next attempt will ERROR. Retrying...
2025-07-09 13:36:14 [ERROR] Unhandled exception: NullPointerException
2025-07-09 08:16:27 [ERROR] File write failed: data.csv
2025-07-09 02:53:55 [INFO] User login successful for user: diana
2025-07-09 11:20:20 [INFO] Service inventory started
2025-07-09 23:07:08 [WARNING] Slow query detected: execution time 2187ms
2025-07-09 10:50:38 [WARNING] Failed login attempt for user: alice. Retrying...
2025-07-09 16:38:40 [WARNING] High memory usage detected
2025-07-09 09:42:57 [INFO] Service notification started
2025-07-09 01:32:40 [INFO] File uploaded: config.yml
2025-07-09 06:22:52 [INFO] Service auth started
2025-07-09 20:54:34 [INFO] User login successful for user: alice
2025-07-09 03:37:58 [WARNING] High memory usage detected
2025-07-09 16:09:36 [INFO] Cache cleared successfully
2025-07-09 03:57:52 [ERROR] Service payment crashed
2025-07-09 04:13:35 [INFO] Cache cleared successfully
2025-07-09 16:37:28 [ERROR] Service payment crashed
2025-07-09 11:14:30 [INFO] User login successful for user: charlie
2025-07-09 12:41:40 [INFO] Service notification started
2025-07-09 10:50:16 [INFO] Service auth started
2025-07-09 11:46:00 [WARNING] High memory usage detected
2025-07-09 18:29:40 [ERROR] File write failed: config.yml
2025-07-09 15:57:49 [INFO] Scheduled backup completed successfully
2025-07-09 19:27:44 [INFO] Service notification started
2025-07-09 21:47:11 [INFO] User login successful for user: alice
2025-07-09 09:38:46 [INFO] Database connection established
2025-07-09 00:26:45 [INFO] Service auth started
2025-07-09 01:05:45 [ERROR] Email sending failed to recipient: user@gmail.com
2025-07-09 21:15:10 [INFO] Cache cleared successfully
2025-07-09 12:45:58 [INFO] User login successful for user: eve
2025-07-09 14:43:35 [WARNING] API response time exceeded threshold
2025-07-09 11:03:31 [INFO] Service inventory started
2025-07-09 14:44:34 [ERROR] Unhandled exception: TimeoutError
2025-07-09 21:10:03 [INFO] Database connection established
2025-07-09 16:01:16 [ERROR] Email sending failed to recipient: user@gmail.com
2025-07-09 16:10:38 [DEBUG] Query executed: SELECT * FROM users
2025-07-09 20:29:54 [INFO] Cache cleared successfully
2025-07-09 14:20:15 [INFO] Service notification started
2025-07-09 08:24:29 [INFO] File uploaded: data.csv
2025-07-09 11:47:55 [WARNING] Failed login attempt for user: charlie. Retrying...
2025-07-09 22:15:32 [INFO] Database connection established
2025-07-09 09:57:40 [ERROR] Service auth crashed
2025-07-09 12:35:22 [WARNING] Configuration file deprecated: backup.zip
2025-07-09 19:33:17 [ERROR] Deadlock detected in transaction ID 3235
2025-07-09 21:37:18 [INFO] Service auth started
2025-07-09 21:38:21 [ERROR] Deadlock detected in transaction ID 2695
2025-07-09 07:04:05 [INFO] Database connection established
2025-07-09 06:14:31 [WARNING] Failed login attempt for user: eve. Retrying...
2025-07-09 09:27:50 [INFO] File uploaded: data.csv
2025-07-09 05:56:39 [INFO] User login successful for user: bob
2025-07-09 18:37:58 [INFO] Scheduled backup completed successfully
2025-07-09 20:53:06 [DEBUG] Variable x has value: 1592
2025-07-09 11:49:19 [ERROR] Email sending failed to recipient: admin@google.com
2025-07-09 03:11:52 [WARNING] Disk space low: 4219 remaining
2025-07-09 09:29:45 [INFO] File uploaded: data.csv
2025-07-09 11:53:13 [WARNING] Configuration file deprecated: backup.zip
2025-07-09 12:07:01 [ERROR] Unhandled exception: FileNotFoundError
2025-07-09 15:15:26 [WARNING] High memory usage detected
2025-07-09 09:47:56 [WARNING] Slow query detected: execution time 587ms
2025-07-09 11:24:57 [DEBUG] Entering function send_email with arguments: 9
2025-07-09 21:08:01 [ERROR] Service auth crashed
2025-07-09 14:35:26 [DEBUG] Query executed: SELECT * FROM users
2025-07-09 18:35:44 [ERROR] Database connection lost
2025-07-09 06:40:59 [WARNING] High memory usage detected
2025-07-09 00:42:27 [INFO] Scheduled backup completed successfully
2025-07-09 08:12:59 [INFO] File uploaded: report.pdf
2025-07-09 20:10:06 [INFO] Scheduled backup completed successfully
2025-07-09 17:56:44 [INFO] Service notification started
2025-07-09 21:44:18 [INFO] Cache cleared successfully
2025-07-09 00:00:41 [INFO] Service inventory started
2025-07-09 13:13:57 [ERROR] Database connection lost
2025-07-09 08:22:50 [WARNING] Second failed login attempt for user: alice. Next attempt will ERROR. Retrying...
2025-07-09 04:22:59 [INFO] File uploaded: backup.zip
2025-07-09 18:46:35 [INFO] Scheduled backup completed successfully
2025-07-09 02:10:31 [DEBUG] Temporary file created at: config.yml
2025-07-09 23:04:04 [INFO] Cache cleared successfully
2025-07-09 00:19:44 [INFO] Cache cleared successfully
2025-07-09 12:03:17 [INFO] User login successful for user: charlie
2025-07-09 07:43:35 [WARNING] Disk space low: 2645 remaining
2025-07-09 12:23:40 [WARNING] Slow query detected: execution time 1081ms
2025-07-09 20:35:42 [INFO] Service payment started
2025-07-09 13:20:27 [INFO] Scheduled backup completed successfully
2025-07-09 20:42:34 [WARNING] Second failed login attempt for user: bob. Next attempt will ERROR. Retrying...
2025-07-09 10:20:15 [ERROR] Email sending failed to recipient: support@amazon.com
2025-07-09 02:33:56 [ERROR] Deadlock detected in transaction ID 4205
2025-07-09 18:03:19 [INFO] Service inventory started
2025-07-09 18:32:29 [INFO] Cache cleared successfully
2025-07-09 16:13:54 [INFO] Service notification started
2025-07-09 04:31:30 [INFO] Service inventory started
2025-07-09 21:04:00 [INFO] File uploaded: report.pdf
2025-07-09 08:29:30 [ERROR] Deadlock detected in transaction ID 2567
2025-07-09 03:00:42 [WARNING] Second failed login attempt for user: eve. Next attempt will ERROR. Retrying...
2025-07-09 21:47:55 [INFO] Scheduled backup completed successfully
2025-07-09 19:28:39 [WARNING] API response time exceeded threshold
2025-07-09 13:34:55 [INFO] Service notification started
2025-07-09 09:05:48 [INFO] Scheduled backup completed successfully
2025-07-09 20:27:20 [INFO] Service inventory started
2025-07-09 00:25:52 [ERROR] Database connection lost
2025-07-09 23:59:30 [INFO] Cache cleared successfully
2025-07-09 06:57:14 [INFO] Service payment started
2025-07-09 14:36:01 [INFO] Database connection established
2025-07-09 14:51:01 [INFO] File uploaded: backup.zip
2025-07-09 06:00:00 [ERROR] Unhandled exception: NullPointerException
2025-07-09 10:59:32 [INFO] Cache cleared successfully
2025-07-09 01:14:38 [INFO] Service inventory started
2025-07-09 21:00:51 [INFO] Service inventory started
2025-07-09 22:22:01 [INFO] User login successful for user: alice
2025-07-09 00:01:39 [WARNING] Disk space low: 3045 remaining
2025-07-09 03:43:41 [INFO] Cache cleared successfully
2025-07-09 07:14:16 [ERROR] Email sending failed to recipient: support@amazon.com
2025-07-09 00:12:50 [ERROR] Email sending failed to recipient: admin@google.com
2025-07-09 12:40:12 [INFO] Database connection established
2025-07-09 16:47:34 [WARNING] API response time exceeded threshold
2025-07-09 13:26:59 [INFO] File uploaded: backup.zip
2025-07-09 01:45:53 [ERROR] Service inventory crashed
2025-07-09 11:31:45 [INFO] User login successful for user: alice
2025-07-09 01:01:17 [ERROR] Database connection lost
2025-07-09 22:12:21 [WARNING] Slow query detected: execution time 2505ms
2025-07-09 10:08:01 [INFO] User login successful for user: bob
2025-07-09 23:41:35 [INFO] User login successful for user: bob
2025-07-09 13:38:45 [INFO] User login successful for user: bob
2025-07-09 11:20:40 [DEBUG] Query executed: UPDATE orders SET status='shipped' WHERE id=42
2025-07-09 02:39:47 [INFO] Scheduled backup completed successfully
2025-07-09 14:25:37 [WARNING] Configuration file deprecated: report.pdf
2025-07-09 05:40:48 [INFO] Cache cleared successfully
2025-07-09 04:44:25 [INFO] Database connection established
2025-07-09 14:12:33 [INFO] Scheduled backup completed successfully
2025-07-09 21:28:32 [INFO] File uploaded: backup.zip
2025-07-09 23:19:31 [INFO] Scheduled backup completed successfully
2025-07-09 19:30:02 [INFO] File uploaded: data.csv
2025-07-09 16:49:37 [INFO] File uploaded: backup.zip
2025-07-09 09:33:24 [INFO] Database connection established
2025-07-09 00:06:53 [WARNING] Configuration file deprecated: report.pdf
2025-07-09 04:08:42 [INFO] Scheduled backup completed successfully
2025-07-09 02:37:13 [INFO] Database connection established
2025-07-09 01:55:20 [INFO] Database connection established
2025-07-09 00:35:32 [WARNING] API response time exceeded threshold
2025-07-09 05:04:02 [ERROR] Service auth crashed
2025-07-09 21:34:12 [INFO] Database connection established
2025-07-09 17:36:34 [INFO] File uploaded: config.yml
2025-07-09 04:28:11 [ERROR] Database connection lost
2025-07-09 19:35:57 [INFO] Scheduled backup completed successfully
2025-07-09 03:54:27 [DEBUG] Variable x has value: 2705
2025-07-09 01:46:05 [INFO] Scheduled backup completed successfully
2025-07-09 11:58:05 [WARNING] Disk space low: 2166 remaining
2025-07-09 13:49:04 [INFO] User login successful for user: diana
2025-07-09 20:00:22 [INFO] Cache cleared successfully
2025-07-09 14:03:18 [DEBUG] Temporary file created at: backup.zip
2025-07-09 00:45:55 [WARNING] Slow query detected: execution time 1430ms
2025-07-09 03:11:31 [INFO] Cache cleared successfully
2025-07-09 00:21:02 [INFO] Cache cleared successfully
2025-07-09 16:56:54 [ERROR] File write failed: report.pdf
2025-07-09 23:41:25 [INFO] Database connection established
2025-07-09 19:50:35 [INFO] Cache cleared successfully
2025-07-09 04:44:13 [INFO] User login successful for user: eve
2025-07-09 16:56:49 [DEBUG] Entering function process_payment with arguments: 7
2025-07-09 06:16:49 [INFO] Service notification started
2025-07-09 04:30:31 [WARNING] API response time exceeded threshold
2025-07-09 21:19:21 [INFO] File uploaded: data.csv
2025-07-09 23:40:18 [INFO] Service auth started
2025-07-09 06:29:37 [INFO] User login successful for user: eve
2025-07-09 10:58:32 [INFO] Scheduled backup completed successfully
2025-07-09 04:15:37 [INFO] Service payment started
2025-07-09 02:22:49 [INFO] User login successful for user: charlie
2025-07-09 10:37:23 [WARNING] High memory usage detected
2025-07-09 09:53:37 [ERROR] Unhandled exception: TimeoutError
2025-07-09 04:12:02 [INFO] File uploaded: config.yml
2025-07-09 09:53:58 [INFO] Cache cleared successfully
2025-07-09 19:28:48 [INFO] Cache cleared successfully
2025-07-09 13:44:18 [INFO] Service inventory started
2025-07-09 02:24:53 [ERROR] Database connection lost
2025-07-09 21:13:22 [WARNING] Disk space low: 4868 remaining
2025-07-09 18:49:29 [INFO] File uploaded: config.yml
2025-07-09 02:12:01 [ERROR] Deadlock detected in transaction ID 3479
2025-07-09 11:52:41 [DEBUG] Entering function send_email with arguments: 10
2025-07-09 00:21:19 [DEBUG] Entering function generate_report with arguments: 8
2025-07-09 15:14:31 [DEBUG] Temporary file created at: backup.zip
2025-07-09 02:08:23 [ERROR] Deadlock detected in transaction ID 4845
2025-07-09 15:07:30 [INFO] Service auth started
2025-07-09 18:19:59 [WARNING] Failed login attempt for user: alice. Retrying...
2025-07-09 03:42:21 [INFO] User login successful for user: bob
2025-07-09 14:06:29 [INFO] Database connection established
2025-07-09 03:32:12 [ERROR] Service inventory crashed
2025-07-09 23:30:04 [INFO] Scheduled backup completed successfully
2025-07-09 00:29:17 [INFO] Scheduled backup completed successfully
2025-07-09 07:09:40 [WARNING] API response time exceeded threshold
2025-07-09 09:37:51 [ERROR] File write failed: data.csv
2025-07-09 06:46:14 [INFO] Service inventory started
2025-07-09 04:42:04 [INFO] User login successful for user: diana
2025-07-09 03:38:03 [INFO] User login successful for user: charlie
2025-07-09 22:11:00 [INFO] File uploaded: report.pdf
2025-07-09 12:06:06 [INFO] Cache cleared successfully
2025-07-09 16:06:30 [INFO] User login successful for user: bob
2025-07-09 04:09:10 [ERROR] Email sending failed to recipient: support@amazon.com
2025-07-09 16:47:21 [INFO] Cache cleared successfully
2025-07-09 00:02:30 [WARNING] API response time exceeded threshold
2025-07-09 02:18:57 [INFO] User login successful for user: alice
2025-07-09 17:27:03 [INFO] User login successful for user: eve
2025-07-09 10:00:46 [WARNING] High memory usage detected
2025-07-09 21:41:53 [INFO] File uploaded: backup.zip
2025-07-09 10:33:40 [INFO] User login successful for user: diana
2025-07-09 03:18:14 [INFO] File uploaded: data.csv
2025-07-09 14:14:42 [ERROR] Email sending failed to recipient: admin@google.com
2025-07-09 14:17:43 [INFO] Cache cleared successfully
2025-07-09 23:49:00 [INFO] Database connection established
2025-07-09 06:24:51 [INFO] User login successful for user: alice
2025-07-09 00:22:32 [DEBUG] Entering function generate_report with arguments: 2
2025-07-09 15:23:42 [INFO] Database connection established
2025-07-09 03:17:48 [INFO] Scheduled backup completed successfully
2025-07-09 17:18:42 [INFO] Database connection established
2025-07-09 18:48:08 [DEBUG] Temporary file created at: backup.zip
2025-07-09 22:23:53 [INFO] Cache cleared successfully
2025-07-09 16:39:43 [INFO] Scheduled backup completed successfully
2025-07-09 18:46:16 [WARNING] Slow query detected: execution time 4366ms
2025-07-09 19:53:35 [INFO] Service auth started
2025-07-09 15:29:21 [INFO] File uploaded: backup.zip
2025-07-09 22:51:05 [INFO] Scheduled backup completed successfully
2025-07-09 14:15:10 [ERROR] Unhandled exception: TimeoutError
2025-07-09 23:28:52 [INFO] User login successful for user: alice
2025-07-09 23:57:14 [INFO] Database connection established
2025-07-09 08:40:33 [INFO] File uploaded: report.pdf
2025-07-09 06:20:57 [WARNING] Configuration file deprecated: backup.zip
2025-07-09 17:06:59 [INFO] Service auth started
2025-07-09 05:13:49 [INFO] User login successful for user: alice
2025-07-09 07:03:09 [DEBUG] Query executed: UPDATE orders SET status='shipped' WHERE id=42
2025-07-09 11:27:06 [INFO] Cache cleared successfully
2025-07-09 12:09:33 [INFO] User login successful for user: eve
2025-07-09 16:17:18 [INFO] File uploaded: report.pdf
2025-07-09 11:48:22 [INFO] Database connection established
2025-07-09 20:28:49 [INFO] Database connection established
2025-07-09 16:59:10 [INFO] Scheduled backup completed successfully
2025-07-09 07:43:08 [INFO] Scheduled backup completed successfully
2025-07-09 00:08:45 [INFO] Cache cleared successfully
2025-07-09 17:26:51 [INFO] Database connection established
2025-07-09 16:58:55 [WARNING] API response time exceeded threshold
2025-07-09 14:58:50 [INFO] Scheduled backup completed successfully
2025-07-09 21:44:04 [INFO] Scheduled backup completed successfully
2025-07-09 20:46:40 [INFO] User login successful for user: charlie
2025-07-09 04:25:03 [WARNING] API response time exceeded threshold
2025-07-09 00:27:54 [WARNING] API response time exceeded threshold
2025-07-09 16:17:31 [WARNING] Disk space low: 3375 remaining
2025-07-09 09:56:17 [INFO] User login successful for user: bob
2025-07-09 06:39:38 [INFO] File uploaded: report.pdf
2025-07-09 06:55:59 [INFO] File uploaded: config.yml
2025-07-09 04:17:55 [ERROR] Database connection lost
2025-07-09 16:11:13 [INFO] Cache cleared successfully
2025-07-09 12:06:38 [ERROR] File write failed: config.yml
2025-07-09 01:03:57 [INFO] Cache cleared successfully
2025-07-09 16:08:05 [INFO] Database connection established
2025-07-09 19:01:56 [ERROR] Unhandled exception: TimeoutError
2025-07-09 18:37:29 [INFO] User login successful for user: diana
2025-07-09 04:07:53 [ERROR] Database connection lost
2025-07-09 17:13:32 [WARNING] Configuration file deprecated: backup.zip
2025-07-09 08:55:11 [WARNING] Disk space low: 1970 remaining
2025-07-09 04:30:25 [INFO] Cache cleared successfully
2025-07-09 17:21:41 [DEBUG] Session token generated for user: bob
2025-07-09 12:14:40 [WARNING] Configuration file deprecated: config.yml
2025-07-09 03:03:50 [INFO] Service notification started
2025-07-09 02:46:41 [INFO] File uploaded: config.yml
2025-07-09 05:43:03 [INFO] Database connection established
2025-07-09 01:53:39 [INFO] Cache cleared successfully
2025-07-09 00:39:54 [INFO] File uploaded: data.csv
2025-07-09 10:03:18 [INFO] Database connection established
2025-07-09 12:48:13 [WARNING] Slow query detected: execution time 4388ms
2025-07-09 02:20:13 [INFO] Database connection established
2025-07-09 03:24:13 [INFO] Database connection established
2025-07-09 22:09:42 [WARNING] API response time exceeded threshold
2025-07-09 08:12:05 [INFO] Scheduled backup completed successfully
2025-07-09 07:19:28 [INFO] Service auth started
2025-07-09 15:55:17 [ERROR] Deadlock detected in transaction ID 3626
2025-07-09 16:13:27 [WARNING] Configuration file deprecated: config.yml
2025-07-09 19:21:43 [DEBUG] Entering function generate_report with arguments: 3
2025-07-09 09:00:21 [DEBUG] Session token generated for user: charlie
2025-07-09 22:56:48 [INFO] Database connection established
2025-07-09 23:35:31 [INFO] Cache cleared successfully
2025-07-09 09:31:42 [INFO] User login successful for user: alice
2025-07-09 21:12:04 [INFO] Database connection established
2025-07-09 07:23:26 [INFO] Cache cleared successfully
2025-07-09 20:17:57 [INFO] Database connection established
2025-07-09 08:41:39 [ERROR] Service notification crashed
2025-07-09 22:31:28 [ERROR] Email sending failed to recipient: user@gmail.com
2025-07-09 10:45:58 [INFO] Scheduled backup completed successfully
2025-07-09 02:30:03 [INFO] File uploaded: config.yml
2025-07-09 09:08:36 [WARNING] Failed login attempt for user: charlie. Retrying...
2025-07-09 18:53:59 [INFO] Cache cleared successfully
2025-07-09 18:58:56 [INFO] File uploaded: report.pdf
2025-07-09 18:22:13 [INFO] User login successful for user: alice
2025-07-09 11:28:23 [INFO] Scheduled backup completed successfully
2025-07-09 23:01:41 [INFO] User login successful for user: eve
2025-07-09 08:14:01 [INFO] User login successful for user: eve
2025-07-09 02:07:45 [WARNING] High memory usage detected
2025-07-09 17:28:23 [WARNING] Slow query detected: execution time 4955ms
2025-07-09 02:15:27 [INFO] Cache cleared successfully
2025-07-09 02:07:29 [ERROR] File write failed: data.csv
2025-07-09 20:33:13 [INFO] Scheduled backup completed successfully
2025-07-09 05:34:14 [INFO] Service payment started
2025-07-09 23:27:55 [INFO] Scheduled backup completed successfully
2025-07-09 12:46:19 [ERROR] Deadlock detected in transaction ID 843
2025-07-09 11:14:22 [INFO] User login successful for user: diana
2025-07-09 23:41:25 [INFO] Database connection established
2025-07-09 09:16:05 [INFO] User login successful for user: eve
2025-07-09 03:43:04 [INFO] Cache cleared successfully
2025-07-09 19:07:33 [INFO] Database connection established
2025-07-09 23:44:29 [WARNING] Second failed login attempt for user: eve. Next attempt will ERROR. Retrying...
2025-07-09 08:00:45 [INFO] Service inventory started
2025-07-09 19:10:19 [WARNING] High memory usage detected
2025-07-09 18:23:05 [INFO] Cache cleared successfully
2025-07-09 01:23:22 [INFO] User login successful for user: diana
2025-07-09 17:40:04 [INFO] Scheduled backup completed successfully
2025-07-09 08:00:20 [WARNING] Configuration file deprecated: config.yml
2025-07-09 19:46:14 [INFO] File uploaded: data.csv
2025-07-09 09:02:56 [INFO] Database connection established
2025-07-09 01:36:56 [INFO] Scheduled backup completed successfully
2025-07-09 04:33:25 [INFO] Cache cleared successfully
2025-07-09 08:52:40 [INFO] Service inventory started
2025-07-09 08:00:54 [INFO] User login successful for user: diana
2025-07-09 03:48:56 [INFO] Service payment started
2025-07-09 16:19:30 [INFO] Database connection established
2025-07-09 15:08:08 [INFO] Scheduled backup completed successfully
2025-07-09 21:55:57 [WARNING] Slow query detected: execution time 4768ms
2025-07-09 12:53:10 [ERROR] Database connection lost
2025-07-09 18:14:30 [INFO] Scheduled backup completed successfully
2025-07-09 14:02:14 [INFO] Scheduled backup completed successfully
2025-07-09 01:04:41 [WARNING] Failed login attempt for user: bob. Retrying...
2025-07-09 20:57:36 [INFO] Database connection established
2025-07-09 10:37:26 [WARNING] Slow query detected: execution time 3908ms
2025-07-09 13:12:42 [DEBUG] Session token generated for user: bob
2025-07-09 19:20:34 [INFO] Cache cleared successfully
2025-07-09 09:03:12 [INFO] Service inventory started
2025-07-09 06:04:48 [WARNING] Slow query detected: execution time 4004ms
2025-07-09 09:51:03 [INFO] User login successful for user: alice
2025-07-09 01:45:19 [WARNING] Second failed login attempt for user: eve. Next attempt will ERROR. Retrying...
2025-07-09 09:41:52 [INFO] Scheduled backup completed successfully
2025-07-09 21:17:30 [INFO] Service inventory started
2025-07-09 15:03:31 [INFO] Scheduled backup completed successfully
2025-07-09 22:00:25 [INFO] Database connection established
2025-07-09 02:37:42 [ERROR] Deadlock detected in transaction ID 2656
2025-07-09 01:20:21 [INFO] Scheduled backup completed successfully
2025-07-09 02:16:44 [INFO] File uploaded: config.yml
2025-07-09 19:37:10 [INFO] User login successful for user: bob
2025-07-09 06:20:49 [INFO] File uploaded: data.csv
2025-07-09 09:09:04 [INFO] Database connection established
2025-07-09 07:21:22 [INFO] Cache cleared successfully
2025-07-09 12:17:10 [INFO] Service inventory started
2025-07-09 19:25:39 [WARNING] Failed login attempt for user: alice. Retrying...
2025-07-09 15:20:27 [INFO] User login successful for user: bob
2025-07-09 23:39:32 [INFO] Database connection established
2025-07-09 15:24:03 [ERROR] Deadlock detected in transaction ID 3392
2025-07-09 23:51:15 [WARNING] Disk space low: 32 remaining
2025-07-09 00:20:34 [INFO] Cache cleared successfully
2025-07-09 16:31:11 [INFO] User login successful for user: diana
2025-07-09 02:54:03 [INFO] Scheduled backup completed successfully
2025-07-09 20:03:25 [INFO] File uploaded: report.pdf
2025-07-09 13:55:27 [INFO] Scheduled backup completed successfully
2025-07-09 16:08:21 [INFO] Scheduled backup completed successfully
2025-07-09 02:29:50 [INFO] Database connection established
2025-07-09 12:29:37 [INFO] Service auth started
2025-07-09 01:32:33 [INFO] Cache cleared successfully
2025-07-09 18:22:29 [WARNING] Second failed login attempt for user: charlie. Next attempt will ERROR. Retrying...
2025-07-09 00:45:42 [INFO] Cache cleared successfully
