2025-08-11 05:26:47 [WARNING] API response time exceeded threshold
2025-08-11 02:45:27 [INFO] Scheduled backup completed successfully
2025-08-11 09:12:48 [INFO] Service inventory started
2025-08-11 03:21:02 [WARNING] High memory usage detected
2025-08-11 02:53:00 [INFO] Database connection established
2025-08-11 12:47:05 [INFO] File uploaded: config.yml
2025-08-11 04:59:13 [INFO] Service inventory started
2025-08-11 09:51:33 [DEBUG] Query executed: SELECT * FROM users
2025-08-11 18:51:28 [INFO] Cache cleared successfully
2025-08-11 02:02:20 [INFO] Service inventory started
2025-08-11 10:39:22 [ERROR] Database connection lost
2025-08-11 15:04:34 [INFO] File uploaded: report.pdf
2025-08-11 21:04:01 [INFO] Scheduled backup completed successfully
2025-08-11 19:47:40 [INFO] User login successful for user: eve
2025-08-11 10:50:45 [WARNING] API response time exceeded threshold
2025-08-11 14:11:40 [WARNING] API response time exceeded threshold
2025-08-11 10:22:52 [INFO] User login successful for user: diana
2025-08-11 17:45:36 [INFO] Service payment started
2025-08-11 19:15:43 [INFO] Service auth started
2025-08-11 12:07:54 [INFO] Database connection established
2025-08-11 13:42:20 [INFO] Cache cleared successfully
2025-08-11 15:38:42 [INFO] File uploaded: backup.zip
2025-08-11 11:57:09 [INFO] Scheduled backup completed successfully
2025-08-11 04:48:37 [INFO] Scheduled backup completed successfully
2025-08-11 11:31:43 [INFO] Database connection established
2025-08-11 10:53:56 [INFO] Scheduled backup completed successfully
2025-08-11 07:58:00 [INFO] File uploaded: backup.zip
2025-08-11 06:29:12 [INFO] File uploaded: report.pdf
2025-08-11 10:32:37 [INFO] Cache cleared successfully
2025-08-11 17:17:24 [INFO] Cache cleared successfully
2025-08-11 04:36:03 [INFO] Database connection established
2025-08-11 10:30:05 [ERROR] Deadlock detected in transaction ID 819
2025-08-11 03:45:56 [INFO] Scheduled backup completed successfully
2025-08-11 13:12:24 [WARNING] Second failed login attempt for user: eve. Next attempt will ERROR. Retrying...
2025-08-11 04:20:11 [INFO] User login successful for user: charlie
2025-08-11 11:42:34 [INFO] Cache cleared successfully
2025-08-11 13:56:39 [INFO] Cache cleared successfully
2025-08-11 16:33:15 [ERROR] Deadlock detected in transaction ID 81
2025-08-11 23:00:15 [INFO] Service notification started
2025-08-11 04:44:07 [INFO] User login successful for user: alice
2025-08-11 00:47:54 [INFO] Service inventory started
2025-08-11 11:57:22 [INFO] Cache cleared successfully
2025-08-11 09:27:11 [WARNING] Configuration file deprecated: backup.zip
2025-08-11 01:33:14 [WARNING] Configuration file deprecated: data.csv
2025-08-11 14:12:24 [WARNING] Failed login attempt for user: charlie. Retrying...
2025-08-11 12:50:49 [INFO] File uploaded: config.yml
2025-08-11 20:04:39 [INFO] Scheduled backup completed successfully
2025-08-11 18:05:33 [INFO] User login successful for user: eve
2025-08-11 00:05:22 [INFO] Cache cleared successfully
2025-08-11 08:28:03 [INFO] User login successful for user: bob
2025-08-11 12:27:38 [WARNING] Second failed login attempt for user: bob. Next attempt will ERROR. Retrying...
2025-08-11 19:58:03 [ERROR] Service notification crashed
2025-08-11 11:48:27 [INFO] Scheduled backup completed successfully
2025-08-11 02:25:48 [INFO] User login successful for user: diana
2025-08-11 08:42:32 [INFO] User login successful for user: alice
2025-08-11 02:47:48 [INFO] Cache cleared successfully
2025-08-11 11:23:52 [INFO] Cache cleared successfully
2025-08-11 10:19:59 [ERROR] Email sending failed to recipient: admin@google.com
2025-08-11 18:54:48 [INFO] File uploaded: data.csv
2025-08-11 03:34:27 [INFO] Cache cleared successfully
2025-08-11 13:20:45 [INFO] Database connection established
2025-08-11 14:04:22 [INFO] User login successful for user: charlie
2025-08-11 20:06:28 [INFO] Database connection established
2025-08-11 19:37:55 [INFO] Cache cleared successfully
2025-08-11 17:52:35 [DEBUG] Temporary file created at: data.csv
2025-08-11 03:17:26 [INFO] Scheduled backup completed successfully
2025-08-11 21:01:57 [DEBUG] Session token generated for user: eve
2025-08-11 18:57:34 [INFO] File uploaded: config.yml
2025-08-11 01:59:42 [WARNING] Disk space low: 160 remaining
2025-08-11 23:54:33 [INFO] User login successful for user: charlie
2025-08-11 11:52:25 [INFO] Database connection established
2025-08-11 10:55:27 [WARNING] API response time exceeded threshold
2025-08-11 13:24:35 [INFO] User login successful for user: eve
2025-08-11 22:16:39 [WARNING] Disk space low: 2400 remaining
2025-08-11 17:39:05 [INFO] User login successful for user: eve
2025-08-11 21:45:27 [WARNING] Second failed login attempt for user: diana. Next attempt will ERROR. Retrying...
2025-08-11 18:04:58 [INFO] User login successful for user: diana
2025-08-11 05:45:02 [INFO] Database connection established
2025-08-11 22:06:44 [WARNING] Slow query detected: execution time 1558ms
2025-08-11 15:18:05 [INFO] File uploaded: backup.zip
2025-08-11 13:45:04 [INFO] Database connection established
2025-08-11 19:02:36 [INFO] Service notification started
2025-08-11 02:28:29 [ERROR] Email sending failed to recipient: support@amazon.com
2025-08-11 21:20:44 [INFO] Cache cleared successfully
2025-08-11 18:51:08 [INFO] User login successful for user: bob
2025-08-11 20:34:30 [WARNING] Slow query detected: execution time 1362ms
2025-08-11 06:12:04 [WARNING] High memory usage detected
2025-08-11 05:17:12 [INFO] Service notification started
2025-08-11 23:06:48 [DEBUG] Query executed: SELECT * FROM users
2025-08-11 15:21:02 [INFO] Database connection established
2025-08-11 23:41:34 [ERROR] Database connection lost
2025-08-11 05:40:43 [ERROR] Unhandled exception: NullPointerException
2025-08-11 03:24:51 [INFO] Cache cleared successfully
2025-08-11 07:19:36 [WARNING] Configuration file deprecated: report.pdf
2025-08-11 09:17:11 [INFO] Service notification started
2025-08-11 01:15:07 [INFO] File uploaded: data.csv
2025-08-11 09:02:20 [WARNING] Disk space low: 1801 remaining
2025-08-11 08:09:59 [INFO] File uploaded: config.yml
2025-08-11 16:16:40 [INFO] Cache cleared successfully
2025-08-11 21:57:37 [INFO] Database connection established
2025-08-11 16:37:36 [INFO] User login successful for user: eve
2025-08-11 07:14:54 [INFO] Scheduled backup completed successfully
2025-08-11 20:13:46 [INFO] File uploaded: backup.zip
2025-08-11 00:28:51 [INFO] File uploaded: config.yml
2025-08-11 18:59:25 [INFO] File uploaded: data.csv
2025-08-11 17:50:13 [ERROR] Service notification crashed
2025-08-11 23:51:06 [INFO] Scheduled backup completed successfully
2025-08-11 19:48:08 [INFO] File uploaded: data.csv
2025-08-11 09:28:30 [INFO] Scheduled backup completed successfully
2025-08-11 05:04:07 [ERROR] Unhandled exception: FileNotFoundError
2025-08-11 13:48:01 [INFO] User login successful for user: bob
2025-08-11 08:36:39 [INFO] Service inventory started
2025-08-11 07:40:18 [INFO] File uploaded: report.pdf
2025-08-11 05:00:02 [INFO] User login successful for user: charlie
2025-08-11 13:48:15 [WARNING] Failed login attempt for user: bob. Retrying...
2025-08-11 04:01:47 [ERROR] Database connection lost
2025-08-11 08:42:27 [WARNING] API response time exceeded threshold
2025-08-11 01:52:59 [WARNING] High memory usage detected
2025-08-11 04:03:07 [INFO] User login successful for user: diana
2025-08-11 16:27:00 [ERROR] File write failed: report.pdf
2025-08-11 23:51:23 [WARNING] High memory usage detected
2025-08-11 04:43:45 [INFO] Service payment started
2025-08-11 12:18:28 [INFO] Service inventory started
2025-08-11 14:25:59 [INFO] Service payment started
2025-08-11 12:47:07 [INFO] Service payment started
2025-08-11 11:17:50 [INFO] Cache cleared successfully
2025-08-11 08:21:05 [INFO] User login successful for user: charlie
2025-08-11 06:08:58 [INFO] Scheduled backup completed successfully
2025-08-11 11:50:37 [INFO] Scheduled backup completed successfully
2025-08-11 04:39:53 [WARNING] Failed login attempt for user: charlie. Retrying...
2025-08-11 19:22:10 [ERROR] Database connection lost
2025-08-11 02:16:56 [WARNING] API response time exceeded threshold
2025-08-11 08:02:56 [INFO] Database connection established
2025-08-11 10:41:55 [INFO] Database connection established
2025-08-11 10:38:12 [INFO] Service auth started
2025-08-11 19:50:31 [INFO] User login successful for user: eve
2025-08-11 07:41:06 [INFO] Cache cleared successfully
2025-08-11 12:29:51 [ERROR] Service notification crashed
2025-08-11 04:02:15 [INFO] Cache cleared successfully
2025-08-11 13:06:31 [INFO] User login successful for user: charlie
2025-08-11 10:09:53 [WARNING] Slow query detected: execution time 2467ms
2025-08-11 10:11:14 [WARNING] Disk space low: 2684 remaining
2025-08-11 10:40:07 [INFO] File uploaded: report.pdf
2025-08-11 21:40:19 [ERROR] Service inventory crashed
2025-08-11 05:37:12 [INFO] Cache cleared successfully
2025-08-11 23:25:59 [INFO] Cache cleared successfully
2025-08-11 19:39:06 [INFO] File uploaded: data.csv
2025-08-11 06:48:50 [INFO] Database connection established
2025-08-11 04:38:16 [INFO] Scheduled backup completed successfully
2025-08-11 07:17:00 [ERROR] Database connection lost
2025-08-11 02:05:16 [ERROR] Deadlock detected in transaction ID 2580
2025-08-11 06:19:09 [INFO] File uploaded: config.yml
2025-08-11 05:03:23 [INFO] File uploaded: report.pdf
2025-08-11 14:19:38 [ERROR] Database connection lost
2025-08-11 12:24:07 [INFO] User login successful for user: charlie
2025-08-11 13:08:55 [WARNING] High memory usage detected
2025-08-11 15:52:36 [WARNING] Second failed login attempt for user: charlie. Next attempt will ERROR. Retrying...
2025-08-11 13:24:27 [WARNING] API response time exceeded threshold
2025-08-11 01:49:43 [INFO] User login successful for user: diana
2025-08-11 18:19:49 [WARNING] High memory usage detected
2025-08-11 17:44:00 [DEBUG] Variable x has value: 1696
2025-08-11 22:20:16 [INFO] Cache cleared successfully
2025-08-11 15:46:29 [INFO] Service inventory started
2025-08-11 14:36:35 [INFO] User login successful for user: alice
2025-08-11 06:14:34 [INFO] File uploaded: report.pdf
2025-08-11 17:19:52 [INFO] File uploaded: data.csv
2025-08-11 20:22:19 [ERROR] Deadlock detected in transaction ID 4201
2025-08-11 18:33:21 [WARNING] API response time exceeded threshold
2025-08-11 19:29:17 [ERROR] Deadlock detected in transaction ID 1376
2025-08-11 11:44:21 [ERROR] Service inventory crashed
2025-08-11 01:33:43 [WARNING] Disk space low: 3328 remaining
2025-08-11 08:02:22 [INFO] Scheduled backup completed successfully
2025-08-11 12:24:43 [ERROR] Database connection lost
2025-08-11 03:03:45 [INFO] Cache cleared successfully
2025-08-11 19:34:55 [INFO] Cache cleared successfully
2025-08-11 06:14:01 [INFO] Service notification started
2025-08-11 09:17:13 [WARNING] High memory usage detected
2025-08-11 14:12:31 [DEBUG] Session token generated for user: diana
2025-08-11 06:25:49 [INFO] Scheduled backup completed successfully
2025-08-11 12:24:50 [INFO] File uploaded: report.pdf
2025-08-11 03:29:09 [INFO] Cache cleared successfully
2025-08-11 20:45:54 [ERROR] Unhandled exception: NullPointerException
2025-08-11 20:21:04 [ERROR] File write failed: report.pdf
2025-08-11 13:29:59 [WARNING] API response time exceeded threshold
2025-08-11 12:42:41 [INFO] Database connection established
2025-08-11 11:05:17 [INFO] Service inventory started
2025-08-11 06:14:50 [INFO] Cache cleared successfully
2025-08-11 01:14:03 [INFO] Cache cleared successfully
2025-08-11 00:56:11 [INFO] File uploaded: data.csv
2025-08-11 00:55:29 [ERROR] File write failed: backup.zip
2025-08-11 13:52:18 [INFO] Scheduled backup completed successfully
2025-08-11 15:47:00 [INFO] Scheduled backup completed successfully
2025-08-11 10:31:08 [WARNING] Failed login attempt for user: charlie. Retrying...
2025-08-11 07:32:36 [INFO] Database connection established
2025-08-11 09:16:00 [INFO] File uploaded: backup.zip
2025-08-11 23:12:34 [DEBUG] Temporary file created at: report.pdf
2025-08-11 03:30:54 [INFO] File uploaded: data.csv
2025-08-11 07:51:20 [INFO] Database connection established
2025-08-11 06:07:23 [WARNING] Second failed login attempt for user: eve. Next attempt will ERROR. Retrying...
2025-08-11 00:05:56 [INFO] Service auth started
2025-08-11 00:51:03 [ERROR] Email sending failed to recipient: support@amazon.com
2025-08-11 13:39:34 [INFO] User login successful for user: alice
2025-08-11 00:40:40 [INFO] Database connection established
2025-08-11 21:12:33 [INFO] Cache cleared successfully
2025-08-11 05:21:47 [INFO] User login successful for user: charlie
2025-08-11 19:00:35 [INFO] Database connection established
2025-08-11 09:06:44 [ERROR] Unhandled exception: NullPointerException
2025-08-11 06:01:01 [ERROR] Deadlock detected in transaction ID 1573
2025-08-11 22:20:49 [INFO] Cache cleared successfully
2025-08-11 01:59:19 [INFO] Cache cleared successfully
2025-08-11 03:37:39 [WARNING] Failed login attempt for user: alice. Retrying...
2025-08-11 03:40:04 [INFO] Scheduled backup completed successfully
2025-08-11 16:28:47 [WARNING] Second failed login attempt for user: alice. Next attempt will ERROR. Retrying...
2025-08-11 08:32:47 [INFO] Database connection established
2025-08-11 00:37:56 [ERROR] Deadlock detected in transaction ID 1056
2025-08-11 07:51:54 [INFO] File uploaded: config.yml
2025-08-11 19:50:19 [INFO] Cache cleared successfully
2025-08-11 16:51:29 [ERROR] Deadlock detected in transaction ID 1479
2025-08-11 09:51:51 [INFO] User login successful for user: charlie
2025-08-11 14:09:31 [DEBUG] Query executed: SELECT * FROM users
2025-08-11 11:43:29 [ERROR] Unhandled exception: FileNotFoundError
2025-08-11 14:33:40 [INFO] Cache cleared successfully
2025-08-11 18:37:06 [INFO] Cache cleared successfully
2025-08-11 21:58:25 [INFO] User login successful for user: eve
2025-08-11 22:11:59 [INFO] Database connection established
2025-08-11 05:19:10 [INFO] Service payment started
2025-08-11 17:29:23 [INFO] Service payment started
2025-08-11 04:47:13 [INFO] Service payment started
2025-08-11 20:03:16 [ERROR] File write failed: config.yml
2025-08-11 05:22:29 [INFO] Database connection established
2025-08-11 22:00:21 [INFO] File uploaded: backup.zip
2025-08-11 21:41:47 [INFO] File uploaded: config.yml
2025-08-11 19:06:55 [ERROR] File write failed: backup.zip
2025-08-11 23:30:24 [INFO] Cache cleared successfully
2025-08-11 08:54:55 [ERROR] Unhandled exception: FileNotFoundError
2025-08-11 14:28:52 [INFO] Service payment started
2025-08-11 14:07:10 [DEBUG] Query executed: UPDATE orders SET status='shipped' WHERE id=42
2025-08-11 15:56:06 [INFO] File uploaded: report.pdf
2025-08-11 04:02:33 [INFO] Service payment started
2025-08-11 05:19:51 [ERROR] Deadlock detected in transaction ID 1518
2025-08-11 02:59:25 [ERROR] Service payment crashed
2025-08-11 09:28:43 [INFO] Scheduled backup completed successfully
2025-08-11 18:23:17 [INFO] Service auth started
2025-08-11 17:24:43 [WARNING] Second failed login attempt for user: bob. Next attempt will ERROR. Retrying...
2025-08-11 21:12:36 [INFO] Database connection established
2025-08-11 04:53:39 [INFO] Database connection established
2025-08-11 16:24:13 [INFO] Cache cleared successfully
2025-08-11 21:42:25 [WARNING] Second failed login attempt for user: eve. Next attempt will ERROR. Retrying...
2025-08-11 17:14:43 [INFO] Service inventory started
2025-08-11 23:23:21 [WARNING] Slow query detected: execution time 3823ms
2025-08-11 11:40:11 [WARNING] API response time exceeded threshold
2025-08-11 02:37:44 [INFO] Scheduled backup completed successfully
2025-08-11 15:36:54 [INFO] File uploaded: config.yml
2025-08-11 16:00:17 [INFO] Database connection established
2025-08-11 05:45:44 [ERROR] Service inventory crashed
2025-08-11 14:18:00 [INFO] Scheduled backup completed successfully
2025-08-11 04:37:37 [INFO] Service payment started
2025-08-11 14:18:29 [WARNING] Second failed login attempt for user: alice. Next attempt will ERROR. Retrying...
2025-08-11 22:42:22 [INFO] File uploaded: config.yml
2025-08-11 06:38:12 [INFO] File uploaded: config.yml
2025-08-11 04:54:06 [INFO] File uploaded: backup.zip
2025-08-11 02:09:33 [INFO] Database connection established
2025-08-11 04:35:58 [INFO] Scheduled backup completed successfully
2025-08-11 10:35:58 [INFO] Database connection established
2025-08-11 14:10:32 [WARNING] API response time exceeded threshold
2025-08-11 07:54:21 [INFO] File uploaded: backup.zip
2025-08-11 19:02:39 [INFO] Service notification started
2025-08-11 10:06:58 [INFO] User login successful for user: eve
2025-08-11 09:14:08 [INFO] User login successful for user: bob
2025-08-11 05:03:26 [WARNING] API response time exceeded threshold
2025-08-11 20:16:29 [INFO] User login successful for user: bob
2025-08-11 05:11:24 [INFO] User login successful for user: alice
2025-08-11 08:50:59 [WARNING] High memory usage detected
2025-08-11 01:48:46 [WARNING] API response time exceeded threshold
2025-08-11 22:35:59 [INFO] User login successful for user: charlie
2025-08-11 20:50:22 [ERROR] File write failed: backup.zip
2025-08-11 16:42:10 [INFO] Scheduled backup completed successfully
2025-08-11 02:28:30 [INFO] Service payment started
2025-08-11 07:42:44 [INFO] Cache cleared successfully
2025-08-11 15:52:39 [INFO] Cache cleared successfully
2025-08-11 21:58:26 [ERROR] Email sending failed to recipient: admin@google.com
2025-08-11 12:18:40 [ERROR] Deadlock detected in transaction ID 4788
2025-08-11 19:11:27 [INFO] Service auth started
2025-08-11 23:06:19 [INFO] Scheduled backup completed successfully
2025-08-11 22:12:32 [INFO] Cache cleared successfully
2025-08-11 06:38:38 [INFO] Scheduled backup completed successfully
2025-08-11 02:54:15 [INFO] File uploaded: config.yml
2025-08-11 09:18:41 [ERROR] Database connection lost
2025-08-11 18:34:23 [DEBUG] Entering function process_payment with arguments: 3
2025-08-11 21:09:56 [INFO] Database connection established
2025-08-11 02:44:33 [INFO] Scheduled backup completed successfully
2025-08-11 08:59:18 [INFO] File uploaded: report.pdf
2025-08-11 16:46:10 [INFO] Database connection established
2025-08-11 20:21:01 [INFO] Cache cleared successfully
2025-08-11 04:47:47 [INFO] Cache cleared successfully
2025-08-11 19:51:51 [INFO] File uploaded: data.csv
2025-08-11 01:24:30 [INFO] Database connection established
2025-08-11 17:49:56 [INFO] Service inventory started
2025-08-11 11:01:00 [INFO] Scheduled backup completed successfully
2025-08-11 04:01:23 [ERROR] Deadlock detected in transaction ID 4549
2025-08-11 07:39:09 [ERROR] Database connection lost
2025-08-11 09:07:19 [INFO] User login successful for user: diana
2025-08-11 06:45:50 [INFO] Scheduled backup completed successfully
2025-08-11 04:28:15 [INFO] Scheduled backup completed successfully
2025-08-11 04:22:13 [WARNING] High memory usage detected
2025-08-11 01:41:50 [ERROR] Database connection lost
2025-08-11 17:07:21 [INFO] File uploaded: backup.zip
2025-08-11 03:03:05 [INFO] Scheduled backup completed successfully
2025-08-11 20:52:30 [INFO] User login successful for user: charlie
2025-08-11 03:10:22 [INFO] Scheduled backup completed successfully
2025-08-11 00:10:00 [WARNING] Configuration file deprecated: config.yml
2025-08-11 11:54:45 [INFO] Database connection established
2025-08-11 10:21:40 [ERROR] File write failed: config.yml
2025-08-11 07:56:45 [ERROR] Service inventory crashed
2025-08-11 10:14:16 [INFO] User login successful for user: diana
2025-08-11 00:19:28 [WARNING] High memory usage detected
2025-08-11 21:25:59 [INFO] Service inventory started
2025-08-11 14:58:38 [ERROR] Deadlock detected in transaction ID 4452
2025-08-11 03:26:16 [INFO] File uploaded: report.pdf
2025-08-11 08:19:34 [WARNING] Slow query detected: execution time 1695ms
2025-08-11 19:40:29 [WARNING] Failed login attempt for user: charlie. Retrying...
2025-08-11 20:48:31 [ERROR] Unhandled exception: TimeoutError
2025-08-11 23:13:40 [INFO] Cache cleared successfully
2025-08-11 07:17:20 [WARNING] Failed login attempt for user: eve. Retrying...
2025-08-11 12:29:31 [INFO] File uploaded: data.csv
2025-08-11 20:08:58 [INFO] Database connection established
2025-08-11 15:19:44 [ERROR] Unhandled exception: TimeoutError
2025-08-11 06:57:59 [WARNING] Second failed login attempt for user: diana. Next attempt will ERROR. Retrying...
2025-08-11 18:11:12 [WARNING] API response time exceeded threshold
2025-08-11 01:40:42 [INFO] Cache cleared successfully
2025-08-11 10:39:30 [INFO] Cache cleared successfully
2025-08-11 03:47:23 [ERROR] Deadlock detected in transaction ID 2268
2025-08-11 02:34:39 [INFO] Database connection established
2025-08-11 09:40:48 [WARNING] Slow query detected: execution time 418ms
2025-08-11 01:09:06 [INFO] Service payment started
2025-08-11 12:42:58 [WARNING] Second failed login attempt for user: bob. Next attempt will ERROR. Retrying...
2025-08-11 10:57:44 [INFO] File uploaded: backup.zip
2025-08-11 15:35:47 [ERROR] Deadlock detected in transaction ID 1582
2025-08-11 17:17:11 [DEBUG] Temporary file created at: data.csv
2025-08-11 08:05:29 [INFO] Service notification started
2025-08-11 21:19:16 [INFO] Service payment started
2025-08-11 04:24:10 [INFO] User login successful for user: alice
2025-08-11 12:22:46 [WARNING] Slow query detected: execution time 654ms
2025-08-11 15:57:17 [INFO] Scheduled backup completed successfully
2025-08-11 15:34:47 [INFO] User login successful for user: bob
2025-08-11 19:25:15 [ERROR] Email sending failed to recipient: admin@google.com
2025-08-11 21:37:53 [INFO] User login successful for user: alice
2025-08-11 22:34:11 [ERROR] Database connection lost
2025-08-11 04:28:29 [ERROR] Unhandled exception: TimeoutError
2025-08-11 14:16:41 [INFO] File uploaded: report.pdf
2025-08-11 04:59:39 [INFO] Cache cleared successfully
2025-08-11 11:19:07 [WARNING] Disk space low: 136 remaining
2025-08-11 17:06:36 [ERROR] File write failed: data.csv
2025-08-11 06:42:06 [WARNING] Slow query detected: execution time 1691ms
2025-08-11 08:48:26 [INFO] Database connection established
2025-08-11 22:38:19 [WARNING] High memory usage detected
2025-08-11 21:37:08 [INFO] Cache cleared successfully
2025-08-11 01:13:39 [DEBUG] Session token generated for user: alice
2025-08-11 19:10:00 [WARNING] Disk space low: 3025 remaining
2025-08-11 16:57:13 [INFO] Service payment started
2025-08-11 01:43:40 [INFO] Database connection established
2025-08-11 10:25:41 [INFO] Cache cleared successfully
2025-08-11 04:39:03 [ERROR] File write failed: backup.zip
2025-08-11 09:53:52 [ERROR] Email sending failed to recipient: admin@google.com
2025-08-11 18:15:23 [ERROR] Deadlock detected in transaction ID 3215
2025-08-11 04:58:30 [DEBUG] Session token generated for user: charlie
2025-08-11 05:30:16 [WARNING] Second failed login attempt for user: alice. Next attempt will ERROR. Retrying...
2025-08-11 23:39:04 [INFO] Service notification started
2025-08-11 15:11:29 [INFO] User login successful for user: eve
2025-08-11 15:19:23 [INFO] Service payment started
2025-08-11 04:49:27 [INFO] File uploaded: data.csv
2025-08-11 07:25:49 [INFO] Database connection established
2025-08-11 15:05:28 [WARNING] API response time exceeded threshold
2025-08-11 04:44:49 [INFO] Scheduled backup completed successfully
2025-08-11 08:42:10 [ERROR] Unhandled exception: FileNotFoundError
2025-08-11 20:07:16 [INFO] File uploaded: report.pdf
2025-08-11 03:38:24 [WARNING] Failed login attempt for user: alice. Retrying...
2025-08-11 15:51:52 [ERROR] Deadlock detected in transaction ID 3210
2025-08-11 05:15:32 [INFO] File uploaded: config.yml
2025-08-11 13:17:42 [INFO] Scheduled backup completed successfully
2025-08-11 15:43:58 [INFO] Service payment started
2025-08-11 09:29:23 [INFO] Cache cleared successfully
2025-08-11 15:43:34 [INFO] Scheduled backup completed successfully
2025-08-11 17:53:09 [INFO] Scheduled backup completed successfully
2025-08-11 23:19:59 [WARNING] API response time exceeded threshold
2025-08-11 16:34:07 [ERROR] Unhandled exception: TimeoutError
2025-08-11 17:24:00 [INFO] Service inventory started
2025-08-11 16:44:01 [INFO] Database connection established
2025-08-11 01:46:35 [INFO] Cache cleared successfully
2025-08-11 12:41:47 [INFO] Service payment started
2025-08-11 00:47:57 [ERROR] Unhandled exception: FileNotFoundError
2025-08-11 22:11:10 [ERROR] Unhandled exception: NullPointerException
2025-08-11 20:40:52 [INFO] Database connection established
2025-08-11 07:39:07 [INFO] Cache cleared successfully
2025-08-11 12:56:22 [INFO] Service notification started
2025-08-11 05:48:40 [INFO] User login successful for user: eve
2025-08-11 04:45:06 [INFO] Database connection established
2025-08-11 22:33:52 [INFO] Scheduled backup completed successfully
2025-08-11 01:10:05 [INFO] File uploaded: backup.zip
2025-08-11 23:41:36 [INFO] Service notification started
2025-08-11 15:41:13 [INFO] Scheduled backup completed successfully
2025-08-11 13:14:08 [WARNING] Slow query detected: execution time 4890ms
2025-08-11 07:33:52 [INFO] File uploaded: data.csv
2025-08-11 15:27:53 [INFO] Cache cleared successfully
2025-08-11 12:23:20 [ERROR] Service auth crashed
2025-08-11 18:57:47 [INFO] Scheduled backup completed successfully
2025-08-11 00:46:15 [INFO] File uploaded: report.pdf
2025-08-11 17:09:41 [INFO] Cache cleared successfully
2025-08-11 23:26:09 [WARNING] Slow query detected: execution time 160ms
2025-08-11 20:17:23 [WARNING] Configuration file deprecated: data.csv
2025-08-11 05:26:36 [ERROR] Email sending failed to recipient: admin@google.com
2025-08-11 18:40:56 [WARNING] Slow query detected: execution time 2216ms
2025-08-11 12:49:41 [INFO] File uploaded: data.csv
2025-08-11 18:48:55 [INFO] Database connection established
2025-08-11 23:55:54 [ERROR] Email sending failed to recipient: user@gmail.com
2025-08-11 06:08:34 [INFO] Scheduled backup completed successfully
2025-08-11 10:58:05 [ERROR] File write failed: backup.zip
2025-08-11 09:19:46 [WARNING] Slow query detected: execution time 1978ms
2025-08-11 04:09:18 [ERROR] Service auth crashed
2025-08-11 00:25:18 [INFO] Service inventory started
2025-08-11 12:46:50 [INFO] File uploaded: backup.zip
2025-08-11 21:59:45 [INFO] File uploaded: report.pdf
2025-08-11 13:10:02 [INFO] Database connection established
2025-08-11 20:30:53 [INFO] Database connection established
2025-08-11 13:58:40 [WARNING] API response time exceeded threshold
2025-08-11 01:38:43 [ERROR] File write failed: report.pdf
2025-08-11 02:33:20 [INFO] Scheduled backup completed successfully
2025-08-11 00:20:22 [ERROR] Database connection lost
2025-08-11 17:39:29 [INFO] Database connection established
2025-08-11 20:15:39 [WARNING] API response time exceeded threshold
2025-08-11 15:19:45 [ERROR] Service auth crashed
2025-08-11 01:28:55 [INFO] File uploaded: backup.zip
2025-08-11 18:20:28 [ERROR] Unhandled exception: TimeoutError
2025-08-11 06:33:42 [INFO] Scheduled backup completed successfully
2025-08-11 16:30:48 [INFO] User login successful for user: bob
2025-08-11 06:34:53 [WARNING] Slow query detected: execution time 4731ms
2025-08-11 05:16:49 [INFO] File uploaded: report.pdf
2025-08-11 22:26:24 [WARNING] Second failed login attempt for user: alice. Next attempt will ERROR. Retrying...
2025-08-11 16:08:26 [INFO] Database connection established
2025-08-11 03:36:51 [DEBUG] Session token generated for user: charlie
2025-08-11 11:47:21 [INFO] User login successful for user: charlie
2025-08-11 01:31:42 [INFO] Scheduled backup completed successfully
2025-08-11 02:56:04 [INFO] Cache cleared successfully
2025-08-11 23:15:08 [INFO] Service payment started
2025-08-11 12:16:55 [INFO] User login successful for user: diana
2025-08-11 20:09:21 [ERROR] File write failed: data.csv
2025-08-11 07:11:08 [DEBUG] Temporary file created at: data.csv
2025-08-11 19:03:03 [INFO] Database connection established
2025-08-11 00:26:06 [WARNING] API response time exceeded threshold
2025-08-11 15:09:58 [DEBUG] Entering function generate_report with arguments: 2
2025-08-11 01:00:55 [INFO] Scheduled backup completed successfully
2025-08-11 12:31:36 [ERROR] File write failed: config.yml
2025-08-11 12:08:54 [INFO] User login successful for user: eve
2025-08-11 10:39:17 [INFO] Scheduled backup completed successfully
2025-08-11 09:40:58 [ERROR] Database connection lost
2025-08-11 16:37:57 [INFO] Database connection established
2025-08-11 08:50:11 [DEBUG] Session token generated for user: eve
2025-08-11 18:45:53 [WARNING] Failed login attempt for user: bob. Retrying...
2025-08-11 06:35:58 [INFO] Cache cleared successfully
2025-08-11 08:34:48 [INFO] File uploaded: data.csv
2025-08-11 09:41:09 [INFO] Scheduled backup completed successfully
2025-08-11 15:50:29 [ERROR] Service payment crashed
2025-08-11 01:59:08 [INFO] Scheduled backup completed successfully
2025-08-11 01:28:53 [INFO] Database connection established
2025-08-11 01:06:38 [INFO] Database connection established
2025-08-11 02:34:51 [INFO] Database connection established
2025-08-11 03:48:58 [INFO] Scheduled backup completed successfully
2025-08-11 11:40:41 [INFO] Service auth started
2025-08-11 03:25:57 [WARNING] Failed login attempt for user: charlie. Retrying...
2025-08-11 20:44:32 [INFO] User login successful for user: bob
2025-08-11 16:09:13 [INFO] Database connection established
2025-08-11 07:34:55 [ERROR] Service inventory crashed
2025-08-11 20:08:05 [INFO] Scheduled backup completed successfully
2025-08-11 10:01:08 [WARNING] Second failed login attempt for user: diana. Next attempt will ERROR. Retrying...
2025-08-11 05:45:31 [INFO] Database connection established
2025-08-11 08:04:48 [INFO] Service payment started
2025-08-11 18:08:13 [INFO] Service inventory started
2025-08-11 09:11:21 [INFO] Database connection established
2025-08-11 14:15:02 [ERROR] Service inventory crashed
2025-08-11 13:42:29 [ERROR] Database connection lost
2025-08-11 06:49:16 [INFO] Service notification started
2025-08-11 02:18:45 [INFO] Cache cleared successfully
2025-08-11 20:11:55 [ERROR] Email sending failed to recipient: admin@google.com
2025-08-11 20:59:50 [INFO] File uploaded: report.pdf
2025-08-11 21:50:35 [INFO] User login successful for user: bob
2025-08-11 18:21:15 [INFO] File uploaded: config.yml
2025-08-11 03:08:06 [INFO] Cache cleared successfully
2025-08-11 02:15:11 [INFO] File uploaded: config.yml
2025-08-11 15:42:30 [INFO] Cache cleared successfully
2025-08-11 10:10:50 [INFO] Cache cleared successfully
2025-08-11 17:34:16 [DEBUG] Temporary file created at: config.yml
2025-08-11 14:32:01 [INFO] Service auth started
2025-08-11 05:46:32 [INFO] File uploaded: config.yml
2025-08-11 02:15:38 [WARNING] High memory usage detected
2025-08-11 15:34:14 [WARNING] High memory usage detected
2025-08-11 16:27:20 [INFO] User login successful for user: bob
2025-08-11 09:27:06 [WARNING] Configuration file deprecated: config.yml
2025-08-11 11:15:10 [WARNING] Configuration file deprecated: data.csv
2025-08-11 19:44:30 [INFO] File uploaded: backup.zip
2025-08-11 17:03:33 [INFO] File uploaded: backup.zip
2025-08-11 16:54:34 [INFO] Database connection established
2025-08-11 05:03:15 [INFO] Database connection established
2025-08-11 18:54:29 [INFO] Database connection established
2025-08-11 20:51:25 [INFO] File uploaded: config.yml
2025-08-11 19:51:31 [INFO] Database connection established
2025-08-11 00:06:34 [INFO] Scheduled backup completed successfully
2025-08-11 06:08:20 [WARNING] Failed login attempt for user: alice. Retrying...
2025-08-11 11:59:40 [ERROR] Email sending failed to recipient: support@amazon.com
2025-08-11 02:55:22 [ERROR] Email sending failed to recipient: user@gmail.com
2025-08-11 05:47:25 [DEBUG] Temporary file created at: config.yml
2025-08-11 11:02:52 [WARNING] Failed login attempt for user: alice. Retrying...
2025-08-11 19:59:42 [INFO] User login successful for user: charlie
2025-08-11 01:54:16 [INFO] File uploaded: report.pdf
2025-08-11 16:54:18 [INFO] Cache cleared successfully
2025-08-11 03:11:08 [INFO] User login successful for user: eve
2025-08-11 14:29:17 [INFO] File uploaded: data.csv
2025-08-11 01:23:20 [INFO] User login successful for user: charlie
2025-08-11 15:45:48 [WARNING] Slow query detected: execution time 2151ms
2025-08-11 13:41:16 [INFO] Service notification started
2025-08-11 06:50:08 [INFO] User login successful for user: charlie
2025-08-11 09:42:48 [INFO] User login successful for user: alice
2025-08-11 23:28:13 [WARNING] Disk space low: 1572 remaining
2025-08-11 03:20:22 [INFO] Cache cleared successfully
2025-08-11 12:15:06 [ERROR] Database connection lost
2025-08-11 08:28:07 [INFO] User login successful for user: alice
2025-08-11 03:10:32 [INFO] Database connection established
2025-08-11 22:43:33 [INFO] Service inventory started
2025-08-11 03:47:53 [INFO] Cache cleared successfully
2025-08-11 23:05:13 [ERROR] Deadlock detected in transaction ID 3930
2025-08-11 01:24:24 [INFO] Database connection established
2025-08-11 18:53:53 [WARNING] Disk space low: 1558 remaining
2025-08-11 01:09:25 [INFO] Cache cleared successfully
2025-08-11 13:43:51 [INFO] Database connection established
2025-08-11 12:48:36 [WARNING] Slow query detected: execution time 4706ms
2025-08-11 05:32:38 [INFO] File uploaded: report.pdf
2025-08-11 20:44:28 [WARNING] Failed login attempt for user: bob. Retrying...
2025-08-11 15:29:18 [INFO] File uploaded: backup.zip
2025-08-11 08:33:29 [INFO] Database connection established
2025-08-11 16:46:36 [WARNING] Failed login attempt for user: alice. Retrying...
2025-08-11 07:29:41 [ERROR] Email sending failed to recipient: admin@google.com
2025-08-11 20:12:09 [INFO] User login successful for user: bob
2025-08-11 02:05:54 [ERROR] Database connection lost
2025-08-11 08:57:24 [INFO] User login successful for user: charlie
2025-08-11 19:52:17 [WARNING] Slow query detected: execution time 1000ms
2025-08-11 12:42:35 [INFO] Cache cleared successfully
2025-08-11 17:08:23 [INFO] Cache cleared successfully
2025-08-11 06:45:37 [INFO] Cache cleared successfully
2025-08-11 17:11:24 [INFO] Scheduled backup completed successfully
2025-08-11 14:29:44 [ERROR] Service notification crashed
2025-08-11 16:47:30 [ERROR] Deadlock detected in transaction ID 3214
2025-08-11 10:39:26 [INFO] File uploaded: report.pdf
2025-08-11 03:39:56 [INFO] File uploaded: data.csv
2025-08-11 14:47:30 [INFO] Scheduled backup completed successfully
2025-08-11 12:08:31 [ERROR] Service payment crashed
2025-08-11 10:13:22 [ERROR] File write failed: report.pdf
2025-08-11 23:42:13 [INFO] Cache cleared successfully
2025-08-11 23:07:45 [ERROR] Service inventory crashed
2025-08-11 23:48:48 [WARNING] Failed login attempt for user: alice. Retrying...
2025-08-11 04:09:22 [INFO] Database connection established
2025-08-11 20:06:45 [ERROR] Deadlock detected in transaction ID 2659
2025-08-11 04:38:27 [WARNING] Second failed login attempt for user: charlie. Next attempt will ERROR. Retrying...
2025-08-11 20:31:09 [WARNING] Second failed login attempt for user: diana. Next attempt will ERROR. Retrying...
2025-08-11 13:48:29 [DEBUG] Session token generated for user: charlie
2025-08-11 15:21:37 [INFO] Service auth started
2025-08-11 07:56:28 [ERROR] Service notification crashed
2025-08-11 09:03:32 [WARNING] Second failed login attempt for user: alice. Next attempt will ERROR. Retrying...
2025-08-11 11:22:15 [INFO] Cache cleared successfully
2025-08-11 03:59:41 [WARNING] High memory usage detected
2025-08-11 19:39:34 [INFO] File uploaded: data.csv
2025-08-11 22:48:55 [WARNING] High memory usage detected
2025-08-11 20:52:00 [INFO] Cache cleared successfully
2025-08-11 01:05:35 [INFO] Database connection established
2025-08-11 08:05:55 [INFO] Cache cleared successfully
2025-08-11 16:07:51 [ERROR] Deadlock detected in transaction ID 2635
2025-08-11 06:47:11 [INFO] Database connection established
2025-08-11 10:40:24 [INFO] File uploaded: config.yml
2025-08-11 07:05:06 [WARNING] High memory usage detected
2025-08-11 22:09:05 [INFO] File uploaded: report.pdf
2025-08-11 16:30:23 [INFO] Scheduled backup completed successfully
2025-08-11 18:44:46 [ERROR] Database connection lost
2025-08-11 03:10:51 [INFO] File uploaded: report.pdf
2025-08-11 10:52:08 [INFO] Database connection established
2025-08-11 13:28:58 [INFO] Cache cleared successfully
2025-08-11 00:59:15 [ERROR] Unhandled exception: TimeoutError
2025-08-11 04:33:30 [INFO] Cache cleared successfully
2025-08-11 22:34:14 [INFO] Scheduled backup completed successfully
2025-08-11 14:22:49 [INFO] Scheduled backup completed successfully
2025-08-11 12:25:11 [INFO] Cache cleared successfully
2025-08-11 06:50:33 [INFO] Service payment started
2025-08-11 14:43:50 [INFO] File uploaded: config.yml
2025-08-11 19:20:06 [ERROR] Deadlock detected in transaction ID 4875
2025-08-11 13:45:52 [INFO] Cache cleared successfully
2025-08-11 15:06:48 [WARNING] Configuration file deprecated: config.yml
2025-08-11 05:50:41 [DEBUG] Variable x has value: 3550
2025-08-11 06:17:57 [INFO] File uploaded: report.pdf
2025-08-11 09:02:06 [ERROR] Unhandled exception: NullPointerException
2025-08-11 03:51:43 [INFO] File uploaded: backup.zip
2025-08-11 23:33:56 [INFO] File uploaded: backup.zip
2025-08-11 05:51:19 [INFO] Scheduled backup completed successfully
2025-08-11 04:26:20 [INFO] Cache cleared successfully
2025-08-11 07:00:15 [INFO] Database connection established
2025-08-11 13:18:36 [INFO] Database connection established
2025-08-11 14:32:58 [ERROR] File write failed: report.pdf
2025-08-11 18:24:00 [INFO] Database connection established
2025-08-11 00:07:51 [WARNING] Second failed login attempt for user: eve. Next attempt will ERROR. Retrying...
2025-08-11 02:38:56 [DEBUG] Entering function process_payment with arguments: 4
2025-08-11 03:08:27 [WARNING] Disk space low: 1403 remaining
2025-08-11 03:44:10 [ERROR] Deadlock detected in transaction ID 1252
2025-08-11 07:10:16 [INFO] User login successful for user: charlie
2025-08-11 11:20:58 [INFO] Database connection established
2025-08-11 05:27:53 [INFO] Scheduled backup completed successfully
2025-08-11 23:51:23 [DEBUG] Session token generated for user: bob
2025-08-11 04:49:13 [WARNING] Slow query detected: execution time 3255ms
2025-08-11 18:00:03 [WARNING] Slow query detected: execution time 1538ms
2025-08-11 08:07:57 [INFO] Service payment started
2025-08-11 11:33:50 [INFO] User login successful for user: charlie
2025-08-11 07:31:20 [WARNING] Configuration file deprecated: backup.zip
2025-08-11 22:26:46 [DEBUG] Session token generated for user: alice
2025-08-11 10:04:25 [INFO] Database connection established
2025-08-11 09:50:17 [DEBUG] Variable x has value: 2975
2025-08-11 23:42:03 [INFO] User login successful for user: alice
2025-08-11 01:11:08 [ERROR] File write failed: data.csv
2025-08-11 09:22:12 [ERROR] Deadlock detected in transaction ID 131
2025-08-11 00:01:35 [INFO] Cache cleared successfully
2025-08-11 16:21:19 [INFO] Database connection established
2025-08-11 15:07:55 [WARNING] Disk space low: 1807 remaining
2025-08-11 18:04:22 [INFO] User login successful for user: diana
2025-08-11 06:58:43 [INFO] Database connection established
2025-08-11 19:31:17 [WARNING] High memory usage detected
2025-08-11 09:28:19 [WARNING] Configuration file deprecated: report.pdf
2025-08-11 23:09:11 [ERROR] File write failed: config.yml
2025-08-11 02:45:23 [INFO] Scheduled backup completed successfully
2025-08-11 08:10:30 [INFO] Service inventory started
2025-08-11 08:51:13 [DEBUG] Query executed: SELECT * FROM users
2025-08-11 20:09:29 [INFO] User login successful for user: diana
2025-08-11 20:32:45 [WARNING] API response time exceeded threshold
2025-08-11 00:02:05 [INFO] Database connection established
2025-08-11 20:26:22 [INFO] Database connection established
2025-08-11 03:32:02 [ERROR] Deadlock detected in transaction ID 784
2025-08-11 04:59:52 [INFO] Database connection established
2025-08-11 16:25:38 [INFO] Scheduled backup completed successfully
2025-08-11 02:53:13 [INFO] Service payment started
2025-08-11 09:31:31 [WARNING] Configuration file deprecated: report.pdf
2025-08-11 05:23:08 [WARNING] Second failed login attempt for user: alice. Next attempt will ERROR. Retrying...
2025-08-11 20:37:18 [ERROR] File write failed: report.pdf
2025-08-11 23:55:02 [WARNING] Configuration file deprecated: config.yml
2025-08-11 02:06:58 [INFO] Scheduled backup completed successfully
2025-08-11 18:37:42 [INFO] Service inventory started
2025-08-11 15:35:38 [INFO] Database connection established
2025-08-11 07:06:54 [DEBUG] Temporary file created at: report.pdf
2025-08-11 14:58:32 [INFO] Database connection established
2025-08-11 07:15:19 [ERROR] Database connection lost
2025-08-11 18:30:12 [INFO] Database connection established
2025-08-11 10:52:25 [INFO] File uploaded: backup.zip
2025-08-11 20:23:58 [INFO] Cache cleared successfully
2025-08-11 13:35:03 [INFO] Scheduled backup completed successfully
2025-08-11 02:10:21 [INFO] Cache cleared successfully
2025-08-11 15:02:33 [INFO] File uploaded: backup.zip
2025-08-11 05:55:25 [INFO] Cache cleared successfully
2025-08-11 20:09:41 [INFO] File uploaded: backup.zip
2025-08-11 00:40:41 [INFO] Database connection established
2025-08-11 04:44:31 [INFO] File uploaded: data.csv
2025-08-11 06:57:13 [INFO] Service payment started
2025-08-11 11:05:50 [INFO] User login successful for user: diana
2025-08-11 05:21:26 [INFO] File uploaded: config.yml
2025-08-11 22:09:51 [INFO] Cache cleared successfully
2025-08-11 16:40:30 [ERROR] Database connection lost
2025-08-11 12:45:07 [DEBUG] Temporary file created at: backup.zip
2025-08-11 01:53:09 [INFO] Service auth started
2025-08-11 13:51:00 [INFO] Database connection established
2025-08-11 09:24:53 [INFO] Service auth started
2025-08-11 12:10:19 [INFO] File uploaded: report.pdf
2025-08-11 02:08:00 [WARNING] Disk space low: 2761 remaining
2025-08-11 22:57:48 [ERROR] Unhandled exception: FileNotFoundError
2025-08-11 23:50:35 [INFO] Cache cleared successfully
2025-08-11 16:56:52 [WARNING] Configuration file deprecated: report.pdf
2025-08-11 02:46:49 [WARNING] Disk space low: 4079 remaining
2025-08-11 17:37:52 [WARNING] Configuration file deprecated: config.yml
2025-08-11 07:00:35 [INFO] Service payment started
2025-08-11 16:57:02 [INFO] Scheduled backup completed successfully
2025-08-11 14:53:12 [INFO] User login successful for user: alice
2025-08-11 12:53:09 [INFO] Database connection established
2025-08-11 13:23:51 [INFO] File uploaded: backup.zip
2025-08-11 23:40:27 [INFO] Database connection established
2025-08-11 18:08:10 [DEBUG] Entering function process_payment with arguments: 6
2025-08-11 04:44:09 [INFO] Scheduled backup completed successfully
2025-08-11 03:56:39 [DEBUG] Entering function process_payment with arguments: 10
2025-08-11 21:47:02 [WARNING] Failed login attempt for user: eve. Retrying...
2025-08-11 17:18:18 [WARNING] API response time exceeded threshold
2025-08-11 14:03:35 [INFO] Database connection established
2025-08-11 01:19:37 [DEBUG] Variable x has value: 3889
2025-08-11 17:04:31 [INFO] File uploaded: config.yml
2025-08-11 07:43:04 [INFO] Scheduled backup completed successfully
2025-08-11 04:04:03 [ERROR] File write failed: data.csv
2025-08-11 14:04:33 [INFO] Scheduled backup completed successfully
2025-08-11 03:03:23 [INFO] User login successful for user: diana
2025-08-11 01:06:22 [INFO] File uploaded: backup.zip
2025-08-11 12:48:53 [INFO] Cache cleared successfully
2025-08-11 09:56:35 [INFO] Cache cleared successfully
2025-08-11 09:31:09 [INFO] Scheduled backup completed successfully
2025-08-11 12:01:21 [WARNING] High memory usage detected
2025-08-11 05:30:32 [ERROR] Deadlock detected in transaction ID 4096
2025-08-11 09:06:46 [INFO] Cache cleared successfully
2025-08-11 14:57:48 [INFO] Cache cleared successfully
2025-08-11 22:57:17 [ERROR] Database connection lost
2025-08-11 03:11:10 [INFO] Service notification started
2025-08-11 02:26:11 [ERROR] Email sending failed to recipient: user@gmail.com
2025-08-11 12:08:57 [INFO] Scheduled backup completed successfully
2025-08-11 15:59:22 [WARNING] Failed login attempt for user: charlie. Retrying...
2025-08-11 01:34:56 [ERROR] Deadlock detected in transaction ID 1623
2025-08-11 08:46:49 [WARNING] Failed login attempt for user: alice. Retrying...
2025-08-11 11:42:26 [ERROR] Unhandled exception: NullPointerException
2025-08-11 12:47:37 [INFO] Service auth started
2025-08-11 23:54:32 [INFO] Scheduled backup completed successfully
2025-08-11 19:55:11 [WARNING] Configuration file deprecated: backup.zip
2025-08-11 21:07:36 [INFO] Database connection established
2025-08-11 06:59:51 [ERROR] Deadlock detected in transaction ID 2980
2025-08-11 14:10:56 [INFO] Scheduled backup completed successfully
2025-08-11 21:11:37 [INFO] Cache cleared successfully
2025-08-11 09:24:46 [ERROR] Database connection lost
2025-08-11 09:24:26 [WARNING] API response time exceeded threshold
2025-08-11 14:52:32 [INFO] User login successful for user: eve
2025-08-11 03:16:20 [WARNING] Failed login attempt for user: alice. Retrying...
2025-08-11 01:53:26 [INFO] Database connection established
2025-08-11 10:39:34 [INFO] File uploaded: backup.zip
2025-08-11 00:13:16 [INFO] Cache cleared successfully
2025-08-11 01:36:49 [ERROR] Deadlock detected in transaction ID 3734
2025-08-11 06:55:28 [INFO] Service inventory started
2025-08-11 06:28:54 [DEBUG] Entering function generate_report with arguments: 4
2025-08-11 19:48:29 [INFO] Service inventory started
2025-08-11 07:09:59 [DEBUG] Session token generated for user: charlie
2025-08-11 09:13:11 [INFO] Database connection established
2025-08-11 16:13:00 [DEBUG] Session token generated for user: eve
2025-08-11 23:01:08 [WARNING] API response time exceeded threshold
2025-08-11 15:31:31 [WARNING] Second failed login attempt for user: alice. Next attempt will ERROR. Retrying...
2025-08-11 11:40:26 [INFO] Cache cleared successfully
2025-08-11 21:27:49 [INFO] User login successful for user: diana
2025-08-11 05:09:42 [INFO] File uploaded: data.csv
2025-08-11 08:44:16 [INFO] Service inventory started
2025-08-11 14:42:36 [INFO] Service notification started
2025-08-11 23:07:50 [INFO] File uploaded: config.yml
2025-08-11 07:51:08 [WARNING] API response time exceeded threshold
2025-08-11 17:48:08 [WARNING] API response time exceeded threshold
2025-08-11 04:47:27 [WARNING] Configuration file deprecated: backup.zip
2025-08-11 21:20:40 [INFO] Service inventory started
2025-08-11 16:24:29 [ERROR] Email sending failed to recipient: user@gmail.com
2025-08-11 03:34:25 [INFO] User login successful for user: diana
2025-08-11 02:10:25 [INFO] File uploaded: backup.zip
2025-08-11 02:27:34 [INFO] Cache cleared successfully
2025-08-11 03:08:38 [INFO] Database connection established
