2025-07-08 21:02:26 [INFO] Scheduled backup completed successfully
2025-07-08 12:07:34 [ERROR] Unhandled exception: NullPointerException
2025-07-08 23:25:50 [DEBUG] Entering function send_email with arguments: 10
2025-07-08 21:52:26 [WARNING] Slow query detected: execution time 2695ms
2025-07-08 06:51:12 [ERROR] Database connection lost
2025-07-08 04:30:21 [INFO] Database connection established
2025-07-08 23:45:22 [WARNING] High memory usage detected
2025-07-08 12:37:34 [INFO] Scheduled backup completed successfully
2025-07-08 23:36:41 [WARNING] Failed login attempt for user: charlie. Retrying...
2025-07-08 09:57:20 [ERROR] Email sending failed to recipient: user@gmail.com
2025-07-08 11:49:26 [INFO] Service inventory started
2025-07-08 13:04:13 [INFO] Scheduled backup completed successfully
2025-07-08 17:02:43 [ERROR] Unhandled exception: FileNotFoundError
2025-07-08 02:14:57 [INFO] User login successful for user: alice
2025-07-08 08:36:59 [WARNING] Slow query detected: execution time 2364ms
2025-07-08 19:55:30 [INFO] Database connection established
2025-07-08 08:53:52 [ERROR] Deadlock detected in transaction ID 2895
2025-07-08 23:46:38 [INFO] User login successful for user: bob
2025-07-08 02:43:42 [WARNING] API response time exceeded threshold
2025-07-08 00:10:11 [INFO] Cache cleared successfully
2025-07-08 20:42:48 [INFO] Database connection established
2025-07-08 01:45:11 [INFO] User login successful for user: eve
2025-07-08 12:35:08 [INFO] File uploaded: config.yml
2025-07-08 12:41:36 [ERROR] Unhandled exception: NullPointerException
2025-07-08 10:29:24 [WARNING] Disk space low: 236 remaining
2025-07-08 04:51:05 [INFO] File uploaded: report.pdf
2025-07-08 05:02:07 [INFO] User login successful for user: bob
2025-07-08 17:26:17 [WARNING] API response time exceeded threshold
2025-07-08 16:49:59 [INFO] Scheduled backup completed successfully
2025-07-08 04:20:02 [ERROR] Database connection lost
2025-07-08 13:03:09 [INFO] User login successful for user: bob
2025-07-08 11:13:36 [INFO] User login successful for user: bob
2025-07-08 07:03:50 [ERROR] Service notification crashed
2025-07-08 03:40:25 [ERROR] Deadlock detected in transaction ID 1489
2025-07-08 12:12:16 [INFO] File uploaded: backup.zip
2025-07-08 03:15:42 [WARNING] High memory usage detected
2025-07-08 15:12:12 [INFO] Cache cleared successfully
2025-07-08 12:22:03 [INFO] Cache cleared successfully
2025-07-08 06:09:27 [INFO] Service notification started
2025-07-08 02:41:14 [ERROR] Unhandled exception: FileNotFoundError
2025-07-08 00:03:47 [INFO] Service notification started
2025-07-08 21:08:39 [INFO] Database connection established
2025-07-08 20:11:39 [WARNING] Configuration file deprecated: backup.zip
2025-07-08 10:32:30 [ERROR] Deadlock detected in transaction ID 738
2025-07-08 17:44:50 [INFO] Service inventory started
2025-07-08 23:46:42 [INFO] Cache cleared successfully
2025-07-08 18:44:04 [INFO] File uploaded: config.yml
2025-07-08 11:34:37 [WARNING] Second failed login attempt for user: eve. Next attempt will ERROR. Retrying...
2025-07-08 01:34:08 [INFO] Database connection established
2025-07-08 23:47:43 [INFO] Scheduled backup completed successfully
2025-07-08 23:49:32 [INFO] User login successful for user: eve
2025-07-08 21:59:04 [WARNING] API response time exceeded threshold
2025-07-08 21:26:14 [WARNING] Slow query detected: execution time 3221ms
2025-07-08 00:41:10 [ERROR] Deadlock detected in transaction ID 2279
2025-07-08 06:31:51 [INFO] Database connection established
2025-07-08 06:01:54 [WARNING] Configuration file deprecated: data.csv
2025-07-08 05:36:20 [INFO] Database connection established
2025-07-08 12:56:00 [INFO] Service payment started
2025-07-08 13:00:45 [INFO] User login successful for user: diana
2025-07-08 07:47:59 [WARNING] API response time exceeded threshold
2025-07-08 17:35:53 [WARNING] Disk space low: 4785 remaining
2025-07-08 10:41:05 [DEBUG] Session token generated for user: charlie
2025-07-08 08:32:08 [INFO] Service notification started
2025-07-08 08:25:56 [ERROR] Deadlock detected in transaction ID 2267
2025-07-08 07:55:20 [INFO] Cache cleared successfully
2025-07-08 03:29:18 [INFO] Scheduled backup completed successfully
2025-07-08 07:16:52 [ERROR] Deadlock detected in transaction ID 1450
2025-07-08 20:38:45 [INFO] Service inventory started
2025-07-08 21:43:21 [INFO] Scheduled backup completed successfully
2025-07-08 12:29:48 [INFO] Service notification started
2025-07-08 11:35:20 [INFO] Cache cleared successfully
2025-07-08 03:07:17 [INFO] User login successful for user: alice
2025-07-08 23:19:59 [WARNING] API response time exceeded threshold
2025-07-08 21:26:24 [WARNING] API response time exceeded threshold
2025-07-08 14:24:10 [WARNING] API response time exceeded threshold
2025-07-08 08:29:41 [INFO] Database connection established
2025-07-08 04:21:56 [INFO] Database connection established
2025-07-08 00:28:58 [ERROR] File write failed: report.pdf
2025-07-08 18:07:02 [INFO] User login successful for user: diana
2025-07-08 21:39:40 [INFO] Service payment started
2025-07-08 10:49:06 [DEBUG] Session token generated for user: bob
2025-07-08 07:16:18 [INFO] User login successful for user: charlie
2025-07-08 19:26:00 [INFO] Database connection established
2025-07-08 08:25:20 [WARNING] High memory usage detected
2025-07-08 17:14:17 [ERROR] Email sending failed to recipient: support@amazon.com
2025-07-08 09:11:53 [INFO] File uploaded: report.pdf
2025-07-08 21:29:00 [ERROR] Service auth crashed
2025-07-08 05:17:54 [WARNING] Failed login attempt for user: eve. Retrying...
2025-07-08 23:46:40 [WARNING] Slow query detected: execution time 4913ms
2025-07-08 00:51:00 [INFO] Scheduled backup completed successfully
2025-07-08 03:01:48 [WARNING] Configuration file deprecated: backup.zip
2025-07-08 01:14:24 [INFO] File uploaded: config.yml
2025-07-08 18:15:42 [WARNING] Slow query detected: execution time 2749ms
2025-07-08 04:25:28 [INFO] File uploaded: report.pdf
2025-07-08 12:07:58 [INFO] User login successful for user: bob
2025-07-08 11:46:46 [ERROR] Deadlock detected in transaction ID 4564
2025-07-08 05:06:52 [ERROR] Database connection lost
2025-07-08 06:17:50 [DEBUG] Temporary file created at: report.pdf
2025-07-08 14:11:13 [INFO] Service auth started
2025-07-08 09:13:10 [ERROR] Unhandled exception: FileNotFoundError
2025-07-08 19:36:42 [INFO] Cache cleared successfully
2025-07-08 10:06:53 [INFO] Cache cleared successfully
2025-07-08 02:06:51 [ERROR] Service notification crashed
2025-07-08 07:19:00 [ERROR] File write failed: report.pdf
2025-07-08 20:02:13 [INFO] File uploaded: backup.zip
2025-07-08 01:53:19 [INFO] Cache cleared successfully
2025-07-08 11:30:51 [INFO] User login successful for user: diana
2025-07-08 15:40:25 [INFO] Scheduled backup completed successfully
2025-07-08 18:25:06 [DEBUG] Query executed: SELECT * FROM users
2025-07-08 20:04:38 [INFO] Cache cleared successfully
2025-07-08 17:20:05 [WARNING] High memory usage detected
2025-07-08 23:48:13 [INFO] Database connection established
2025-07-08 16:00:13 [INFO] File uploaded: data.csv
2025-07-08 01:09:27 [INFO] Database connection established
2025-07-08 11:25:57 [INFO] Service notification started
2025-07-08 07:26:43 [DEBUG] Entering function process_payment with arguments: 4
2025-07-08 04:38:07 [WARNING] API response time exceeded threshold
2025-07-08 09:51:40 [ERROR] Service auth crashed
2025-07-08 10:06:48 [INFO] Cache cleared successfully
2025-07-08 11:37:03 [INFO] User login successful for user: alice
2025-07-08 05:49:36 [DEBUG] Variable x has value: 770
2025-07-08 02:41:38 [INFO] Database connection established
2025-07-08 00:37:51 [INFO] File uploaded: backup.zip
2025-07-08 07:47:21 [INFO] Scheduled backup completed successfully
2025-07-08 14:32:33 [WARNING] Slow query detected: execution time 605ms
2025-07-08 15:39:13 [INFO] Database connection established
2025-07-08 12:54:46 [INFO] Scheduled backup completed successfully
2025-07-08 12:21:55 [WARNING] API response time exceeded threshold
2025-07-08 12:45:36 [DEBUG] Session token generated for user: alice
2025-07-08 17:55:00 [INFO] Database connection established
2025-07-08 20:23:57 [ERROR] Deadlock detected in transaction ID 2305
2025-07-08 04:01:19 [INFO] User login successful for user: diana
2025-07-08 11:11:57 [INFO] Database connection established
2025-07-08 07:33:17 [INFO] Service auth started
2025-07-08 13:55:25 [WARNING] API response time exceeded threshold
2025-07-08 00:59:00 [INFO] Cache cleared successfully
2025-07-08 13:22:57 [INFO] File uploaded: report.pdf
2025-07-08 23:26:08 [INFO] Scheduled backup completed successfully
2025-07-08 18:56:34 [INFO] User login successful for user: bob
2025-07-08 00:24:11 [WARNING] Failed login attempt for user: eve. Retrying...
2025-07-08 13:20:38 [INFO] Scheduled backup completed successfully
2025-07-08 16:13:53 [INFO] User login successful for user: charlie
2025-07-08 20:15:46 [WARNING] API response time exceeded threshold
2025-07-08 16:38:37 [INFO] Database connection established
2025-07-08 13:18:49 [WARNING] High memory usage detected
2025-07-08 19:58:28 [INFO] File uploaded: data.csv
2025-07-08 18:48:19 [INFO] Service payment started
2025-07-08 15:44:42 [ERROR] Deadlock detected in transaction ID 2451
2025-07-08 18:23:05 [INFO] Service payment started
2025-07-08 12:29:35 [ERROR] Unhandled exception: FileNotFoundError
2025-07-08 04:11:39 [WARNING] Configuration file deprecated: report.pdf
2025-07-08 21:10:20 [INFO] User login successful for user: diana
2025-07-08 11:15:54 [INFO] Scheduled backup completed successfully
2025-07-08 01:12:02 [DEBUG] Session token generated for user: diana
2025-07-08 07:17:07 [INFO] File uploaded: config.yml
2025-07-08 19:51:12 [INFO] Service notification started
2025-07-08 23:33:53 [INFO] User login successful for user: bob
2025-07-08 00:31:40 [INFO] Database connection established
2025-07-08 12:03:42 [INFO] User login successful for user: charlie
2025-07-08 12:21:23 [INFO] File uploaded: report.pdf
2025-07-08 08:59:59 [ERROR] Email sending failed to recipient: user@gmail.com
2025-07-08 16:09:15 [INFO] User login successful for user: charlie
2025-07-08 06:53:04 [WARNING] Second failed login attempt for user: bob. Next attempt will ERROR. Retrying...
2025-07-08 21:58:48 [INFO] File uploaded: report.pdf
2025-07-08 06:45:04 [INFO] File uploaded: config.yml
2025-07-08 07:28:16 [INFO] Service payment started
2025-07-08 01:59:40 [WARNING] Slow query detected: execution time 1482ms
2025-07-08 15:51:44 [INFO] User login successful for user: bob
2025-07-08 19:32:18 [INFO] Service inventory started
2025-07-08 15:57:46 [WARNING] Slow query detected: execution time 2656ms
2025-07-08 18:51:43 [INFO] File uploaded: data.csv
2025-07-08 15:02:04 [WARNING] API response time exceeded threshold
2025-07-08 03:09:09 [INFO] User login successful for user: charlie
2025-07-08 12:02:40 [INFO] File uploaded: backup.zip
2025-07-08 23:16:00 [WARNING] Second failed login attempt for user: charlie. Next attempt will ERROR. Retrying...
2025-07-08 18:22:20 [INFO] Database connection established
2025-07-08 14:39:01 [INFO] Database connection established
2025-07-08 13:46:05 [WARNING] Disk space low: 1630 remaining
2025-07-08 13:46:13 [INFO] File uploaded: data.csv
2025-07-08 09:35:26 [INFO] File uploaded: report.pdf
2025-07-08 20:40:22 [INFO] User login successful for user: bob
2025-07-08 09:06:31 [INFO] User login successful for user: charlie
2025-07-08 07:54:16 [INFO] Database connection established
2025-07-08 06:25:33 [WARNING] Disk space low: 3340 remaining
2025-07-08 19:58:46 [INFO] Cache cleared successfully
2025-07-08 08:50:58 [ERROR] Unhandled exception: FileNotFoundError
2025-07-08 07:18:29 [INFO] Database connection established
2025-07-08 16:57:49 [INFO] Service notification started
2025-07-08 19:25:03 [INFO] File uploaded: config.yml
2025-07-08 01:01:46 [INFO] User login successful for user: charlie
2025-07-08 16:12:55 [INFO] Cache cleared successfully
2025-07-08 00:49:15 [INFO] Service inventory started
2025-07-08 11:11:43 [DEBUG] Variable x has value: 3852
2025-07-08 09:01:31 [INFO] Scheduled backup completed successfully
2025-07-08 17:24:34 [WARNING] Slow query detected: execution time 3824ms
2025-07-08 19:38:27 [INFO] Service inventory started
2025-07-08 21:18:27 [INFO] User login successful for user: bob
2025-07-08 18:17:23 [INFO] Cache cleared successfully
2025-07-08 19:23:00 [DEBUG] Temporary file created at: report.pdf
2025-07-08 19:07:00 [INFO] File uploaded: config.yml
2025-07-08 17:54:34 [WARNING] Configuration file deprecated: config.yml
2025-07-08 09:19:45 [ERROR] Deadlock detected in transaction ID 2750
2025-07-08 08:37:05 [WARNING] Configuration file deprecated: report.pdf
2025-07-08 07:10:17 [INFO] Cache cleared successfully
2025-07-08 12:33:51 [WARNING] Disk space low: 1432 remaining
2025-07-08 01:52:28 [WARNING] API response time exceeded threshold
2025-07-08 19:18:54 [WARNING] High memory usage detected
2025-07-08 16:34:21 [WARNING] Slow query detected: execution time 2756ms
2025-07-08 23:07:40 [ERROR] File write failed: backup.zip
2025-07-08 15:35:33 [INFO] File uploaded: config.yml
2025-07-08 19:01:25 [INFO] Database connection established
2025-07-08 21:02:42 [WARNING] High memory usage detected
2025-07-08 06:39:54 [WARNING] Disk space low: 573 remaining
2025-07-08 12:48:25 [INFO] Service payment started
2025-07-08 12:44:02 [DEBUG] Query executed: SELECT * FROM users
2025-07-08 01:48:45 [WARNING] Second failed login attempt for user: charlie. Next attempt will ERROR. Retrying...
2025-07-08 18:49:54 [INFO] Database connection established
2025-07-08 15:19:15 [WARNING] High memory usage detected
2025-07-08 20:47:45 [INFO] Scheduled backup completed successfully
2025-07-08 17:47:45 [DEBUG] Session token generated for user: diana
2025-07-08 11:19:34 [INFO] Scheduled backup completed successfully
2025-07-08 02:44:01 [INFO] Service notification started
2025-07-08 13:14:49 [INFO] Cache cleared successfully
2025-07-08 06:34:20 [ERROR] Service inventory crashed
2025-07-08 01:59:50 [ERROR] Service inventory crashed
2025-07-08 00:07:40 [INFO] Scheduled backup completed successfully
2025-07-08 10:10:48 [INFO] Scheduled backup completed successfully
2025-07-08 03:49:04 [INFO] Database connection established
2025-07-08 13:19:15 [INFO] Cache cleared successfully
2025-07-08 10:35:07 [INFO] Service notification started
2025-07-08 20:12:27 [INFO] Scheduled backup completed successfully
2025-07-08 20:14:03 [WARNING] High memory usage detected
2025-07-08 12:06:08 [WARNING] Slow query detected: execution time 3704ms
2025-07-08 12:02:36 [INFO] File uploaded: backup.zip
2025-07-08 13:51:42 [INFO] Cache cleared successfully
2025-07-08 23:48:50 [INFO] User login successful for user: eve
2025-07-08 06:29:15 [WARNING] High memory usage detected
2025-07-08 17:50:08 [DEBUG] Variable x has value: 4195
2025-07-08 14:52:19 [WARNING] Configuration file deprecated: config.yml
2025-07-08 00:02:44 [INFO] Database connection established
2025-07-08 03:46:32 [ERROR] Unhandled exception: FileNotFoundError
2025-07-08 22:19:57 [INFO] Database connection established
2025-07-08 01:48:15 [INFO] User login successful for user: charlie
2025-07-08 08:09:47 [ERROR] Deadlock detected in transaction ID 4006
2025-07-08 10:53:49 [INFO] Cache cleared successfully
2025-07-08 16:39:54 [INFO] Cache cleared successfully
2025-07-08 18:38:55 [INFO] File uploaded: config.yml
2025-07-08 02:27:14 [WARNING] Second failed login attempt for user: alice. Next attempt will ERROR. Retrying...
2025-07-08 20:11:33 [INFO] Scheduled backup completed successfully
2025-07-08 12:50:57 [INFO] File uploaded: config.yml
2025-07-08 22:46:48 [INFO] Scheduled backup completed successfully
2025-07-08 06:12:15 [INFO] Database connection established
2025-07-08 21:11:52 [INFO] Service inventory started
2025-07-08 06:29:25 [DEBUG] Variable x has value: 3729
2025-07-08 20:59:40 [ERROR] Deadlock detected in transaction ID 1443
2025-07-08 03:41:09 [DEBUG] Temporary file created at: backup.zip
2025-07-08 02:21:35 [ERROR] Service payment crashed
2025-07-08 05:48:46 [DEBUG] Session token generated for user: charlie
2025-07-08 13:57:36 [INFO] Cache cleared successfully
2025-07-08 11:58:45 [INFO] Service notification started
2025-07-08 02:32:48 [ERROR] Service payment crashed
2025-07-08 20:18:51 [INFO] File uploaded: report.pdf
2025-07-08 12:28:14 [INFO] Cache cleared successfully
2025-07-08 08:10:41 [WARNING] Configuration file deprecated: data.csv
2025-07-08 00:57:13 [WARNING] Slow query detected: execution time 1261ms
2025-07-08 08:09:22 [INFO] Service inventory started
2025-07-08 16:58:59 [INFO] File uploaded: report.pdf
2025-07-08 06:40:00 [INFO] Cache cleared successfully
2025-07-08 09:51:22 [INFO] File uploaded: config.yml
2025-07-08 07:21:47 [INFO] Cache cleared successfully
2025-07-08 14:48:08 [INFO] Cache cleared successfully
2025-07-08 03:12:01 [INFO] Database connection established
2025-07-08 10:18:25 [DEBUG] Entering function process_payment with arguments: 1
2025-07-08 14:46:52 [WARNING] Disk space low: 700 remaining
2025-07-08 00:34:55 [ERROR] Deadlock detected in transaction ID 3460
2025-07-08 16:40:52 [INFO] Service auth started
2025-07-08 01:29:39 [WARNING] Configuration file deprecated: config.yml
2025-07-08 18:39:01 [INFO] User login successful for user: bob
2025-07-08 13:14:03 [INFO] Database connection established
2025-07-08 18:52:22 [INFO] Service notification started
2025-07-08 21:59:38 [ERROR] Service payment crashed
2025-07-08 20:23:53 [INFO] User login successful for user: charlie
2025-07-08 16:23:52 [INFO] Database connection established
2025-07-08 08:51:29 [INFO] Cache cleared successfully
2025-07-08 01:03:23 [INFO] User login successful for user: alice
2025-07-08 14:51:33 [INFO] Cache cleared successfully
2025-07-08 17:38:32 [INFO] File uploaded: report.pdf
2025-07-08 07:05:00 [INFO] Cache cleared successfully
2025-07-08 11:24:18 [INFO] Cache cleared successfully
2025-07-08 06:18:56 [WARNING] Configuration file deprecated: config.yml
2025-07-08 03:14:07 [ERROR] Service payment crashed
2025-07-08 20:17:45 [INFO] User login successful for user: diana
2025-07-08 14:23:58 [ERROR] Deadlock detected in transaction ID 2055
2025-07-08 17:48:48 [INFO] User login successful for user: charlie
2025-07-08 08:20:09 [INFO] Service payment started
2025-07-08 16:23:57 [INFO] User login successful for user: alice
2025-07-08 19:00:45 [ERROR] File write failed: report.pdf
2025-07-08 11:32:17 [INFO] File uploaded: report.pdf
2025-07-08 20:10:09 [INFO] File uploaded: config.yml
2025-07-08 16:47:46 [INFO] Service notification started
2025-07-08 05:16:34 [INFO] Cache cleared successfully
2025-07-08 07:25:01 [INFO] Scheduled backup completed successfully
2025-07-08 05:00:07 [INFO] Database connection established
2025-07-08 20:02:01 [WARNING] Disk space low: 3735 remaining
2025-07-08 07:05:57 [INFO] Scheduled backup completed successfully
2025-07-08 05:46:17 [INFO] Scheduled backup completed successfully
2025-07-08 05:59:15 [DEBUG] Session token generated for user: eve
2025-07-08 11:09:00 [INFO] Scheduled backup completed successfully
2025-07-08 14:01:28 [WARNING] API response time exceeded threshold
2025-07-08 22:32:01 [DEBUG] Temporary file created at: config.yml
2025-07-08 05:37:07 [INFO] File uploaded: data.csv
2025-07-08 21:06:45 [INFO] Service payment started
2025-07-08 06:56:54 [WARNING] Failed login attempt for user: diana. Retrying...
2025-07-08 16:39:27 [INFO] Cache cleared successfully
2025-07-08 04:49:41 [ERROR] Unhandled exception: FileNotFoundError
2025-07-08 16:51:14 [WARNING] Failed login attempt for user: eve. Retrying...
2025-07-08 01:21:55 [INFO] User login successful for user: diana
2025-07-08 08:14:11 [INFO] Cache cleared successfully
2025-07-08 07:09:43 [INFO] Scheduled backup completed successfully
2025-07-08 11:41:41 [INFO] Database connection established
2025-07-08 02:15:11 [INFO] Scheduled backup completed successfully
2025-07-08 15:33:55 [INFO] Database connection established
2025-07-08 19:49:03 [ERROR] Service auth crashed
2025-07-08 08:21:26 [INFO] User login successful for user: bob
2025-07-08 12:30:39 [DEBUG] Temporary file created at: data.csv
2025-07-08 23:04:25 [INFO] Cache cleared successfully
2025-07-08 21:35:43 [INFO] Service auth started
2025-07-08 17:50:04 [INFO] Scheduled backup completed successfully
2025-07-08 15:57:42 [INFO] File uploaded: report.pdf
2025-07-08 09:21:57 [INFO] Database connection established
2025-07-08 21:50:57 [INFO] User login successful for user: diana
2025-07-08 20:23:51 [INFO] Cache cleared successfully
2025-07-08 17:02:52 [DEBUG] Temporary file created at: backup.zip
2025-07-08 16:11:37 [INFO] Service payment started
2025-07-08 06:26:46 [INFO] Database connection established
2025-07-08 13:12:44 [INFO] File uploaded: backup.zip
2025-07-08 05:02:21 [INFO] File uploaded: config.yml
2025-07-08 10:45:42 [INFO] Database connection established
2025-07-08 09:52:42 [WARNING] High memory usage detected
2025-07-08 00:38:49 [INFO] File uploaded: report.pdf
2025-07-08 05:32:27 [INFO] Cache cleared successfully
2025-07-08 11:42:01 [INFO] User login successful for user: eve
2025-07-08 11:49:13 [INFO] Service auth started
2025-07-08 23:50:59 [INFO] Cache cleared successfully
2025-07-08 05:00:42 [INFO] Service inventory started
2025-07-08 23:49:00 [INFO] Scheduled backup completed successfully
2025-07-08 04:09:02 [INFO] File uploaded: backup.zip
2025-07-08 20:04:12 [INFO] File uploaded: config.yml
2025-07-08 08:12:13 [INFO] Cache cleared successfully
2025-07-08 14:50:03 [INFO] File uploaded: report.pdf
2025-07-08 17:21:38 [ERROR] File write failed: data.csv
2025-07-08 04:29:47 [WARNING] Disk space low: 2488 remaining
2025-07-08 15:26:01 [ERROR] Email sending failed to recipient: user@gmail.com
2025-07-08 10:12:15 [WARNING] Failed login attempt for user: alice. Retrying...
2025-07-08 14:37:38 [INFO] User login successful for user: eve
2025-07-08 01:07:31 [WARNING] Disk space low: 4098 remaining
2025-07-08 22:55:07 [INFO] Scheduled backup completed successfully
2025-07-08 13:34:02 [INFO] Database connection established
2025-07-08 17:48:04 [ERROR] Database connection lost
2025-07-08 13:27:39 [INFO] Cache cleared successfully
2025-07-08 10:06:08 [INFO] File uploaded: report.pdf
2025-07-08 22:22:31 [INFO] User login successful for user: diana
2025-07-08 03:38:37 [ERROR] Database connection lost
2025-07-08 16:51:42 [ERROR] Deadlock detected in transaction ID 31
2025-07-08 21:14:58 [INFO] File uploaded: data.csv
2025-07-08 22:41:13 [INFO] User login successful for user: alice
2025-07-08 12:15:49 [INFO] File uploaded: backup.zip
2025-07-08 18:45:24 [ERROR] Unhandled exception: NullPointerException
2025-07-08 01:16:37 [INFO] File uploaded: report.pdf
2025-07-08 05:58:07 [INFO] Scheduled backup completed successfully
2025-07-08 11:52:15 [ERROR] Service auth crashed
2025-07-08 06:13:15 [INFO] User login successful for user: bob
2025-07-08 16:10:27 [INFO] Cache cleared successfully
2025-07-08 06:45:52 [ERROR] Service notification crashed
2025-07-08 23:57:43 [WARNING] Failed login attempt for user: alice. Retrying...
2025-07-08 04:29:31 [INFO] Service payment started
2025-07-08 19:00:45 [INFO] File uploaded: backup.zip
2025-07-08 20:39:08 [INFO] Database connection established
2025-07-08 10:07:37 [INFO] Cache cleared successfully
2025-07-08 07:09:18 [INFO] Cache cleared successfully
2025-07-08 16:35:21 [INFO] Service payment started
2025-07-08 07:52:38 [INFO] Scheduled backup completed successfully
2025-07-08 14:30:39 [INFO] File uploaded: config.yml
2025-07-08 19:49:22 [WARNING] High memory usage detected
2025-07-08 12:03:30 [WARNING] Second failed login attempt for user: charlie. Next attempt will ERROR. Retrying...
2025-07-08 21:16:21 [INFO] Scheduled backup completed successfully
2025-07-08 10:09:44 [INFO] Scheduled backup completed successfully
2025-07-08 06:27:35 [INFO] Cache cleared successfully
2025-07-08 20:31:25 [INFO] Service inventory started
2025-07-08 14:04:06 [INFO] Service inventory started
2025-07-08 14:48:35 [WARNING] Disk space low: 2509 remaining
2025-07-08 11:46:06 [INFO] Database connection established
2025-07-08 19:23:12 [INFO] Cache cleared successfully
2025-07-08 07:30:37 [WARNING] Failed login attempt for user: alice. Retrying...
2025-07-08 13:02:37 [WARNING] Configuration file deprecated: data.csv
2025-07-08 07:47:34 [WARNING] Configuration file deprecated: backup.zip
2025-07-08 19:53:43 [DEBUG] Temporary file created at: report.pdf
2025-07-08 05:31:02 [INFO] Service auth started
2025-07-08 05:59:06 [INFO] User login successful for user: alice
2025-07-08 17:10:58 [WARNING] Disk space low: 548 remaining
2025-07-08 02:59:01 [DEBUG] Session token generated for user: eve
2025-07-08 07:37:43 [INFO] Cache cleared successfully
2025-07-08 13:05:36 [INFO] Scheduled backup completed successfully
2025-07-08 04:03:13 [INFO] User login successful for user: alice
2025-07-08 13:42:06 [INFO] Scheduled backup completed successfully
2025-07-08 11:31:37 [INFO] Service inventory started
2025-07-08 05:36:09 [INFO] File uploaded: config.yml
2025-07-08 06:49:24 [ERROR] Service notification crashed
2025-07-08 07:08:39 [INFO] Service auth started
2025-07-08 22:43:10 [INFO] Database connection established
2025-07-08 05:09:37 [INFO] Cache cleared successfully
2025-07-08 09:48:25 [INFO] Database connection established
2025-07-08 04:59:05 [WARNING] Disk space low: 2414 remaining
2025-07-08 03:20:40 [INFO] Service notification started
2025-07-08 11:20:23 [INFO] Scheduled backup completed successfully
2025-07-08 05:26:57 [INFO] User login successful for user: diana
2025-07-08 04:32:22 [WARNING] Configuration file deprecated: backup.zip
2025-07-08 16:58:55 [WARNING] Second failed login attempt for user: bob. Next attempt will ERROR. Retrying...
2025-07-08 13:49:37 [INFO] Service auth started
2025-07-08 03:40:49 [WARNING] Configuration file deprecated: config.yml
2025-07-08 18:23:08 [INFO] Service notification started
2025-07-08 04:55:59 [INFO] Scheduled backup completed successfully
2025-07-08 09:40:10 [ERROR] Unhandled exception: NullPointerException
2025-07-08 23:44:24 [ERROR] Deadlock detected in transaction ID 2705
2025-07-08 15:27:40 [ERROR] Database connection lost
2025-07-08 12:21:43 [INFO] Scheduled backup completed successfully
2025-07-08 11:38:46 [INFO] File uploaded: config.yml
2025-07-08 18:46:02 [WARNING] Second failed login attempt for user: diana. Next attempt will ERROR. Retrying...
2025-07-08 22:38:27 [WARNING] Disk space low: 4962 remaining
2025-07-08 18:01:03 [ERROR] Deadlock detected in transaction ID 635
2025-07-08 16:17:54 [INFO] Database connection established
2025-07-08 20:55:25 [INFO] Service notification started
2025-07-08 10:28:39 [ERROR] File write failed: backup.zip
2025-07-08 19:10:39 [INFO] File uploaded: data.csv
2025-07-08 23:21:58 [INFO] Database connection established
2025-07-08 20:21:32 [INFO] Cache cleared successfully
2025-07-08 01:04:50 [WARNING] High memory usage detected
2025-07-08 10:29:20 [INFO] Cache cleared successfully
2025-07-08 20:55:17 [ERROR] Email sending failed to recipient: admin@google.com
2025-07-08 20:34:20 [INFO] Scheduled backup completed successfully
2025-07-08 12:13:53 [INFO] File uploaded: report.pdf
2025-07-08 16:55:14 [INFO] Service inventory started
2025-07-08 00:37:33 [INFO] Database connection established
2025-07-08 14:50:02 [INFO] Service payment started
2025-07-08 10:51:57 [INFO] File uploaded: data.csv
2025-07-08 18:02:23 [ERROR] Unhandled exception: TimeoutError
2025-07-08 23:56:31 [INFO] Service auth started
2025-07-08 08:18:42 [INFO] Service payment started
2025-07-08 04:21:01 [INFO] File uploaded: backup.zip
2025-07-08 08:40:32 [ERROR] Service notification crashed
2025-07-08 18:51:52 [WARNING] Second failed login attempt for user: bob. Next attempt will ERROR. Retrying...
2025-07-08 16:39:03 [INFO] Database connection established
2025-07-08 12:36:44 [ERROR] Email sending failed to recipient: user@gmail.com
2025-07-08 13:08:32 [INFO] File uploaded: backup.zip
2025-07-08 22:46:00 [WARNING] High memory usage detected
2025-07-08 05:12:36 [INFO] Database connection established
2025-07-08 17:34:15 [WARNING] High memory usage detected
2025-07-08 20:58:35 [INFO] User login successful for user: alice
2025-07-08 08:33:27 [INFO] User login successful for user: diana
2025-07-08 10:42:54 [INFO] Scheduled backup completed successfully
2025-07-08 00:04:49 [INFO] Cache cleared successfully
2025-07-08 08:23:15 [INFO] Scheduled backup completed successfully
2025-07-08 11:19:29 [INFO] Cache cleared successfully
2025-07-08 12:01:36 [INFO] User login successful for user: eve
2025-07-08 20:31:51 [INFO] User login successful for user: bob
2025-07-08 12:17:25 [ERROR] Service payment crashed
2025-07-08 13:13:28 [ERROR] Deadlock detected in transaction ID 140
2025-07-08 17:20:15 [INFO] Service inventory started
2025-07-08 05:47:07 [WARNING] Second failed login attempt for user: alice. Next attempt will ERROR. Retrying...
2025-07-08 04:30:35 [INFO] Database connection established
2025-07-08 23:44:02 [INFO] Database connection established
2025-07-08 16:06:56 [INFO] Scheduled backup completed successfully
2025-07-08 21:45:13 [INFO] Service notification started
2025-07-08 12:03:26 [INFO] Cache cleared successfully
2025-07-08 15:30:57 [ERROR] Unhandled exception: TimeoutError
2025-07-08 00:07:38 [INFO] Database connection established
2025-07-08 11:03:08 [ERROR] Email sending failed to recipient: admin@google.com
2025-07-08 06:01:42 [WARNING] Second failed login attempt for user: charlie. Next attempt will ERROR. Retrying...
2025-07-08 12:23:06 [INFO] Service inventory started
2025-07-08 08:31:46 [ERROR] Unhandled exception: NullPointerException
2025-07-08 21:50:07 [INFO] Database connection established
2025-07-08 07:16:18 [INFO] Database connection established
2025-07-08 08:52:38 [ERROR] File write failed: report.pdf
2025-07-08 18:05:13 [ERROR] Database connection lost
2025-07-08 08:32:26 [INFO] Cache cleared successfully
2025-07-08 17:36:42 [INFO] Scheduled backup completed successfully
2025-07-08 15:36:01 [ERROR] Database connection lost
2025-07-08 06:05:37 [INFO] Service inventory started
2025-07-08 12:08:05 [WARNING] Second failed login attempt for user: bob. Next attempt will ERROR. Retrying...
2025-07-08 13:30:47 [INFO] Scheduled backup completed successfully
2025-07-08 04:01:46 [INFO] User login successful for user: charlie
2025-07-08 10:43:56 [INFO] User login successful for user: diana
2025-07-08 09:21:25 [WARNING] High memory usage detected
2025-07-08 14:38:45 [ERROR] Email sending failed to recipient: user@gmail.com
2025-07-08 09:32:48 [INFO] Database connection established
2025-07-08 10:43:09 [INFO] File uploaded: report.pdf
2025-07-08 23:37:15 [INFO] User login successful for user: alice
2025-07-08 16:13:48 [INFO] User login successful for user: charlie
2025-07-08 14:39:09 [INFO] File uploaded: report.pdf
2025-07-08 07:49:15 [WARNING] API response time exceeded threshold
2025-07-08 21:00:33 [DEBUG] Query executed: SELECT * FROM users
2025-07-08 00:56:17 [INFO] Database connection established
2025-07-08 17:06:12 [INFO] Service notification started
2025-07-08 23:28:54 [WARNING] Second failed login attempt for user: eve. Next attempt will ERROR. Retrying...
2025-07-08 19:28:46 [INFO] Database connection established
2025-07-08 07:03:50 [INFO] Scheduled backup completed successfully
2025-07-08 19:40:25 [WARNING] Configuration file deprecated: config.yml
2025-07-08 14:10:04 [ERROR] Service inventory crashed
2025-07-08 19:10:18 [INFO] Service notification started
2025-07-08 23:02:31 [DEBUG] Session token generated for user: charlie
2025-07-08 04:25:09 [INFO] Service inventory started
2025-07-08 16:59:01 [INFO] Scheduled backup completed successfully
2025-07-08 04:57:45 [ERROR] Service auth crashed
2025-07-08 20:16:46 [ERROR] Deadlock detected in transaction ID 3591
2025-07-08 16:07:04 [INFO] File uploaded: report.pdf
2025-07-08 18:20:28 [INFO] User login successful for user: charlie
2025-07-08 23:05:21 [ERROR] Database connection lost
2025-07-08 14:21:40 [INFO] File uploaded: data.csv
2025-07-08 02:28:35 [INFO] Service auth started
2025-07-08 06:29:42 [INFO] Scheduled backup completed successfully
2025-07-08 19:06:11 [INFO] Service inventory started
2025-07-08 17:08:48 [WARNING] Configuration file deprecated: config.yml
2025-07-08 13:10:12 [INFO] File uploaded: backup.zip
2025-07-08 07:53:11 [ERROR] Email sending failed to recipient: support@amazon.com
2025-07-08 19:32:17 [ERROR] Service inventory crashed
2025-07-08 10:01:34 [DEBUG] Temporary file created at: report.pdf
2025-07-08 03:30:42 [INFO] Database connection established
2025-07-08 02:46:55 [INFO] Cache cleared successfully
2025-07-08 12:36:37 [ERROR] Deadlock detected in transaction ID 1835
2025-07-08 16:52:17 [INFO] Scheduled backup completed successfully
2025-07-08 06:21:27 [ERROR] Database connection lost
2025-07-08 16:11:59 [ERROR] File write failed: config.yml
2025-07-08 09:24:14 [INFO] User login successful for user: diana
2025-07-08 00:32:03 [ERROR] Email sending failed to recipient: support@amazon.com
2025-07-08 14:48:27 [WARNING] API response time exceeded threshold
2025-07-08 19:06:40 [INFO] File uploaded: data.csv
2025-07-08 22:19:17 [INFO] Cache cleared successfully
2025-07-08 07:44:09 [INFO] Cache cleared successfully
2025-07-08 04:41:19 [INFO] Scheduled backup completed successfully
2025-07-08 11:24:56 [ERROR] Unhandled exception: TimeoutError
2025-07-08 08:47:42 [INFO] File uploaded: backup.zip
2025-07-08 06:39:16 [INFO] File uploaded: report.pdf
2025-07-08 04:21:56 [INFO] Scheduled backup completed successfully
2025-07-08 20:31:48 [ERROR] Email sending failed to recipient: user@gmail.com
2025-07-08 06:00:18 [INFO] File uploaded: config.yml
2025-07-08 01:13:34 [INFO] Database connection established
2025-07-08 05:16:37 [WARNING] Disk space low: 4562 remaining
2025-07-08 19:27:20 [INFO] File uploaded: report.pdf
2025-07-08 03:29:46 [INFO] Scheduled backup completed successfully
2025-07-08 11:41:02 [INFO] Scheduled backup completed successfully
2025-07-08 23:54:56 [INFO] User login successful for user: eve
2025-07-08 16:30:34 [INFO] Service auth started
2025-07-08 04:02:18 [WARNING] Second failed login attempt for user: diana. Next attempt will ERROR. Retrying...
2025-07-08 02:35:58 [WARNING] High memory usage detected
2025-07-08 13:20:46 [INFO] Database connection established
2025-07-08 21:56:55 [INFO] File uploaded: report.pdf
2025-07-08 16:19:48 [ERROR] Email sending failed to recipient: admin@google.com
2025-07-08 16:04:00 [INFO] Database connection established
2025-07-08 00:17:46 [INFO] File uploaded: data.csv
2025-07-08 15:02:40 [WARNING] Disk space low: 1836 remaining
2025-07-08 05:49:30 [INFO] Scheduled backup completed successfully
2025-07-08 10:07:10 [INFO] User login successful for user: charlie
2025-07-08 10:16:00 [INFO] File uploaded: config.yml
2025-07-08 00:46:20 [DEBUG] Entering function send_email with arguments: 6
2025-07-08 15:49:05 [INFO] Cache cleared successfully
2025-07-08 22:45:01 [INFO] Service auth started
2025-07-08 00:30:17 [INFO] Scheduled backup completed successfully
2025-07-08 06:35:40 [INFO] Scheduled backup completed successfully
2025-07-08 12:54:38 [INFO] Cache cleared successfully
2025-07-08 09:02:22 [INFO] Cache cleared successfully
2025-07-08 15:42:37 [INFO] Cache cleared successfully
2025-07-08 10:18:48 [INFO] Cache cleared successfully
2025-07-08 02:03:37 [INFO] Scheduled backup completed successfully
2025-07-08 04:51:04 [WARNING] Slow query detected: execution time 2174ms
2025-07-08 11:18:51 [WARNING] Second failed login attempt for user: charlie. Next attempt will ERROR. Retrying...
2025-07-08 20:26:19 [INFO] Database connection established
2025-07-08 23:03:13 [INFO] User login successful for user: bob
2025-07-08 06:16:15 [INFO] File uploaded: report.pdf
2025-07-08 14:56:23 [INFO] Cache cleared successfully
2025-07-08 07:31:45 [INFO] User login successful for user: alice
2025-07-08 16:56:10 [INFO] Cache cleared successfully
2025-07-08 00:37:19 [INFO] Database connection established
2025-07-08 12:58:37 [INFO] Scheduled backup completed successfully
2025-07-08 22:31:13 [INFO] Database connection established
2025-07-08 06:13:20 [ERROR] Deadlock detected in transaction ID 1421
2025-07-08 20:02:01 [INFO] Database connection established
2025-07-08 12:53:34 [INFO] Service payment started
2025-07-08 06:39:03 [INFO] Service notification started
2025-07-08 10:55:58 [INFO] Scheduled backup completed successfully
2025-07-08 02:41:59 [INFO] Cache cleared successfully
2025-07-08 18:15:24 [INFO] File uploaded: backup.zip
2025-07-08 08:58:54 [WARNING] Disk space low: 1185 remaining
2025-07-08 02:24:39 [INFO] Service inventory started
2025-07-08 07:49:04 [ERROR] Service notification crashed
2025-07-08 14:12:44 [INFO] Cache cleared successfully
2025-07-08 04:42:34 [INFO] Cache cleared successfully
2025-07-08 15:42:05 [WARNING] Disk space low: 2886 remaining
2025-07-08 23:05:28 [ERROR] Unhandled exception: FileNotFoundError
2025-07-08 19:13:04 [INFO] Service payment started
2025-07-08 19:03:25 [WARNING] Failed login attempt for user: charlie. Retrying...
2025-07-08 04:21:02 [INFO] Cache cleared successfully
2025-07-08 23:52:31 [ERROR] Service auth crashed
2025-07-08 07:46:51 [WARNING] API response time exceeded threshold
2025-07-08 04:40:40 [WARNING] High memory usage detected
2025-07-08 21:52:49 [INFO] File uploaded: config.yml
2025-07-08 20:35:58 [INFO] Cache cleared successfully
2025-07-08 05:40:35 [INFO] Database connection established
2025-07-08 20:26:10 [INFO] Database connection established
2025-07-08 23:29:29 [INFO] User login successful for user: alice
2025-07-08 10:10:01 [ERROR] Deadlock detected in transaction ID 2545
2025-07-08 05:29:02 [INFO] Database connection established
2025-07-08 15:27:33 [INFO] Cache cleared successfully
2025-07-08 08:46:11 [INFO] Database connection established
2025-07-08 20:53:57 [INFO] Service payment started
2025-07-08 14:29:30 [ERROR] File write failed: backup.zip
2025-07-08 09:27:14 [WARNING] Slow query detected: execution time 4343ms
2025-07-08 19:59:00 [WARNING] High memory usage detected
2025-07-08 03:07:23 [INFO] Cache cleared successfully
2025-07-08 19:49:12 [ERROR] Deadlock detected in transaction ID 1973
2025-07-08 23:26:19 [WARNING] Failed login attempt for user: diana. Retrying...
2025-07-08 05:58:39 [INFO] Cache cleared successfully
2025-07-08 16:29:02 [INFO] File uploaded: report.pdf
2025-07-08 15:12:49 [DEBUG] Session token generated for user: diana
2025-07-08 17:23:17 [WARNING] Configuration file deprecated: report.pdf
2025-07-08 07:31:17 [INFO] Database connection established
2025-07-08 13:44:26 [WARNING] Slow query detected: execution time 707ms
2025-07-08 15:54:29 [WARNING] Configuration file deprecated: report.pdf
2025-07-08 05:22:10 [INFO] Scheduled backup completed successfully
2025-07-08 14:24:32 [ERROR] Email sending failed to recipient: admin@google.com
2025-07-08 20:15:37 [WARNING] Slow query detected: execution time 673ms
2025-07-08 16:34:21 [ERROR] File write failed: config.yml
2025-07-08 09:04:01 [INFO] User login successful for user: bob
2025-07-08 07:28:46 [INFO] User login successful for user: charlie
2025-07-08 09:07:00 [INFO] Scheduled backup completed successfully
2025-07-08 14:40:34 [WARNING] Disk space low: 4588 remaining
2025-07-08 15:42:57 [WARNING] Configuration file deprecated: data.csv
2025-07-08 14:05:20 [DEBUG] Temporary file created at: config.yml
2025-07-08 13:51:32 [INFO] Scheduled backup completed successfully
2025-07-08 20:17:59 [WARNING] High memory usage detected
2025-07-08 12:15:11 [INFO] Cache cleared successfully
2025-07-08 11:00:36 [INFO] File uploaded: config.yml
2025-07-08 00:20:53 [INFO] File uploaded: report.pdf
2025-07-08 05:39:09 [INFO] File uploaded: report.pdf
2025-07-08 13:36:35 [ERROR] File write failed: config.yml
2025-07-08 04:33:30 [WARNING] Second failed login attempt for user: charlie. Next attempt will ERROR. Retrying...
2025-07-08 17:45:49 [INFO] Cache cleared successfully
2025-07-08 02:19:56 [INFO] Service inventory started
2025-07-08 20:10:12 [INFO] Cache cleared successfully
2025-07-08 07:27:46 [WARNING] Failed login attempt for user: diana. Retrying...
2025-07-08 23:41:12 [INFO] Cache cleared successfully
2025-07-08 21:56:57 [DEBUG] Session token generated for user: eve
2025-07-08 15:17:07 [INFO] User login successful for user: diana
2025-07-08 12:35:54 [INFO] File uploaded: data.csv
2025-07-08 21:28:00 [INFO] User login successful for user: charlie
2025-07-08 08:56:44 [INFO] Service payment started
2025-07-08 10:46:33 [WARNING] API response time exceeded threshold
2025-07-08 19:06:26 [INFO] User login successful for user: alice
2025-07-08 17:31:33 [INFO] Service inventory started
2025-07-08 14:15:26 [INFO] Cache cleared successfully
2025-07-08 21:15:07 [INFO] File uploaded: data.csv
2025-07-08 20:24:45 [INFO] Scheduled backup completed successfully
2025-07-08 12:27:35 [INFO] Cache cleared successfully
2025-07-08 04:46:38 [WARNING] Disk space low: 3935 remaining
2025-07-08 23:57:36 [ERROR] Database connection lost
2025-07-08 10:11:30 [WARNING] Configuration file deprecated: config.yml
2025-07-08 22:21:44 [ERROR] Unhandled exception: NullPointerException
2025-07-08 10:24:30 [INFO] File uploaded: config.yml
2025-07-08 23:11:40 [WARNING] Failed login attempt for user: charlie. Retrying...
2025-07-08 11:04:11 [DEBUG] Variable x has value: 4753
2025-07-08 07:38:49 [INFO] File uploaded: config.yml
2025-07-08 22:57:41 [INFO] Database connection established
2025-07-08 10:10:08 [INFO] File uploaded: data.csv
2025-07-08 04:16:13 [DEBUG] Session token generated for user: diana
2025-07-08 17:31:53 [WARNING] High memory usage detected
2025-07-08 19:30:45 [INFO] File uploaded: data.csv
2025-07-08 19:08:32 [INFO] Service inventory started
2025-07-08 17:31:34 [WARNING] Failed login attempt for user: diana. Retrying...
2025-07-08 01:39:29 [WARNING] Second failed login attempt for user: charlie. Next attempt will ERROR. Retrying...
2025-07-08 18:00:51 [ERROR] Service inventory crashed
2025-07-08 20:24:57 [WARNING] API response time exceeded threshold
2025-07-08 23:39:44 [INFO] Scheduled backup completed successfully
2025-07-08 10:27:05 [INFO] Scheduled backup completed successfully
2025-07-08 04:04:09 [INFO] Scheduled backup completed successfully
2025-07-08 05:55:24 [WARNING] High memory usage detected
2025-07-08 07:27:52 [WARNING] Failed login attempt for user: bob. Retrying...
2025-07-08 02:35:18 [ERROR] Unhandled exception: FileNotFoundError
2025-07-08 12:02:50 [WARNING] High memory usage detected
2025-07-08 08:17:31 [INFO] Database connection established
2025-07-08 21:29:03 [INFO] Scheduled backup completed successfully
2025-07-08 01:15:45 [INFO] Cache cleared successfully
2025-07-08 13:52:24 [WARNING] API response time exceeded threshold
2025-07-08 09:23:08 [INFO] Database connection established
2025-07-08 00:46:13 [WARNING] High memory usage detected
2025-07-08 16:01:00 [INFO] Service inventory started
2025-07-08 01:21:10 [DEBUG] Entering function process_payment with arguments: 8
2025-07-08 12:07:42 [INFO] Database connection established
2025-07-08 19:30:16 [INFO] User login successful for user: eve
2025-07-08 04:55:20 [WARNING] Failed login attempt for user: charlie. Retrying...
2025-07-08 22:39:16 [ERROR] Email sending failed to recipient: user@gmail.com
2025-07-08 03:37:54 [INFO] File uploaded: data.csv
2025-07-08 12:30:24 [INFO] Database connection established
2025-07-08 06:01:32 [DEBUG] Query executed: SELECT * FROM users
2025-07-08 15:52:46 [DEBUG] Temporary file created at: backup.zip
2025-07-08 20:42:53 [WARNING] Configuration file deprecated: config.yml
2025-07-08 18:06:07 [INFO] Scheduled backup completed successfully
2025-07-08 02:44:03 [INFO] User login successful for user: diana
2025-07-08 02:02:29 [INFO] Database connection established
2025-07-08 06:51:16 [ERROR] Unhandled exception: NullPointerException
2025-07-08 16:37:29 [INFO] Cache cleared successfully
2025-07-08 06:04:16 [WARNING] Failed login attempt for user: eve. Retrying...
2025-07-08 12:46:09 [WARNING] Second failed login attempt for user: diana. Next attempt will ERROR. Retrying...
2025-07-08 16:55:41 [INFO] User login successful for user: eve
2025-07-08 07:48:48 [WARNING] Failed login attempt for user: bob. Retrying...
2025-07-08 08:48:01 [INFO] File uploaded: data.csv
2025-07-08 01:48:09 [INFO] Scheduled backup completed successfully
2025-07-08 18:42:40 [WARNING] Second failed login attempt for user: charlie. Next attempt will ERROR. Retrying...
2025-07-08 13:15:21 [WARNING] High memory usage detected
2025-07-08 17:48:33 [ERROR] Unhandled exception: NullPointerException
2025-07-08 02:44:35 [INFO] File uploaded: data.csv
2025-07-08 14:53:16 [WARNING] High memory usage detected
2025-07-08 18:39:10 [ERROR] Database connection lost
2025-07-08 17:20:48 [WARNING] High memory usage detected
2025-07-08 18:12:54 [DEBUG] Query executed: UPDATE orders SET status='shipped' WHERE id=42
2025-07-08 16:09:30 [INFO] Service auth started
2025-07-08 10:37:46 [INFO] User login successful for user: bob
2025-07-08 08:47:06 [INFO] Database connection established
2025-07-08 20:10:31 [INFO] File uploaded: backup.zip
2025-07-08 16:43:12 [WARNING] Configuration file deprecated: data.csv
2025-07-08 10:22:41 [INFO] Service auth started
2025-07-08 23:00:51 [INFO] User login successful for user: diana
2025-07-08 19:21:05 [ERROR] Database connection lost
2025-07-08 11:04:30 [WARNING] Failed login attempt for user: diana. Retrying...
2025-07-08 17:29:24 [INFO] Service payment started
2025-07-08 05:45:58 [INFO] Service payment started
2025-07-08 23:34:09 [ERROR] File write failed: data.csv
2025-07-08 10:16:19 [INFO] Service auth started
2025-07-08 08:57:19 [INFO] Scheduled backup completed successfully
2025-07-08 18:42:29 [INFO] Scheduled backup completed successfully
2025-07-08 22:14:14 [WARNING] API response time exceeded threshold
2025-07-08 07:55:11 [INFO] Scheduled backup completed successfully
2025-07-08 08:29:51 [WARNING] API response time exceeded threshold
2025-07-08 08:02:27 [WARNING] API response time exceeded threshold
2025-07-08 20:48:08 [INFO] File uploaded: report.pdf
2025-07-08 06:26:33 [DEBUG] Variable x has value: 2543
2025-07-08 12:14:31 [WARNING] Disk space low: 2190 remaining
2025-07-08 02:31:23 [INFO] Scheduled backup completed successfully
2025-07-08 22:27:43 [INFO] Cache cleared successfully
2025-07-08 08:01:50 [INFO] Scheduled backup completed successfully
2025-07-08 00:20:43 [INFO] Scheduled backup completed successfully
2025-07-08 03:03:06 [INFO] Scheduled backup completed successfully
2025-07-08 23:34:45 [INFO] Cache cleared successfully
2025-07-08 20:04:46 [WARNING] Failed login attempt for user: alice. Retrying...
2025-07-08 19:51:54 [INFO] Database connection established
2025-07-08 05:56:55 [ERROR] Database connection lost
2025-07-08 12:37:56 [INFO] Scheduled backup completed successfully
2025-07-08 11:00:04 [INFO] File uploaded: config.yml
2025-07-08 08:11:15 [WARNING] Slow query detected: execution time 4102ms
2025-07-08 16:25:43 [ERROR] Email sending failed to recipient: support@amazon.com
2025-07-08 22:31:43 [WARNING] API response time exceeded threshold
2025-07-08 01:00:21 [WARNING] API response time exceeded threshold
2025-07-08 23:58:28 [ERROR] File write failed: data.csv
2025-07-08 23:39:44 [DEBUG] Entering function process_payment with arguments: 7
2025-07-08 21:36:32 [WARNING] Failed login attempt for user: charlie. Retrying...
2025-07-08 03:40:45 [INFO] Scheduled backup completed successfully
2025-07-08 18:08:17 [DEBUG] Entering function send_email with arguments: 5
2025-07-08 09:19:14 [INFO] User login successful for user: charlie
2025-07-08 11:42:28 [INFO] User login successful for user: diana
2025-07-08 00:22:56 [INFO] Scheduled backup completed successfully
2025-07-08 23:12:20 [INFO] Database connection established
2025-07-08 02:02:10 [WARNING] High memory usage detected
2025-07-08 23:02:37 [INFO] Cache cleared successfully
2025-07-08 23:13:50 [WARNING] Disk space low: 323 remaining
2025-07-08 06:51:13 [INFO] File uploaded: data.csv
2025-07-08 21:18:09 [WARNING] API response time exceeded threshold
2025-07-08 08:56:39 [WARNING] Second failed login attempt for user: eve. Next attempt will ERROR. Retrying...
2025-07-08 22:53:35 [DEBUG] Temporary file created at: config.yml
2025-07-08 06:16:05 [ERROR] Deadlock detected in transaction ID 507
2025-07-08 09:19:21 [INFO] User login successful for user: charlie
2025-07-08 01:05:44 [WARNING] Second failed login attempt for user: bob. Next attempt will ERROR. Retrying...
2025-07-08 17:15:32 [WARNING] API response time exceeded threshold
2025-07-08 01:23:04 [INFO] File uploaded: config.yml
2025-07-08 09:26:58 [INFO] Database connection established
2025-07-08 22:15:06 [INFO] Service payment started
2025-07-08 11:12:18 [WARNING] Second failed login attempt for user: bob. Next attempt will ERROR. Retrying...
2025-07-08 11:19:38 [INFO] User login successful for user: charlie
2025-07-08 13:57:40 [WARNING] High memory usage detected
2025-07-08 10:55:17 [ERROR] Email sending failed to recipient: user@gmail.com
2025-07-08 15:44:23 [INFO] Database connection established
2025-07-08 08:32:19 [ERROR] Email sending failed to recipient: admin@google.com
2025-07-08 23:50:40 [INFO] File uploaded: data.csv
2025-07-08 19:33:29 [ERROR] Service inventory crashed
2025-07-08 05:21:25 [INFO] Database connection established
2025-07-08 12:00:04 [WARNING] Configuration file deprecated: data.csv
2025-07-08 05:07:12 [WARNING] Configuration file deprecated: backup.zip
2025-07-08 10:47:22 [INFO] User login successful for user: bob
2025-07-08 23:04:54 [INFO] Scheduled backup completed successfully
2025-07-08 19:34:26 [INFO] Service payment started
2025-07-08 14:46:32 [INFO] File uploaded: data.csv
2025-07-08 21:52:15 [INFO] Database connection established
2025-07-08 23:49:17 [INFO] Scheduled backup completed successfully
2025-07-08 06:31:36 [DEBUG] Variable x has value: 4578
2025-07-08 01:03:48 [INFO] Database connection established
2025-07-08 11:55:17 [INFO] User login successful for user: bob
2025-07-08 03:09:22 [INFO] Database connection established
2025-07-08 14:10:34 [INFO] User login successful for user: eve
2025-07-08 23:53:29 [WARNING] High memory usage detected
2025-07-08 04:45:46 [INFO] Service notification started
2025-07-08 08:24:41 [ERROR] Email sending failed to recipient: support@amazon.com
2025-07-08 23:36:40 [WARNING] API response time exceeded threshold
2025-07-08 17:16:45 [INFO] Database connection established
2025-07-08 07:36:47 [ERROR] File write failed: report.pdf
2025-07-08 20:32:45 [INFO] Scheduled backup completed successfully
2025-07-08 13:38:25 [WARNING] Second failed login attempt for user: bob. Next attempt will ERROR. Retrying...
2025-07-08 20:17:12 [WARNING] Failed login attempt for user: diana. Retrying...
2025-07-08 14:10:43 [ERROR] Deadlock detected in transaction ID 2481
2025-07-08 07:45:14 [INFO] File uploaded: backup.zip
2025-07-08 15:03:51 [INFO] Scheduled backup completed successfully
2025-07-08 19:43:20 [INFO] Service inventory started
2025-07-08 10:20:54 [INFO] User login successful for user: alice
2025-07-08 21:55:26 [INFO] Service payment started
2025-07-08 16:54:22 [INFO] Service payment started
2025-07-08 19:03:19 [INFO] Database connection established
2025-07-08 18:27:30 [INFO] Service auth started
2025-07-08 20:33:36 [INFO] Database connection established
2025-07-08 10:23:02 [INFO] Database connection established
2025-07-08 00:25:35 [INFO] User login successful for user: charlie
2025-07-08 12:07:31 [ERROR] File write failed: report.pdf
2025-07-08 14:50:53 [WARNING] API response time exceeded threshold
2025-07-08 08:55:02 [INFO] User login successful for user: alice
2025-07-08 19:21:22 [INFO] Scheduled backup completed successfully
2025-07-08 22:34:22 [INFO] Scheduled backup completed successfully
2025-07-08 21:57:31 [INFO] Cache cleared successfully
2025-07-08 22:31:37 [ERROR] Unhandled exception: TimeoutError
2025-07-08 14:21:17 [INFO] Scheduled backup completed successfully
2025-07-08 19:07:14 [WARNING] Slow query detected: execution time 3985ms
2025-07-08 17:26:17 [DEBUG] Temporary file created at: report.pdf
2025-07-08 06:37:32 [WARNING] High memory usage detected
2025-07-08 14:39:12 [INFO] User login successful for user: eve
2025-07-08 14:37:59 [WARNING] Disk space low: 65 remaining
2025-07-08 10:23:48 [WARNING] Failed login attempt for user: eve. Retrying...
2025-07-08 14:12:00 [INFO] File uploaded: data.csv
2025-07-08 11:57:41 [WARNING] High memory usage detected
2025-07-08 05:28:41 [INFO] Database connection established
2025-07-08 04:11:15 [WARNING] Failed login attempt for user: eve. Retrying...
2025-07-08 11:44:27 [INFO] File uploaded: report.pdf
2025-07-08 06:23:40 [INFO] Cache cleared successfully
2025-07-08 04:40:50 [ERROR] Deadlock detected in transaction ID 1621
2025-07-08 17:21:09 [WARNING] Failed login attempt for user: bob. Retrying...
2025-07-08 11:51:30 [INFO] User login successful for user: charlie
2025-07-08 16:07:42 [ERROR] Deadlock detected in transaction ID 3041
2025-07-08 19:08:51 [INFO] User login successful for user: alice
2025-07-08 04:17:59 [ERROR] Service notification crashed
2025-07-08 05:11:39 [WARNING] Configuration file deprecated: data.csv
2025-07-08 13:55:14 [WARNING] Failed login attempt for user: charlie. Retrying...
2025-07-08 07:28:07 [DEBUG] Variable x has value: 1316
2025-07-08 11:00:24 [ERROR] Deadlock detected in transaction ID 1354
2025-07-08 02:22:58 [WARNING] Disk space low: 4262 remaining
2025-07-08 19:21:59 [INFO] Cache cleared successfully
2025-07-08 04:04:54 [ERROR] Deadlock detected in transaction ID 2919
2025-07-08 00:49:09 [ERROR] Deadlock detected in transaction ID 2994
2025-07-08 17:06:45 [INFO] User login successful for user: diana
2025-07-08 17:49:39 [INFO] Cache cleared successfully
2025-07-08 16:04:56 [INFO] Scheduled backup completed successfully
2025-07-08 06:05:34 [WARNING] API response time exceeded threshold
2025-07-08 17:50:26 [INFO] Database connection established
2025-07-08 14:51:30 [INFO] Service auth started
2025-07-08 21:56:04 [ERROR] Unhandled exception: NullPointerException
2025-07-08 15:06:43 [INFO] Scheduled backup completed successfully
2025-07-08 14:17:13 [ERROR] Deadlock detected in transaction ID 1352
2025-07-08 23:17:54 [ERROR] Service auth crashed
2025-07-08 18:37:24 [INFO] Scheduled backup completed successfully
2025-07-08 04:43:51 [ERROR] Database connection lost
2025-07-08 21:46:57 [WARNING] Failed login attempt for user: alice. Retrying...
2025-07-08 20:34:03 [INFO] File uploaded: backup.zip
2025-07-08 14:54:32 [WARNING] High memory usage detected
2025-07-08 18:22:46 [INFO] Database connection established
2025-07-08 07:39:51 [WARNING] Disk space low: 4748 remaining
2025-07-08 10:57:50 [ERROR] File write failed: backup.zip
2025-07-08 08:43:13 [INFO] Cache cleared successfully
2025-07-08 05:29:26 [DEBUG] Temporary file created at: config.yml
2025-07-08 01:36:06 [INFO] Cache cleared successfully
2025-07-08 04:13:52 [INFO] Database connection established
2025-07-08 15:21:54 [WARNING] Failed login attempt for user: bob. Retrying...
2025-07-08 13:37:29 [ERROR] File write failed: report.pdf
2025-07-08 03:14:34 [INFO] Scheduled backup completed successfully
2025-07-08 09:53:52 [DEBUG] Variable x has value: 2849
2025-07-08 07:23:13 [INFO] User login successful for user: diana
2025-07-08 04:32:12 [WARNING] API response time exceeded threshold
2025-07-08 11:39:01 [INFO] Database connection established
2025-07-08 19:48:23 [INFO] Service inventory started
2025-07-08 02:40:27 [INFO] Scheduled backup completed successfully
2025-07-08 16:20:34 [INFO] Scheduled backup completed successfully
2025-07-08 18:47:57 [INFO] Cache cleared successfully
2025-07-08 12:03:37 [INFO] File uploaded: data.csv
2025-07-08 23:45:18 [ERROR] Database connection lost
2025-07-08 08:35:43 [WARNING] Slow query detected: execution time 555ms
2025-07-08 00:20:09 [INFO] User login successful for user: diana
2025-07-08 00:17:43 [INFO] Database connection established
2025-07-08 22:19:23 [WARNING] Disk space low: 2481 remaining
2025-07-08 23:39:25 [INFO] Service inventory started
2025-07-08 23:13:23 [INFO] Service notification started
2025-07-08 20:38:35 [INFO] Cache cleared successfully
2025-07-08 08:43:05 [INFO] File uploaded: config.yml
2025-07-08 14:40:09 [ERROR] Deadlock detected in transaction ID 2272
2025-07-08 14:59:26 [INFO] Cache cleared successfully
2025-07-08 16:19:01 [INFO] Cache cleared successfully
2025-07-08 17:09:39 [INFO] Scheduled backup completed successfully
2025-07-08 02:58:15 [INFO] File uploaded: backup.zip
2025-07-08 18:10:27 [ERROR] Database connection lost
2025-07-08 11:30:24 [INFO] Cache cleared successfully
2025-07-08 13:01:35 [ERROR] Email sending failed to recipient: user@gmail.com
2025-07-08 05:48:51 [ERROR] Service notification crashed
2025-07-08 16:26:56 [ERROR] File write failed: config.yml
2025-07-08 01:02:36 [INFO] Service auth started
2025-07-08 19:21:07 [WARNING] Slow query detected: execution time 2802ms
2025-07-08 19:48:59 [INFO] Scheduled backup completed successfully
2025-07-08 03:23:49 [INFO] Database connection established
2025-07-08 14:31:29 [INFO] Cache cleared successfully
2025-07-08 06:49:30 [WARNING] Failed login attempt for user: charlie. Retrying...
2025-07-08 13:16:14 [DEBUG] Temporary file created at: report.pdf
2025-07-08 09:47:58 [ERROR] Email sending failed to recipient: support@amazon.com
2025-07-08 09:43:54 [DEBUG] Query executed: SELECT * FROM users
2025-07-08 22:48:11 [ERROR] Email sending failed to recipient: support@amazon.com
2025-07-08 15:03:22 [ERROR] Service auth crashed
2025-07-08 03:53:40 [INFO] User login successful for user: bob
2025-07-08 16:33:46 [INFO] User login successful for user: alice
2025-07-08 15:40:07 [INFO] File uploaded: backup.zip
2025-07-08 05:11:58 [WARNING] Disk space low: 2220 remaining
2025-07-08 19:36:57 [INFO] Scheduled backup completed successfully
2025-07-08 11:48:34 [INFO] Scheduled backup completed successfully
2025-07-08 23:26:36 [INFO] Database connection established
2025-07-08 20:45:22 [INFO] Database connection established
2025-07-08 00:43:29 [INFO] Scheduled backup completed successfully
2025-07-08 08:15:49 [INFO] Service notification started
2025-07-08 00:11:59 [INFO] Database connection established
2025-07-08 07:30:10 [ERROR] Database connection lost
2025-07-08 20:19:47 [ERROR] Database connection lost
2025-07-08 05:52:24 [INFO] Database connection established
2025-07-08 22:42:03 [WARNING] Slow query detected: execution time 2566ms
2025-07-08 21:08:17 [INFO] File uploaded: config.yml
2025-07-08 08:27:33 [INFO] Service inventory started
